fixture_header,scalar,case,edges,expected_fact_bits,expected_status,expected_components
sample_header,scalar,case,operation,edges,expected_components,round,iterations,warmup,elapsed_ns,gc_bytes,gc_collections
summary_header,scalar,case,operation,min_ns_per_op,median_ns_per_op,max_ns_per_op
fixture,int,exterior,4,1,success,0
fixture,int,interior,4,4,success,1
fixture,int,crossing,4,7,success,1
fixture,int,boundary-only,4,10,success,1
fixture,int,boundary-overlap,4,11,success,1
fixture,int,isolated-tangent,4,3,success,0
fixture,int,degenerate-interior,4,4,success,0
fixture,int,degenerate-boundary,4,2,success,0
fixture,int,empty,0,1,success,0
fixture,int,concave-u,8,7,success,2
fixture,int,hole,8,7,success,2
fixture,int,hole-reversed,8,7,success,2
fixture,int,rational-crossing,3,7,success,1
fixture,int,sparse-1,4,7,success,1
fixture,int,sparse-4,16,7,success,1
fixture,int,sparse-16,64,7,success,1
fixture,int,sparse-64,256,7,success,1
fixture,int,dense-1,4,7,success,1
fixture,int,dense-4,16,7,success,4
fixture,int,dense-16,64,7,success,16
fixture,int,dense-64,256,7,success,64
fixture,int,wide-integral,4,7,success,1
preflight,int,22,PASS
sample,int,exterior,relationship,4,0,0,2048,205,14166200,0,0
sample,int,exterior,relationship,4,0,1,2048,205,14259900,0,0
sample,int,exterior,relationship,4,0,2,2048,205,10366200,0,0
sample,int,exterior,relationship,4,0,3,2048,205,14236900,0,0
sample,int,exterior,relationship,4,0,4,2048,205,10248500,0,0
summary,int,exterior,relationship,5004.150,6917.090,6962.842
sample,int,exterior,clipping,4,0,0,1024,103,15650700,8486912,2
sample,int,exterior,clipping,4,0,1,1024,103,15539800,8486912,2
sample,int,exterior,clipping,4,0,2,1024,103,15766100,8486912,2
sample,int,exterior,clipping,4,0,3,1024,103,16088900,8486912,2
sample,int,exterior,clipping,4,0,4,1024,103,11561600,8486912,2
summary,int,exterior,clipping,11290.625,15283.887,15711.816
sample,int,interior,relationship,4,1,0,2048,205,10158200,0,0
sample,int,interior,relationship,4,1,1,2048,205,6051100,0,0
sample,int,interior,relationship,4,1,2,2048,205,6107400,0,0
sample,int,interior,relationship,4,1,3,2048,205,6206500,0,0
sample,int,interior,relationship,4,1,4,2048,205,10176400,0,0
summary,int,interior,relationship,2954.639,3030.518,4968.945
sample,int,interior,clipping,4,1,0,512,52,17255300,4268032,1
sample,int,interior,clipping,4,1,1,512,52,15976400,4268032,1
sample,int,interior,clipping,4,1,2,512,52,15967400,4268032,1
sample,int,interior,clipping,4,1,3,512,52,11852900,4268032,1
sample,int,interior,clipping,4,1,4,512,52,20067900,4268032,1
summary,int,interior,clipping,23150.195,31203.906,39195.117
sample,int,crossing,relationship,4,1,0,2048,205,6475600,0,0
sample,int,crossing,relationship,4,1,1,2048,205,10697600,0,0
sample,int,crossing,relationship,4,1,2,2048,205,14170000,0,0
sample,int,crossing,relationship,4,1,3,2048,205,10138800,0,0
sample,int,crossing,relationship,4,1,4,2048,205,13762500,0,0
summary,int,crossing,relationship,3161.914,5223.438,6918.945
sample,int,crossing,clipping,4,1,0,256,26,17072500,3190784,0
sample,int,crossing,clipping,4,1,1,256,26,17179300,3190784,0
sample,int,crossing,clipping,4,1,2,256,26,21392100,3190784,0
sample,int,crossing,clipping,4,1,3,256,26,17006900,3190784,0
sample,int,crossing,clipping,4,1,4,256,26,17014900,3190784,0
summary,int,crossing,clipping,66433.203,66689.453,83562.891
sample,int,boundary-only,relationship,4,1,0,2048,205,15823400,0,0
sample,int,boundary-only,relationship,4,1,1,2048,205,11939700,0,0
sample,int,boundary-only,relationship,4,1,2,2048,205,11800400,0,0
sample,int,boundary-only,relationship,4,1,3,2048,205,11802000,0,0
sample,int,boundary-only,relationship,4,1,4,2048,205,11811300,0,0
summary,int,boundary-only,relationship,5761.914,5767.236,7726.270
sample,int,boundary-only,clipping,4,1,0,256,26,12791700,4231168,1
sample,int,boundary-only,clipping,4,1,1,256,26,11407700,4231168,1
sample,int,boundary-only,clipping,4,1,2,256,26,11888400,4231168,1
sample,int,boundary-only,clipping,4,1,3,256,26,11962400,4231168,1
sample,int,boundary-only,clipping,4,1,4,256,26,12049600,4231168,1
summary,int,boundary-only,clipping,44561.328,46728.125,49967.578
sample,int,boundary-overlap,relationship,4,1,0,2048,205,20143200,0,0
sample,int,boundary-overlap,relationship,4,1,1,2048,205,14318300,0,0
sample,int,boundary-overlap,relationship,4,1,2,2048,205,14312100,0,0
sample,int,boundary-overlap,relationship,4,1,3,2048,205,18393100,0,0
sample,int,boundary-overlap,relationship,4,1,4,2048,205,18844600,0,0
summary,int,boundary-overlap,relationship,6988.330,8981.006,9835.547
sample,int,boundary-overlap,clipping,4,1,0,256,26,15324000,4239360,1
sample,int,boundary-overlap,clipping,4,1,1,256,26,14702500,4239360,1
sample,int,boundary-overlap,clipping,4,1,2,256,26,10488600,4239360,1
sample,int,boundary-overlap,clipping,4,1,3,256,26,15143100,4239360,1
sample,int,boundary-overlap,clipping,4,1,4,256,26,14561200,4239360,1
summary,int,boundary-overlap,clipping,40971.094,57431.641,59859.375
sample,int,isolated-tangent,relationship,4,0,0,2048,205,17318100,0,0
sample,int,isolated-tangent,relationship,4,0,1,2048,205,17297100,0,0
sample,int,isolated-tangent,relationship,4,0,2,2048,205,22031600,0,0
sample,int,isolated-tangent,relationship,4,0,3,2048,205,13760100,0,0
sample,int,isolated-tangent,relationship,4,0,4,2048,205,17171400,0,0
summary,int,isolated-tangent,relationship,6718.799,8445.850,10757.617
sample,int,isolated-tangent,clipping,4,0,0,512,52,14989900,6340608,1
sample,int,isolated-tangent,clipping,4,0,1,512,52,9138100,6340608,1
sample,int,isolated-tangent,clipping,4,0,2,512,52,19195900,6340608,1
sample,int,isolated-tangent,clipping,4,0,3,512,52,35731400,6340608,1
sample,int,isolated-tangent,clipping,4,0,4,512,52,12189700,6340608,1
summary,int,isolated-tangent,clipping,17847.852,29277.148,69787.891
sample,int,degenerate-interior,relationship,4,0,0,65536,6554,13059900,0,0
sample,int,degenerate-interior,relationship,4,0,1,65536,6554,19878300,0,0
sample,int,degenerate-interior,relationship,4,0,2,65536,6554,22290700,0,0
sample,int,degenerate-interior,relationship,4,0,3,65536,6554,15994500,0,0
sample,int,degenerate-interior,relationship,4,0,4,65536,6554,16104500,0,0
summary,int,degenerate-interior,relationship,199.278,245.735,340.129
sample,int,degenerate-interior,clipping,4,0,0,65536,6554,901400,0,0
sample,int,degenerate-interior,clipping,4,0,1,65536,6554,929500,0,0
sample,int,degenerate-interior,clipping,4,0,2,65536,6554,864100,0,0
sample,int,degenerate-interior,clipping,4,0,3,65536,6554,5018500,0,0
sample,int,degenerate-interior,clipping,4,0,4,65536,6554,912100,0,0
summary,int,degenerate-interior,clipping,13.185,13.918,76.576
sample,int,degenerate-boundary,relationship,4,0,0,65536,6554,16846600,0,0
sample,int,degenerate-boundary,relationship,4,0,1,65536,6554,15808400,0,0
sample,int,degenerate-boundary,relationship,4,0,2,65536,6554,11659300,0,0
sample,int,degenerate-boundary,relationship,4,0,3,65536,6554,16809000,0,0
sample,int,degenerate-boundary,relationship,4,0,4,65536,6554,17257600,0,0
summary,int,degenerate-boundary,relationship,177.907,256.485,263.330
sample,int,degenerate-boundary,clipping,4,0,0,65536,6554,967000,0,0
sample,int,degenerate-boundary,clipping,4,0,1,65536,6554,931800,0,0
sample,int,degenerate-boundary,clipping,4,0,2,65536,6554,1128900,0,0
sample,int,degenerate-boundary,clipping,4,0,3,65536,6554,864900,0,0
sample,int,degenerate-boundary,clipping,4,0,4,65536,6554,853000,0,0
summary,int,degenerate-boundary,clipping,13.016,14.218,17.226
sample,int,empty,relationship,0,0,0,65536,6554,1188500,0,0
sample,int,empty,relationship,0,0,1,65536,6554,1261500,0,0
sample,int,empty,relationship,0,0,2,65536,6554,1185300,0,0
sample,int,empty,relationship,0,0,3,65536,6554,1195500,0,0
sample,int,empty,relationship,0,0,4,65536,6554,7011600,0,0
summary,int,empty,relationship,18.086,18.242,106.989
sample,int,empty,clipping,0,0,0,65536,6554,934700,0,0
sample,int,empty,clipping,0,0,1,65536,6554,951300,0,0
sample,int,empty,clipping,0,0,2,65536,6554,1092800,0,0
sample,int,empty,clipping,0,0,3,65536,6554,1002700,0,0
sample,int,empty,clipping,0,0,4,65536,6554,1146300,0,0
summary,int,empty,clipping,14.262,15.300,17.491
sample,int,concave-u,relationship,8,2,0,512,52,10731600,0,0
sample,int,concave-u,relationship,8,2,1,512,52,8083100,0,0
sample,int,concave-u,relationship,8,2,2,512,52,8351200,0,0
sample,int,concave-u,relationship,8,2,3,512,52,10599000,0,0
sample,int,concave-u,relationship,8,2,4,512,52,4040800,0,0
summary,int,concave-u,relationship,7892.188,16310.938,20960.156
sample,int,concave-u,clipping,8,2,0,64,7,14804200,1064960,0
sample,int,concave-u,clipping,8,2,1,64,7,9546900,1064960,0
sample,int,concave-u,clipping,8,2,2,64,7,10705100,1064960,0
sample,int,concave-u,clipping,8,2,3,64,7,15984500,1064960,0
sample,int,concave-u,clipping,8,2,4,64,7,9920000,1064960,0
summary,int,concave-u,clipping,149170.312,167267.188,249757.812
sample,int,hole,relationship,8,2,0,1024,103,13751200,0,0
sample,int,hole,relationship,8,2,1,1024,103,19085900,0,0
sample,int,hole,relationship,8,2,2,1024,103,16612100,0,0
sample,int,hole,relationship,8,2,3,1024,103,16938000,0,0
sample,int,hole,relationship,8,2,4,1024,103,16239600,0,0
summary,int,hole,relationship,13428.906,16222.754,18638.574
sample,int,hole,clipping,8,2,0,64,7,14186800,1064960,0
sample,int,hole,clipping,8,2,1,64,7,10046100,1064960,0
sample,int,hole,clipping,8,2,2,64,7,13479200,1064960,0
sample,int,hole,clipping,8,2,3,64,7,10442400,1064960,0
sample,int,hole,clipping,8,2,4,64,7,6392300,1064960,0
summary,int,hole,clipping,99879.688,163162.500,221668.750
sample,int,hole-reversed,relationship,8,2,0,1024,103,17388800,0,0
sample,int,hole-reversed,relationship,8,2,1,1024,103,17496000,0,0
sample,int,hole-reversed,relationship,8,2,2,1024,103,15843000,0,0
sample,int,hole-reversed,relationship,8,2,3,1024,103,17262700,0,0
sample,int,hole-reversed,relationship,8,2,4,1024,103,19529200,0,0
summary,int,hole-reversed,relationship,15471.680,16981.250,19071.484
sample,int,hole-reversed,clipping,8,2,0,64,7,5652000,1064960,0
sample,int,hole-reversed,clipping,8,2,1,64,7,5957700,1064960,0
sample,int,hole-reversed,clipping,8,2,2,64,7,5974300,1064960,0
sample,int,hole-reversed,clipping,8,2,3,64,7,7761900,1064960,0
sample,int,hole-reversed,clipping,8,2,4,64,7,9942800,1064960,0
summary,int,hole-reversed,clipping,88312.500,93348.438,155356.250
sample,int,rational-crossing,relationship,3,1,0,2048,205,9169800,0,0
sample,int,rational-crossing,relationship,3,1,1,2048,205,4832100,0,0
sample,int,rational-crossing,relationship,3,1,2,2048,205,8694100,0,0
sample,int,rational-crossing,relationship,3,1,3,2048,205,8392200,0,0
sample,int,rational-crossing,relationship,3,1,4,2048,205,9069600,0,0
summary,int,rational-crossing,relationship,2359.424,4245.166,4477.441
sample,int,rational-crossing,clipping,3,1,0,128,13,9255000,1595392,0
sample,int,rational-crossing,clipping,3,1,1,128,13,8980700,1595392,0
sample,int,rational-crossing,clipping,3,1,2,128,13,9348900,1595392,0
sample,int,rational-crossing,clipping,3,1,3,128,13,9005200,1595392,0
sample,int,rational-crossing,clipping,3,1,4,128,13,9171900,1595392,0
summary,int,rational-crossing,clipping,70161.719,71655.469,73038.281
sample,int,sparse-1,relationship,4,1,0,2048,205,10786500,0,0
sample,int,sparse-1,relationship,4,1,1,2048,205,6888100,0,0
sample,int,sparse-1,relationship,4,1,2,2048,205,10817700,0,0
sample,int,sparse-1,relationship,4,1,3,2048,205,7661300,0,0
sample,int,sparse-1,relationship,4,1,4,2048,205,10699400,0,0
summary,int,sparse-1,relationship,3363.330,5224.316,5282.080
sample,int,sparse-1,clipping,4,1,0,256,26,19881300,3190784,0
sample,int,sparse-1,clipping,4,1,1,256,26,18742000,3190784,0
sample,int,sparse-1,clipping,4,1,2,256,26,18299900,3190784,0
sample,int,sparse-1,clipping,4,1,3,256,26,20021700,3190784,0
sample,int,sparse-1,clipping,4,1,4,256,26,18688600,3190784,0
summary,int,sparse-1,clipping,71483.984,73210.938,78209.766
sample,int,sparse-4,relationship,16,1,0,512,52,11354000,0,0
sample,int,sparse-4,relationship,16,1,1,512,52,7406200,0,0
sample,int,sparse-4,relationship,16,1,2,512,52,11013800,0,0
sample,int,sparse-4,relationship,16,1,3,512,52,10992200,0,0
sample,int,sparse-4,relationship,16,1,4,512,52,15441600,0,0
summary,int,sparse-4,relationship,14465.234,21511.328,30159.375
sample,int,sparse-4,clipping,16,1,0,128,13,14835400,1595392,0
sample,int,sparse-4,clipping,16,1,1,128,13,11016600,1595392,0
sample,int,sparse-4,clipping,16,1,2,128,13,11265800,1595392,0
sample,int,sparse-4,clipping,16,1,3,128,13,16403900,1595392,0
sample,int,sparse-4,clipping,16,1,4,128,13,7316400,1595392,0
summary,int,sparse-4,clipping,57159.375,88014.062,128155.469
sample,int,sparse-16,relationship,64,1,0,64,7,7908700,0,0
sample,int,sparse-16,relationship,64,1,1,64,7,7846400,0,0
sample,int,sparse-16,relationship,64,1,2,64,7,7804600,0,0
sample,int,sparse-16,relationship,64,1,3,64,7,7862700,0,0
sample,int,sparse-16,relationship,64,1,4,64,7,7946100,0,0
summary,int,sparse-16,relationship,121946.875,122854.688,124157.812
sample,int,sparse-16,clipping,64,1,0,64,7,15953000,797696,0
sample,int,sparse-16,clipping,64,1,1,64,7,11984500,797696,0
sample,int,sparse-16,clipping,64,1,2,64,7,16035000,797696,0
sample,int,sparse-16,clipping,64,1,3,64,7,11227400,797696,0
sample,int,sparse-16,clipping,64,1,4,64,7,16171400,797696,0
summary,int,sparse-16,clipping,175428.125,249265.625,252678.125
sample,int,sparse-64,relationship,256,1,0,32,4,15532900,0,0
sample,int,sparse-64,relationship,256,1,1,32,4,16065900,0,0
sample,int,sparse-64,relationship,256,1,2,32,4,12083500,0,0
sample,int,sparse-64,relationship,256,1,3,32,4,16733000,0,0
sample,int,sparse-64,relationship,256,1,4,32,4,15281900,0,0
summary,int,sparse-64,relationship,377609.375,485403.125,522906.250
sample,int,sparse-64,clipping,256,1,0,32,4,24253200,398848,0
sample,int,sparse-64,clipping,256,1,1,32,4,23911400,398848,0
sample,int,sparse-64,clipping,256,1,2,32,4,23914800,398848,0
sample,int,sparse-64,clipping,256,1,3,32,4,23969900,398848,0
sample,int,sparse-64,clipping,256,1,4,32,4,23785100,398848,0
summary,int,sparse-64,clipping,743284.375,747337.500,757912.500
sample,int,dense-1,relationship,4,1,0,2048,205,6657800,0,0
sample,int,dense-1,relationship,4,1,1,2048,205,10570000,0,0
sample,int,dense-1,relationship,4,1,2,2048,205,14734700,0,0
sample,int,dense-1,relationship,4,1,3,2048,205,15499800,0,0
sample,int,dense-1,relationship,4,1,4,2048,205,10551900,0,0
summary,int,dense-1,relationship,3250.879,5161.133,7568.262
sample,int,dense-1,clipping,4,1,0,256,26,18343400,3190784,0
sample,int,dense-1,clipping,4,1,1,256,26,19032400,3190784,0
sample,int,dense-1,clipping,4,1,2,256,26,18383100,3190784,0
sample,int,dense-1,clipping,4,1,3,256,26,21809900,3190784,0
sample,int,dense-1,clipping,4,1,4,256,26,17198400,3190784,0
summary,int,dense-1,clipping,67181.250,71808.984,85194.922
sample,int,dense-4,relationship,16,4,0,512,52,16901600,0,0
sample,int,dense-4,relationship,16,4,1,512,52,17342700,0,0
sample,int,dense-4,relationship,16,4,2,512,52,16522700,0,0
sample,int,dense-4,relationship,16,4,3,512,52,17374500,0,0
sample,int,dense-4,relationship,16,4,4,512,52,21635400,0,0
summary,int,dense-4,relationship,32270.898,33872.461,42256.641
sample,int,dense-4,clipping,16,4,0,32,4,10008300,799232,0
sample,int,dense-4,clipping,16,4,1,32,4,6083600,799232,0
sample,int,dense-4,clipping,16,4,2,32,4,6547100,799232,0
sample,int,dense-4,clipping,16,4,3,32,4,10464500,799232,0
sample,int,dense-4,clipping,16,4,4,32,4,14477300,799232,0
summary,int,dense-4,clipping,190112.500,312759.375,452415.625
sample,int,dense-16,relationship,64,16,0,128,13,17490000,0,0
sample,int,dense-16,relationship,64,16,1,128,13,21386200,0,0
sample,int,dense-16,relationship,64,16,2,128,13,17691400,0,0
sample,int,dense-16,relationship,64,16,3,128,13,17501900,0,0
sample,int,dense-16,relationship,64,16,4,128,13,20512800,0,0
summary,int,dense-16,relationship,136640.625,138214.062,167079.688
sample,int,dense-16,clipping,64,16,0,8,1,11051600,603008,0
sample,int,dense-16,clipping,64,16,1,8,1,11252500,603008,0
sample,int,dense-16,clipping,64,16,2,8,1,12191200,603008,0
sample,int,dense-16,clipping,64,16,3,8,1,14560300,603008,0
sample,int,dense-16,clipping,64,16,4,8,1,7087000,603008,0
summary,int,dense-16,clipping,885875.000,1406562.500,1820037.500
sample,int,dense-64,relationship,256,64,0,16,2,10347500,0,0
sample,int,dense-64,relationship,256,64,1,16,2,5372600,0,0
sample,int,dense-64,relationship,256,64,2,16,2,5020600,0,0
sample,int,dense-64,relationship,256,64,3,16,2,8760100,0,0
sample,int,dense-64,relationship,256,64,4,16,2,9751000,0,0
summary,int,dense-64,relationship,313787.500,547506.250,646718.750
sample,int,dense-64,clipping,256,64,0,2,1,15666500,571392,0
sample,int,dense-64,clipping,256,64,1,2,1,17213600,571392,0
sample,int,dense-64,clipping,256,64,2,2,1,16828600,571392,0
sample,int,dense-64,clipping,256,64,3,2,1,12864900,571392,0
sample,int,dense-64,clipping,256,64,4,2,1,15721000,571392,0
summary,int,dense-64,clipping,6432450.000,7860500.000,8606800.000
sample,int,wide-integral,relationship,4,1,0,2048,205,10412700,0,0
sample,int,wide-integral,relationship,4,1,1,2048,205,10260900,0,0
sample,int,wide-integral,relationship,4,1,2,2048,205,14162200,0,0
sample,int,wide-integral,relationship,4,1,3,2048,205,10156000,0,0
sample,int,wide-integral,relationship,4,1,4,2048,205,14586300,0,0
summary,int,wide-integral,relationship,4958.984,5084.326,7122.217
sample,int,wide-integral,clipping,4,1,0,256,26,21575100,3190784,0
sample,int,wide-integral,clipping,4,1,1,256,26,13530700,3190784,0
sample,int,wide-integral,clipping,4,1,2,256,26,14162900,3190784,0
sample,int,wide-integral,clipping,4,1,3,256,26,17998900,3190784,0
sample,int,wide-integral,clipping,4,1,4,256,26,22166800,3190784,0
summary,int,wide-integral,clipping,52854.297,70308.203,86589.062
fixture,long,exterior,4,1,success,0
fixture,long,interior,4,4,success,1
fixture,long,crossing,4,7,success,1
fixture,long,boundary-only,4,10,success,1
fixture,long,boundary-overlap,4,11,success,1
fixture,long,isolated-tangent,4,3,success,0
fixture,long,degenerate-interior,4,4,success,0
fixture,long,degenerate-boundary,4,2,success,0
fixture,long,empty,0,1,success,0
fixture,long,concave-u,8,7,success,2
fixture,long,hole,8,7,success,2
fixture,long,hole-reversed,8,7,success,2
fixture,long,rational-crossing,3,7,success,1
fixture,long,sparse-1,4,7,success,1
fixture,long,sparse-4,16,7,success,1
fixture,long,sparse-16,64,7,success,1
fixture,long,sparse-64,256,7,success,1
fixture,long,dense-1,4,7,success,1
fixture,long,dense-4,16,7,success,4
fixture,long,dense-16,64,7,success,16
fixture,long,dense-64,256,7,success,64
fixture,long,wide-integral,4,7,success,1
fixture,long,endpoint-collapse,4,6,unrepresentableConstruction,0
fixture,long,gap-collapse,8,7,unrepresentableConstruction,0
preflight,long,24,PASS
sample,long,exterior,relationship,4,0,0,2048,205,11661100,0,0
sample,long,exterior,relationship,4,0,1,2048,205,6532200,0,0
sample,long,exterior,relationship,4,0,2,2048,205,6344300,0,0
sample,long,exterior,relationship,4,0,3,2048,205,10365500,0,0
sample,long,exterior,relationship,4,0,4,2048,205,14432600,0,0
summary,long,exterior,relationship,3097.803,5061.279,7047.168
sample,long,exterior,clipping,4,0,0,1024,103,14541100,8486912,2
sample,long,exterior,clipping,4,0,1,1024,103,15920500,8486912,2
sample,long,exterior,clipping,4,0,2,1024,103,15940500,8486912,2
sample,long,exterior,clipping,4,0,3,1024,103,15998300,8486912,2
sample,long,exterior,clipping,4,0,4,1024,103,15949700,8486912,2
summary,long,exterior,clipping,14200.293,15566.895,15623.340
sample,long,interior,relationship,4,1,0,2048,205,6539100,0,0
sample,long,interior,relationship,4,1,1,2048,205,6451100,0,0
sample,long,interior,relationship,4,1,2,2048,205,10569700,0,0
sample,long,interior,relationship,4,1,3,2048,205,14553700,0,0
sample,long,interior,relationship,4,1,4,2048,205,10384200,0,0
summary,long,interior,relationship,3149.951,5070.410,7106.299
sample,long,interior,clipping,4,1,0,256,26,8008900,2134016,0
sample,long,interior,clipping,4,1,1,256,26,7942900,2134016,0
sample,long,interior,clipping,4,1,2,256,26,7964800,2134016,0
sample,long,interior,clipping,4,1,3,256,26,8327300,2134016,0
sample,long,interior,clipping,4,1,4,256,26,8130200,2134016,0
summary,long,interior,clipping,31026.953,31284.766,32528.516
sample,long,crossing,relationship,4,1,0,2048,205,10390300,0,0
sample,long,crossing,relationship,4,1,1,2048,205,14630200,0,0
sample,long,crossing,relationship,4,1,2,2048,205,10398200,0,0
sample,long,crossing,relationship,4,1,3,2048,205,10833100,0,0
sample,long,crossing,relationship,4,1,4,2048,205,14451200,0,0
summary,long,crossing,relationship,5073.389,5289.600,7143.652
sample,long,crossing,clipping,4,1,0,256,26,17266900,3190784,0
sample,long,crossing,clipping,4,1,1,256,26,17167400,3190784,0
sample,long,crossing,clipping,4,1,2,256,26,20671100,3190784,0
sample,long,crossing,clipping,4,1,3,256,26,17414300,3190784,0
sample,long,crossing,clipping,4,1,4,256,26,18182700,3190784,0
summary,long,crossing,clipping,67060.156,68024.609,80746.484
sample,long,boundary-only,relationship,4,1,0,2048,205,17171100,0,0
sample,long,boundary-only,relationship,4,1,1,2048,205,14471400,0,0
sample,long,boundary-only,relationship,4,1,2,2048,205,16432600,0,0
sample,long,boundary-only,relationship,4,1,3,2048,205,16562500,0,0
sample,long,boundary-only,relationship,4,1,4,2048,205,14711800,0,0
summary,long,boundary-only,relationship,7066.113,8023.730,8384.326
sample,long,boundary-only,clipping,4,1,0,128,13,3374000,2115584,0
sample,long,boundary-only,clipping,4,1,1,128,13,2970600,2115584,0
sample,long,boundary-only,clipping,4,1,2,128,13,3174700,2115584,0
sample,long,boundary-only,clipping,4,1,3,128,13,3677500,2115584,0
sample,long,boundary-only,clipping,4,1,4,128,13,7344900,2115584,0
summary,long,boundary-only,clipping,23207.812,26359.375,57382.031
sample,long,boundary-overlap,relationship,4,1,0,2048,205,15289400,0,0
sample,long,boundary-overlap,relationship,4,1,1,2048,205,19239600,0,0
sample,long,boundary-overlap,relationship,4,1,2,2048,205,18924700,0,0
sample,long,boundary-overlap,relationship,4,1,3,2048,205,23216300,0,0
sample,long,boundary-overlap,relationship,4,1,4,2048,205,19883100,0,0
summary,long,boundary-overlap,relationship,7465.527,9394.336,11336.084
sample,long,boundary-overlap,clipping,4,1,0,128,13,3205400,2119680,0
sample,long,boundary-overlap,clipping,4,1,1,128,13,3197100,2119680,0
sample,long,boundary-overlap,clipping,4,1,2,128,13,7189800,2119680,0
sample,long,boundary-overlap,clipping,4,1,3,128,13,7658000,2119680,0
sample,long,boundary-overlap,clipping,4,1,4,128,13,3192600,2119680,0
summary,long,boundary-overlap,clipping,24942.188,25042.188,59828.125
sample,long,isolated-tangent,relationship,4,0,0,2048,205,21729900,0,0
sample,long,isolated-tangent,relationship,4,0,1,2048,205,14414700,0,0
sample,long,isolated-tangent,relationship,4,0,2,2048,205,17936600,0,0
sample,long,isolated-tangent,relationship,4,0,3,2048,205,13888100,0,0
sample,long,isolated-tangent,relationship,4,0,4,2048,205,14164800,0,0
summary,long,isolated-tangent,relationship,6781.299,7038.428,10610.303
sample,long,isolated-tangent,clipping,4,0,0,512,52,16115600,6340608,1
sample,long,isolated-tangent,clipping,4,0,1,512,52,12964700,6340608,1
sample,long,isolated-tangent,clipping,4,0,2,512,52,11838800,6340608,1
sample,long,isolated-tangent,clipping,4,0,3,512,52,11968300,6340608,1
sample,long,isolated-tangent,clipping,4,0,4,512,52,11993900,6340608,1
summary,long,isolated-tangent,clipping,23122.656,23425.586,31475.781
sample,long,degenerate-interior,relationship,4,0,0,65536,6554,6358500,0,0
sample,long,degenerate-interior,relationship,4,0,1,65536,6554,10774900,0,0
sample,long,degenerate-interior,relationship,4,0,2,65536,6554,14456900,0,0
sample,long,degenerate-interior,relationship,4,0,3,65536,6554,10367000,0,0
sample,long,degenerate-interior,relationship,4,0,4,65536,6554,10679800,0,0
summary,long,degenerate-interior,relationship,97.023,162.961,220.595
sample,long,degenerate-interior,clipping,4,0,0,65536,6554,1242400,0,0
sample,long,degenerate-interior,clipping,4,0,1,65536,6554,5049600,0,0
sample,long,degenerate-interior,clipping,4,0,2,65536,6554,1541400,0,0
sample,long,degenerate-interior,clipping,4,0,3,65536,6554,6194100,0,0
sample,long,degenerate-interior,clipping,4,0,4,65536,6554,1199100,0,0
summary,long,degenerate-interior,clipping,18.297,23.520,94.514
sample,long,degenerate-boundary,relationship,4,0,0,65536,6554,10590400,0,0
sample,long,degenerate-boundary,relationship,4,0,1,65536,6554,14324800,0,0
sample,long,degenerate-boundary,relationship,4,0,2,65536,6554,16179200,0,0
sample,long,degenerate-boundary,relationship,4,0,3,65536,6554,14554600,0,0
sample,long,degenerate-boundary,relationship,4,0,4,65536,6554,10577900,0,0
summary,long,degenerate-boundary,relationship,161.406,218.579,246.875
sample,long,degenerate-boundary,clipping,4,0,0,65536,6554,1212500,0,0
sample,long,degenerate-boundary,clipping,4,0,1,65536,6554,5181200,0,0
sample,long,degenerate-boundary,clipping,4,0,2,65536,6554,1193700,0,0
sample,long,degenerate-boundary,clipping,4,0,3,65536,6554,1188600,0,0
sample,long,degenerate-boundary,clipping,4,0,4,65536,6554,5417200,0,0
summary,long,degenerate-boundary,clipping,18.137,18.501,82.660
sample,long,empty,relationship,0,0,0,65536,6554,1873800,0,0
sample,long,empty,relationship,0,0,1,65536,6554,6397900,0,0
sample,long,empty,relationship,0,0,2,65536,6554,1880900,0,0
sample,long,empty,relationship,0,0,3,65536,6554,1900000,0,0
sample,long,empty,relationship,0,0,4,65536,6554,2050700,0,0
summary,long,empty,relationship,28.592,28.992,97.624
sample,long,empty,clipping,0,0,0,65536,6554,1256600,0,0
sample,long,empty,clipping,0,0,1,65536,6554,6159500,0,0
sample,long,empty,clipping,0,0,2,65536,6554,1218900,0,0
sample,long,empty,clipping,0,0,3,65536,6554,1216700,0,0
sample,long,empty,clipping,0,0,4,65536,6554,1467900,0,0
summary,long,empty,clipping,18.565,19.174,93.987
sample,long,concave-u,relationship,8,2,0,1024,103,11914700,0,0
sample,long,concave-u,relationship,8,2,1,1024,103,16353700,0,0
sample,long,concave-u,relationship,8,2,2,1024,103,13213500,0,0
sample,long,concave-u,relationship,8,2,3,1024,103,12530800,0,0
sample,long,concave-u,relationship,8,2,4,1024,103,16526900,0,0
summary,long,concave-u,relationship,11635.449,12903.809,16139.551
sample,long,concave-u,clipping,8,2,0,128,13,19127200,2129920,0
sample,long,concave-u,clipping,8,2,1,128,13,18991600,2129920,0
sample,long,concave-u,clipping,8,2,2,128,13,22959200,2129920,0
sample,long,concave-u,clipping,8,2,3,128,13,23323100,2129920,0
sample,long,concave-u,clipping,8,2,4,128,13,22787800,2129920,0
summary,long,concave-u,clipping,148371.875,178029.688,182211.719
sample,long,hole,relationship,8,2,0,1024,103,16485200,0,0
sample,long,hole,relationship,8,2,1,1024,103,17040900,0,0
sample,long,hole,relationship,8,2,2,1024,103,15885400,0,0
sample,long,hole,relationship,8,2,3,1024,103,16011100,0,0
sample,long,hole,relationship,8,2,4,1024,103,12271300,0,0
summary,long,hole,relationship,11983.691,15635.840,16641.504
sample,long,hole,clipping,8,2,0,64,7,11683700,1064960,0
sample,long,hole,clipping,8,2,1,64,7,9279800,1064960,0
sample,long,hole,clipping,8,2,2,64,7,5921100,1064960,0
sample,long,hole,clipping,8,2,3,64,7,14410200,1064960,0
sample,long,hole,clipping,8,2,4,64,7,5429700,1064960,0
summary,long,hole,clipping,84839.062,144996.875,225159.375
sample,long,hole-reversed,relationship,8,2,0,256,26,3188900,0,0
sample,long,hole-reversed,relationship,8,2,1,256,26,6175200,0,0
sample,long,hole-reversed,relationship,8,2,2,256,26,2019700,0,0
sample,long,hole-reversed,relationship,8,2,3,256,26,5640800,0,0
sample,long,hole-reversed,relationship,8,2,4,256,26,2277300,0,0
summary,long,hole-reversed,relationship,7889.453,12456.641,24121.875
sample,long,hole-reversed,clipping,8,2,0,32,4,8000700,532480,0
sample,long,hole-reversed,clipping,8,2,1,32,4,8084300,532480,0
sample,long,hole-reversed,clipping,8,2,2,32,4,7500600,532480,0
sample,long,hole-reversed,clipping,8,2,3,32,4,3402900,532480,0
sample,long,hole-reversed,clipping,8,2,4,32,4,3766900,532480,0
summary,long,hole-reversed,clipping,106340.625,234393.750,252634.375
sample,long,rational-crossing,relationship,3,1,0,4096,410,23157000,0,0
sample,long,rational-crossing,relationship,3,1,1,4096,410,17971800,0,0
sample,long,rational-crossing,relationship,3,1,2,4096,410,22042400,0,0
sample,long,rational-crossing,relationship,3,1,3,4096,410,18398700,0,0
sample,long,rational-crossing,relationship,3,1,4,4096,410,14110100,0,0
summary,long,rational-crossing,relationship,3444.849,4491.870,5653.564
sample,long,rational-crossing,clipping,3,1,0,256,26,13780100,3190784,0
sample,long,rational-crossing,clipping,3,1,1,256,26,13970900,3190784,0
sample,long,rational-crossing,clipping,3,1,2,256,26,13600800,3190784,0
sample,long,rational-crossing,clipping,3,1,3,256,26,13883000,3190784,0
sample,long,rational-crossing,clipping,3,1,4,256,26,13618800,3190784,0
summary,long,rational-crossing,clipping,53128.125,53828.516,54573.828
sample,long,sparse-1,relationship,4,1,0,2048,205,10594300,0,0
sample,long,sparse-1,relationship,4,1,1,2048,205,7227300,0,0
sample,long,sparse-1,relationship,4,1,2,2048,205,10494500,0,0
sample,long,sparse-1,relationship,4,1,3,2048,205,7317200,0,0
sample,long,sparse-1,relationship,4,1,4,2048,205,10610100,0,0
summary,long,sparse-1,relationship,3528.955,5124.268,5180.713
sample,long,sparse-1,clipping,4,1,0,256,26,18600000,3190784,0
sample,long,sparse-1,clipping,4,1,1,256,26,14261700,3190784,0
sample,long,sparse-1,clipping,4,1,2,256,26,14035700,3190784,0
sample,long,sparse-1,clipping,4,1,3,256,26,15399100,3190784,0
sample,long,sparse-1,clipping,4,1,4,256,26,19375800,3190784,0
summary,long,sparse-1,clipping,54826.953,60152.734,75686.719
sample,long,sparse-4,relationship,16,1,0,512,52,11239400,0,0
sample,long,sparse-4,relationship,16,1,1,512,52,7557700,0,0
sample,long,sparse-4,relationship,16,1,2,512,52,14184200,0,0
sample,long,sparse-4,relationship,16,1,3,512,52,16719500,0,0
sample,long,sparse-4,relationship,16,1,4,512,52,16469300,0,0
summary,long,sparse-4,relationship,14761.133,27703.516,32655.273
sample,long,sparse-4,clipping,16,1,0,128,13,14333700,1595392,0
sample,long,sparse-4,clipping,16,1,1,128,13,16207600,1595392,0
sample,long,sparse-4,clipping,16,1,2,128,13,16139500,1595392,0
sample,long,sparse-4,clipping,16,1,3,128,13,15416600,1595392,0
sample,long,sparse-4,clipping,16,1,4,128,13,12493800,1595392,0
summary,long,sparse-4,clipping,97607.812,120442.188,126621.875
sample,long,sparse-16,relationship,64,1,0,128,13,16445200,0,0
sample,long,sparse-16,relationship,64,1,1,128,13,11119600,0,0
sample,long,sparse-16,relationship,64,1,2,128,13,11396400,0,0
sample,long,sparse-16,relationship,64,1,3,128,13,11546500,0,0
sample,long,sparse-16,relationship,64,1,4,128,13,12120900,0,0
summary,long,sparse-16,relationship,86871.875,90207.031,128478.125
sample,long,sparse-16,clipping,64,1,0,64,7,16070300,797696,0
sample,long,sparse-16,clipping,64,1,1,64,7,16033400,797696,0
sample,long,sparse-16,clipping,64,1,2,64,7,16075500,797696,0
sample,long,sparse-16,clipping,64,1,3,64,7,16967700,797696,0
sample,long,sparse-16,clipping,64,1,4,64,7,15780200,797696,0
summary,long,sparse-16,clipping,246565.625,251098.438,265120.312
sample,long,sparse-64,relationship,256,1,0,32,4,16117800,0,0
sample,long,sparse-64,relationship,256,1,1,32,4,15931600,0,0
sample,long,sparse-64,relationship,256,1,2,32,4,16009000,0,0
sample,long,sparse-64,relationship,256,1,3,32,4,15795900,0,0
sample,long,sparse-64,relationship,256,1,4,32,4,11147500,0,0
summary,long,sparse-64,relationship,348359.375,497862.500,503681.250
sample,long,sparse-64,clipping,256,1,0,16,2,13407900,199424,0
sample,long,sparse-64,clipping,256,1,1,16,2,10219400,199424,0
sample,long,sparse-64,clipping,256,1,2,16,2,11445200,199424,0
sample,long,sparse-64,clipping,256,1,3,16,2,13853900,199424,0
sample,long,sparse-64,clipping,256,1,4,16,2,10008400,199424,0
summary,long,sparse-64,clipping,625525.000,715325.000,865868.750
sample,long,dense-1,relationship,4,1,0,2048,205,11298100,0,0
sample,long,dense-1,relationship,4,1,1,2048,205,7584400,0,0
sample,long,dense-1,relationship,4,1,2,2048,205,10609800,0,0
sample,long,dense-1,relationship,4,1,3,2048,205,6349800,0,0
sample,long,dense-1,relationship,4,1,4,2048,205,10722600,0,0
summary,long,dense-1,relationship,3100.488,5180.566,5516.650
sample,long,dense-1,clipping,4,1,0,256,26,17908200,3190784,0
sample,long,dense-1,clipping,4,1,1,256,26,21912900,3190784,0
sample,long,dense-1,clipping,4,1,2,256,26,18137500,3190784,0
sample,long,dense-1,clipping,4,1,3,256,26,22361300,3190784,0
sample,long,dense-1,clipping,4,1,4,256,26,18625000,3190784,0
summary,long,dense-1,clipping,69953.906,72753.906,87348.828
sample,long,dense-4,relationship,16,4,0,512,52,17850500,0,0
sample,long,dense-4,relationship,16,4,1,512,52,17718900,0,0
sample,long,dense-4,relationship,16,4,2,512,52,18740900,0,0
sample,long,dense-4,relationship,16,4,3,512,52,17598900,0,0
sample,long,dense-4,relationship,16,4,4,512,52,19642900,0,0
summary,long,dense-4,relationship,34372.852,34864.258,38365.039
sample,long,dense-4,clipping,16,4,0,32,4,10279000,799232,0
sample,long,dense-4,clipping,16,4,1,32,4,17460400,799232,0
sample,long,dense-4,clipping,16,4,2,32,4,10356700,799232,0
sample,long,dense-4,clipping,16,4,3,32,4,14612300,799232,0
sample,long,dense-4,clipping,16,4,4,32,4,10333800,799232,0
summary,long,dense-4,clipping,321218.750,323646.875,545637.500
sample,long,dense-16,relationship,64,16,0,128,13,15341500,0,0
sample,long,dense-16,relationship,64,16,1,128,13,22236500,0,0
sample,long,dense-16,relationship,64,16,2,128,13,23302800,0,0
sample,long,dense-16,relationship,64,16,3,128,13,22462100,0,0
sample,long,dense-16,relationship,64,16,4,128,13,19153500,0,0
summary,long,dense-16,relationship,119855.469,173722.656,182053.125
sample,long,dense-16,clipping,64,16,0,8,1,15330000,603008,0
sample,long,dense-16,clipping,64,16,1,8,1,15790000,603008,0
sample,long,dense-16,clipping,64,16,2,8,1,7759600,603008,0
sample,long,dense-16,clipping,64,16,3,8,1,11601100,603008,0
sample,long,dense-16,clipping,64,16,4,8,1,16189400,603008,0
summary,long,dense-16,clipping,969950.000,1916250.000,2023675.000
sample,long,dense-64,relationship,256,64,0,32,4,23189800,0,0
sample,long,dense-64,relationship,256,64,1,32,4,21515600,0,0
sample,long,dense-64,relationship,256,64,2,32,4,18762800,0,0
sample,long,dense-64,relationship,256,64,3,32,4,14206200,0,0
sample,long,dense-64,relationship,256,64,4,32,4,14103900,0,0
summary,long,dense-64,relationship,440746.875,586337.500,724681.250
sample,long,dense-64,clipping,256,64,0,2,1,17238900,571392,0
sample,long,dense-64,clipping,256,64,1,2,1,13821700,571392,0
sample,long,dense-64,clipping,256,64,2,2,1,16625400,571392,0
sample,long,dense-64,clipping,256,64,3,2,1,17295300,571392,0
sample,long,dense-64,clipping,256,64,4,2,1,18364800,571392,0
summary,long,dense-64,clipping,6910850.000,8619450.000,9182400.000
sample,long,wide-integral,relationship,4,1,0,2048,205,10343600,0,0
sample,long,wide-integral,relationship,4,1,1,2048,205,14041000,0,0
sample,long,wide-integral,relationship,4,1,2,2048,205,6616900,0,0
sample,long,wide-integral,relationship,4,1,3,2048,205,11012600,0,0
sample,long,wide-integral,relationship,4,1,4,2048,205,7117400,0,0
summary,long,wide-integral,relationship,3230.908,5050.586,6855.957
sample,long,wide-integral,clipping,4,1,0,256,26,18921400,3190784,0
sample,long,wide-integral,clipping,4,1,1,256,26,15193900,3190784,0
sample,long,wide-integral,clipping,4,1,2,256,26,18441600,3190784,0
sample,long,wide-integral,clipping,4,1,3,256,26,14073900,3190784,0
sample,long,wide-integral,clipping,4,1,4,256,26,14237600,3190784,0
summary,long,wide-integral,clipping,54976.172,59351.172,73911.719
sample,long,endpoint-collapse,relationship,4,0,0,2048,205,13881900,0,0
sample,long,endpoint-collapse,relationship,4,0,1,2048,205,13254300,0,0
sample,long,endpoint-collapse,relationship,4,0,2,2048,205,13912300,0,0
sample,long,endpoint-collapse,relationship,4,0,3,2048,205,13175700,0,0
sample,long,endpoint-collapse,relationship,4,0,4,2048,205,19917200,0,0
summary,long,endpoint-collapse,relationship,6433.447,6778.271,9725.195
sample,long,endpoint-collapse,clipping,4,0,0,256,26,16168200,3182592,0
sample,long,endpoint-collapse,clipping,4,0,1,256,26,28491400,3182592,0
sample,long,endpoint-collapse,clipping,4,0,2,256,26,16325500,3182592,0
sample,long,endpoint-collapse,clipping,4,0,3,256,26,17629100,3182592,0
sample,long,endpoint-collapse,clipping,4,0,4,256,26,21291400,3182592,0
summary,long,endpoint-collapse,clipping,63157.031,68863.672,111294.531
sample,long,gap-collapse,relationship,8,0,0,1024,103,17784400,0,0
sample,long,gap-collapse,relationship,8,0,1,1024,103,22726400,0,0
sample,long,gap-collapse,relationship,8,0,2,1024,103,18545200,0,0
sample,long,gap-collapse,relationship,8,0,3,1024,103,17837000,0,0
sample,long,gap-collapse,relationship,8,0,4,1024,103,22719300,0,0
summary,long,gap-collapse,relationship,17367.578,18110.547,22193.750
sample,long,gap-collapse,clipping,8,0,0,128,13,20495400,2125824,0
sample,long,gap-collapse,clipping,8,0,1,128,13,19178700,2125824,0
sample,long,gap-collapse,clipping,8,0,2,128,13,22186500,2125824,0
sample,long,gap-collapse,clipping,8,0,3,128,13,23122500,2125824,0
sample,long,gap-collapse,clipping,8,0,4,128,13,18624900,2125824,0
summary,long,gap-collapse,clipping,145507.031,160120.312,180644.531
fixture,float,exterior,4,1,success,0
fixture,float,interior,4,4,success,1
fixture,float,crossing,4,7,success,1
fixture,float,boundary-only,4,10,success,1
fixture,float,boundary-overlap,4,11,success,1
fixture,float,isolated-tangent,4,3,success,0
fixture,float,degenerate-interior,4,4,success,0
fixture,float,degenerate-boundary,4,2,success,0
fixture,float,empty,0,1,success,0
fixture,float,concave-u,8,7,success,2
fixture,float,hole,8,7,success,2
fixture,float,hole-reversed,8,7,success,2
fixture,float,rational-crossing,3,7,success,1
fixture,float,sparse-1,4,7,success,1
fixture,float,sparse-4,16,7,success,1
fixture,float,sparse-16,64,7,success,1
fixture,float,sparse-64,256,7,success,1
fixture,float,dense-1,4,7,success,1
fixture,float,dense-4,16,7,success,4
fixture,float,dense-16,64,7,success,16
fixture,float,dense-64,256,7,success,64
fixture,float,subnormal,4,7,success,1
fixture,float,large-finite,4,7,success,1
preflight,float,23,PASS
sample,float,exterior,relationship,4,0,0,2048,205,15388900,0,0
sample,float,exterior,relationship,4,0,1,2048,205,14819500,0,0
sample,float,exterior,relationship,4,0,2,2048,205,10161200,0,0
sample,float,exterior,relationship,4,0,3,2048,205,14186700,0,0
sample,float,exterior,relationship,4,0,4,2048,205,14908600,0,0
summary,float,exterior,relationship,4961.523,7236.084,7514.111
sample,float,exterior,clipping,4,0,0,1024,103,15636100,8486912,2
sample,float,exterior,clipping,4,0,1,1024,103,14793400,8486912,2
sample,float,exterior,clipping,4,0,2,1024,103,10797500,8486912,2
sample,float,exterior,clipping,4,0,3,1024,103,17012700,8486912,2
sample,float,exterior,clipping,4,0,4,1024,103,11984800,8486912,2
summary,float,exterior,clipping,10544.434,14446.680,16613.965
sample,float,interior,relationship,4,1,0,2048,205,11315800,0,0
sample,float,interior,relationship,4,1,1,2048,205,10062900,0,0
sample,float,interior,relationship,4,1,2,2048,205,14029000,0,0
sample,float,interior,relationship,4,1,3,2048,205,10702200,0,0
sample,float,interior,relationship,4,1,4,2048,205,6170800,0,0
summary,float,interior,relationship,3013.086,5225.684,6850.098
sample,float,interior,clipping,4,1,0,256,26,7786500,2134016,0
sample,float,interior,clipping,4,1,1,256,26,7788600,2134016,0
sample,float,interior,clipping,4,1,2,256,26,7781800,2134016,0
sample,float,interior,clipping,4,1,3,256,26,3724900,2134016,0
sample,float,interior,clipping,4,1,4,256,26,3708500,2134016,0
summary,float,interior,clipping,14486.328,30397.656,30424.219
sample,float,crossing,relationship,4,1,0,2048,205,9947000,0,0
sample,float,crossing,relationship,4,1,1,2048,205,14275000,0,0
sample,float,crossing,relationship,4,1,2,2048,205,10151900,0,0
sample,float,crossing,relationship,4,1,3,2048,205,9855800,0,0
sample,float,crossing,relationship,4,1,4,2048,205,14066300,0,0
summary,float,crossing,relationship,4812.402,4956.982,6970.215
sample,float,crossing,clipping,4,1,0,256,26,18048400,3190784,0
sample,float,crossing,clipping,4,1,1,256,26,22132500,3190784,0
sample,float,crossing,clipping,4,1,2,256,26,14813700,3190784,0
sample,float,crossing,clipping,4,1,3,256,26,20662400,3190784,0
sample,float,crossing,clipping,4,1,4,256,26,17905500,3190784,0
summary,float,crossing,clipping,57866.016,70501.562,86455.078
sample,float,boundary-only,relationship,4,1,0,2048,205,6860300,0,0
sample,float,boundary-only,relationship,4,1,1,2048,205,11433000,0,0
sample,float,boundary-only,relationship,4,1,2,2048,205,14908800,0,0
sample,float,boundary-only,relationship,4,1,3,2048,205,7693400,0,0
sample,float,boundary-only,relationship,4,1,4,2048,205,11535600,0,0
summary,float,boundary-only,relationship,3349.756,5582.520,7279.688
sample,float,boundary-only,clipping,4,1,0,256,26,10313800,4231168,1
sample,float,boundary-only,clipping,4,1,1,256,26,13911200,4231168,1
sample,float,boundary-only,clipping,4,1,2,256,26,9934600,4231168,1
sample,float,boundary-only,clipping,4,1,3,256,26,13657200,4231168,1
sample,float,boundary-only,clipping,4,1,4,256,26,9628400,4231168,1
summary,float,boundary-only,clipping,37610.938,40288.281,54340.625
sample,float,boundary-overlap,relationship,4,1,0,1024,103,8176500,0,0
sample,float,boundary-overlap,relationship,4,1,1,1024,103,9831800,0,0
sample,float,boundary-overlap,relationship,4,1,2,1024,103,8154200,0,0
sample,float,boundary-overlap,relationship,4,1,3,1024,103,7913600,0,0
sample,float,boundary-overlap,relationship,4,1,4,1024,103,13100600,0,0
summary,float,boundary-overlap,relationship,7728.125,7984.863,12793.555
sample,float,boundary-overlap,clipping,4,1,0,256,26,14219200,4239360,1
sample,float,boundary-overlap,clipping,4,1,1,256,26,11981400,4239360,1
sample,float,boundary-overlap,clipping,4,1,2,256,26,10387600,4239360,1
sample,float,boundary-overlap,clipping,4,1,3,256,26,14247100,4239360,1
sample,float,boundary-overlap,clipping,4,1,4,256,26,10978800,4239360,1
summary,float,boundary-overlap,clipping,40576.562,46802.344,55652.734
sample,float,isolated-tangent,relationship,4,0,0,1024,103,9806200,0,0
sample,float,isolated-tangent,relationship,4,0,1,1024,103,7989300,0,0
sample,float,isolated-tangent,relationship,4,0,2,1024,103,8894500,0,0
sample,float,isolated-tangent,relationship,4,0,3,1024,103,9352100,0,0
sample,float,isolated-tangent,relationship,4,0,4,1024,103,9244100,0,0
summary,float,isolated-tangent,relationship,7802.051,9027.441,9576.367
sample,float,isolated-tangent,clipping,4,0,0,512,52,16397100,6340608,1
sample,float,isolated-tangent,clipping,4,0,1,512,52,11343800,6340608,1
sample,float,isolated-tangent,clipping,4,0,2,512,52,14175100,6340608,1
sample,float,isolated-tangent,clipping,4,0,3,512,52,10438200,6340608,1
sample,float,isolated-tangent,clipping,4,0,4,512,52,11589700,6340608,1
summary,float,isolated-tangent,clipping,20387.109,22636.133,32025.586
sample,float,degenerate-interior,relationship,4,0,0,65536,6554,5117400,0,0
sample,float,degenerate-interior,relationship,4,0,1,65536,6554,7773400,0,0
sample,float,degenerate-interior,relationship,4,0,2,65536,6554,8867900,0,0
sample,float,degenerate-interior,relationship,4,0,3,65536,6554,9265700,0,0
sample,float,degenerate-interior,relationship,4,0,4,65536,6554,9642600,0,0
summary,float,degenerate-interior,relationship,78.085,135.313,147.134
sample,float,degenerate-interior,clipping,4,0,0,65536,6554,692300,0,0
sample,float,degenerate-interior,clipping,4,0,1,65536,6554,688000,0,0
sample,float,degenerate-interior,clipping,4,0,2,65536,6554,677700,0,0
sample,float,degenerate-interior,clipping,4,0,3,65536,6554,677400,0,0
sample,float,degenerate-interior,clipping,4,0,4,65536,6554,691700,0,0
summary,float,degenerate-interior,clipping,10.336,10.498,10.564
sample,float,degenerate-boundary,relationship,4,0,0,65536,6554,4934500,0,0
sample,float,degenerate-boundary,relationship,4,0,1,65536,6554,9526500,0,0
sample,float,degenerate-boundary,relationship,4,0,2,65536,6554,10014500,0,0
sample,float,degenerate-boundary,relationship,4,0,3,65536,6554,12772800,0,0
sample,float,degenerate-boundary,relationship,4,0,4,65536,6554,10087000,0,0
summary,float,degenerate-boundary,relationship,75.294,152.809,194.897
sample,float,degenerate-boundary,clipping,4,0,0,65536,6554,688600,0,0
sample,float,degenerate-boundary,clipping,4,0,1,65536,6554,702300,0,0
sample,float,degenerate-boundary,clipping,4,0,2,65536,6554,694000,0,0
sample,float,degenerate-boundary,clipping,4,0,3,65536,6554,5922800,0,0
sample,float,degenerate-boundary,clipping,4,0,4,65536,6554,907600,0,0
summary,float,degenerate-boundary,clipping,10.507,10.716,90.375
sample,float,empty,relationship,0,0,0,65536,6554,8080400,0,0
sample,float,empty,relationship,0,0,1,65536,6554,1104500,0,0
sample,float,empty,relationship,0,0,2,65536,6554,1180500,0,0
sample,float,empty,relationship,0,0,3,65536,6554,1111300,0,0
sample,float,empty,relationship,0,0,4,65536,6554,1133400,0,0
summary,float,empty,relationship,16.853,17.294,123.297
sample,float,empty,clipping,0,0,0,65536,6554,815700,0,0
sample,float,empty,clipping,0,0,1,65536,6554,818400,0,0
sample,float,empty,clipping,0,0,2,65536,6554,813900,0,0
sample,float,empty,clipping,0,0,3,65536,6554,814600,0,0
sample,float,empty,clipping,0,0,4,65536,6554,854700,0,0
summary,float,empty,clipping,12.419,12.447,13.042
sample,float,concave-u,relationship,8,2,0,256,26,2005800,0,0
sample,float,concave-u,relationship,8,2,1,256,26,1916900,0,0
sample,float,concave-u,relationship,8,2,2,256,26,3761600,0,0
sample,float,concave-u,relationship,8,2,3,256,26,3067400,0,0
sample,float,concave-u,relationship,8,2,4,256,26,1863000,0,0
summary,float,concave-u,relationship,7277.344,7835.156,14693.750
sample,float,concave-u,clipping,8,2,0,64,7,9723900,1064960,0
sample,float,concave-u,clipping,8,2,1,64,7,5543400,1064960,0
sample,float,concave-u,clipping,8,2,2,64,7,10481000,1064960,0
sample,float,concave-u,clipping,8,2,3,64,7,11956800,1064960,0
sample,float,concave-u,clipping,8,2,4,64,7,10018800,1064960,0
summary,float,concave-u,clipping,86615.625,156543.750,186825.000
sample,float,hole,relationship,8,2,0,1024,103,7751900,0,0
sample,float,hole,relationship,8,2,1,1024,103,16147100,0,0
sample,float,hole,relationship,8,2,2,1024,103,14389300,0,0
sample,float,hole,relationship,8,2,3,1024,103,7583200,0,0
sample,float,hole,relationship,8,2,4,1024,103,15332300,0,0
summary,float,hole,relationship,7405.469,14052.051,15768.652
sample,float,hole,clipping,8,2,0,128,13,19571300,2129920,0
sample,float,hole,clipping,8,2,1,128,13,15542800,2129920,0
sample,float,hole,clipping,8,2,2,128,13,22457100,2129920,0
sample,float,hole,clipping,8,2,3,128,13,24245300,2129920,0
sample,float,hole,clipping,8,2,4,128,13,23584400,2129920,0
summary,float,hole,clipping,121428.125,175446.094,189416.406
sample,float,hole-reversed,relationship,8,2,0,1024,103,11553200,0,0
sample,float,hole-reversed,relationship,8,2,1,1024,103,7901600,0,0
sample,float,hole-reversed,relationship,8,2,2,1024,103,15282700,0,0
sample,float,hole-reversed,relationship,8,2,3,1024,103,14592900,0,0
sample,float,hole-reversed,relationship,8,2,4,1024,103,7858500,0,0
summary,float,hole-reversed,relationship,7674.316,11282.422,14924.512
sample,float,hole-reversed,clipping,8,2,0,128,13,24823700,2129920,0
sample,float,hole-reversed,clipping,8,2,1,128,13,23595800,2129920,0
sample,float,hole-reversed,clipping,8,2,2,128,13,23530500,2129920,0
sample,float,hole-reversed,clipping,8,2,3,128,13,28575300,2129920,0
sample,float,hole-reversed,clipping,8,2,4,128,13,36956800,2129920,0
summary,float,hole-reversed,clipping,183832.031,193935.156,288725.000
sample,float,rational-crossing,relationship,3,1,0,2048,205,5109000,0,0
sample,float,rational-crossing,relationship,3,1,1,2048,205,4323200,0,0
sample,float,rational-crossing,relationship,3,1,2,2048,205,8079600,0,0
sample,float,rational-crossing,relationship,3,1,3,2048,205,8157200,0,0
sample,float,rational-crossing,relationship,3,1,4,2048,205,8273400,0,0
summary,float,rational-crossing,relationship,2110.938,3945.117,4039.746
sample,float,rational-crossing,clipping,3,1,0,256,26,17524400,3190784,0
sample,float,rational-crossing,clipping,3,1,1,256,26,17924000,3190784,0
sample,float,rational-crossing,clipping,3,1,2,256,26,17559200,3190784,0
sample,float,rational-crossing,clipping,3,1,3,256,26,17541400,3190784,0
sample,float,rational-crossing,clipping,3,1,4,256,26,14193900,3190784,0
summary,float,rational-crossing,clipping,55444.922,68521.094,70015.625
sample,float,sparse-1,relationship,4,1,0,2048,205,6841800,0,0
sample,float,sparse-1,relationship,4,1,1,2048,205,10598500,0,0
sample,float,sparse-1,relationship,4,1,2,2048,205,6639000,0,0
sample,float,sparse-1,relationship,4,1,3,2048,205,10568000,0,0
sample,float,sparse-1,relationship,4,1,4,2048,205,14388300,0,0
summary,float,sparse-1,relationship,3241.699,5160.156,7025.537
sample,float,sparse-1,clipping,4,1,0,256,26,17659300,3190784,0
sample,float,sparse-1,clipping,4,1,1,256,26,17358200,3190784,0
sample,float,sparse-1,clipping,4,1,2,256,26,21391900,3190784,0
sample,float,sparse-1,clipping,4,1,3,256,26,17578900,3190784,0
sample,float,sparse-1,clipping,4,1,4,256,26,22180300,3190784,0
summary,float,sparse-1,clipping,67805.469,68981.641,86641.797
sample,float,sparse-4,relationship,16,1,0,512,52,14586000,0,0
sample,float,sparse-4,relationship,16,1,1,512,52,14679700,0,0
sample,float,sparse-4,relationship,16,1,2,512,52,10470800,0,0
sample,float,sparse-4,relationship,16,1,3,512,52,14604200,0,0
sample,float,sparse-4,relationship,16,1,4,512,52,6490100,0,0
summary,float,sparse-4,relationship,12675.977,28488.281,28671.289
sample,float,sparse-4,clipping,16,1,0,128,13,10372800,1595392,0
sample,float,sparse-4,clipping,16,1,1,128,13,10742700,1595392,0
sample,float,sparse-4,clipping,16,1,2,128,13,11085900,1595392,0
sample,float,sparse-4,clipping,16,1,3,128,13,6726100,1595392,0
sample,float,sparse-4,clipping,16,1,4,128,13,10758500,1595392,0
summary,float,sparse-4,clipping,52547.656,83927.344,86608.594
sample,float,sparse-16,relationship,64,1,0,128,13,15035400,0,0
sample,float,sparse-16,relationship,64,1,1,128,13,15000900,0,0
sample,float,sparse-16,relationship,64,1,2,128,13,10849600,0,0
sample,float,sparse-16,relationship,64,1,3,128,13,7405100,0,0
sample,float,sparse-16,relationship,64,1,4,128,13,10879500,0,0
summary,float,sparse-16,relationship,57852.344,84996.094,117464.062
sample,float,sparse-16,clipping,64,1,0,64,7,10822200,797696,0
sample,float,sparse-16,clipping,64,1,1,64,7,10494600,797696,0
sample,float,sparse-16,clipping,64,1,2,64,7,6584100,797696,0
sample,float,sparse-16,clipping,64,1,3,64,7,6551200,797696,0
sample,float,sparse-16,clipping,64,1,4,64,7,10491400,797696,0
summary,float,sparse-16,clipping,102362.500,163928.125,169096.875
sample,float,sparse-64,relationship,256,1,0,32,4,15468500,0,0
sample,float,sparse-64,relationship,256,1,1,32,4,10862500,0,0
sample,float,sparse-64,relationship,256,1,2,32,4,11250900,0,0
sample,float,sparse-64,relationship,256,1,3,32,4,14587600,0,0
sample,float,sparse-64,relationship,256,1,4,32,4,14807200,0,0
summary,float,sparse-64,relationship,339453.125,455862.500,483390.625
sample,float,sparse-64,clipping,256,1,0,32,4,22621200,398848,0
sample,float,sparse-64,clipping,256,1,1,32,4,17808400,398848,0
sample,float,sparse-64,clipping,256,1,2,32,4,14312100,398848,0
sample,float,sparse-64,clipping,256,1,3,32,4,18221800,398848,0
sample,float,sparse-64,clipping,256,1,4,32,4,21889000,398848,0
summary,float,sparse-64,clipping,447253.125,569431.250,706912.500
sample,float,dense-1,relationship,4,1,0,2048,205,9837300,0,0
sample,float,dense-1,relationship,4,1,1,2048,205,13961900,0,0
sample,float,dense-1,relationship,4,1,2,2048,205,9900500,0,0
sample,float,dense-1,relationship,4,1,3,2048,205,13862000,0,0
sample,float,dense-1,relationship,4,1,4,2048,205,10174100,0,0
summary,float,dense-1,relationship,4803.369,4967.822,6817.334
sample,float,dense-1,clipping,4,1,0,128,13,9266200,1595392,0
sample,float,dense-1,clipping,4,1,1,128,13,4972000,1595392,0
sample,float,dense-1,clipping,4,1,2,128,13,8780500,1595392,0
sample,float,dense-1,clipping,4,1,3,128,13,10665200,1595392,0
sample,float,dense-1,clipping,4,1,4,128,13,8697800,1595392,0
summary,float,dense-1,clipping,38843.750,68597.656,83321.875
sample,float,dense-4,relationship,16,4,0,512,52,12641900,0,0
sample,float,dense-4,relationship,16,4,1,512,52,16668600,0,0
sample,float,dense-4,relationship,16,4,2,512,52,16688500,0,0
sample,float,dense-4,relationship,16,4,3,512,52,16211900,0,0
sample,float,dense-4,relationship,16,4,4,512,52,16296800,0,0
summary,float,dense-4,relationship,24691.211,31829.688,32594.727
sample,float,dense-4,clipping,16,4,0,32,4,5975900,799232,0
sample,float,dense-4,clipping,16,4,1,32,4,6224300,799232,0
sample,float,dense-4,clipping,16,4,2,32,4,10071600,799232,0
sample,float,dense-4,clipping,16,4,3,32,4,13953100,799232,0
sample,float,dense-4,clipping,16,4,4,32,4,10322400,799232,0
summary,float,dense-4,clipping,186746.875,314737.500,436034.375
sample,float,dense-16,relationship,64,16,0,128,13,20701100,0,0
sample,float,dense-16,relationship,64,16,1,128,13,17325800,0,0
sample,float,dense-16,relationship,64,16,2,128,13,16782800,0,0
sample,float,dense-16,relationship,64,16,3,128,13,17625900,0,0
sample,float,dense-16,relationship,64,16,4,128,13,15720500,0,0
summary,float,dense-16,relationship,122816.406,135357.812,161727.344
sample,float,dense-16,clipping,64,16,0,8,1,13362100,603008,0
sample,float,dense-16,clipping,64,16,1,8,1,7257000,603008,0
sample,float,dense-16,clipping,64,16,2,8,1,17962100,603008,0
sample,float,dense-16,clipping,64,16,3,8,1,11331500,603008,0
sample,float,dense-16,clipping,64,16,4,8,1,7269100,603008,0
summary,float,dense-16,clipping,907125.000,1416437.500,2245262.500
sample,float,dense-64,relationship,256,64,0,16,2,10605000,0,0
sample,float,dense-64,relationship,256,64,1,16,2,8769400,0,0
sample,float,dense-64,relationship,256,64,2,16,2,11031000,0,0
sample,float,dense-64,relationship,256,64,3,16,2,8660300,0,0
sample,float,dense-64,relationship,256,64,4,16,2,8555500,0,0
summary,float,dense-64,relationship,534718.750,548087.500,689437.500
sample,float,dense-64,clipping,256,64,0,2,1,14108600,571392,0
sample,float,dense-64,clipping,256,64,1,2,1,15332800,571392,0
sample,float,dense-64,clipping,256,64,2,2,1,16245600,571392,0
sample,float,dense-64,clipping,256,64,3,2,1,16452800,571392,0
sample,float,dense-64,clipping,256,64,4,2,1,18510200,571392,0
summary,float,dense-64,clipping,7054300.000,8122800.000,9255100.000
sample,float,subnormal,relationship,4,1,0,2048,205,10214200,0,0
sample,float,subnormal,relationship,4,1,1,2048,205,14560100,0,0
sample,float,subnormal,relationship,4,1,2,2048,205,14517500,0,0
sample,float,subnormal,relationship,4,1,3,2048,205,10214100,0,0
sample,float,subnormal,relationship,4,1,4,2048,205,10331400,0,0
summary,float,subnormal,relationship,4987.354,5044.629,7109.424
sample,float,subnormal,clipping,4,1,0,64,7,6755700,797696,0
sample,float,subnormal,clipping,4,1,1,64,7,2355900,797696,0
sample,float,subnormal,clipping,4,1,2,64,7,2460800,797696,0
sample,float,subnormal,clipping,4,1,3,64,7,6487600,797696,0
sample,float,subnormal,clipping,4,1,4,64,7,2333400,797696,0
summary,float,subnormal,clipping,36459.375,38450.000,105557.812
sample,float,large-finite,relationship,4,1,0,2048,205,9866100,0,0
sample,float,large-finite,relationship,4,1,1,2048,205,5865400,0,0
sample,float,large-finite,relationship,4,1,2,2048,205,10073500,0,0
sample,float,large-finite,relationship,4,1,3,2048,205,13849300,0,0
sample,float,large-finite,relationship,4,1,4,2048,205,9856900,0,0
summary,float,large-finite,relationship,2863.965,4817.432,6762.354
sample,float,large-finite,clipping,4,1,0,256,26,17824500,3190784,0
sample,float,large-finite,clipping,4,1,1,256,26,13766300,3190784,0
sample,float,large-finite,clipping,4,1,2,256,26,18952000,3190784,0
sample,float,large-finite,clipping,4,1,3,256,26,17668000,3190784,0
sample,float,large-finite,clipping,4,1,4,256,26,19244900,3190784,0
summary,float,large-finite,clipping,53774.609,69626.953,75175.391
fixture,double,exterior,4,1,success,0
fixture,double,interior,4,4,success,1
fixture,double,crossing,4,7,success,1
fixture,double,boundary-only,4,10,success,1
fixture,double,boundary-overlap,4,11,success,1
fixture,double,isolated-tangent,4,3,success,0
fixture,double,degenerate-interior,4,4,success,0
fixture,double,degenerate-boundary,4,2,success,0
fixture,double,empty,0,1,success,0
fixture,double,concave-u,8,7,success,2
fixture,double,hole,8,7,success,2
fixture,double,hole-reversed,8,7,success,2
fixture,double,rational-crossing,3,7,success,1
fixture,double,sparse-1,4,7,success,1
fixture,double,sparse-4,16,7,success,1
fixture,double,sparse-16,64,7,success,1
fixture,double,sparse-64,256,7,success,1
fixture,double,dense-1,4,7,success,1
fixture,double,dense-4,16,7,success,4
fixture,double,dense-16,64,7,success,16
fixture,double,dense-64,256,7,success,64
fixture,double,subnormal,4,7,success,1
fixture,double,large-finite,4,7,success,1
preflight,double,23,PASS
sample,double,exterior,relationship,4,0,0,4096,410,24805000,0,0
sample,double,exterior,relationship,4,0,1,4096,410,21815300,0,0
sample,double,exterior,relationship,4,0,2,4096,410,23095800,0,0
sample,double,exterior,relationship,4,0,3,4096,410,19961000,0,0
sample,double,exterior,relationship,4,0,4,4096,410,24028600,0,0
summary,double,exterior,relationship,4873.291,5638.623,6055.908
sample,double,exterior,clipping,4,0,0,512,52,3372400,4243456,1
sample,double,exterior,clipping,4,0,1,512,52,8201700,4243456,1
sample,double,exterior,clipping,4,0,2,512,52,7938500,4243456,1
sample,double,exterior,clipping,4,0,3,512,52,7963400,4243456,1
sample,double,exterior,clipping,4,0,4,512,52,3960100,4243456,1
summary,double,exterior,clipping,6586.719,15504.883,16018.945
sample,double,interior,relationship,4,1,0,2048,205,6338500,0,0
sample,double,interior,relationship,4,1,1,2048,205,6031000,0,0
sample,double,interior,relationship,4,1,2,2048,205,6039000,0,0
sample,double,interior,relationship,4,1,3,2048,205,6048800,0,0
sample,double,interior,relationship,4,1,4,2048,205,6086300,0,0
summary,double,interior,relationship,2944.824,2953.516,3094.971
sample,double,interior,clipping,4,1,0,256,26,4297600,2134016,0
sample,double,interior,clipping,4,1,1,256,26,9721000,2134016,0
sample,double,interior,clipping,4,1,2,256,26,3645700,2134016,0
sample,double,interior,clipping,4,1,3,256,26,3901800,2134016,0
sample,double,interior,clipping,4,1,4,256,26,3741400,2134016,0
summary,double,interior,clipping,14241.016,15241.406,37972.656
sample,double,crossing,relationship,4,1,0,2048,205,12522000,0,0
sample,double,crossing,relationship,4,1,1,2048,205,11784400,0,0
sample,double,crossing,relationship,4,1,2,2048,205,13073900,0,0
sample,double,crossing,relationship,4,1,3,2048,205,12614800,0,0
sample,double,crossing,relationship,4,1,4,2048,205,12530200,0,0
summary,double,crossing,relationship,5754.102,6118.262,6383.740
sample,double,crossing,clipping,4,1,0,256,26,17352700,3190784,0
sample,double,crossing,clipping,4,1,1,256,26,19529400,3190784,0
sample,double,crossing,clipping,4,1,2,256,26,19720500,3190784,0
sample,double,crossing,clipping,4,1,3,256,26,17682900,3190784,0
sample,double,crossing,clipping,4,1,4,256,26,17570100,3190784,0
summary,double,crossing,clipping,67783.984,69073.828,77033.203
sample,double,boundary-only,relationship,4,1,0,2048,205,11086000,0,0
sample,double,boundary-only,relationship,4,1,1,2048,205,6873100,0,0
sample,double,boundary-only,relationship,4,1,2,2048,205,11563200,0,0
sample,double,boundary-only,relationship,4,1,3,2048,205,11211000,0,0
sample,double,boundary-only,relationship,4,1,4,2048,205,14385000,0,0
summary,double,boundary-only,relationship,3356.006,5474.121,7023.926
sample,double,boundary-only,clipping,4,1,0,512,52,23600500,8462336,2
sample,double,boundary-only,clipping,4,1,1,512,52,26447500,8462336,2
sample,double,boundary-only,clipping,4,1,2,512,52,23925000,8462336,2
sample,double,boundary-only,clipping,4,1,3,512,52,19987100,8462336,2
sample,double,boundary-only,clipping,4,1,4,512,52,23958700,8462336,2
summary,double,boundary-only,clipping,39037.305,46728.516,51655.273
sample,double,boundary-overlap,relationship,4,1,0,2048,205,16382500,0,0
sample,double,boundary-overlap,relationship,4,1,1,2048,205,16649500,0,0
sample,double,boundary-overlap,relationship,4,1,2,2048,205,16203600,0,0
sample,double,boundary-overlap,relationship,4,1,3,2048,205,16718500,0,0
sample,double,boundary-overlap,relationship,4,1,4,2048,205,14848600,0,0
summary,double,boundary-overlap,relationship,7250.293,7999.268,8163.330
sample,double,boundary-overlap,clipping,4,1,0,256,26,18481100,4239360,1
sample,double,boundary-overlap,clipping,4,1,1,256,26,11980100,4239360,1
sample,double,boundary-overlap,clipping,4,1,2,256,26,11961100,4239360,1
sample,double,boundary-overlap,clipping,4,1,3,256,26,11968600,4239360,1
sample,double,boundary-overlap,clipping,4,1,4,256,26,10205900,4239360,1
summary,double,boundary-overlap,clipping,39866.797,46752.344,72191.797
sample,double,isolated-tangent,relationship,4,0,0,1024,103,9831200,0,0
sample,double,isolated-tangent,relationship,4,0,1,1024,103,4640200,0,0
sample,double,isolated-tangent,relationship,4,0,2,1024,103,8836500,0,0
sample,double,isolated-tangent,relationship,4,0,3,1024,103,8847300,0,0
sample,double,isolated-tangent,relationship,4,0,4,1024,103,9733700,0,0
summary,double,isolated-tangent,relationship,4531.445,8639.941,9600.781
sample,double,isolated-tangent,clipping,4,0,0,256,26,3008000,3170304,0
sample,double,isolated-tangent,clipping,4,0,1,256,26,2884900,3170304,0
sample,double,isolated-tangent,clipping,4,0,2,256,26,3085900,3170304,0
sample,double,isolated-tangent,clipping,4,0,3,256,26,3109000,3170304,0
sample,double,isolated-tangent,clipping,4,0,4,256,26,3043900,3170304,0
summary,double,isolated-tangent,clipping,11269.141,11890.234,12144.531
sample,double,degenerate-interior,relationship,4,0,0,65536,6554,8994900,0,0
sample,double,degenerate-interior,relationship,4,0,1,65536,6554,4940300,0,0
sample,double,degenerate-interior,relationship,4,0,2,65536,6554,12896600,0,0
sample,double,degenerate-interior,relationship,4,0,3,65536,6554,9067000,0,0
sample,double,degenerate-interior,relationship,4,0,4,65536,6554,9922800,0,0
summary,double,degenerate-interior,relationship,75.383,138.351,196.786
sample,double,degenerate-interior,clipping,4,0,0,65536,6554,741400,0,0
sample,double,degenerate-interior,clipping,4,0,1,65536,6554,739500,0,0
sample,double,degenerate-interior,clipping,4,0,2,65536,6554,739500,0,0
sample,double,degenerate-interior,clipping,4,0,3,65536,6554,932300,0,0
sample,double,degenerate-interior,clipping,4,0,4,65536,6554,785000,0,0
summary,double,degenerate-interior,clipping,11.284,11.313,14.226
sample,double,degenerate-boundary,relationship,4,0,0,65536,6554,8833600,0,0
sample,double,degenerate-boundary,relationship,4,0,1,65536,6554,9134200,0,0
sample,double,degenerate-boundary,relationship,4,0,2,65536,6554,5398400,0,0
sample,double,degenerate-boundary,relationship,4,0,3,65536,6554,7699400,0,0
sample,double,degenerate-boundary,relationship,4,0,4,65536,6554,8783600,0,0
summary,double,degenerate-boundary,relationship,82.373,134.027,139.377
sample,double,degenerate-boundary,clipping,4,0,0,65536,6554,883900,0,0
sample,double,degenerate-boundary,clipping,4,0,1,65536,6554,5277300,0,0
sample,double,degenerate-boundary,clipping,4,0,2,65536,6554,738500,0,0
sample,double,degenerate-boundary,clipping,4,0,3,65536,6554,741700,0,0
sample,double,degenerate-boundary,clipping,4,0,4,65536,6554,769300,0,0
summary,double,degenerate-boundary,clipping,11.269,11.739,80.525
sample,double,empty,relationship,0,0,0,65536,6554,1251700,0,0
sample,double,empty,relationship,0,0,1,65536,6554,1232500,0,0
sample,double,empty,relationship,0,0,2,65536,6554,1245700,0,0
sample,double,empty,relationship,0,0,3,65536,6554,4290500,0,0
sample,double,empty,relationship,0,0,4,65536,6554,1731200,0,0
summary,double,empty,relationship,18.806,19.099,65.468
sample,double,empty,clipping,0,0,0,65536,6554,945100,0,0
sample,double,empty,clipping,0,0,1,65536,6554,927300,0,0
sample,double,empty,clipping,0,0,2,65536,6554,1048900,0,0
sample,double,empty,clipping,0,0,3,65536,6554,4964300,0,0
sample,double,empty,clipping,0,0,4,65536,6554,933300,0,0
summary,double,empty,clipping,14.149,14.421,75.749
sample,double,concave-u,relationship,8,2,0,1024,103,12293800,0,0
sample,double,concave-u,relationship,8,2,1,1024,103,16036100,0,0
sample,double,concave-u,relationship,8,2,2,1024,103,11771200,0,0
sample,double,concave-u,relationship,8,2,3,1024,103,11893800,0,0
sample,double,concave-u,relationship,8,2,4,1024,103,11637200,0,0
summary,double,concave-u,relationship,11364.453,11615.039,15660.254
sample,double,concave-u,clipping,8,2,0,128,13,23393100,2129920,0
sample,double,concave-u,clipping,8,2,1,128,13,22982200,2129920,0
sample,double,concave-u,clipping,8,2,2,128,13,23279300,2129920,0
sample,double,concave-u,clipping,8,2,3,128,13,24458200,2129920,0
sample,double,concave-u,clipping,8,2,4,128,13,23327800,2129920,0
summary,double,concave-u,clipping,179548.438,182248.438,191079.688
sample,double,hole,relationship,8,2,0,1024,103,7778900,0,0
sample,double,hole,relationship,8,2,1,1024,103,16589500,0,0
sample,double,hole,relationship,8,2,2,1024,103,15912000,0,0
sample,double,hole,relationship,8,2,3,1024,103,15923200,0,0
sample,double,hole,relationship,8,2,4,1024,103,16077400,0,0
summary,double,hole,relationship,7596.582,15550.000,16200.684
sample,double,hole,clipping,8,2,0,128,13,19399200,2129920,0
sample,double,hole,clipping,8,2,1,128,13,19272000,2129920,0
sample,double,hole,clipping,8,2,2,128,13,19723000,2129920,0
sample,double,hole,clipping,8,2,3,128,13,22930300,2129920,0
sample,double,hole,clipping,8,2,4,128,13,15168400,2129920,0
summary,double,hole,clipping,118503.125,151556.250,179142.969
sample,double,hole-reversed,relationship,8,2,0,1024,103,11827600,0,0
sample,double,hole-reversed,relationship,8,2,1,1024,103,11822900,0,0
sample,double,hole-reversed,relationship,8,2,2,1024,103,11842000,0,0
sample,double,hole-reversed,relationship,8,2,3,1024,103,11590600,0,0
sample,double,hole-reversed,relationship,8,2,4,1024,103,17524100,0,0
summary,double,hole-reversed,relationship,11318.945,11550.391,17113.379
sample,double,hole-reversed,clipping,8,2,0,64,7,9823100,1064960,0
sample,double,hole-reversed,clipping,8,2,1,64,7,5901600,1064960,0
sample,double,hole-reversed,clipping,8,2,2,64,7,6045000,1064960,0
sample,double,hole-reversed,clipping,8,2,3,64,7,5654100,1064960,0
sample,double,hole-reversed,clipping,8,2,4,64,7,5628600,1064960,0
summary,double,hole-reversed,clipping,87946.875,92212.500,153485.938
sample,double,rational-crossing,relationship,3,1,0,4096,410,16716300,0,0
sample,double,rational-crossing,relationship,3,1,1,4096,410,16851500,0,0
sample,double,rational-crossing,relationship,3,1,2,4096,410,18537000,0,0
sample,double,rational-crossing,relationship,3,1,3,4096,410,15118300,0,0
sample,double,rational-crossing,relationship,3,1,4,4096,410,16702200,0,0
summary,double,rational-crossing,relationship,3690.991,4081.128,4525.635
sample,double,rational-crossing,clipping,3,1,0,256,26,18926300,3190784,0
sample,double,rational-crossing,clipping,3,1,1,256,26,21823600,3190784,0
sample,double,rational-crossing,clipping,3,1,2,256,26,17492800,3190784,0
sample,double,rational-crossing,clipping,3,1,3,256,26,21993100,3190784,0
sample,double,rational-crossing,clipping,3,1,4,256,26,17850300,3190784,0
summary,double,rational-crossing,clipping,68331.250,73930.859,85910.547
sample,double,sparse-1,relationship,4,1,0,2048,205,10595500,0,0
sample,double,sparse-1,relationship,4,1,1,2048,205,14304800,0,0
sample,double,sparse-1,relationship,4,1,2,2048,205,10247900,0,0
sample,double,sparse-1,relationship,4,1,3,2048,205,13679000,0,0
sample,double,sparse-1,relationship,4,1,4,2048,205,10401700,0,0
summary,double,sparse-1,relationship,5003.857,5173.584,6984.766
sample,double,sparse-1,clipping,4,1,0,256,26,18334200,3190784,0
sample,double,sparse-1,clipping,4,1,1,256,26,13748100,3190784,0
sample,double,sparse-1,clipping,4,1,2,256,26,14041800,3190784,0
sample,double,sparse-1,clipping,4,1,3,256,26,13901400,3190784,0
sample,double,sparse-1,clipping,4,1,4,256,26,15223500,3190784,0
summary,double,sparse-1,clipping,53703.516,54850.781,71617.969
sample,double,sparse-4,relationship,16,1,0,512,52,7256700,0,0
sample,double,sparse-4,relationship,16,1,1,512,52,10830400,0,0
sample,double,sparse-4,relationship,16,1,2,512,52,6701300,0,0
sample,double,sparse-4,relationship,16,1,3,512,52,11205600,0,0
sample,double,sparse-4,relationship,16,1,4,512,52,7534400,0,0
summary,double,sparse-4,relationship,13088.477,14715.625,21885.938
sample,double,sparse-4,clipping,16,1,0,128,13,6959700,1595392,0
sample,double,sparse-4,clipping,16,1,1,128,13,10436500,1595392,0
sample,double,sparse-4,clipping,16,1,2,128,13,15009200,1595392,0
sample,double,sparse-4,clipping,16,1,3,128,13,15401600,1595392,0
sample,double,sparse-4,clipping,16,1,4,128,13,15599800,1595392,0
summary,double,sparse-4,clipping,54372.656,117259.375,121873.438
sample,double,sparse-16,relationship,64,1,0,128,13,6633900,0,0
sample,double,sparse-16,relationship,64,1,1,128,13,10912400,0,0
sample,double,sparse-16,relationship,64,1,2,128,13,6646100,0,0
sample,double,sparse-16,relationship,64,1,3,128,13,11169900,0,0
sample,double,sparse-16,relationship,64,1,4,128,13,15017200,0,0
summary,double,sparse-16,relationship,51827.344,85253.125,117321.875
sample,double,sparse-16,clipping,64,1,0,64,7,10562900,797696,0
sample,double,sparse-16,clipping,64,1,1,64,7,6579400,797696,0
sample,double,sparse-16,clipping,64,1,2,64,7,10722500,797696,0
sample,double,sparse-16,clipping,64,1,3,64,7,15001000,797696,0
sample,double,sparse-16,clipping,64,1,4,64,7,14574600,797696,0
summary,double,sparse-16,clipping,102803.125,167539.062,234390.625
sample,double,sparse-64,relationship,256,1,0,32,4,10823400,0,0
sample,double,sparse-64,relationship,256,1,1,32,4,14904000,0,0
sample,double,sparse-64,relationship,256,1,2,32,4,11732100,0,0
sample,double,sparse-64,relationship,256,1,3,32,4,7077500,0,0
sample,double,sparse-64,relationship,256,1,4,32,4,10820000,0,0
summary,double,sparse-64,relationship,221171.875,338231.250,465750.000
sample,double,sparse-64,clipping,256,1,0,16,2,11017600,199424,0
sample,double,sparse-64,clipping,256,1,1,16,2,11416500,199424,0
sample,double,sparse-64,clipping,256,1,2,16,2,9251700,199424,0
sample,double,sparse-64,clipping,256,1,3,16,2,11120600,199424,0
sample,double,sparse-64,clipping,256,1,4,16,2,11516100,199424,0
summary,double,sparse-64,clipping,578231.250,695037.500,719756.250
sample,double,dense-1,relationship,4,1,0,2048,205,11357700,0,0
sample,double,dense-1,relationship,4,1,1,2048,205,12343200,0,0
sample,double,dense-1,relationship,4,1,2,2048,205,6483800,0,0
sample,double,dense-1,relationship,4,1,3,2048,205,14378900,0,0
sample,double,dense-1,relationship,4,1,4,2048,205,10344300,0,0
summary,double,dense-1,relationship,3165.918,5545.752,7020.947
sample,double,dense-1,clipping,4,1,0,256,26,18155900,3190784,0
sample,double,dense-1,clipping,4,1,1,256,26,19193600,3190784,0
sample,double,dense-1,clipping,4,1,2,256,26,14660900,3190784,0
sample,double,dense-1,clipping,4,1,3,256,26,18107900,3190784,0
sample,double,dense-1,clipping,4,1,4,256,26,18521500,3190784,0
summary,double,dense-1,clipping,57269.141,70921.484,74975.000
sample,double,dense-4,relationship,16,4,0,512,52,16824400,0,0
sample,double,dense-4,relationship,16,4,1,512,52,14288200,0,0
sample,double,dense-4,relationship,16,4,2,512,52,16572400,0,0
sample,double,dense-4,relationship,16,4,3,512,52,16229300,0,0
sample,double,dense-4,relationship,16,4,4,512,52,17293600,0,0
summary,double,dense-4,relationship,27906.641,32367.969,33776.562
sample,double,dense-4,clipping,16,4,0,32,4,10280900,799232,0
sample,double,dense-4,clipping,16,4,1,32,4,14090400,799232,0
sample,double,dense-4,clipping,16,4,2,32,4,10784100,799232,0
sample,double,dense-4,clipping,16,4,3,32,4,14352500,799232,0
sample,double,dense-4,clipping,16,4,4,32,4,11546400,799232,0
summary,double,dense-4,clipping,321278.125,360825.000,448515.625
sample,double,dense-16,relationship,64,16,0,64,7,4986400,0,0
sample,double,dense-16,relationship,64,16,1,64,7,10509900,0,0
sample,double,dense-16,relationship,64,16,2,64,7,8524200,0,0
sample,double,dense-16,relationship,64,16,3,64,7,8885800,0,0
sample,double,dense-16,relationship,64,16,4,64,7,11024200,0,0
summary,double,dense-16,relationship,77912.500,138840.625,172253.125
sample,double,dense-16,clipping,64,16,0,8,1,14188500,603008,0
sample,double,dense-16,clipping,64,16,1,8,1,7375800,603008,0
sample,double,dense-16,clipping,64,16,2,8,1,11294800,603008,0
sample,double,dense-16,clipping,64,16,3,8,1,15645200,603008,0
sample,double,dense-16,clipping,64,16,4,8,1,11274600,603008,0
summary,double,dense-16,clipping,921975.000,1411850.000,1955650.000
sample,double,dense-64,relationship,256,64,0,16,2,8647300,0,0
sample,double,dense-64,relationship,256,64,1,16,2,14124900,0,0
sample,double,dense-64,relationship,256,64,2,16,2,8590000,0,0
sample,double,dense-64,relationship,256,64,3,16,2,8676700,0,0
sample,double,dense-64,relationship,256,64,4,16,2,8558600,0,0
summary,double,dense-64,relationship,534912.500,540456.250,882806.250
sample,double,dense-64,clipping,256,64,0,2,1,16736100,571392,0
sample,double,dense-64,clipping,256,64,1,2,1,16428000,571392,0
sample,double,dense-64,clipping,256,64,2,2,1,12560100,571392,0
sample,double,dense-64,clipping,256,64,3,2,1,16206900,571392,0
sample,double,dense-64,clipping,256,64,4,2,1,16339700,571392,0
summary,double,dense-64,clipping,6280050.000,8169850.000,8368050.000
sample,double,subnormal,relationship,4,1,0,512,52,14077200,0,0
sample,double,subnormal,relationship,4,1,1,512,52,20268700,0,0
sample,double,subnormal,relationship,4,1,2,512,52,18949500,0,0
sample,double,subnormal,relationship,4,1,3,512,52,18185400,0,0
sample,double,subnormal,relationship,4,1,4,512,52,19162800,0,0
summary,double,subnormal,relationship,27494.531,37010.742,39587.305
sample,double,subnormal,clipping,4,1,0,128,13,15480700,1595392,0
sample,double,subnormal,clipping,4,1,1,128,13,18477100,1595392,0
sample,double,subnormal,clipping,4,1,2,128,13,13982300,1595392,0
sample,double,subnormal,clipping,4,1,3,128,13,13340000,1595392,0
sample,double,subnormal,clipping,4,1,4,128,13,13586100,1595392,0
summary,double,subnormal,clipping,104218.750,109236.719,144352.344
sample,double,large-finite,relationship,4,1,0,512,52,14270400,0,0
sample,double,large-finite,relationship,4,1,1,512,52,18034300,0,0
sample,double,large-finite,relationship,4,1,2,512,52,18894900,0,0
sample,double,large-finite,relationship,4,1,3,512,52,17845100,0,0
sample,double,large-finite,relationship,4,1,4,512,52,23384000,0,0
summary,double,large-finite,relationship,27871.875,35223.242,45671.875
sample,double,large-finite,clipping,4,1,0,128,13,18658600,1595392,0
sample,double,large-finite,clipping,4,1,1,128,13,18096900,1595392,0
sample,double,large-finite,clipping,4,1,2,128,13,22398700,1595392,0
sample,double,large-finite,clipping,4,1,3,128,13,18514100,1595392,0
sample,double,large-finite,clipping,4,1,4,128,13,21988400,1595392,0
summary,double,large-finite,clipping,141382.031,145770.312,174989.844
sink,7026943502681814829
