fixture_header,scalar,case,edges,expected_fact_bits,expected_status,expected_components
sample_header,scalar,case,operation,edges,expected_components,round,iterations,warmup,elapsed_ns,gc_bytes,gc_collections
summary_header,scalar,case,operation,min_ns_per_op,median_ns_per_op,max_ns_per_op
fixture,int,exterior,4,1,success,0
fixture,int,interior,4,4,success,1
fixture,int,crossing,4,7,success,1
fixture,int,boundary-only,4,10,success,1
fixture,int,boundary-overlap,4,11,success,1
fixture,int,isolated-tangent,4,3,success,0
fixture,int,degenerate-interior,4,4,success,0
fixture,int,degenerate-boundary,4,2,success,0
fixture,int,empty,0,1,success,0
fixture,int,concave-u,8,7,success,2
fixture,int,hole,8,7,success,2
fixture,int,hole-reversed,8,7,success,2
fixture,int,rational-crossing,3,7,success,1
fixture,int,sparse-1,4,7,success,1
fixture,int,sparse-4,16,7,success,1
fixture,int,sparse-16,64,7,success,1
fixture,int,sparse-64,256,7,success,1
fixture,int,dense-1,4,7,success,1
fixture,int,dense-4,16,7,success,4
fixture,int,dense-16,64,7,success,16
fixture,int,dense-64,256,7,success,64
fixture,int,wide-integral,4,7,success,1
preflight,int,22,PASS
sample,int,exterior,relationship,4,0,0,8192,820,11218700,0,0
sample,int,exterior,relationship,4,0,1,8192,820,7728500,0,0
sample,int,exterior,relationship,4,0,2,8192,820,7140200,0,0
summary,int,exterior,relationship,871.606,943.420,1369.470
sample,int,exterior,clipping,4,0,0,2048,205,6596100,16973824,4
sample,int,exterior,clipping,4,0,1,2048,205,6116000,16973824,4
sample,int,exterior,clipping,4,0,2,2048,205,6162900,16973824,4
summary,int,exterior,clipping,2986.328,3009.229,3220.752
sample,int,interior,relationship,4,1,0,8192,820,7630000,0,0
sample,int,interior,relationship,4,1,1,8192,820,8751700,0,0
sample,int,interior,relationship,4,1,2,8192,820,7690800,0,0
summary,int,interior,relationship,931.396,938.818,1068.323
sample,int,interior,clipping,4,1,0,1024,103,9398200,8536064,2
sample,int,interior,clipping,4,1,1,1024,103,7936300,8536064,2
sample,int,interior,clipping,4,1,2,1024,103,7535900,8536064,2
summary,int,interior,clipping,7359.277,7750.293,9177.930
sample,int,crossing,relationship,4,1,0,8192,820,7600500,0,0
sample,int,crossing,relationship,4,1,1,8192,820,10935500,0,0
sample,int,crossing,relationship,4,1,2,8192,820,7817500,0,0
summary,int,crossing,relationship,927.795,954.285,1334.900
sample,int,crossing,clipping,4,1,0,256,26,4939000,4239360,1
sample,int,crossing,clipping,4,1,1,256,26,6257900,4239360,1
sample,int,crossing,clipping,4,1,2,256,26,6209200,4239360,1
summary,int,crossing,clipping,19292.969,24254.688,24444.922
sample,int,boundary-only,relationship,4,1,0,8192,820,8220200,0,0
sample,int,boundary-only,relationship,4,1,1,8192,820,11228000,0,0
sample,int,boundary-only,relationship,4,1,2,8192,820,8642400,0,0
summary,int,boundary-only,relationship,1003.442,1054.980,1370.605
sample,int,boundary-only,clipping,4,1,0,512,52,8867500,10559488,2
sample,int,boundary-only,clipping,4,1,1,512,52,7686100,10559488,2
sample,int,boundary-only,clipping,4,1,2,512,52,7584300,10559488,2
summary,int,boundary-only,clipping,14813.086,15011.914,17319.336
sample,int,boundary-overlap,relationship,4,1,0,4096,410,7041200,0,0
sample,int,boundary-overlap,relationship,4,1,1,4096,410,5879000,0,0
sample,int,boundary-overlap,relationship,4,1,2,4096,410,5281600,0,0
summary,int,boundary-overlap,relationship,1289.453,1435.303,1719.043
sample,int,boundary-overlap,clipping,4,1,0,512,52,7362900,10575872,2
sample,int,boundary-overlap,clipping,4,1,1,512,52,7169000,10575872,2
sample,int,boundary-overlap,clipping,4,1,2,512,52,7631600,10575872,2
summary,int,boundary-overlap,clipping,14001.953,14380.664,14905.469
sample,int,isolated-tangent,relationship,4,0,0,8192,820,11851300,0,0
sample,int,isolated-tangent,relationship,4,0,1,8192,820,9749300,0,0
sample,int,isolated-tangent,relationship,4,0,2,8192,820,10036800,0,0
summary,int,isolated-tangent,relationship,1190.100,1225.195,1446.692
sample,int,isolated-tangent,clipping,4,0,0,1024,103,7081600,16875520,4
sample,int,isolated-tangent,clipping,4,0,1,1024,103,8115700,16875520,4
sample,int,isolated-tangent,clipping,4,0,2,1024,103,9683200,16875520,4
summary,int,isolated-tangent,clipping,6915.625,7925.488,9456.250
sample,int,degenerate-interior,relationship,4,0,0,65536,6554,1854800,0,0
sample,int,degenerate-interior,relationship,4,0,1,65536,6554,1704100,0,0
sample,int,degenerate-interior,relationship,4,0,2,65536,6554,1770300,0,0
summary,int,degenerate-interior,relationship,26.003,27.013,28.302
sample,int,degenerate-interior,clipping,4,0,0,65536,6554,281300,0,0
sample,int,degenerate-interior,clipping,4,0,1,65536,6554,218900,0,0
sample,int,degenerate-interior,clipping,4,0,2,65536,6554,262500,0,0
summary,int,degenerate-interior,clipping,3.340,4.005,4.292
sample,int,degenerate-boundary,relationship,4,0,0,65536,6554,3028900,0,0
sample,int,degenerate-boundary,relationship,4,0,1,65536,6554,1975700,0,0
sample,int,degenerate-boundary,relationship,4,0,2,65536,6554,2093900,0,0
summary,int,degenerate-boundary,relationship,30.147,31.950,46.217
sample,int,degenerate-boundary,clipping,4,0,0,65536,6554,262500,0,0
sample,int,degenerate-boundary,clipping,4,0,1,65536,6554,340600,0,0
sample,int,degenerate-boundary,clipping,4,0,2,65536,6554,292700,0,0
summary,int,degenerate-boundary,clipping,4.005,4.466,5.197
sample,int,empty,relationship,0,0,0,65536,6554,350500,0,0
sample,int,empty,relationship,0,0,1,65536,6554,322800,0,0
sample,int,empty,relationship,0,0,2,65536,6554,293500,0,0
summary,int,empty,relationship,4.478,4.926,5.348
sample,int,empty,clipping,0,0,0,65536,6554,262500,0,0
sample,int,empty,clipping,0,0,1,65536,6554,218900,0,0
sample,int,empty,clipping,0,0,2,65536,6554,284200,0,0
summary,int,empty,clipping,3.340,4.005,4.337
sample,int,concave-u,relationship,8,2,0,4096,410,11687500,0,0
sample,int,concave-u,relationship,8,2,1,4096,410,10419600,0,0
sample,int,concave-u,relationship,8,2,2,4096,410,9475500,0,0
summary,int,concave-u,relationship,2313.354,2543.848,2853.394
sample,int,concave-u,clipping,8,2,0,128,13,5518000,3178496,0
sample,int,concave-u,clipping,8,2,1,128,13,5405100,3178496,0
sample,int,concave-u,clipping,8,2,2,128,13,5403000,3178496,0
summary,int,concave-u,clipping,42210.938,42227.344,43109.375
sample,int,hole,relationship,8,2,0,2048,205,5081200,0,0
sample,int,hole,relationship,8,2,1,2048,205,4852600,0,0
sample,int,hole,relationship,8,2,2,2048,205,5356400,0,0
summary,int,hole,relationship,2369.434,2481.055,2615.430
sample,int,hole,clipping,8,2,0,128,13,5544300,3178496,0
sample,int,hole,clipping,8,2,1,128,13,5139500,3178496,0
sample,int,hole,clipping,8,2,2,128,13,5635800,3178496,0
summary,int,hole,clipping,40152.344,43314.844,44029.688
sample,int,hole-reversed,relationship,8,2,0,4096,410,10323300,0,0
sample,int,hole-reversed,relationship,8,2,1,4096,410,10159500,0,0
sample,int,hole-reversed,relationship,8,2,2,4096,410,10232400,0,0
summary,int,hole-reversed,relationship,2480.347,2498.145,2520.337
sample,int,hole-reversed,clipping,8,2,0,128,13,5967500,3178496,0
sample,int,hole-reversed,clipping,8,2,1,128,13,6796400,3178496,0
sample,int,hole-reversed,clipping,8,2,2,128,13,7173400,3178496,0
summary,int,hole-reversed,clipping,46621.094,53096.875,56042.188
sample,int,rational-crossing,relationship,3,1,0,8192,820,6797900,0,0
sample,int,rational-crossing,relationship,3,1,1,8192,820,4772300,0,0
sample,int,rational-crossing,relationship,3,1,2,8192,820,4636000,0,0
summary,int,rational-crossing,relationship,565.918,582.556,829.822
sample,int,rational-crossing,clipping,3,1,0,512,52,10762600,8478720,2
sample,int,rational-crossing,clipping,3,1,1,512,52,12102200,8478720,2
sample,int,rational-crossing,clipping,3,1,2,512,52,10124200,8478720,2
summary,int,rational-crossing,clipping,19773.828,21020.703,23637.109
sample,int,sparse-1,relationship,4,1,0,8192,820,6576700,0,0
sample,int,sparse-1,relationship,4,1,1,8192,820,6756500,0,0
sample,int,sparse-1,relationship,4,1,2,8192,820,6893400,0,0
summary,int,sparse-1,relationship,802.820,824.768,841.479
sample,int,sparse-1,clipping,4,1,0,512,52,12659400,8478720,2
sample,int,sparse-1,clipping,4,1,1,512,52,10467600,8478720,2
sample,int,sparse-1,clipping,4,1,2,512,52,19077500,8478720,2
summary,int,sparse-1,clipping,20444.531,24725.391,37260.742
sample,int,sparse-4,relationship,16,1,0,2048,205,7962300,0,0
sample,int,sparse-4,relationship,16,1,1,2048,205,8353800,0,0
sample,int,sparse-4,relationship,16,1,2,2048,205,14875300,0,0
summary,int,sparse-4,relationship,3887.842,4079.004,7263.330
sample,int,sparse-4,clipping,16,1,0,256,26,10539000,4239360,1
sample,int,sparse-4,clipping,16,1,1,256,26,10106600,4239360,1
sample,int,sparse-4,clipping,16,1,2,256,26,9124700,4239360,1
summary,int,sparse-4,clipping,35643.359,39478.906,41167.969
sample,int,sparse-16,relationship,64,1,0,512,52,8226000,0,0
sample,int,sparse-16,relationship,64,1,1,512,52,8449300,0,0
sample,int,sparse-16,relationship,64,1,2,512,52,8621100,0,0
summary,int,sparse-16,relationship,16066.406,16502.539,16838.086
sample,int,sparse-16,clipping,64,1,0,128,13,9610400,2119680,0
sample,int,sparse-16,clipping,64,1,1,128,13,5197700,2119680,0
sample,int,sparse-16,clipping,64,1,2,128,13,5744900,2119680,0
summary,int,sparse-16,clipping,40607.031,44882.031,75081.250
sample,int,sparse-64,relationship,256,1,0,128,13,10139900,0,0
sample,int,sparse-64,relationship,256,1,1,128,13,8678700,0,0
sample,int,sparse-64,relationship,256,1,2,128,13,8043900,0,0
summary,int,sparse-64,relationship,62842.969,67802.344,79217.969
sample,int,sparse-64,clipping,256,1,0,32,4,3464900,529920,0
sample,int,sparse-64,clipping,256,1,1,32,4,3540900,529920,0
sample,int,sparse-64,clipping,256,1,2,32,4,3195800,529920,0
summary,int,sparse-64,clipping,99868.750,108278.125,110653.125
sample,int,dense-1,relationship,4,1,0,8192,820,10306000,0,0
sample,int,dense-1,relationship,4,1,1,8192,820,9011100,0,0
sample,int,dense-1,relationship,4,1,2,8192,820,7300200,0,0
summary,int,dense-1,relationship,891.138,1099.988,1258.057
sample,int,dense-1,clipping,4,1,0,256,26,6845900,4239360,1
sample,int,dense-1,clipping,4,1,1,256,26,5742200,4239360,1
sample,int,dense-1,clipping,4,1,2,256,26,5425200,4239360,1
summary,int,dense-1,clipping,21192.188,22430.469,26741.797
sample,int,dense-4,relationship,16,4,0,1024,103,6189900,0,0
sample,int,dense-4,relationship,16,4,1,1024,103,8908500,0,0
sample,int,dense-4,relationship,16,4,2,1024,103,5430100,0,0
summary,int,dense-4,relationship,5302.832,6044.824,8699.707
sample,int,dense-4,clipping,16,4,0,64,7,5754300,2647040,0
sample,int,dense-4,clipping,16,4,1,64,7,6419700,2647040,0
sample,int,dense-4,clipping,16,4,2,64,7,6255000,2647040,0
summary,int,dense-4,clipping,89910.938,97734.375,100307.812
sample,int,dense-16,relationship,64,16,0,256,26,7552000,0,0
sample,int,dense-16,relationship,64,16,1,256,26,8871800,0,0
sample,int,dense-16,relationship,64,16,2,256,26,11012400,0,0
summary,int,dense-16,relationship,29500.000,34655.469,43017.188
sample,int,dense-16,clipping,64,16,0,8,1,4594900,1160064,0
sample,int,dense-16,clipping,64,16,1,8,1,3520500,1160064,0
sample,int,dense-16,clipping,64,16,2,8,1,3721800,1160064,0
summary,int,dense-16,clipping,440062.500,465225.000,574362.500
sample,int,dense-64,relationship,256,64,0,64,7,6048700,0,0
sample,int,dense-64,relationship,256,64,1,64,7,5759600,0,0
sample,int,dense-64,relationship,256,64,2,64,7,5917400,0,0
summary,int,dense-64,relationship,89993.750,92459.375,94510.938
sample,int,dense-64,clipping,256,64,0,4,1,8462900,2224128,0
sample,int,dense-64,clipping,256,64,1,4,1,9823200,2224128,0
sample,int,dense-64,clipping,256,64,2,4,1,8584200,2224128,0
summary,int,dense-64,clipping,2115725.000,2146050.000,2455800.000
sample,int,wide-integral,relationship,4,1,0,8192,820,7076900,0,0
sample,int,wide-integral,relationship,4,1,1,8192,820,6647600,0,0
sample,int,wide-integral,relationship,4,1,2,8192,820,7663200,0,0
summary,int,wide-integral,relationship,811.475,863.879,935.449
sample,int,wide-integral,clipping,4,1,0,256,26,7777500,4239360,1
sample,int,wide-integral,clipping,4,1,1,256,26,6587400,4239360,1
sample,int,wide-integral,clipping,4,1,2,256,26,4753900,4239360,1
summary,int,wide-integral,clipping,18569.922,25732.031,30380.859
fixture,long,exterior,4,1,success,0
fixture,long,interior,4,4,success,1
fixture,long,crossing,4,7,success,1
fixture,long,boundary-only,4,10,success,1
fixture,long,boundary-overlap,4,11,success,1
fixture,long,isolated-tangent,4,3,success,0
fixture,long,degenerate-interior,4,4,success,0
fixture,long,degenerate-boundary,4,2,success,0
fixture,long,empty,0,1,success,0
fixture,long,concave-u,8,7,success,2
fixture,long,hole,8,7,success,2
fixture,long,hole-reversed,8,7,success,2
fixture,long,rational-crossing,3,7,success,1
fixture,long,sparse-1,4,7,success,1
fixture,long,sparse-4,16,7,success,1
fixture,long,sparse-16,64,7,success,1
fixture,long,sparse-64,256,7,success,1
fixture,long,dense-1,4,7,success,1
fixture,long,dense-4,16,7,success,4
fixture,long,dense-16,64,7,success,16
fixture,long,dense-64,256,7,success,64
fixture,long,wide-integral,4,7,success,1
fixture,long,endpoint-collapse,4,6,unrepresentableConstruction,0
fixture,long,gap-collapse,8,7,unrepresentableConstruction,0
preflight,long,24,PASS
sample,long,exterior,relationship,4,0,0,8192,820,8387700,0,0
sample,long,exterior,relationship,4,0,1,8192,820,8172700,0,0
sample,long,exterior,relationship,4,0,2,8192,820,9027400,0,0
summary,long,exterior,relationship,997.644,1023.889,1101.978
sample,long,exterior,clipping,4,0,0,2048,205,7464300,16973824,4
sample,long,exterior,clipping,4,0,1,2048,205,8633500,16973824,4
sample,long,exterior,clipping,4,0,2,2048,205,12657200,16973824,4
summary,long,exterior,clipping,3644.678,4215.576,6180.273
sample,long,interior,relationship,4,1,0,8192,820,8847400,0,0
sample,long,interior,relationship,4,1,1,8192,820,9105100,0,0
sample,long,interior,relationship,4,1,2,8192,820,8846800,0,0
summary,long,interior,relationship,1079.932,1080.005,1111.462
sample,long,interior,clipping,4,1,0,1024,103,8757500,8536064,2
sample,long,interior,clipping,4,1,1,1024,103,9874500,8536064,2
sample,long,interior,clipping,4,1,2,1024,103,8488000,8536064,2
summary,long,interior,clipping,8289.062,8552.246,9643.066
sample,long,crossing,relationship,4,1,0,8192,820,9788700,0,0
sample,long,crossing,relationship,4,1,1,8192,820,10233400,0,0
sample,long,crossing,relationship,4,1,2,8192,820,10602800,0,0
summary,long,crossing,relationship,1194.910,1249.194,1294.287
sample,long,crossing,clipping,4,1,0,256,26,4685700,4239360,1
sample,long,crossing,clipping,4,1,1,256,26,4619500,4239360,1
sample,long,crossing,clipping,4,1,2,256,26,4553800,4239360,1
summary,long,crossing,clipping,17788.281,18044.922,18303.516
sample,long,boundary-only,relationship,4,1,0,4096,410,5422000,0,0
sample,long,boundary-only,relationship,4,1,1,4096,410,5704900,0,0
sample,long,boundary-only,relationship,4,1,2,4096,410,5897900,0,0
summary,long,boundary-only,relationship,1323.730,1392.798,1439.917
sample,long,boundary-only,clipping,4,1,0,256,26,6846200,5279744,1
sample,long,boundary-only,clipping,4,1,1,256,26,5038800,5279744,1
sample,long,boundary-only,clipping,4,1,2,256,26,4124800,5279744,1
summary,long,boundary-only,clipping,16112.500,19682.812,26742.969
sample,long,boundary-overlap,relationship,4,1,0,4096,410,6546400,0,0
sample,long,boundary-overlap,relationship,4,1,1,4096,410,6485200,0,0
sample,long,boundary-overlap,relationship,4,1,2,4096,410,6520900,0,0
summary,long,boundary-overlap,relationship,1583.301,1592.017,1598.242
sample,long,boundary-overlap,clipping,4,1,0,512,52,7688400,10575872,2
sample,long,boundary-overlap,clipping,4,1,1,512,52,7821900,10575872,2
sample,long,boundary-overlap,clipping,4,1,2,512,52,8632900,10575872,2
summary,long,boundary-overlap,clipping,15016.406,15277.148,16861.133
sample,long,isolated-tangent,relationship,4,0,0,4096,410,6566400,0,0
sample,long,isolated-tangent,relationship,4,0,1,4096,410,9604700,0,0
sample,long,isolated-tangent,relationship,4,0,2,4096,410,7544400,0,0
summary,long,isolated-tangent,relationship,1603.125,1841.895,2344.897
sample,long,isolated-tangent,clipping,4,0,0,1024,103,7843000,16875520,4
sample,long,isolated-tangent,clipping,4,0,1,1024,103,7963800,16875520,4
sample,long,isolated-tangent,clipping,4,0,2,1024,103,9821000,16875520,4
summary,long,isolated-tangent,clipping,7659.180,7777.148,9590.820
sample,long,degenerate-interior,relationship,4,0,0,65536,6554,3856900,0,0
sample,long,degenerate-interior,relationship,4,0,1,65536,6554,3867900,0,0
sample,long,degenerate-interior,relationship,4,0,2,65536,6554,2389600,0,0
summary,long,degenerate-interior,relationship,36.462,58.852,59.019
sample,long,degenerate-interior,clipping,4,0,0,65536,6554,271600,0,0
sample,long,degenerate-interior,clipping,4,0,1,65536,6554,312100,0,0
sample,long,degenerate-interior,clipping,4,0,2,65536,6554,288100,0,0
summary,long,degenerate-interior,clipping,4.144,4.396,4.762
sample,long,degenerate-boundary,relationship,4,0,0,65536,6554,2453200,0,0
sample,long,degenerate-boundary,relationship,4,0,1,65536,6554,3045300,0,0
sample,long,degenerate-boundary,relationship,4,0,2,65536,6554,6622100,0,0
summary,long,degenerate-boundary,relationship,37.433,46.468,101.045
sample,long,degenerate-boundary,clipping,4,0,0,65536,6554,275700,0,0
sample,long,degenerate-boundary,clipping,4,0,1,65536,6554,2377800,0,0
sample,long,degenerate-boundary,clipping,4,0,2,65536,6554,397200,0,0
summary,long,degenerate-boundary,clipping,4.207,6.061,36.282
sample,long,empty,relationship,0,0,0,65536,6554,1396900,0,0
sample,long,empty,relationship,0,0,1,65536,6554,1457500,0,0
sample,long,empty,relationship,0,0,2,65536,6554,1260700,0,0
summary,long,empty,relationship,19.237,21.315,22.240
sample,long,empty,clipping,0,0,0,65536,6554,298600,0,0
sample,long,empty,clipping,0,0,1,65536,6554,259400,0,0
sample,long,empty,clipping,0,0,2,65536,6554,271600,0,0
summary,long,empty,clipping,3.958,4.144,4.556
sample,long,concave-u,relationship,8,2,0,2048,205,6009100,0,0
sample,long,concave-u,relationship,8,2,1,2048,205,5701000,0,0
sample,long,concave-u,relationship,8,2,2,2048,205,5654200,0,0
summary,long,concave-u,relationship,2760.840,2783.691,2934.131
sample,long,concave-u,clipping,8,2,0,128,13,5658200,3178496,0
sample,long,concave-u,clipping,8,2,1,128,13,6028200,3178496,0
sample,long,concave-u,clipping,8,2,2,128,13,5645400,3178496,0
summary,long,concave-u,clipping,44104.688,44204.688,47095.312
sample,long,hole,relationship,8,2,0,2048,205,5904900,0,0
sample,long,hole,relationship,8,2,1,2048,205,6763100,0,0
sample,long,hole,relationship,8,2,2,2048,205,7804600,0,0
summary,long,hole,relationship,2883.252,3302.295,3810.840
sample,long,hole,clipping,8,2,0,128,13,5384400,3178496,0
sample,long,hole,clipping,8,2,1,128,13,5507500,3178496,0
sample,long,hole,clipping,8,2,2,128,13,5262400,3178496,0
summary,long,hole,clipping,41112.500,42065.625,43027.344
sample,long,hole-reversed,relationship,8,2,0,2048,205,6274100,0,0
sample,long,hole-reversed,relationship,8,2,1,2048,205,5489800,0,0
sample,long,hole-reversed,relationship,8,2,2,2048,205,5941000,0,0
summary,long,hole-reversed,relationship,2680.566,2900.879,3063.525
sample,long,hole-reversed,clipping,8,2,0,128,13,5239100,3178496,0
sample,long,hole-reversed,clipping,8,2,1,128,13,5556400,3178496,0
sample,long,hole-reversed,clipping,8,2,2,128,13,7829000,3178496,0
summary,long,hole-reversed,clipping,40930.469,43409.375,61164.062
sample,long,rational-crossing,relationship,3,1,0,8192,820,8714500,0,0
sample,long,rational-crossing,relationship,3,1,1,8192,820,6877300,0,0
sample,long,rational-crossing,relationship,3,1,2,8192,820,6371900,0,0
summary,long,rational-crossing,relationship,777.820,839.514,1063.782
sample,long,rational-crossing,clipping,3,1,0,512,52,9515700,8478720,2
sample,long,rational-crossing,clipping,3,1,1,512,52,10669100,8478720,2
sample,long,rational-crossing,clipping,3,1,2,512,52,13744100,8478720,2
summary,long,rational-crossing,clipping,18585.352,20838.086,26843.945
sample,long,sparse-1,relationship,4,1,0,4096,410,4297500,0,0
sample,long,sparse-1,relationship,4,1,1,4096,410,4724600,0,0
sample,long,sparse-1,relationship,4,1,2,4096,410,4942500,0,0
summary,long,sparse-1,relationship,1049.194,1153.467,1206.665
sample,long,sparse-1,clipping,4,1,0,256,26,6037400,4239360,1
sample,long,sparse-1,clipping,4,1,1,256,26,6860500,4239360,1
sample,long,sparse-1,clipping,4,1,2,256,26,5163000,4239360,1
summary,long,sparse-1,clipping,20167.969,23583.594,26798.828
sample,long,sparse-4,relationship,16,1,0,1024,103,5530600,0,0
sample,long,sparse-4,relationship,16,1,1,1024,103,4726200,0,0
sample,long,sparse-4,relationship,16,1,2,1024,103,4835100,0,0
summary,long,sparse-4,relationship,4615.430,4721.777,5400.977
sample,long,sparse-4,clipping,16,1,0,256,26,7957400,4239360,1
sample,long,sparse-4,clipping,16,1,1,256,26,6980200,4239360,1
sample,long,sparse-4,clipping,16,1,2,256,26,6268500,4239360,1
summary,long,sparse-4,clipping,24486.328,27266.406,31083.594
sample,long,sparse-16,relationship,64,1,0,512,52,9589800,0,0
sample,long,sparse-16,relationship,64,1,1,512,52,10917400,0,0
sample,long,sparse-16,relationship,64,1,2,512,52,10128900,0,0
summary,long,sparse-16,relationship,18730.078,19783.008,21323.047
sample,long,sparse-16,clipping,64,1,0,128,13,5589600,2119680,0
sample,long,sparse-16,clipping,64,1,1,128,13,5611600,2119680,0
sample,long,sparse-16,clipping,64,1,2,128,13,6083100,2119680,0
summary,long,sparse-16,clipping,43668.750,43840.625,47524.219
sample,long,sparse-64,relationship,256,1,0,64,7,5466000,0,0
sample,long,sparse-64,relationship,256,1,1,64,7,4789700,0,0
sample,long,sparse-64,relationship,256,1,2,64,7,4912700,0,0
summary,long,sparse-64,relationship,74839.062,76760.938,85406.250
sample,long,sparse-64,clipping,256,1,0,64,7,7696500,1059840,0
sample,long,sparse-64,clipping,256,1,1,64,7,7632500,1059840,0
sample,long,sparse-64,clipping,256,1,2,64,7,8014600,1059840,0
summary,long,sparse-64,clipping,119257.812,120257.812,125228.125
sample,long,dense-1,relationship,4,1,0,8192,820,9080400,0,0
sample,long,dense-1,relationship,4,1,1,8192,820,10320100,0,0
sample,long,dense-1,relationship,4,1,2,8192,820,9236300,0,0
summary,long,dense-1,relationship,1108.447,1127.478,1259.778
sample,long,dense-1,clipping,4,1,0,256,26,6836900,4239360,1
sample,long,dense-1,clipping,4,1,1,256,26,5404500,4239360,1
sample,long,dense-1,clipping,4,1,2,256,26,4918500,4239360,1
summary,long,dense-1,clipping,19212.891,21111.328,26706.641
sample,long,dense-4,relationship,16,4,0,1024,103,6376500,0,0
sample,long,dense-4,relationship,16,4,1,1024,103,6639800,0,0
sample,long,dense-4,relationship,16,4,2,1024,103,5895300,0,0
summary,long,dense-4,relationship,5757.129,6227.051,6484.180
sample,long,dense-4,clipping,16,4,0,64,7,7310100,2647040,0
sample,long,dense-4,clipping,16,4,1,64,7,9597300,2647040,0
sample,long,dense-4,clipping,16,4,2,64,7,8537500,2647040,0
summary,long,dense-4,clipping,114220.312,133398.438,149957.812
sample,long,dense-16,relationship,64,16,0,256,26,6427500,0,0
sample,long,dense-16,relationship,64,16,1,256,26,6305800,0,0
sample,long,dense-16,relationship,64,16,2,256,26,6329600,0,0
summary,long,dense-16,relationship,24632.031,24725.000,25107.422
sample,long,dense-16,clipping,64,16,0,16,2,6772100,2320128,0
sample,long,dense-16,clipping,64,16,1,16,2,7470900,2320128,0
sample,long,dense-16,clipping,64,16,2,16,2,6855400,2320128,0
summary,long,dense-16,clipping,423256.250,428462.500,466931.250
sample,long,dense-64,relationship,256,64,0,64,7,6953200,0,0
sample,long,dense-64,relationship,256,64,1,64,7,7154200,0,0
sample,long,dense-64,relationship,256,64,2,64,7,6489700,0,0
summary,long,dense-64,relationship,101401.562,108643.750,111784.375
sample,long,dense-64,clipping,256,64,0,4,1,8194100,2224128,0
sample,long,dense-64,clipping,256,64,1,4,1,7935500,2224128,0
sample,long,dense-64,clipping,256,64,2,4,1,8240800,2224128,0
summary,long,dense-64,clipping,1983875.000,2048525.000,2060200.000
sample,long,wide-integral,relationship,4,1,0,8192,820,9499300,0,0
sample,long,wide-integral,relationship,4,1,1,8192,820,13742300,0,0
sample,long,wide-integral,relationship,4,1,2,8192,820,12692500,0,0
summary,long,wide-integral,relationship,1159.583,1549.377,1677.527
sample,long,wide-integral,clipping,4,1,0,256,26,5894900,4239360,1
sample,long,wide-integral,clipping,4,1,1,256,26,6466900,4239360,1
sample,long,wide-integral,clipping,4,1,2,256,26,6362200,4239360,1
summary,long,wide-integral,clipping,23026.953,24852.344,25261.328
sample,long,endpoint-collapse,relationship,4,0,0,4096,410,12612500,0,0
sample,long,endpoint-collapse,relationship,4,0,1,4096,410,7132100,0,0
sample,long,endpoint-collapse,relationship,4,0,2,4096,410,10198300,0,0
summary,long,endpoint-collapse,relationship,1741.235,2489.819,3079.224
sample,long,endpoint-collapse,clipping,4,0,0,256,26,4390700,4231168,1
sample,long,endpoint-collapse,clipping,4,0,1,256,26,6174300,4231168,1
sample,long,endpoint-collapse,clipping,4,0,2,256,26,5540900,4231168,1
summary,long,endpoint-collapse,clipping,17151.172,21644.141,24118.359
sample,long,gap-collapse,relationship,8,0,0,2048,205,9918100,0,0
sample,long,gap-collapse,relationship,8,0,1,2048,205,6371800,0,0
sample,long,gap-collapse,relationship,8,0,2,2048,205,6833300,0,0
summary,long,gap-collapse,relationship,3111.230,3336.572,4842.822
sample,long,gap-collapse,clipping,8,0,0,128,13,5757700,3174400,0
sample,long,gap-collapse,clipping,8,0,1,128,13,5446400,3174400,0
sample,long,gap-collapse,clipping,8,0,2,128,13,5618100,3174400,0
summary,long,gap-collapse,clipping,42550.000,43891.406,44982.031
fixture,float,exterior,4,1,success,0
fixture,float,interior,4,4,success,1
fixture,float,crossing,4,7,success,1
fixture,float,boundary-only,4,10,success,1
fixture,float,boundary-overlap,4,11,success,1
fixture,float,isolated-tangent,4,3,success,0
fixture,float,degenerate-interior,4,4,success,0
fixture,float,degenerate-boundary,4,2,success,0
fixture,float,empty,0,1,success,0
fixture,float,concave-u,8,7,success,2
fixture,float,hole,8,7,success,2
fixture,float,hole-reversed,8,7,success,2
fixture,float,rational-crossing,3,7,success,1
fixture,float,sparse-1,4,7,success,1
fixture,float,sparse-4,16,7,success,1
fixture,float,sparse-16,64,7,success,1
fixture,float,sparse-64,256,7,success,1
fixture,float,dense-1,4,7,success,1
fixture,float,dense-4,16,7,success,4
fixture,float,dense-16,64,7,success,16
fixture,float,dense-64,256,7,success,64
fixture,float,subnormal,4,7,success,1
fixture,float,large-finite,4,7,success,1
preflight,float,23,PASS
sample,float,exterior,relationship,4,0,0,4096,410,5049400,0,0
sample,float,exterior,relationship,4,0,1,4096,410,5341200,0,0
sample,float,exterior,relationship,4,0,2,4096,410,4972000,0,0
summary,float,exterior,relationship,1213.867,1232.764,1304.004
sample,float,exterior,clipping,4,0,0,2048,205,9839700,16973824,4
sample,float,exterior,clipping,4,0,1,2048,205,11818500,16973824,4
sample,float,exterior,clipping,4,0,2,2048,205,9993300,16973824,4
summary,float,exterior,clipping,4804.541,4879.541,5770.752
sample,float,interior,relationship,4,1,0,4096,410,7701600,0,0
sample,float,interior,relationship,4,1,1,4096,410,5362400,0,0
sample,float,interior,relationship,4,1,2,4096,410,5113500,0,0
summary,float,interior,relationship,1248.413,1309.180,1880.273
sample,float,interior,clipping,4,1,0,512,52,4696200,4268032,1
sample,float,interior,clipping,4,1,1,512,52,4944700,4268032,1
sample,float,interior,clipping,4,1,2,512,52,4495000,4268032,1
summary,float,interior,clipping,8779.297,9172.266,9657.617
sample,float,crossing,relationship,4,1,0,8192,820,9932700,0,0
sample,float,crossing,relationship,4,1,1,8192,820,10723400,0,0
sample,float,crossing,relationship,4,1,2,8192,820,9798200,0,0
summary,float,crossing,relationship,1196.069,1212.488,1309.009
sample,float,crossing,clipping,4,1,0,256,26,5859000,4239360,1
sample,float,crossing,clipping,4,1,1,256,26,5709300,4239360,1
sample,float,crossing,clipping,4,1,2,256,26,5491500,4239360,1
summary,float,crossing,clipping,21451.172,22301.953,22886.719
sample,float,boundary-only,relationship,4,1,0,4096,410,6385200,0,0
sample,float,boundary-only,relationship,4,1,1,4096,410,8507600,0,0
sample,float,boundary-only,relationship,4,1,2,4096,410,8849800,0,0
summary,float,boundary-only,relationship,1558.887,2077.051,2160.596
sample,float,boundary-only,clipping,4,1,0,512,52,8467100,10559488,2
sample,float,boundary-only,clipping,4,1,1,512,52,8329600,10559488,2
sample,float,boundary-only,clipping,4,1,2,512,52,11417500,10559488,2
summary,float,boundary-only,clipping,16268.750,16537.305,22299.805
sample,float,boundary-overlap,relationship,4,1,0,4096,410,7504800,0,0
sample,float,boundary-overlap,relationship,4,1,1,4096,410,8109300,0,0
sample,float,boundary-overlap,relationship,4,1,2,4096,410,8302800,0,0
summary,float,boundary-overlap,relationship,1832.227,1979.810,2027.051
sample,float,boundary-overlap,clipping,4,1,0,512,52,9462500,10575872,2
sample,float,boundary-overlap,clipping,4,1,1,512,52,8668900,10575872,2
sample,float,boundary-overlap,clipping,4,1,2,512,52,8756200,10575872,2
summary,float,boundary-overlap,clipping,16931.445,17101.953,18481.445
sample,float,isolated-tangent,relationship,4,0,0,4096,410,9179300,0,0
sample,float,isolated-tangent,relationship,4,0,1,4096,410,9424000,0,0
sample,float,isolated-tangent,relationship,4,0,2,4096,410,9473300,0,0
summary,float,isolated-tangent,relationship,2241.040,2300.781,2312.817
sample,float,isolated-tangent,clipping,4,0,0,1024,103,9902800,16875520,4
sample,float,isolated-tangent,clipping,4,0,1,1024,103,9786900,16875520,4
sample,float,isolated-tangent,clipping,4,0,2,1024,103,10210500,16875520,4
summary,float,isolated-tangent,clipping,9557.520,9670.703,9971.191
sample,float,degenerate-interior,relationship,4,0,0,65536,6554,3965700,0,0
sample,float,degenerate-interior,relationship,4,0,1,65536,6554,3712100,0,0
sample,float,degenerate-interior,relationship,4,0,2,65536,6554,3697000,0,0
summary,float,degenerate-interior,relationship,56.412,56.642,60.512
sample,float,degenerate-interior,clipping,4,0,0,65536,6554,278600,0,0
sample,float,degenerate-interior,clipping,4,0,1,65536,6554,258900,0,0
sample,float,degenerate-interior,clipping,4,0,2,65536,6554,266700,0,0
summary,float,degenerate-interior,clipping,3.951,4.070,4.251
sample,float,degenerate-boundary,relationship,4,0,0,65536,6554,3531000,0,0
sample,float,degenerate-boundary,relationship,4,0,1,65536,6554,3707400,0,0
sample,float,degenerate-boundary,relationship,4,0,2,65536,6554,4500900,0,0
summary,float,degenerate-boundary,relationship,53.879,56.570,68.678
sample,float,degenerate-boundary,clipping,4,0,0,65536,6554,262500,0,0
sample,float,degenerate-boundary,clipping,4,0,1,65536,6554,264500,0,0
sample,float,degenerate-boundary,clipping,4,0,2,65536,6554,284300,0,0
summary,float,degenerate-boundary,clipping,4.005,4.036,4.338
sample,float,empty,relationship,0,0,0,65536,6554,724500,0,0
sample,float,empty,relationship,0,0,1,65536,6554,760700,0,0
sample,float,empty,relationship,0,0,2,65536,6554,711600,0,0
summary,float,empty,relationship,10.858,11.055,11.607
sample,float,empty,clipping,0,0,0,65536,6554,258900,0,0
sample,float,empty,clipping,0,0,1,65536,6554,274900,0,0
sample,float,empty,clipping,0,0,2,65536,6554,260100,0,0
summary,float,empty,clipping,3.951,3.969,4.195
sample,float,concave-u,relationship,8,2,0,2048,205,6861500,0,0
sample,float,concave-u,relationship,8,2,1,2048,205,7878500,0,0
sample,float,concave-u,relationship,8,2,2,2048,205,9988600,0,0
summary,float,concave-u,relationship,3350.342,3846.924,4877.246
sample,float,concave-u,clipping,8,2,0,128,13,7100700,3178496,0
sample,float,concave-u,clipping,8,2,1,128,13,6432500,3178496,0
sample,float,concave-u,clipping,8,2,2,128,13,7441700,3178496,0
summary,float,concave-u,clipping,50253.906,55474.219,58138.281
sample,float,hole,relationship,8,2,0,2048,205,6613600,0,0
sample,float,hole,relationship,8,2,1,2048,205,6532800,0,0
sample,float,hole,relationship,8,2,2,2048,205,6495300,0,0
summary,float,hole,relationship,3171.533,3189.844,3229.297
sample,float,hole,clipping,8,2,0,128,13,5543600,3178496,0
sample,float,hole,clipping,8,2,1,128,13,5719500,3178496,0
sample,float,hole,clipping,8,2,2,128,13,6273900,3178496,0
summary,float,hole,clipping,43309.375,44683.594,49014.844
sample,float,hole-reversed,relationship,8,2,0,2048,205,7719300,0,0
sample,float,hole-reversed,relationship,8,2,1,2048,205,6616100,0,0
sample,float,hole-reversed,relationship,8,2,2,2048,205,6702500,0,0
summary,float,hole-reversed,relationship,3230.518,3272.705,3769.189
sample,float,hole-reversed,clipping,8,2,0,128,13,5807800,3178496,0
sample,float,hole-reversed,clipping,8,2,1,128,13,5532300,3178496,0
sample,float,hole-reversed,clipping,8,2,2,128,13,6184000,3178496,0
summary,float,hole-reversed,clipping,43221.094,45373.438,48312.500
sample,float,rational-crossing,relationship,3,1,0,8192,820,7075100,0,0
sample,float,rational-crossing,relationship,3,1,1,8192,820,7213600,0,0
sample,float,rational-crossing,relationship,3,1,2,8192,820,8586600,0,0
summary,float,rational-crossing,relationship,863.660,880.566,1048.169
sample,float,rational-crossing,clipping,3,1,0,256,26,6069200,4239360,1
sample,float,rational-crossing,clipping,3,1,1,256,26,5333100,4239360,1
sample,float,rational-crossing,clipping,3,1,2,256,26,5290000,4239360,1
summary,float,rational-crossing,clipping,20664.062,20832.422,23707.812
sample,float,sparse-1,relationship,4,1,0,4096,410,5790200,0,0
sample,float,sparse-1,relationship,4,1,1,4096,410,6801500,0,0
sample,float,sparse-1,relationship,4,1,2,4096,410,5602500,0,0
summary,float,sparse-1,relationship,1367.798,1413.623,1660.522
sample,float,sparse-1,clipping,4,1,0,256,26,7464900,4239360,1
sample,float,sparse-1,clipping,4,1,1,256,26,6203500,4239360,1
sample,float,sparse-1,clipping,4,1,2,256,26,6860400,4239360,1
summary,float,sparse-1,clipping,24232.422,26798.438,29159.766
sample,float,sparse-4,relationship,16,1,0,1024,103,12125600,0,0
sample,float,sparse-4,relationship,16,1,1,1024,103,6763900,0,0
sample,float,sparse-4,relationship,16,1,2,1024,103,5428700,0,0
summary,float,sparse-4,relationship,5301.465,6605.371,11841.406
sample,float,sparse-4,clipping,16,1,0,256,26,8358900,4239360,1
sample,float,sparse-4,clipping,16,1,1,256,26,6623600,4239360,1
sample,float,sparse-4,clipping,16,1,2,256,26,7088600,4239360,1
summary,float,sparse-4,clipping,25873.438,27689.844,32651.953
sample,float,sparse-16,relationship,64,1,0,256,26,6023800,0,0
sample,float,sparse-16,relationship,64,1,1,256,26,5729400,0,0
sample,float,sparse-16,relationship,64,1,2,256,26,6207500,0,0
summary,float,sparse-16,relationship,22380.469,23530.469,24248.047
sample,float,sparse-16,clipping,64,1,0,128,13,6832900,2119680,0
sample,float,sparse-16,clipping,64,1,1,128,13,6021800,2119680,0
sample,float,sparse-16,clipping,64,1,2,128,13,6292900,2119680,0
summary,float,sparse-16,clipping,47045.312,49163.281,53382.031
sample,float,sparse-64,relationship,256,1,0,64,7,6330700,0,0
sample,float,sparse-64,relationship,256,1,1,64,7,5558000,0,0
sample,float,sparse-64,relationship,256,1,2,64,7,5642200,0,0
summary,float,sparse-64,relationship,86843.750,88159.375,98917.188
sample,float,sparse-64,clipping,256,1,0,64,7,8913400,1059840,0
sample,float,sparse-64,clipping,256,1,1,64,7,10933500,1059840,0
sample,float,sparse-64,clipping,256,1,2,64,7,9634900,1059840,0
summary,float,sparse-64,clipping,139271.875,150545.312,170835.938
sample,float,dense-1,relationship,4,1,0,4096,410,5474800,0,0
sample,float,dense-1,relationship,4,1,1,4096,410,5346100,0,0
sample,float,dense-1,relationship,4,1,2,4096,410,5074000,0,0
summary,float,dense-1,relationship,1238.770,1305.200,1336.621
sample,float,dense-1,clipping,4,1,0,256,26,5241200,4239360,1
sample,float,dense-1,clipping,4,1,1,256,26,5094000,4239360,1
sample,float,dense-1,clipping,4,1,2,256,26,5213300,4239360,1
summary,float,dense-1,clipping,19898.438,20364.453,20473.438
sample,float,dense-4,relationship,16,4,0,1024,103,6961900,0,0
sample,float,dense-4,relationship,16,4,1,1024,103,7428400,0,0
sample,float,dense-4,relationship,16,4,2,1024,103,12023000,0,0
summary,float,dense-4,relationship,6798.730,7254.297,11741.211
sample,float,dense-4,clipping,16,4,0,64,7,6504600,2647040,0
sample,float,dense-4,clipping,16,4,1,64,7,9362700,2647040,0
sample,float,dense-4,clipping,16,4,2,64,7,6373500,2647040,0
summary,float,dense-4,clipping,99585.938,101634.375,146292.188
sample,float,dense-16,relationship,64,16,0,64,7,3199800,0,0
sample,float,dense-16,relationship,64,16,1,64,7,2050400,0,0
sample,float,dense-16,relationship,64,16,2,64,7,2280600,0,0
summary,float,dense-16,relationship,32037.500,35634.375,49996.875
sample,float,dense-16,clipping,64,16,0,16,2,7153600,2320128,0
sample,float,dense-16,clipping,64,16,1,16,2,8445200,2320128,0
sample,float,dense-16,clipping,64,16,2,16,2,8730900,2320128,0
summary,float,dense-16,clipping,447100.000,527825.000,545681.250
sample,float,dense-64,relationship,256,64,0,64,7,11796800,0,0
sample,float,dense-64,relationship,256,64,1,64,7,7362200,0,0
sample,float,dense-64,relationship,256,64,2,64,7,8372900,0,0
summary,float,dense-64,relationship,115034.375,130826.562,184325.000
sample,float,dense-64,clipping,256,64,0,2,1,4678800,1112064,0
sample,float,dense-64,clipping,256,64,1,2,1,7624600,1112064,0
sample,float,dense-64,clipping,256,64,2,2,1,4545900,1112064,0
summary,float,dense-64,clipping,2272950.000,2339400.000,3812300.000
sample,float,subnormal,relationship,4,1,0,8192,820,11042800,0,0
sample,float,subnormal,relationship,4,1,1,8192,820,10452400,0,0
sample,float,subnormal,relationship,4,1,2,8192,820,10653300,0,0
summary,float,subnormal,relationship,1275.928,1300.452,1347.998
sample,float,subnormal,clipping,4,1,0,256,26,5003500,4239360,1
sample,float,subnormal,clipping,4,1,1,256,26,5260900,4239360,1
sample,float,subnormal,clipping,4,1,2,256,26,5056300,4239360,1
summary,float,subnormal,clipping,19544.922,19751.172,20550.391
sample,float,large-finite,relationship,4,1,0,8192,820,10343800,0,0
sample,float,large-finite,relationship,4,1,1,8192,820,15240600,0,0
sample,float,large-finite,relationship,4,1,2,8192,820,10329000,0,0
summary,float,large-finite,relationship,1260.864,1262.671,1860.425
sample,float,large-finite,clipping,4,1,0,256,26,6108000,4239360,1
sample,float,large-finite,clipping,4,1,1,256,26,5505900,4239360,1
sample,float,large-finite,clipping,4,1,2,256,26,5464700,4239360,1
summary,float,large-finite,clipping,21346.484,21507.422,23859.375
fixture,double,exterior,4,1,success,0
fixture,double,interior,4,4,success,1
fixture,double,crossing,4,7,success,1
fixture,double,boundary-only,4,10,success,1
fixture,double,boundary-overlap,4,11,success,1
fixture,double,isolated-tangent,4,3,success,0
fixture,double,degenerate-interior,4,4,success,0
fixture,double,degenerate-boundary,4,2,success,0
fixture,double,empty,0,1,success,0
fixture,double,concave-u,8,7,success,2
fixture,double,hole,8,7,success,2
fixture,double,hole-reversed,8,7,success,2
fixture,double,rational-crossing,3,7,success,1
fixture,double,sparse-1,4,7,success,1
fixture,double,sparse-4,16,7,success,1
fixture,double,sparse-16,64,7,success,1
fixture,double,sparse-64,256,7,success,1
fixture,double,dense-1,4,7,success,1
fixture,double,dense-4,16,7,success,4
fixture,double,dense-16,64,7,success,16
fixture,double,dense-64,256,7,success,64
fixture,double,subnormal,4,7,success,1
fixture,double,large-finite,4,7,success,1
preflight,double,23,PASS
sample,double,exterior,relationship,4,0,0,4096,410,5138700,0,0
sample,double,exterior,relationship,4,0,1,4096,410,4921700,0,0
sample,double,exterior,relationship,4,0,2,4096,410,5811000,0,0
summary,double,exterior,relationship,1201.587,1254.565,1418.701
sample,double,exterior,clipping,4,0,0,2048,205,10596000,16973824,4
sample,double,exterior,clipping,4,0,1,2048,205,13570300,16973824,4
sample,double,exterior,clipping,4,0,2,2048,205,11369800,16973824,4
summary,double,exterior,clipping,5173.828,5551.660,6626.123
sample,double,interior,relationship,4,1,0,8192,820,10238800,0,0
sample,double,interior,relationship,4,1,1,8192,820,9856700,0,0
sample,double,interior,relationship,4,1,2,8192,820,10405000,0,0
summary,double,interior,relationship,1203.210,1249.854,1270.142
sample,double,interior,clipping,4,1,0,1024,103,9083000,8536064,2
sample,double,interior,clipping,4,1,1,1024,103,8689900,8536064,2
sample,double,interior,clipping,4,1,2,1024,103,8734700,8536064,2
summary,double,interior,clipping,8486.230,8529.980,8870.117
sample,double,crossing,relationship,4,1,0,8192,820,10600700,0,0
sample,double,crossing,relationship,4,1,1,8192,820,10794500,0,0
sample,double,crossing,relationship,4,1,2,8192,820,10728200,0,0
summary,double,crossing,relationship,1294.031,1309.595,1317.688
sample,double,crossing,clipping,4,1,0,256,26,6863500,4239360,1
sample,double,crossing,clipping,4,1,1,256,26,5460400,4239360,1
sample,double,crossing,clipping,4,1,2,256,26,5336100,4239360,1
summary,double,crossing,clipping,20844.141,21329.688,26810.547
sample,double,boundary-only,relationship,4,1,0,4096,410,9811800,0,0
sample,double,boundary-only,relationship,4,1,1,4096,410,6954700,0,0
sample,double,boundary-only,relationship,4,1,2,4096,410,6841700,0,0
summary,double,boundary-only,relationship,1670.337,1697.925,2395.459
sample,double,boundary-only,clipping,4,1,0,512,52,9334500,10559488,2
sample,double,boundary-only,clipping,4,1,1,512,52,9774900,10559488,2
sample,double,boundary-only,clipping,4,1,2,512,52,8670300,10559488,2
summary,double,boundary-only,clipping,16934.180,18231.445,19091.602
sample,double,boundary-overlap,relationship,4,1,0,4096,410,7823000,0,0
sample,double,boundary-overlap,relationship,4,1,1,4096,410,8155100,0,0
sample,double,boundary-overlap,relationship,4,1,2,4096,410,7855800,0,0
summary,double,boundary-overlap,relationship,1909.912,1917.920,1990.991
sample,double,boundary-overlap,clipping,4,1,0,256,26,5748400,5287936,1
sample,double,boundary-overlap,clipping,4,1,1,256,26,4938800,5287936,1
sample,double,boundary-overlap,clipping,4,1,2,256,26,4290200,5287936,1
summary,double,boundary-overlap,clipping,16758.594,19292.188,22454.688
sample,double,isolated-tangent,relationship,4,0,0,2048,205,8535400,0,0
sample,double,isolated-tangent,relationship,4,0,1,2048,205,5188700,0,0
sample,double,isolated-tangent,relationship,4,0,2,2048,205,4925500,0,0
summary,double,isolated-tangent,relationship,2405.029,2533.545,4167.676
sample,double,isolated-tangent,clipping,4,0,0,1024,103,9372200,16875520,4
sample,double,isolated-tangent,clipping,4,0,1,1024,103,9248900,16875520,4
sample,double,isolated-tangent,clipping,4,0,2,1024,103,10531800,16875520,4
summary,double,isolated-tangent,clipping,9032.129,9152.539,10284.961
sample,double,degenerate-interior,relationship,4,0,0,65536,6554,3586300,0,0
sample,double,degenerate-interior,relationship,4,0,1,65536,6554,3172600,0,0
sample,double,degenerate-interior,relationship,4,0,2,65536,6554,3031700,0,0
summary,double,degenerate-interior,relationship,46.260,48.410,54.723
sample,double,degenerate-interior,clipping,4,0,0,65536,6554,240700,0,0
sample,double,degenerate-interior,clipping,4,0,1,65536,6554,226100,0,0
sample,double,degenerate-interior,clipping,4,0,2,65536,6554,375500,0,0
summary,double,degenerate-interior,clipping,3.450,3.673,5.730
sample,double,degenerate-boundary,relationship,4,0,0,65536,6554,3253900,0,0
sample,double,degenerate-boundary,relationship,4,0,1,65536,6554,3185100,0,0
sample,double,degenerate-boundary,relationship,4,0,2,65536,6554,3345400,0,0
summary,double,degenerate-boundary,relationship,48.601,49.651,51.047
sample,double,degenerate-boundary,clipping,4,0,0,65536,6554,279400,0,0
sample,double,degenerate-boundary,clipping,4,0,1,65536,6554,613300,0,0
sample,double,degenerate-boundary,clipping,4,0,2,65536,6554,584700,0,0
summary,double,degenerate-boundary,clipping,4.263,8.922,9.358
sample,double,empty,relationship,0,0,0,65536,6554,820400,0,0
sample,double,empty,relationship,0,0,1,65536,6554,855400,0,0
sample,double,empty,relationship,0,0,2,65536,6554,886100,0,0
summary,double,empty,relationship,12.518,13.052,13.521
sample,double,empty,clipping,0,0,0,65536,6554,226100,0,0
sample,double,empty,clipping,0,0,1,65536,6554,240600,0,0
sample,double,empty,clipping,0,0,2,65536,6554,226000,0,0
summary,double,empty,clipping,3.448,3.450,3.671
sample,double,concave-u,relationship,8,2,0,2048,205,7898800,0,0
sample,double,concave-u,relationship,8,2,1,2048,205,6575200,0,0
sample,double,concave-u,relationship,8,2,2,2048,205,6414800,0,0
summary,double,concave-u,relationship,3132.227,3210.547,3856.836
sample,double,concave-u,clipping,8,2,0,128,13,5844500,3178496,0
sample,double,concave-u,clipping,8,2,1,128,13,5510700,3178496,0
sample,double,concave-u,clipping,8,2,2,128,13,6225500,3178496,0
summary,double,concave-u,clipping,43052.344,45660.156,48636.719
sample,double,hole,relationship,8,2,0,2048,205,10460600,0,0
sample,double,hole,relationship,8,2,1,2048,205,6568000,0,0
sample,double,hole,relationship,8,2,2,2048,205,7785500,0,0
summary,double,hole,relationship,3207.031,3801.514,5107.715
sample,double,hole,clipping,8,2,0,128,13,5651100,3178496,0
sample,double,hole,clipping,8,2,1,128,13,5729600,3178496,0
sample,double,hole,clipping,8,2,2,128,13,6085500,3178496,0
summary,double,hole,clipping,44149.219,44762.500,47542.969
sample,double,hole-reversed,relationship,8,2,0,2048,205,6594300,0,0
sample,double,hole-reversed,relationship,8,2,1,2048,205,6413700,0,0
sample,double,hole-reversed,relationship,8,2,2,2048,205,6729000,0,0
summary,double,hole-reversed,relationship,3131.689,3219.873,3285.645
sample,double,hole-reversed,clipping,8,2,0,128,13,6828100,3178496,0
sample,double,hole-reversed,clipping,8,2,1,128,13,6525900,3178496,0
sample,double,hole-reversed,clipping,8,2,2,128,13,6459600,3178496,0
summary,double,hole-reversed,clipping,50465.625,50983.594,53344.531
sample,double,rational-crossing,relationship,3,1,0,8192,820,8152300,0,0
sample,double,rational-crossing,relationship,3,1,1,8192,820,7412600,0,0
sample,double,rational-crossing,relationship,3,1,2,8192,820,7773700,0,0
summary,double,rational-crossing,relationship,904.858,948.938,995.154
sample,double,rational-crossing,clipping,3,1,0,128,13,3418400,2119680,0
sample,double,rational-crossing,clipping,3,1,1,128,13,2709600,2119680,0
sample,double,rational-crossing,clipping,3,1,2,128,13,2885400,2119680,0
summary,double,rational-crossing,clipping,21168.750,22542.188,26706.250
sample,double,sparse-1,relationship,4,1,0,8192,820,14960400,0,0
sample,double,sparse-1,relationship,4,1,1,8192,820,10479100,0,0
sample,double,sparse-1,relationship,4,1,2,8192,820,11388900,0,0
summary,double,sparse-1,relationship,1279.187,1390.247,1826.221
sample,double,sparse-1,clipping,4,1,0,256,26,5340600,4239360,1
sample,double,sparse-1,clipping,4,1,1,256,26,5142900,4239360,1
sample,double,sparse-1,clipping,4,1,2,256,26,5537000,4239360,1
summary,double,sparse-1,clipping,20089.453,20861.719,21628.906
sample,double,sparse-4,relationship,16,1,0,1024,103,6062000,0,0
sample,double,sparse-4,relationship,16,1,1,1024,103,6046600,0,0
sample,double,sparse-4,relationship,16,1,2,1024,103,5661600,0,0
summary,double,sparse-4,relationship,5528.906,5904.883,5919.922
sample,double,sparse-4,clipping,16,1,0,256,26,6832000,4239360,1
sample,double,sparse-4,clipping,16,1,1,256,26,6862500,4239360,1
sample,double,sparse-4,clipping,16,1,2,256,26,7093700,4239360,1
summary,double,sparse-4,clipping,26687.500,26806.641,27709.766
sample,double,sparse-16,relationship,64,1,0,256,26,9876000,0,0
sample,double,sparse-16,relationship,64,1,1,256,26,8650400,0,0
sample,double,sparse-16,relationship,64,1,2,256,26,5975300,0,0
summary,double,sparse-16,relationship,23341.016,33790.625,38578.125
sample,double,sparse-16,clipping,64,1,0,128,13,6748900,2119680,0
sample,double,sparse-16,clipping,64,1,1,128,13,9060700,2119680,0
sample,double,sparse-16,clipping,64,1,2,128,13,7660700,2119680,0
summary,double,sparse-16,clipping,52725.781,59849.219,70786.719
sample,double,sparse-64,relationship,256,1,0,64,7,8094700,0,0
sample,double,sparse-64,relationship,256,1,1,64,7,5894500,0,0
sample,double,sparse-64,relationship,256,1,2,64,7,6104900,0,0
summary,double,sparse-64,relationship,92101.562,95389.062,126479.688
sample,double,sparse-64,clipping,256,1,0,32,4,4225700,529920,0
sample,double,sparse-64,clipping,256,1,1,32,4,4205000,529920,0
sample,double,sparse-64,clipping,256,1,2,32,4,4435600,529920,0
summary,double,sparse-64,clipping,131406.250,132053.125,138612.500
sample,double,dense-1,relationship,4,1,0,4096,410,7180600,0,0
sample,double,dense-1,relationship,4,1,1,4096,410,5166600,0,0
sample,double,dense-1,relationship,4,1,2,4096,410,5031500,0,0
summary,double,dense-1,relationship,1228.394,1261.377,1753.076
sample,double,dense-1,clipping,4,1,0,256,26,5635300,4239360,1
sample,double,dense-1,clipping,4,1,1,256,26,5633000,4239360,1
sample,double,dense-1,clipping,4,1,2,256,26,5119500,4239360,1
summary,double,dense-1,clipping,19998.047,22003.906,22012.891
sample,double,dense-4,relationship,16,4,0,1024,103,6827100,0,0
sample,double,dense-4,relationship,16,4,1,1024,103,10072600,0,0
sample,double,dense-4,relationship,16,4,2,1024,103,7356200,0,0
summary,double,dense-4,relationship,6667.090,7183.789,9836.523
sample,double,dense-4,clipping,16,4,0,64,7,7135300,2647040,0
sample,double,dense-4,clipping,16,4,1,64,7,8150800,2647040,0
sample,double,dense-4,clipping,16,4,2,64,7,10583400,2647040,0
summary,double,dense-4,clipping,111489.062,127356.250,165365.625
sample,double,dense-16,relationship,64,16,0,256,26,7163700,0,0
sample,double,dense-16,relationship,64,16,1,256,26,7761900,0,0
sample,double,dense-16,relationship,64,16,2,256,26,8430600,0,0
summary,double,dense-16,relationship,27983.203,30319.922,32932.031
sample,double,dense-16,clipping,64,16,0,16,2,12084200,2320128,0
sample,double,dense-16,clipping,64,16,1,16,2,11650400,2320128,0
sample,double,dense-16,clipping,64,16,2,16,2,8689800,2320128,0
summary,double,dense-16,clipping,543112.500,728150.000,755262.500
sample,double,dense-64,relationship,256,64,0,64,7,8057300,0,0
sample,double,dense-64,relationship,256,64,1,64,7,9467300,0,0
sample,double,dense-64,relationship,256,64,2,64,7,10152200,0,0
summary,double,dense-64,relationship,125895.312,147926.562,158628.125
sample,double,dense-64,clipping,256,64,0,2,1,4691500,1112064,0
sample,double,dense-64,clipping,256,64,1,2,1,4451400,1112064,0
sample,double,dense-64,clipping,256,64,2,2,1,5424200,1112064,0
summary,double,dense-64,clipping,2225700.000,2345750.000,2712100.000
sample,double,subnormal,relationship,4,1,0,1024,103,7147700,0,0
sample,double,subnormal,relationship,4,1,1,1024,103,7566500,0,0
sample,double,subnormal,relationship,4,1,2,1024,103,8486800,0,0
summary,double,subnormal,relationship,6980.176,7389.160,8287.891
sample,double,subnormal,clipping,4,1,0,256,26,7481900,4239360,1
sample,double,subnormal,clipping,4,1,1,256,26,10080400,4239360,1
sample,double,subnormal,clipping,4,1,2,256,26,8149000,4239360,1
summary,double,subnormal,clipping,29226.172,31832.031,39376.562
sample,double,large-finite,relationship,4,1,0,1024,103,9166300,0,0
sample,double,large-finite,relationship,4,1,1,1024,103,8549100,0,0
sample,double,large-finite,relationship,4,1,2,1024,103,12601500,0,0
summary,double,large-finite,relationship,8348.730,8951.465,12306.152
sample,double,large-finite,clipping,4,1,0,128,13,10348600,2119680,0
sample,double,large-finite,clipping,4,1,1,128,13,14024200,2119680,0
sample,double,large-finite,clipping,4,1,2,128,13,7664500,2119680,0
summary,double,large-finite,clipping,59878.906,80848.438,109564.062
sink,12976559696672191094
