fixture_header,scalar,case,edges,expected_fact_bits,expected_status,expected_components
sample_header,scalar,case,operation,edges,expected_components,round,iterations,warmup,elapsed_ns,gc_bytes,gc_collections
summary_header,scalar,case,operation,min_ns_per_op,median_ns_per_op,max_ns_per_op
fixture,int,exterior,4,1,success,0
fixture,int,interior,4,4,success,1
fixture,int,crossing,4,7,success,1
fixture,int,boundary-only,4,10,success,1
fixture,int,boundary-overlap,4,11,success,1
fixture,int,isolated-tangent,4,3,success,0
fixture,int,degenerate-interior,4,4,success,0
fixture,int,degenerate-boundary,4,2,success,0
fixture,int,empty,0,1,success,0
fixture,int,concave-u,8,7,success,2
fixture,int,hole,8,7,success,2
fixture,int,hole-reversed,8,7,success,2
fixture,int,rational-crossing,3,7,success,1
fixture,int,sparse-1,4,7,success,1
fixture,int,sparse-4,16,7,success,1
fixture,int,sparse-16,64,7,success,1
fixture,int,sparse-64,256,7,success,1
fixture,int,dense-1,4,7,success,1
fixture,int,dense-4,16,7,success,4
fixture,int,dense-16,64,7,success,16
fixture,int,dense-64,256,7,success,64
fixture,int,wide-integral,4,7,success,1
preflight,int,22,PASS
sample,int,exterior,relationship,4,0,0,8192,820,11363300,0,0
sample,int,exterior,relationship,4,0,1,8192,820,6483300,0,0
sample,int,exterior,relationship,4,0,2,8192,820,6736600,0,0
sample,int,exterior,relationship,4,0,3,8192,820,10797400,0,0
sample,int,exterior,relationship,4,0,4,8192,820,14761100,0,0
summary,int,exterior,relationship,791.418,1318.042,1801.892
sample,int,exterior,clipping,4,0,0,4096,410,23165500,101056512,24
sample,int,exterior,clipping,4,0,1,4096,410,31436900,101056512,24
sample,int,exterior,clipping,4,0,2,4096,410,17942600,101056512,24
sample,int,exterior,clipping,4,0,3,4096,410,29934400,101056512,24
sample,int,exterior,clipping,4,0,4,4096,410,18010100,101056512,24
summary,int,exterior,clipping,4380.518,5655.640,7675.024
sample,int,interior,relationship,4,1,0,8192,820,6841100,0,0
sample,int,interior,relationship,4,1,1,8192,820,10370400,0,0
sample,int,interior,relationship,4,1,2,8192,820,11752700,0,0
sample,int,interior,relationship,4,1,3,8192,820,10670900,0,0
sample,int,interior,relationship,4,1,4,8192,820,10797200,0,0
summary,int,interior,relationship,835.095,1302.600,1434.656
sample,int,interior,clipping,4,1,0,1024,103,14708100,25313280,6
sample,int,interior,clipping,4,1,1,1024,103,10360200,25313280,6
sample,int,interior,clipping,4,1,2,1024,103,14793200,25313280,6
sample,int,interior,clipping,4,1,3,1024,103,10064500,25313280,6
sample,int,interior,clipping,4,1,4,1024,103,10117700,25313280,6
summary,int,interior,clipping,9828.613,10117.383,14446.484
sample,int,crossing,relationship,4,1,0,4096,410,7209500,0,0
sample,int,crossing,relationship,4,1,1,4096,410,3334600,0,0
sample,int,crossing,relationship,4,1,2,4096,410,7254600,0,0
sample,int,crossing,relationship,4,1,3,4096,410,6873300,0,0
sample,int,crossing,relationship,4,1,4,4096,410,8881400,0,0
summary,int,crossing,relationship,814.111,1760.132,2168.311
sample,int,crossing,clipping,4,1,0,512,52,20491300,12673024,3
sample,int,crossing,clipping,4,1,1,512,52,13655000,12673024,3
sample,int,crossing,clipping,4,1,2,512,52,14552200,12673024,3
sample,int,crossing,clipping,4,1,3,512,52,19000700,12673024,3
sample,int,crossing,clipping,4,1,4,512,52,20702900,12673024,3
summary,int,crossing,clipping,26669.922,37110.742,40435.352
sample,int,boundary-only,relationship,4,1,0,8192,820,11307500,0,0
sample,int,boundary-only,relationship,4,1,1,8192,820,11713800,0,0
sample,int,boundary-only,relationship,4,1,2,8192,820,11453500,0,0
sample,int,boundary-only,relationship,4,1,3,8192,820,14488300,0,0
sample,int,boundary-only,relationship,4,1,4,8192,820,13066900,0,0
summary,int,boundary-only,relationship,1380.310,1429.907,1768.591
sample,int,boundary-only,clipping,4,1,0,512,52,11405700,12656640,3
sample,int,boundary-only,clipping,4,1,1,512,52,11375300,12656640,3
sample,int,boundary-only,clipping,4,1,2,512,52,11032300,12656640,3
sample,int,boundary-only,clipping,4,1,3,512,52,11711800,12656640,3
sample,int,boundary-only,clipping,4,1,4,512,52,11415200,12656640,3
summary,int,boundary-only,clipping,21547.461,22276.758,22874.609
sample,int,boundary-overlap,relationship,4,1,0,8192,820,16570300,0,0
sample,int,boundary-overlap,relationship,4,1,1,8192,820,17088600,0,0
sample,int,boundary-overlap,relationship,4,1,2,8192,820,13538800,0,0
sample,int,boundary-overlap,relationship,4,1,3,8192,820,16632800,0,0
sample,int,boundary-overlap,relationship,4,1,4,8192,820,14433500,0,0
summary,int,boundary-overlap,relationship,1652.686,2022.742,2086.011
sample,int,boundary-overlap,clipping,4,1,0,512,52,10992300,12673024,3
sample,int,boundary-overlap,clipping,4,1,1,512,52,13923500,12673024,3
sample,int,boundary-overlap,clipping,4,1,2,512,52,10854200,12673024,3
sample,int,boundary-overlap,clipping,4,1,3,512,52,13113200,12673024,3
sample,int,boundary-overlap,clipping,4,1,4,512,52,9724300,12673024,3
summary,int,boundary-overlap,clipping,18992.773,21469.336,27194.336
sample,int,isolated-tangent,relationship,4,0,0,8192,820,16080400,0,0
sample,int,isolated-tangent,relationship,4,0,1,8192,820,12834500,0,0
sample,int,isolated-tangent,relationship,4,0,2,8192,820,16445300,0,0
sample,int,isolated-tangent,relationship,4,0,3,8192,820,14574300,0,0
sample,int,isolated-tangent,relationship,4,0,4,8192,820,11899400,0,0
summary,int,isolated-tangent,relationship,1452.563,1779.089,2007.483
sample,int,isolated-tangent,clipping,4,0,0,2048,205,25382300,50528256,12
sample,int,isolated-tangent,clipping,4,0,1,2048,205,17980900,50528256,12
sample,int,isolated-tangent,clipping,4,0,2,2048,205,20696200,50528256,12
sample,int,isolated-tangent,clipping,4,0,3,2048,205,16897700,50528256,12
sample,int,isolated-tangent,clipping,4,0,4,2048,205,20898100,50528256,12
summary,int,isolated-tangent,clipping,8250.830,10105.566,12393.701
sample,int,degenerate-interior,relationship,4,0,0,65536,6554,1371200,0,0
sample,int,degenerate-interior,relationship,4,0,1,65536,6554,1142600,0,0
sample,int,degenerate-interior,relationship,4,0,2,65536,6554,1138600,0,0
sample,int,degenerate-interior,relationship,4,0,3,65536,6554,1300800,0,0
sample,int,degenerate-interior,relationship,4,0,4,65536,6554,1288100,0,0
summary,int,degenerate-interior,relationship,17.374,19.655,20.923
sample,int,degenerate-interior,clipping,4,0,0,65536,6554,227100,0,0
sample,int,degenerate-interior,clipping,4,0,1,65536,6554,251700,0,0
sample,int,degenerate-interior,clipping,4,0,2,65536,6554,240500,0,0
sample,int,degenerate-interior,clipping,4,0,3,65536,6554,240400,0,0
sample,int,degenerate-interior,clipping,4,0,4,65536,6554,5362600,0,0
summary,int,degenerate-interior,clipping,3.465,3.670,81.827
sample,int,degenerate-boundary,relationship,4,0,0,65536,6554,1253900,0,0
sample,int,degenerate-boundary,relationship,4,0,1,65536,6554,4392900,0,0
sample,int,degenerate-boundary,relationship,4,0,2,65536,6554,1459600,0,0
sample,int,degenerate-boundary,relationship,4,0,3,65536,6554,6209700,0,0
sample,int,degenerate-boundary,relationship,4,0,4,65536,6554,1169800,0,0
summary,int,degenerate-boundary,relationship,17.850,22.272,94.753
sample,int,degenerate-boundary,clipping,4,0,0,65536,6554,239500,0,0
sample,int,degenerate-boundary,clipping,4,0,1,65536,6554,241100,0,0
sample,int,degenerate-boundary,clipping,4,0,2,65536,6554,240400,0,0
sample,int,degenerate-boundary,clipping,4,0,3,65536,6554,294200,0,0
sample,int,degenerate-boundary,clipping,4,0,4,65536,6554,265200,0,0
summary,int,degenerate-boundary,clipping,3.654,3.679,4.489
sample,int,empty,relationship,0,0,0,65536,6554,372800,0,0
sample,int,empty,relationship,0,0,1,65536,6554,324500,0,0
sample,int,empty,relationship,0,0,2,65536,6554,321400,0,0
sample,int,empty,relationship,0,0,3,65536,6554,334900,0,0
sample,int,empty,relationship,0,0,4,65536,6554,6959000,0,0
summary,int,empty,relationship,4.904,5.110,106.186
sample,int,empty,clipping,0,0,0,65536,6554,448900,0,0
sample,int,empty,clipping,0,0,1,65536,6554,239100,0,0
sample,int,empty,clipping,0,0,2,65536,6554,240300,0,0
sample,int,empty,clipping,0,0,3,65536,6554,298100,0,0
sample,int,empty,clipping,0,0,4,65536,6554,242800,0,0
summary,int,empty,clipping,3.648,3.705,6.850
sample,int,concave-u,relationship,8,2,0,4096,410,18197300,0,0
sample,int,concave-u,relationship,8,2,1,4096,410,15653300,0,0
sample,int,concave-u,relationship,8,2,2,4096,410,17728500,0,0
sample,int,concave-u,relationship,8,2,3,4096,410,18675600,0,0
sample,int,concave-u,relationship,8,2,4,4096,410,21786200,0,0
summary,int,concave-u,relationship,3821.606,4442.700,5318.896
sample,int,concave-u,clipping,8,2,0,256,26,15520800,10551296,2
sample,int,concave-u,clipping,8,2,1,256,26,17158700,10551296,2
sample,int,concave-u,clipping,8,2,2,256,26,20645700,10551296,2
sample,int,concave-u,clipping,8,2,3,256,26,17150100,10551296,2
sample,int,concave-u,clipping,8,2,4,256,26,18415200,10551296,2
summary,int,concave-u,clipping,60628.125,67026.172,80647.266
sample,int,hole,relationship,8,2,0,2048,205,8079700,0,0
sample,int,hole,relationship,8,2,1,2048,205,8560400,0,0
sample,int,hole,relationship,8,2,2,2048,205,8915900,0,0
sample,int,hole,relationship,8,2,3,2048,205,10039600,0,0
sample,int,hole,relationship,8,2,4,2048,205,8751800,0,0
summary,int,hole,relationship,3945.166,4273.340,4902.148
sample,int,hole,clipping,8,2,0,256,26,20926800,10551296,2
sample,int,hole,clipping,8,2,1,256,26,17885000,10551296,2
sample,int,hole,clipping,8,2,2,256,26,24363300,10551296,2
sample,int,hole,clipping,8,2,3,256,26,21573500,10551296,2
sample,int,hole,clipping,8,2,4,256,26,28001700,10551296,2
summary,int,hole,clipping,69863.281,84271.484,109381.641
sample,int,hole-reversed,relationship,8,2,0,4096,410,17701800,0,0
sample,int,hole-reversed,relationship,8,2,1,4096,410,23059900,0,0
sample,int,hole-reversed,relationship,8,2,2,4096,410,17357200,0,0
sample,int,hole-reversed,relationship,8,2,3,4096,410,18525300,0,0
sample,int,hole-reversed,relationship,8,2,4,4096,410,18041000,0,0
summary,int,hole-reversed,relationship,4237.598,4404.541,5629.858
sample,int,hole-reversed,clipping,8,2,0,128,13,13336200,5275648,1
sample,int,hole-reversed,clipping,8,2,1,128,13,9979700,5275648,1
sample,int,hole-reversed,clipping,8,2,2,128,13,8590200,5275648,1
sample,int,hole-reversed,clipping,8,2,3,128,13,9290500,5275648,1
sample,int,hole-reversed,clipping,8,2,4,128,13,12245800,5275648,1
summary,int,hole-reversed,clipping,67110.938,77966.406,104189.062
sample,int,rational-crossing,relationship,3,1,0,16384,1639,17266400,0,0
sample,int,rational-crossing,relationship,3,1,1,16384,1639,17185400,0,0
sample,int,rational-crossing,relationship,3,1,2,16384,1639,21195300,0,0
sample,int,rational-crossing,relationship,3,1,3,16384,1639,17326100,0,0
sample,int,rational-crossing,relationship,3,1,4,16384,1639,17609100,0,0
summary,int,rational-crossing,relationship,1048.914,1057.501,1293.658
sample,int,rational-crossing,clipping,3,1,0,512,52,20461700,10575872,2
sample,int,rational-crossing,clipping,3,1,1,512,52,17231700,10575872,2
sample,int,rational-crossing,clipping,3,1,2,512,52,19927500,10575872,2
sample,int,rational-crossing,clipping,3,1,3,512,52,15988400,10575872,2
sample,int,rational-crossing,clipping,3,1,4,512,52,15041300,10575872,2
summary,int,rational-crossing,clipping,29377.539,33655.664,39964.258
sample,int,sparse-1,relationship,4,1,0,8192,820,10716900,0,0
sample,int,sparse-1,relationship,4,1,1,8192,820,12680400,0,0
sample,int,sparse-1,relationship,4,1,2,8192,820,10762200,0,0
sample,int,sparse-1,relationship,4,1,3,8192,820,7489300,0,0
sample,int,sparse-1,relationship,4,1,4,8192,820,10693400,0,0
summary,int,sparse-1,relationship,914.221,1308.215,1547.900
sample,int,sparse-1,clipping,4,1,0,512,52,16870700,12673024,3
sample,int,sparse-1,clipping,4,1,1,512,52,20824600,12673024,3
sample,int,sparse-1,clipping,4,1,2,512,52,18907300,12673024,3
sample,int,sparse-1,clipping,4,1,3,512,52,21032900,12673024,3
sample,int,sparse-1,clipping,4,1,4,512,52,14630400,12673024,3
summary,int,sparse-1,clipping,28575.000,36928.320,41079.883
sample,int,sparse-4,relationship,16,1,0,1024,103,3951400,0,0
sample,int,sparse-4,relationship,16,1,1,1024,103,8227000,0,0
sample,int,sparse-4,relationship,16,1,2,1024,103,8309600,0,0
sample,int,sparse-4,relationship,16,1,3,1024,103,10446700,0,0
sample,int,sparse-4,relationship,16,1,4,1024,103,8310800,0,0
summary,int,sparse-4,relationship,3858.789,8114.844,10201.855
sample,int,sparse-4,clipping,16,1,0,256,26,11533300,18919424,4
sample,int,sparse-4,clipping,16,1,1,256,26,11877600,18919424,4
sample,int,sparse-4,clipping,16,1,2,256,26,11441100,18919424,4
sample,int,sparse-4,clipping,16,1,3,256,26,11563100,18919424,4
sample,int,sparse-4,clipping,16,1,4,256,26,12375500,18919424,4
summary,int,sparse-4,clipping,44691.797,45168.359,48341.797
sample,int,sparse-16,relationship,64,1,0,256,26,9830000,0,0
sample,int,sparse-16,relationship,64,1,1,256,26,4072500,0,0
sample,int,sparse-16,relationship,64,1,2,256,26,8415900,0,0
sample,int,sparse-16,relationship,64,1,3,256,26,8081400,0,0
sample,int,sparse-16,relationship,64,1,4,256,26,8339200,0,0
summary,int,sparse-16,relationship,15908.203,32575.000,38398.438
sample,int,sparse-16,clipping,64,1,0,128,13,9652000,35674112,9
sample,int,sparse-16,clipping,64,1,1,128,13,13730700,35674112,9
sample,int,sparse-16,clipping,64,1,2,128,13,9750700,35674112,9
sample,int,sparse-16,clipping,64,1,3,128,13,13964400,35674112,9
sample,int,sparse-16,clipping,64,1,4,128,13,9329800,35674112,9
summary,int,sparse-16,clipping,72889.062,76177.344,109096.875
sample,int,sparse-64,relationship,256,1,0,128,13,21744500,0,0
sample,int,sparse-64,relationship,256,1,1,128,13,12733900,0,0
sample,int,sparse-64,relationship,256,1,2,128,13,12892600,0,0
sample,int,sparse-64,relationship,256,1,3,128,13,14156900,0,0
sample,int,sparse-64,relationship,256,1,4,128,13,17243200,0,0
summary,int,sparse-64,relationship,99483.594,110600.781,169878.906
sample,int,sparse-64,clipping,256,1,0,64,7,14963300,70003712,31
sample,int,sparse-64,clipping,256,1,1,64,7,16246000,70003712,31
sample,int,sparse-64,clipping,256,1,2,64,7,16403400,70003712,31
sample,int,sparse-64,clipping,256,1,3,64,7,20700500,70003712,31
sample,int,sparse-64,clipping,256,1,4,64,7,13397100,70003712,31
summary,int,sparse-64,clipping,209329.688,253843.750,323445.312
sample,int,dense-1,relationship,4,1,0,8192,820,13691000,0,0
sample,int,dense-1,relationship,4,1,1,8192,820,15370500,0,0
sample,int,dense-1,relationship,4,1,2,8192,820,14813200,0,0
sample,int,dense-1,relationship,4,1,3,8192,820,10619600,0,0
sample,int,dense-1,relationship,4,1,4,8192,820,14691800,0,0
summary,int,dense-1,relationship,1296.338,1793.433,1876.282
sample,int,dense-1,clipping,4,1,0,512,52,20256300,12673024,3
sample,int,dense-1,clipping,4,1,1,512,52,18786800,12673024,3
sample,int,dense-1,clipping,4,1,2,512,52,21174500,12673024,3
sample,int,dense-1,clipping,4,1,3,512,52,13659200,12673024,3
sample,int,dense-1,clipping,4,1,4,512,52,18363400,12673024,3
summary,int,dense-1,clipping,26678.125,36692.969,41356.445
sample,int,dense-4,relationship,16,4,0,2048,205,19144000,0,0
sample,int,dense-4,relationship,16,4,1,2048,205,23317300,0,0
sample,int,dense-4,relationship,16,4,2,2048,205,15010700,0,0
sample,int,dense-4,relationship,16,4,3,2048,205,18487600,0,0
sample,int,dense-4,relationship,16,4,4,2048,205,24696000,0,0
summary,int,dense-4,relationship,7329.443,9347.656,12058.594
sample,int,dense-4,clipping,16,4,0,128,13,22434000,9488384,2
sample,int,dense-4,clipping,16,4,1,128,13,23873200,9488384,2
sample,int,dense-4,clipping,16,4,2,128,13,18958100,9488384,2
sample,int,dense-4,clipping,16,4,3,128,13,20659700,9488384,2
sample,int,dense-4,clipping,16,4,4,128,13,19326000,9488384,2
summary,int,dense-4,clipping,148110.156,161403.906,186509.375
sample,int,dense-16,relationship,64,16,0,256,26,6367200,0,0
sample,int,dense-16,relationship,64,16,1,256,26,5767400,0,0
sample,int,dense-16,relationship,64,16,2,256,26,6694000,0,0
sample,int,dense-16,relationship,64,16,3,256,26,6753500,0,0
sample,int,dense-16,relationship,64,16,4,256,26,10094900,0,0
summary,int,dense-16,relationship,22528.906,26148.438,39433.203
sample,int,dense-16,clipping,64,16,0,16,2,10834800,4482816,1
sample,int,dense-16,clipping,64,16,1,16,2,22125700,4482816,1
sample,int,dense-16,clipping,64,16,2,16,2,18871300,4482816,1
sample,int,dense-16,clipping,64,16,3,16,2,11968600,4482816,1
sample,int,dense-16,clipping,64,16,4,16,2,12146900,4482816,1
summary,int,dense-16,clipping,677175.000,759181.250,1382856.250
sample,int,dense-64,relationship,256,64,0,64,7,6536900,0,0
sample,int,dense-64,relationship,256,64,1,64,7,6114100,0,0
sample,int,dense-64,relationship,256,64,2,64,7,6803200,0,0
sample,int,dense-64,relationship,256,64,3,64,7,9826700,0,0
sample,int,dense-64,relationship,256,64,4,64,7,12138300,0,0
summary,int,dense-64,relationship,95532.812,106300.000,189660.938
sample,int,dense-64,clipping,256,64,0,2,1,3595800,2201600,0
sample,int,dense-64,clipping,256,64,1,2,1,3548800,2201600,0
sample,int,dense-64,clipping,256,64,2,2,1,3443000,2201600,0
sample,int,dense-64,clipping,256,64,3,2,1,7049700,2201600,0
sample,int,dense-64,clipping,256,64,4,2,1,8033500,2201600,0
summary,int,dense-64,clipping,1721500.000,1797900.000,4016750.000
sample,int,wide-integral,relationship,4,1,0,8192,820,17708800,0,0
sample,int,wide-integral,relationship,4,1,1,8192,820,11557700,0,0
sample,int,wide-integral,relationship,4,1,2,8192,820,11481000,0,0
sample,int,wide-integral,relationship,4,1,3,8192,820,7091500,0,0
sample,int,wide-integral,relationship,4,1,4,8192,820,11130700,0,0
summary,int,wide-integral,relationship,865.662,1401.489,2161.719
sample,int,wide-integral,clipping,4,1,0,256,26,4772400,6336512,1
sample,int,wide-integral,clipping,4,1,1,256,26,4461600,6336512,1
sample,int,wide-integral,clipping,4,1,2,256,26,9133400,6336512,1
sample,int,wide-integral,clipping,4,1,3,256,26,7826500,6336512,1
sample,int,wide-integral,clipping,4,1,4,256,26,4268900,6336512,1
summary,int,wide-integral,clipping,16675.391,18642.188,35677.344
fixture,long,exterior,4,1,success,0
fixture,long,interior,4,4,success,1
fixture,long,crossing,4,7,success,1
fixture,long,boundary-only,4,10,success,1
fixture,long,boundary-overlap,4,11,success,1
fixture,long,isolated-tangent,4,3,success,0
fixture,long,degenerate-interior,4,4,success,0
fixture,long,degenerate-boundary,4,2,success,0
fixture,long,empty,0,1,success,0
fixture,long,concave-u,8,7,success,2
fixture,long,hole,8,7,success,2
fixture,long,hole-reversed,8,7,success,2
fixture,long,rational-crossing,3,7,success,1
fixture,long,sparse-1,4,7,success,1
fixture,long,sparse-4,16,7,success,1
fixture,long,sparse-16,64,7,success,1
fixture,long,sparse-64,256,7,success,1
fixture,long,dense-1,4,7,success,1
fixture,long,dense-4,16,7,success,4
fixture,long,dense-16,64,7,success,16
fixture,long,dense-64,256,7,success,64
fixture,long,wide-integral,4,7,success,1
fixture,long,endpoint-collapse,4,6,unrepresentableConstruction,0
fixture,long,gap-collapse,8,7,unrepresentableConstruction,0
preflight,long,24,PASS
sample,long,exterior,relationship,4,0,0,8192,820,16316000,0,0
sample,long,exterior,relationship,4,0,1,8192,820,16886600,0,0
sample,long,exterior,relationship,4,0,2,8192,820,16197000,0,0
sample,long,exterior,relationship,4,0,3,8192,820,16216200,0,0
sample,long,exterior,relationship,4,0,4,8192,820,13411700,0,0
summary,long,exterior,relationship,1637.170,1979.517,2061.353
sample,long,exterior,clipping,4,0,0,2048,205,13005500,50528256,12
sample,long,exterior,clipping,4,0,1,2048,205,11424600,50528256,12
sample,long,exterior,clipping,4,0,2,2048,205,14224200,50528256,12
sample,long,exterior,clipping,4,0,3,2048,205,10853200,50528256,12
sample,long,exterior,clipping,4,0,4,2048,205,15029400,50528256,12
summary,long,exterior,clipping,5299.414,6350.342,7338.574
sample,long,interior,relationship,4,1,0,8192,820,15924600,0,0
sample,long,interior,relationship,4,1,1,8192,820,15951500,0,0
sample,long,interior,relationship,4,1,2,8192,820,16302500,0,0
sample,long,interior,relationship,4,1,3,8192,820,16695100,0,0
sample,long,interior,relationship,4,1,4,8192,820,16347600,0,0
summary,long,interior,relationship,1943.921,1990.051,2037.976
sample,long,interior,clipping,4,1,0,1024,103,18717500,25313280,6
sample,long,interior,clipping,4,1,1,1024,103,13081100,25313280,6
sample,long,interior,clipping,4,1,2,1024,103,11275400,25313280,6
sample,long,interior,clipping,4,1,3,1024,103,19537900,25313280,6
sample,long,interior,clipping,4,1,4,1024,103,13294200,25313280,6
summary,long,interior,clipping,11011.133,12982.617,19079.980
sample,long,crossing,relationship,4,1,0,8192,820,17412300,0,0
sample,long,crossing,relationship,4,1,1,8192,820,12674900,0,0
sample,long,crossing,relationship,4,1,2,8192,820,16576500,0,0
sample,long,crossing,relationship,4,1,3,8192,820,16499500,0,0
sample,long,crossing,relationship,4,1,4,8192,820,16123100,0,0
summary,long,crossing,relationship,1547.229,2014.099,2125.525
sample,long,crossing,clipping,4,1,0,512,52,16062900,12673024,3
sample,long,crossing,clipping,4,1,1,512,52,17861200,12673024,3
sample,long,crossing,clipping,4,1,2,512,52,16895000,12673024,3
sample,long,crossing,clipping,4,1,3,512,52,21096000,12673024,3
sample,long,crossing,clipping,4,1,4,512,52,15017600,12673024,3
summary,long,crossing,clipping,29331.250,32998.047,41203.125
sample,long,boundary-only,relationship,4,1,0,8192,820,20163900,0,0
sample,long,boundary-only,relationship,4,1,1,8192,820,19669500,0,0
sample,long,boundary-only,relationship,4,1,2,8192,820,17893800,0,0
sample,long,boundary-only,relationship,4,1,3,8192,820,19441600,0,0
sample,long,boundary-only,relationship,4,1,4,8192,820,14507300,0,0
summary,long,boundary-only,relationship,1770.911,2373.242,2461.414
sample,long,boundary-only,clipping,4,1,0,512,52,12134800,12656640,3
sample,long,boundary-only,clipping,4,1,1,512,52,10978500,12656640,3
sample,long,boundary-only,clipping,4,1,2,512,52,11997600,12656640,3
sample,long,boundary-only,clipping,4,1,3,512,52,11838500,12656640,3
sample,long,boundary-only,clipping,4,1,4,512,52,11397800,12656640,3
summary,long,boundary-only,clipping,21442.383,23122.070,23700.781
sample,long,boundary-overlap,relationship,4,1,0,8192,820,19339000,0,0
sample,long,boundary-overlap,relationship,4,1,1,8192,820,23045900,0,0
sample,long,boundary-overlap,relationship,4,1,2,8192,820,23976500,0,0
sample,long,boundary-overlap,relationship,4,1,3,8192,820,23475700,0,0
sample,long,boundary-overlap,relationship,4,1,4,8192,820,23751500,0,0
summary,long,boundary-overlap,relationship,2360.718,2865.686,2926.819
sample,long,boundary-overlap,clipping,4,1,0,1024,103,20334200,25346048,6
sample,long,boundary-overlap,clipping,4,1,1,1024,103,23971600,25346048,6
sample,long,boundary-overlap,clipping,4,1,2,1024,103,23974000,25346048,6
sample,long,boundary-overlap,clipping,4,1,3,1024,103,24046000,25346048,6
sample,long,boundary-overlap,clipping,4,1,4,1024,103,23586000,25346048,6
summary,long,boundary-overlap,clipping,19857.617,23409.766,23482.422
sample,long,isolated-tangent,relationship,4,0,0,8192,820,22697600,0,0
sample,long,isolated-tangent,relationship,4,0,1,8192,820,18644800,0,0
sample,long,isolated-tangent,relationship,4,0,2,8192,820,18437800,0,0
sample,long,isolated-tangent,relationship,4,0,3,8192,820,22645300,0,0
sample,long,isolated-tangent,relationship,4,0,4,8192,820,18629100,0,0
summary,long,isolated-tangent,relationship,2250.708,2275.977,2770.703
sample,long,isolated-tangent,clipping,4,0,0,2048,205,23484900,50528256,12
sample,long,isolated-tangent,clipping,4,0,1,2048,205,23005300,50528256,12
sample,long,isolated-tangent,clipping,4,0,2,2048,205,22333400,50528256,12
sample,long,isolated-tangent,clipping,4,0,3,2048,205,22495300,50528256,12
sample,long,isolated-tangent,clipping,4,0,4,2048,205,16964300,50528256,12
summary,long,isolated-tangent,clipping,8283.350,10984.033,11467.236
sample,long,degenerate-interior,relationship,4,0,0,65536,6554,1431600,0,0
sample,long,degenerate-interior,relationship,4,0,1,65536,6554,4405300,0,0
sample,long,degenerate-interior,relationship,4,0,2,65536,6554,1414200,0,0
sample,long,degenerate-interior,relationship,4,0,3,65536,6554,6519400,0,0
sample,long,degenerate-interior,relationship,4,0,4,65536,6554,1418100,0,0
summary,long,degenerate-interior,relationship,21.579,21.844,99.478
sample,long,degenerate-interior,clipping,4,0,0,65536,6554,266600,0,0
sample,long,degenerate-interior,clipping,4,0,1,65536,6554,266100,0,0
sample,long,degenerate-interior,clipping,4,0,2,65536,6554,277200,0,0
sample,long,degenerate-interior,clipping,4,0,3,65536,6554,266500,0,0
sample,long,degenerate-interior,clipping,4,0,4,65536,6554,266100,0,0
summary,long,degenerate-interior,clipping,4.060,4.066,4.230
sample,long,degenerate-boundary,relationship,4,0,0,65536,6554,1504700,0,0
sample,long,degenerate-boundary,relationship,4,0,1,65536,6554,7047200,0,0
sample,long,degenerate-boundary,relationship,4,0,2,65536,6554,1473000,0,0
sample,long,degenerate-boundary,relationship,4,0,3,65536,6554,1469700,0,0
sample,long,degenerate-boundary,relationship,4,0,4,65536,6554,1500200,0,0
summary,long,degenerate-boundary,relationship,22.426,22.891,107.532
sample,long,degenerate-boundary,clipping,4,0,0,65536,6554,279800,0,0
sample,long,degenerate-boundary,clipping,4,0,1,65536,6554,266000,0,0
sample,long,degenerate-boundary,clipping,4,0,2,65536,6554,266300,0,0
sample,long,degenerate-boundary,clipping,4,0,3,65536,6554,266100,0,0
sample,long,degenerate-boundary,clipping,4,0,4,65536,6554,279600,0,0
summary,long,degenerate-boundary,clipping,4.059,4.063,4.269
sample,long,empty,relationship,0,0,0,65536,6554,990000,0,0
sample,long,empty,relationship,0,0,1,65536,6554,956700,0,0
sample,long,empty,relationship,0,0,2,65536,6554,7483100,0,0
sample,long,empty,relationship,0,0,3,65536,6554,939700,0,0
sample,long,empty,relationship,0,0,4,65536,6554,938400,0,0
summary,long,empty,relationship,14.319,14.598,114.183
sample,long,empty,clipping,0,0,0,65536,6554,266600,0,0
sample,long,empty,clipping,0,0,1,65536,6554,390500,0,0
sample,long,empty,clipping,0,0,2,65536,6554,266100,0,0
sample,long,empty,clipping,0,0,3,65536,6554,266100,0,0
sample,long,empty,clipping,0,0,4,65536,6554,266400,0,0
summary,long,empty,clipping,4.060,4.065,5.959
sample,long,concave-u,relationship,8,2,0,2048,205,14308500,0,0
sample,long,concave-u,relationship,8,2,1,2048,205,9399700,0,0
sample,long,concave-u,relationship,8,2,2,2048,205,5359800,0,0
sample,long,concave-u,relationship,8,2,3,2048,205,12514900,0,0
sample,long,concave-u,relationship,8,2,4,2048,205,9197200,0,0
summary,long,concave-u,relationship,2617.090,4589.697,6986.572
sample,long,concave-u,clipping,8,2,0,256,26,17046100,10551296,2
sample,long,concave-u,clipping,8,2,1,256,26,19337500,10551296,2
sample,long,concave-u,clipping,8,2,2,256,26,17417000,10551296,2
sample,long,concave-u,clipping,8,2,3,256,26,17126500,10551296,2
sample,long,concave-u,clipping,8,2,4,256,26,17981500,10551296,2
summary,long,concave-u,clipping,66586.328,68035.156,75537.109
sample,long,hole,relationship,8,2,0,2048,205,9198800,0,0
sample,long,hole,relationship,8,2,1,2048,205,9227300,0,0
sample,long,hole,relationship,8,2,2,2048,205,13658400,0,0
sample,long,hole,relationship,8,2,3,2048,205,9180700,0,0
sample,long,hole,relationship,8,2,4,2048,205,9177900,0,0
summary,long,hole,relationship,4481.396,4491.602,6669.141
sample,long,hole,clipping,8,2,0,256,26,18369300,10551296,2
sample,long,hole,clipping,8,2,1,256,26,18525000,10551296,2
sample,long,hole,clipping,8,2,2,256,26,19460900,10551296,2
sample,long,hole,clipping,8,2,3,256,26,17763300,10551296,2
sample,long,hole,clipping,8,2,4,256,26,19766200,10551296,2
summary,long,hole,clipping,69387.891,72363.281,77211.719
sample,long,hole-reversed,relationship,8,2,0,2048,205,9186900,0,0
sample,long,hole-reversed,relationship,8,2,1,2048,205,5188200,0,0
sample,long,hole-reversed,relationship,8,2,2,2048,205,12292100,0,0
sample,long,hole-reversed,relationship,8,2,3,2048,205,9177100,0,0
sample,long,hole-reversed,relationship,8,2,4,2048,205,10513800,0,0
summary,long,hole-reversed,relationship,2533.301,4485.791,6002.002
sample,long,hole-reversed,clipping,8,2,0,256,26,16467600,10551296,2
sample,long,hole-reversed,clipping,8,2,1,256,26,20144300,10551296,2
sample,long,hole-reversed,clipping,8,2,2,256,26,19817500,10551296,2
sample,long,hole-reversed,clipping,8,2,3,256,26,15594400,10551296,2
sample,long,hole-reversed,clipping,8,2,4,256,26,16859400,10551296,2
summary,long,hole-reversed,clipping,60915.625,65857.031,78688.672
sample,long,rational-crossing,relationship,3,1,0,4096,410,3047300,0,0
sample,long,rational-crossing,relationship,3,1,1,4096,410,2715700,0,0
sample,long,rational-crossing,relationship,3,1,2,4096,410,2736700,0,0
sample,long,rational-crossing,relationship,3,1,3,4096,410,2968900,0,0
sample,long,rational-crossing,relationship,3,1,4,4096,410,2828900,0,0
summary,long,rational-crossing,relationship,663.013,690.649,743.970
sample,long,rational-crossing,clipping,3,1,0,512,52,16587600,10575872,2
sample,long,rational-crossing,clipping,3,1,1,512,52,13192400,10575872,2
sample,long,rational-crossing,clipping,3,1,2,512,52,19726800,10575872,2
sample,long,rational-crossing,clipping,3,1,3,512,52,12123000,10575872,2
sample,long,rational-crossing,clipping,3,1,4,512,52,15837400,10575872,2
summary,long,rational-crossing,clipping,23677.734,30932.422,38528.906
sample,long,sparse-1,relationship,4,1,0,8192,820,12812500,0,0
sample,long,sparse-1,relationship,4,1,1,8192,820,11840100,0,0
sample,long,sparse-1,relationship,4,1,2,8192,820,11882800,0,0
sample,long,sparse-1,relationship,4,1,3,8192,820,16024300,0,0
sample,long,sparse-1,relationship,4,1,4,8192,820,11843900,0,0
summary,long,sparse-1,relationship,1445.325,1450.537,1956.091
sample,long,sparse-1,clipping,4,1,0,256,26,4052200,6336512,1
sample,long,sparse-1,clipping,4,1,1,256,26,10636500,6336512,1
sample,long,sparse-1,clipping,4,1,2,256,26,8965800,6336512,1
sample,long,sparse-1,clipping,4,1,3,256,26,8085600,6336512,1
sample,long,sparse-1,clipping,4,1,4,256,26,8015800,6336512,1
summary,long,sparse-1,clipping,15828.906,31584.375,41548.828
sample,long,sparse-4,relationship,16,1,0,2048,205,16977500,0,0
sample,long,sparse-4,relationship,16,1,1,2048,205,17317500,0,0
sample,long,sparse-4,relationship,16,1,2,2048,205,17352500,0,0
sample,long,sparse-4,relationship,16,1,3,2048,205,17231500,0,0
sample,long,sparse-4,relationship,16,1,4,2048,205,17307100,0,0
summary,long,sparse-4,relationship,8289.795,8450.732,8472.900
sample,long,sparse-4,clipping,16,1,0,256,26,11992500,18919424,4
sample,long,sparse-4,clipping,16,1,1,256,26,13290600,18919424,4
sample,long,sparse-4,clipping,16,1,2,256,26,15210800,18919424,4
sample,long,sparse-4,clipping,16,1,3,256,26,9988500,18919424,4
sample,long,sparse-4,clipping,16,1,4,256,26,9159100,18919424,4
summary,long,sparse-4,clipping,35777.734,46845.703,59417.188
sample,long,sparse-16,relationship,64,1,0,512,52,18179300,0,0
sample,long,sparse-16,relationship,64,1,1,512,52,17624100,0,0
sample,long,sparse-16,relationship,64,1,2,512,52,17250100,0,0
sample,long,sparse-16,relationship,64,1,3,512,52,17952600,0,0
sample,long,sparse-16,relationship,64,1,4,512,52,20998600,0,0
summary,long,sparse-16,relationship,33691.602,35063.672,41012.891
sample,long,sparse-16,clipping,64,1,0,128,13,10906800,35674112,10
sample,long,sparse-16,clipping,64,1,1,128,13,12106100,35674112,10
sample,long,sparse-16,clipping,64,1,2,128,13,10731100,35674112,10
sample,long,sparse-16,clipping,64,1,3,128,13,12505400,35674112,10
sample,long,sparse-16,clipping,64,1,4,128,13,11337100,35674112,10
summary,long,sparse-16,clipping,83836.719,88571.094,97698.438
sample,long,sparse-64,relationship,256,1,0,128,13,13540200,0,0
sample,long,sparse-64,relationship,256,1,1,128,13,13221500,0,0
sample,long,sparse-64,relationship,256,1,2,128,13,13295500,0,0
sample,long,sparse-64,relationship,256,1,3,128,13,18997600,0,0
sample,long,sparse-64,relationship,256,1,4,128,13,21012700,0,0
summary,long,sparse-64,relationship,103292.969,105782.812,164161.719
sample,long,sparse-64,clipping,256,1,0,16,2,11473900,17500928,2
sample,long,sparse-64,clipping,256,1,1,16,2,3708300,17500928,2
sample,long,sparse-64,clipping,256,1,2,16,2,9560900,17500928,2
sample,long,sparse-64,clipping,256,1,3,16,2,10844200,17500928,2
sample,long,sparse-64,clipping,256,1,4,16,2,3991000,17500928,2
summary,long,sparse-64,clipping,231768.750,597556.250,717118.750
sample,long,dense-1,relationship,4,1,0,8192,820,15294900,0,0
sample,long,dense-1,relationship,4,1,1,8192,820,16721500,0,0
sample,long,dense-1,relationship,4,1,2,8192,820,16330500,0,0
sample,long,dense-1,relationship,4,1,3,8192,820,16303400,0,0
sample,long,dense-1,relationship,4,1,4,8192,820,16279300,0,0
summary,long,dense-1,relationship,1867.053,1990.161,2041.199
sample,long,dense-1,clipping,4,1,0,512,52,12890200,12673024,3
sample,long,dense-1,clipping,4,1,1,512,52,21257600,12673024,3
sample,long,dense-1,clipping,4,1,2,512,52,14976000,12673024,3
sample,long,dense-1,clipping,4,1,3,512,52,20965200,12673024,3
sample,long,dense-1,clipping,4,1,4,512,52,13436400,12673024,3
summary,long,dense-1,clipping,25176.172,29250.000,41518.750
sample,long,dense-4,relationship,16,4,0,1024,103,9916500,0,0
sample,long,dense-4,relationship,16,4,1,1024,103,10643200,0,0
sample,long,dense-4,relationship,16,4,2,1024,103,10367800,0,0
sample,long,dense-4,relationship,16,4,3,1024,103,14792900,0,0
sample,long,dense-4,relationship,16,4,4,1024,103,10176100,0,0
summary,long,dense-4,relationship,9684.082,10124.805,14446.191
sample,long,dense-4,clipping,16,4,0,128,13,25405300,9488384,2
sample,long,dense-4,clipping,16,4,1,128,13,22831400,9488384,2
sample,long,dense-4,clipping,16,4,2,128,13,18948800,9488384,2
sample,long,dense-4,clipping,16,4,3,128,13,17593900,9488384,2
sample,long,dense-4,clipping,16,4,4,128,13,20002200,9488384,2
summary,long,dense-4,clipping,137452.344,156267.188,198478.906
sample,long,dense-16,relationship,64,16,0,256,26,10451400,0,0
sample,long,dense-16,relationship,64,16,1,256,26,6469200,0,0
sample,long,dense-16,relationship,64,16,2,256,26,10376900,0,0
sample,long,dense-16,relationship,64,16,3,256,26,14271400,0,0
sample,long,dense-16,relationship,64,16,4,256,26,10512600,0,0
summary,long,dense-16,relationship,25270.312,40825.781,55747.656
sample,long,dense-16,clipping,64,16,0,16,2,10181500,4482816,1
sample,long,dense-16,clipping,64,16,1,16,2,10783600,4482816,1
sample,long,dense-16,clipping,64,16,2,16,2,11804400,4482816,1
sample,long,dense-16,clipping,64,16,3,16,2,13137200,4482816,1
sample,long,dense-16,clipping,64,16,4,16,2,14684000,4482816,1
summary,long,dense-16,clipping,636343.750,737775.000,917750.000
sample,long,dense-64,relationship,256,64,0,64,7,14982900,0,0
sample,long,dense-64,relationship,256,64,1,64,7,16676800,0,0
sample,long,dense-64,relationship,256,64,2,64,7,15498000,0,0
sample,long,dense-64,relationship,256,64,3,64,7,11162600,0,0
sample,long,dense-64,relationship,256,64,4,64,7,11471000,0,0
summary,long,dense-64,relationship,174415.625,234107.812,260575.000
sample,long,dense-64,clipping,256,64,0,4,1,14859800,4403200,0
sample,long,dense-64,clipping,256,64,1,4,1,14789200,4403200,0
sample,long,dense-64,clipping,256,64,2,4,1,10851900,4403200,0
sample,long,dense-64,clipping,256,64,3,4,1,6811300,4403200,0
sample,long,dense-64,clipping,256,64,4,4,1,11035500,4403200,0
summary,long,dense-64,clipping,1702825.000,2758875.000,3714950.000
sample,long,wide-integral,relationship,4,1,0,8192,820,16232800,0,0
sample,long,wide-integral,relationship,4,1,1,8192,820,16465800,0,0
sample,long,wide-integral,relationship,4,1,2,8192,820,16731900,0,0
sample,long,wide-integral,relationship,4,1,3,8192,820,13174400,0,0
sample,long,wide-integral,relationship,4,1,4,8192,820,11949100,0,0
summary,long,wide-integral,relationship,1458.630,1981.543,2042.468
sample,long,wide-integral,clipping,4,1,0,256,26,4537400,6336512,1
sample,long,wide-integral,clipping,4,1,1,256,26,10476000,6336512,1
sample,long,wide-integral,clipping,4,1,2,256,26,9933600,6336512,1
sample,long,wide-integral,clipping,4,1,3,256,26,8762800,6336512,1
sample,long,wide-integral,clipping,4,1,4,256,26,9321900,6336512,1
summary,long,wide-integral,clipping,17724.219,36413.672,40921.875
sample,long,endpoint-collapse,relationship,4,0,0,8192,820,21781600,0,0
sample,long,endpoint-collapse,relationship,4,0,1,8192,820,20422300,0,0
sample,long,endpoint-collapse,relationship,4,0,2,8192,820,19751800,0,0
sample,long,endpoint-collapse,relationship,4,0,3,8192,820,19475000,0,0
sample,long,endpoint-collapse,relationship,4,0,4,8192,820,22718900,0,0
summary,long,endpoint-collapse,relationship,2377.319,2492.957,2773.303
sample,long,endpoint-collapse,clipping,4,0,0,512,52,19036600,12656640,3
sample,long,endpoint-collapse,clipping,4,0,1,512,52,10046900,12656640,3
sample,long,endpoint-collapse,clipping,4,0,2,512,52,14802800,12656640,3
sample,long,endpoint-collapse,clipping,4,0,3,512,52,11301600,12656640,3
sample,long,endpoint-collapse,clipping,4,0,4,512,52,13161000,12656640,3
summary,long,endpoint-collapse,clipping,19622.852,25705.078,37180.859
sample,long,gap-collapse,relationship,8,0,0,2048,205,9903700,0,0
sample,long,gap-collapse,relationship,8,0,1,2048,205,7440400,0,0
sample,long,gap-collapse,relationship,8,0,2,2048,205,10788400,0,0
sample,long,gap-collapse,relationship,8,0,3,2048,205,6858700,0,0
sample,long,gap-collapse,relationship,8,0,4,2048,205,10840100,0,0
summary,long,gap-collapse,relationship,3348.975,4835.791,5293.018
sample,long,gap-collapse,clipping,8,0,0,256,26,17583900,10543104,2
sample,long,gap-collapse,clipping,8,0,1,256,26,17418400,10543104,2
sample,long,gap-collapse,clipping,8,0,2,256,26,18253600,10543104,2
sample,long,gap-collapse,clipping,8,0,3,256,26,19628900,10543104,2
sample,long,gap-collapse,clipping,8,0,4,256,26,19301500,10543104,2
summary,long,gap-collapse,clipping,68040.625,71303.125,76675.391
fixture,float,exterior,4,1,success,0
fixture,float,interior,4,4,success,1
fixture,float,crossing,4,7,success,1
fixture,float,boundary-only,4,10,success,1
fixture,float,boundary-overlap,4,11,success,1
fixture,float,isolated-tangent,4,3,success,0
fixture,float,degenerate-interior,4,4,success,0
fixture,float,degenerate-boundary,4,2,success,0
fixture,float,empty,0,1,success,0
fixture,float,concave-u,8,7,success,2
fixture,float,hole,8,7,success,2
fixture,float,hole-reversed,8,7,success,2
fixture,float,rational-crossing,3,7,success,1
fixture,float,sparse-1,4,7,success,1
fixture,float,sparse-4,16,7,success,1
fixture,float,sparse-16,64,7,success,1
fixture,float,sparse-64,256,7,success,1
fixture,float,dense-1,4,7,success,1
fixture,float,dense-4,16,7,success,4
fixture,float,dense-16,64,7,success,16
fixture,float,dense-64,256,7,success,64
fixture,float,subnormal,4,7,success,1
fixture,float,large-finite,4,7,success,1
preflight,float,23,PASS
sample,float,exterior,relationship,4,0,0,4096,410,5273800,0,0
sample,float,exterior,relationship,4,0,1,4096,410,10937600,0,0
sample,float,exterior,relationship,4,0,2,4096,410,8574000,0,0
sample,float,exterior,relationship,4,0,3,4096,410,8743000,0,0
sample,float,exterior,relationship,4,0,4,4096,410,9566800,0,0
summary,float,exterior,relationship,1287.549,2134.521,2670.312
sample,float,exterior,clipping,4,0,0,2048,205,12582300,50528256,12
sample,float,exterior,clipping,4,0,1,2048,205,13877400,50528256,12
sample,float,exterior,clipping,4,0,2,2048,205,15502200,50528256,12
sample,float,exterior,clipping,4,0,3,2048,205,11295900,50528256,12
sample,float,exterior,clipping,4,0,4,2048,205,15606600,50528256,12
summary,float,exterior,clipping,5515.576,6776.074,7620.410
sample,float,interior,relationship,4,1,0,4096,410,8403500,0,0
sample,float,interior,relationship,4,1,1,4096,410,8338200,0,0
sample,float,interior,relationship,4,1,2,4096,410,8421300,0,0
sample,float,interior,relationship,4,1,3,4096,410,8788600,0,0
sample,float,interior,relationship,4,1,4,4096,410,9100900,0,0
summary,float,interior,relationship,2035.693,2055.981,2221.899
sample,float,interior,clipping,4,1,0,1024,103,13766000,25313280,6
sample,float,interior,clipping,4,1,1,1024,103,14672100,25313280,6
sample,float,interior,clipping,4,1,2,1024,103,15924800,25313280,6
sample,float,interior,clipping,4,1,3,1024,103,15904200,25313280,6
sample,float,interior,clipping,4,1,4,1024,103,14908300,25313280,6
summary,float,interior,clipping,13443.359,14558.887,15551.562
sample,float,crossing,relationship,4,1,0,8192,820,17642100,0,0
sample,float,crossing,relationship,4,1,1,8192,820,21861700,0,0
sample,float,crossing,relationship,4,1,2,8192,820,17977900,0,0
sample,float,crossing,relationship,4,1,3,8192,820,16823200,0,0
sample,float,crossing,relationship,4,1,4,8192,820,21209000,0,0
summary,float,crossing,relationship,2053.613,2194.568,2668.665
sample,float,crossing,clipping,4,1,0,512,52,17821100,12673024,3
sample,float,crossing,clipping,4,1,1,512,52,16839200,12673024,3
sample,float,crossing,clipping,4,1,2,512,52,21095000,12673024,3
sample,float,crossing,clipping,4,1,3,512,52,18611500,12673024,3
sample,float,crossing,clipping,4,1,4,512,52,22182000,12673024,3
summary,float,crossing,clipping,32889.062,36350.586,43324.219
sample,float,boundary-only,relationship,4,1,0,8192,820,22069500,0,0
sample,float,boundary-only,relationship,4,1,1,8192,820,13510300,0,0
sample,float,boundary-only,relationship,4,1,2,8192,820,26002500,0,0
sample,float,boundary-only,relationship,4,1,3,8192,820,18395800,0,0
sample,float,boundary-only,relationship,4,1,4,8192,820,21805400,0,0
summary,float,boundary-only,relationship,1649.207,2661.792,3174.133
sample,float,boundary-only,clipping,4,1,0,512,52,15288000,12656640,3
sample,float,boundary-only,clipping,4,1,1,512,52,9809600,12656640,3
sample,float,boundary-only,clipping,4,1,2,512,52,9978500,12656640,3
sample,float,boundary-only,clipping,4,1,3,512,52,14361600,12656640,3
sample,float,boundary-only,clipping,4,1,4,512,52,12514400,12656640,3
summary,float,boundary-only,clipping,19159.375,24442.188,29859.375
sample,float,boundary-overlap,relationship,4,1,0,4096,410,10039900,0,0
sample,float,boundary-overlap,relationship,4,1,1,4096,410,6069800,0,0
sample,float,boundary-overlap,relationship,4,1,2,4096,410,6068000,0,0
sample,float,boundary-overlap,relationship,4,1,3,4096,410,6044800,0,0
sample,float,boundary-overlap,relationship,4,1,4,4096,410,11989600,0,0
summary,float,boundary-overlap,relationship,1475.781,1481.885,2927.148
sample,float,boundary-overlap,clipping,4,1,0,512,52,15104200,12673024,3
sample,float,boundary-overlap,clipping,4,1,1,512,52,9046200,12673024,3
sample,float,boundary-overlap,clipping,4,1,2,512,52,15000000,12673024,3
sample,float,boundary-overlap,clipping,4,1,3,512,52,15227700,12673024,3
sample,float,boundary-overlap,clipping,4,1,4,512,52,15728900,12673024,3
summary,float,boundary-overlap,clipping,17668.359,29500.391,30720.508
sample,float,isolated-tangent,relationship,4,0,0,4096,410,16047700,0,0
sample,float,isolated-tangent,relationship,4,0,1,4096,410,11352500,0,0
sample,float,isolated-tangent,relationship,4,0,2,4096,410,11344700,0,0
sample,float,isolated-tangent,relationship,4,0,3,4096,410,11220400,0,0
sample,float,isolated-tangent,relationship,4,0,4,4096,410,7729400,0,0
summary,float,isolated-tangent,relationship,1887.061,2769.702,3917.896
sample,float,isolated-tangent,clipping,4,0,0,1024,103,14993000,25264128,6
sample,float,isolated-tangent,clipping,4,0,1,1024,103,11018100,25264128,6
sample,float,isolated-tangent,clipping,4,0,2,1024,103,13274200,25264128,6
sample,float,isolated-tangent,clipping,4,0,3,1024,103,18513000,25264128,6
sample,float,isolated-tangent,clipping,4,0,4,1024,103,11972800,25264128,6
summary,float,isolated-tangent,clipping,10759.863,12963.086,18079.102
sample,float,degenerate-interior,relationship,4,0,0,65536,6554,2554300,0,0
sample,float,degenerate-interior,relationship,4,0,1,65536,6554,2591600,0,0
sample,float,degenerate-interior,relationship,4,0,2,65536,6554,8346700,0,0
sample,float,degenerate-interior,relationship,4,0,3,65536,6554,2584400,0,0
sample,float,degenerate-interior,relationship,4,0,4,65536,6554,2707700,0,0
summary,float,degenerate-interior,relationship,38.976,39.545,127.361
sample,float,degenerate-interior,clipping,4,0,0,65536,6554,4342400,0,0
sample,float,degenerate-interior,clipping,4,0,1,65536,6554,273100,0,0
sample,float,degenerate-interior,clipping,4,0,2,65536,6554,273200,0,0
sample,float,degenerate-interior,clipping,4,0,3,65536,6554,266100,0,0
sample,float,degenerate-interior,clipping,4,0,4,65536,6554,303000,0,0
summary,float,degenerate-interior,clipping,4.060,4.169,66.260
sample,float,degenerate-boundary,relationship,4,0,0,65536,6554,2679400,0,0
sample,float,degenerate-boundary,relationship,4,0,1,65536,6554,6851400,0,0
sample,float,degenerate-boundary,relationship,4,0,2,65536,6554,6927900,0,0
sample,float,degenerate-boundary,relationship,4,0,3,65536,6554,2730100,0,0
sample,float,degenerate-boundary,relationship,4,0,4,65536,6554,6657500,0,0
summary,float,degenerate-boundary,relationship,40.884,101.585,105.711
sample,float,degenerate-boundary,clipping,4,0,0,65536,6554,266100,0,0
sample,float,degenerate-boundary,clipping,4,0,1,65536,6554,286200,0,0
sample,float,degenerate-boundary,clipping,4,0,2,65536,6554,275300,0,0
sample,float,degenerate-boundary,clipping,4,0,3,65536,6554,4572900,0,0
sample,float,degenerate-boundary,clipping,4,0,4,65536,6554,266100,0,0
summary,float,degenerate-boundary,clipping,4.060,4.201,69.777
sample,float,empty,relationship,0,0,0,65536,6554,844700,0,0
sample,float,empty,relationship,0,0,1,65536,6554,873200,0,0
sample,float,empty,relationship,0,0,2,65536,6554,847200,0,0
sample,float,empty,relationship,0,0,3,65536,6554,3707000,0,0
sample,float,empty,relationship,0,0,4,65536,6554,846800,0,0
summary,float,empty,relationship,12.889,12.927,56.564
sample,float,empty,clipping,0,0,0,65536,6554,280300,0,0
sample,float,empty,clipping,0,0,1,65536,6554,266100,0,0
sample,float,empty,clipping,0,0,2,65536,6554,266100,0,0
sample,float,empty,clipping,0,0,3,65536,6554,266100,0,0
sample,float,empty,clipping,0,0,4,65536,6554,276800,0,0
summary,float,empty,clipping,4.060,4.060,4.277
sample,float,concave-u,relationship,8,2,0,2048,205,10866100,0,0
sample,float,concave-u,relationship,8,2,1,2048,205,10561300,0,0
sample,float,concave-u,relationship,8,2,2,2048,205,9875900,0,0
sample,float,concave-u,relationship,8,2,3,2048,205,9516500,0,0
sample,float,concave-u,relationship,8,2,4,2048,205,9616000,0,0
summary,float,concave-u,relationship,4646.729,4822.217,5305.713
sample,float,concave-u,clipping,8,2,0,256,26,17685600,10551296,2
sample,float,concave-u,clipping,8,2,1,256,26,17691400,10551296,2
sample,float,concave-u,clipping,8,2,2,256,26,18088500,10551296,2
sample,float,concave-u,clipping,8,2,3,256,26,19897700,10551296,2
sample,float,concave-u,clipping,8,2,4,256,26,14006900,10551296,2
summary,float,concave-u,clipping,54714.453,69107.031,77725.391
sample,float,hole,relationship,8,2,0,2048,205,10565300,0,0
sample,float,hole,relationship,8,2,1,2048,205,11911400,0,0
sample,float,hole,relationship,8,2,2,2048,205,9519000,0,0
sample,float,hole,relationship,8,2,3,2048,205,5535500,0,0
sample,float,hole,relationship,8,2,4,2048,205,11210600,0,0
summary,float,hole,relationship,2702.881,5158.838,5816.113
sample,float,hole,clipping,8,2,0,256,26,17599300,10551296,2
sample,float,hole,clipping,8,2,1,256,26,19085100,10551296,2
sample,float,hole,clipping,8,2,2,256,26,20218700,10551296,2
sample,float,hole,clipping,8,2,3,256,26,19665700,10551296,2
sample,float,hole,clipping,8,2,4,256,26,23208000,10551296,2
summary,float,hole,clipping,68747.266,76819.141,90656.250
sample,float,hole-reversed,relationship,8,2,0,2048,205,5576900,0,0
sample,float,hole-reversed,relationship,8,2,1,2048,205,12611400,0,0
sample,float,hole-reversed,relationship,8,2,2,2048,205,9532600,0,0
sample,float,hole-reversed,relationship,8,2,3,2048,205,10313000,0,0
sample,float,hole-reversed,relationship,8,2,4,2048,205,9564500,0,0
summary,float,hole-reversed,relationship,2723.096,4670.166,6157.910
sample,float,hole-reversed,clipping,8,2,0,256,26,19721100,10551296,2
sample,float,hole-reversed,clipping,8,2,1,256,26,20185100,10551296,2
sample,float,hole-reversed,clipping,8,2,2,256,26,18502400,10551296,2
sample,float,hole-reversed,clipping,8,2,3,256,26,17964900,10551296,2
sample,float,hole-reversed,clipping,8,2,4,256,26,20140300,10551296,2
summary,float,hole-reversed,clipping,70175.391,77035.547,78848.047
sample,float,rational-crossing,relationship,3,1,0,8192,820,10431700,0,0
sample,float,rational-crossing,relationship,3,1,1,8192,820,6367700,0,0
sample,float,rational-crossing,relationship,3,1,2,8192,820,10146700,0,0
sample,float,rational-crossing,relationship,3,1,3,8192,820,14348300,0,0
sample,float,rational-crossing,relationship,3,1,4,8192,820,10347600,0,0
summary,float,rational-crossing,relationship,777.307,1263.135,1751.501
sample,float,rational-crossing,clipping,3,1,0,512,52,16730800,10575872,2
sample,float,rational-crossing,clipping,3,1,1,512,52,15806900,10575872,2
sample,float,rational-crossing,clipping,3,1,2,512,52,16797700,10575872,2
sample,float,rational-crossing,clipping,3,1,3,512,52,17384900,10575872,2
sample,float,rational-crossing,clipping,3,1,4,512,52,15884300,10575872,2
summary,float,rational-crossing,clipping,30872.852,32677.344,33954.883
sample,float,sparse-1,relationship,4,1,0,2048,205,2107100,0,0
sample,float,sparse-1,relationship,4,1,1,2048,205,6203800,0,0
sample,float,sparse-1,relationship,4,1,2,2048,205,2110200,0,0
sample,float,sparse-1,relationship,4,1,3,2048,205,6029500,0,0
sample,float,sparse-1,relationship,4,1,4,2048,205,2101500,0,0
summary,float,sparse-1,relationship,1026.123,1030.371,3029.199
sample,float,sparse-1,clipping,4,1,0,512,52,14085300,12673024,3
sample,float,sparse-1,clipping,4,1,1,512,52,20904100,12673024,3
sample,float,sparse-1,clipping,4,1,2,512,52,16578700,12673024,3
sample,float,sparse-1,clipping,4,1,3,512,52,21139600,12673024,3
sample,float,sparse-1,clipping,4,1,4,512,52,12956800,12673024,3
summary,float,sparse-1,clipping,25306.250,32380.273,41288.281
sample,float,sparse-4,relationship,16,1,0,2048,205,21369600,0,0
sample,float,sparse-4,relationship,16,1,1,2048,205,18257800,0,0
sample,float,sparse-4,relationship,16,1,2,2048,205,13692700,0,0
sample,float,sparse-4,relationship,16,1,3,2048,205,13840200,0,0
sample,float,sparse-4,relationship,16,1,4,2048,205,13854400,0,0
summary,float,sparse-4,relationship,6685.889,6764.844,10434.375
sample,float,sparse-4,clipping,16,1,0,256,26,10039200,18919424,4
sample,float,sparse-4,clipping,16,1,1,256,26,14623900,18919424,4
sample,float,sparse-4,clipping,16,1,2,256,26,11987100,18919424,4
sample,float,sparse-4,clipping,16,1,3,256,26,5587700,18919424,4
sample,float,sparse-4,clipping,16,1,4,256,26,10861700,18919424,4
summary,float,sparse-4,clipping,21826.953,42428.516,57124.609
sample,float,sparse-16,relationship,64,1,0,512,52,18250300,0,0
sample,float,sparse-16,relationship,64,1,1,512,52,14082900,0,0
sample,float,sparse-16,relationship,64,1,2,512,52,18545800,0,0
sample,float,sparse-16,relationship,64,1,3,512,52,22292100,0,0
sample,float,sparse-16,relationship,64,1,4,512,52,18284900,0,0
summary,float,sparse-16,relationship,27505.664,35712.695,43539.258
sample,float,sparse-16,clipping,64,1,0,128,13,15304800,35674112,10
sample,float,sparse-16,clipping,64,1,1,128,13,9946000,35674112,10
sample,float,sparse-16,clipping,64,1,2,128,13,14342800,35674112,10
sample,float,sparse-16,clipping,64,1,3,128,13,10432900,35674112,10
sample,float,sparse-16,clipping,64,1,4,128,13,14318200,35674112,10
summary,float,sparse-16,clipping,77703.125,111860.938,119568.750
sample,float,sparse-64,relationship,256,1,0,64,7,9028500,0,0
sample,float,sparse-64,relationship,256,1,1,64,7,8852600,0,0
sample,float,sparse-64,relationship,256,1,2,64,7,10370700,0,0
sample,float,sparse-64,relationship,256,1,3,64,7,9208300,0,0
sample,float,sparse-64,relationship,256,1,4,64,7,8889100,0,0
summary,float,sparse-64,relationship,138321.875,141070.312,162042.188
sample,float,sparse-64,clipping,256,1,0,16,2,11120500,17500928,2
sample,float,sparse-64,clipping,256,1,1,16,2,4285800,17500928,2
sample,float,sparse-64,clipping,256,1,2,16,2,11040500,17500928,2
sample,float,sparse-64,clipping,256,1,3,16,2,8589100,17500928,2
sample,float,sparse-64,clipping,256,1,4,16,2,7999100,17500928,2
summary,float,sparse-64,clipping,267862.500,536818.750,695031.250
sample,float,dense-1,relationship,4,1,0,8192,820,17431000,0,0
sample,float,dense-1,relationship,4,1,1,8192,820,16833000,0,0
sample,float,dense-1,relationship,4,1,2,8192,820,17077700,0,0
sample,float,dense-1,relationship,4,1,3,8192,820,16170500,0,0
sample,float,dense-1,relationship,4,1,4,8192,820,16839800,0,0
summary,float,dense-1,relationship,1973.938,2055.640,2127.808
sample,float,dense-1,clipping,4,1,0,512,52,17171800,12673024,3
sample,float,dense-1,clipping,4,1,1,512,52,16950900,12673024,3
sample,float,dense-1,clipping,4,1,2,512,52,21323500,12673024,3
sample,float,dense-1,clipping,4,1,3,512,52,13561300,12673024,3
sample,float,dense-1,clipping,4,1,4,512,52,15871200,12673024,3
summary,float,dense-1,clipping,26486.914,33107.227,41647.461
sample,float,dense-4,relationship,16,4,0,1024,103,14640900,0,0
sample,float,dense-4,relationship,16,4,1,1024,103,14286300,0,0
sample,float,dense-4,relationship,16,4,2,1024,103,10207500,0,0
sample,float,dense-4,relationship,16,4,3,1024,103,14744200,0,0
sample,float,dense-4,relationship,16,4,4,1024,103,10250700,0,0
summary,float,dense-4,relationship,9968.262,13951.465,14398.633
sample,float,dense-4,clipping,16,4,0,128,13,19093700,9488384,2
sample,float,dense-4,clipping,16,4,1,128,13,18275300,9488384,2
sample,float,dense-4,clipping,16,4,2,128,13,22288300,9488384,2
sample,float,dense-4,clipping,16,4,3,128,13,21383900,9488384,2
sample,float,dense-4,clipping,16,4,4,128,13,19896000,9488384,2
summary,float,dense-4,clipping,142775.781,155437.500,174127.344
sample,float,dense-16,relationship,64,16,0,256,26,10689500,0,0
sample,float,dense-16,relationship,64,16,1,256,26,10729200,0,0
sample,float,dense-16,relationship,64,16,2,256,26,15258700,0,0
sample,float,dense-16,relationship,64,16,3,256,26,10995000,0,0
sample,float,dense-16,relationship,64,16,4,256,26,6602400,0,0
summary,float,dense-16,relationship,25790.625,41910.938,59604.297
sample,float,dense-16,clipping,64,16,0,16,2,15862000,4482816,1
sample,float,dense-16,clipping,64,16,1,16,2,12917900,4482816,1
sample,float,dense-16,clipping,64,16,2,16,2,14953000,4482816,1
sample,float,dense-16,clipping,64,16,3,16,2,13239900,4482816,1
sample,float,dense-16,clipping,64,16,4,16,2,11535000,4482816,1
summary,float,dense-16,clipping,720937.500,827493.750,991375.000
sample,float,dense-64,relationship,256,64,0,64,7,14107400,0,0
sample,float,dense-64,relationship,256,64,1,64,7,11873600,0,0
sample,float,dense-64,relationship,256,64,2,64,7,6707400,0,0
sample,float,dense-64,relationship,256,64,3,64,7,11433800,0,0
sample,float,dense-64,relationship,256,64,4,64,7,7543600,0,0
summary,float,dense-64,relationship,104803.125,178653.125,220428.125
sample,float,dense-64,clipping,256,64,0,4,1,13466000,4403200,0
sample,float,dense-64,clipping,256,64,1,4,1,7943000,4403200,0
sample,float,dense-64,clipping,256,64,2,4,1,11270500,4403200,0
sample,float,dense-64,clipping,256,64,3,4,1,11538800,4403200,0
sample,float,dense-64,clipping,256,64,4,4,1,11297700,4403200,0
summary,float,dense-64,clipping,1985750.000,2824425.000,3366500.000
sample,float,subnormal,relationship,4,1,0,8192,820,16357200,0,0
sample,float,subnormal,relationship,4,1,1,8192,820,16522500,0,0
sample,float,subnormal,relationship,4,1,2,8192,820,12750000,0,0
sample,float,subnormal,relationship,4,1,3,8192,820,16548900,0,0
sample,float,subnormal,relationship,4,1,4,8192,820,14826200,0,0
summary,float,subnormal,relationship,1556.396,1996.729,2020.129
sample,float,subnormal,clipping,4,1,0,256,26,8035700,6336512,1
sample,float,subnormal,clipping,4,1,1,256,26,10092800,6336512,1
sample,float,subnormal,clipping,4,1,2,256,26,4635400,6336512,1
sample,float,subnormal,clipping,4,1,3,256,26,9542900,6336512,1
sample,float,subnormal,clipping,4,1,4,256,26,10746800,6336512,1
summary,float,subnormal,clipping,18107.031,37276.953,41979.688
sample,float,large-finite,relationship,4,1,0,8192,820,17043100,0,0
sample,float,large-finite,relationship,4,1,1,8192,820,17001100,0,0
sample,float,large-finite,relationship,4,1,2,8192,820,16691900,0,0
sample,float,large-finite,relationship,4,1,3,8192,820,15905300,0,0
sample,float,large-finite,relationship,4,1,4,8192,820,16623100,0,0
summary,float,large-finite,relationship,1941.565,2037.585,2080.457
sample,float,large-finite,clipping,4,1,0,512,52,20085200,12673024,3
sample,float,large-finite,clipping,4,1,1,512,52,14822600,12673024,3
sample,float,large-finite,clipping,4,1,2,512,52,21201700,12673024,3
sample,float,large-finite,clipping,4,1,3,512,52,14773600,12673024,3
sample,float,large-finite,clipping,4,1,4,512,52,21186500,12673024,3
summary,float,large-finite,clipping,28854.688,39228.906,41409.570
fixture,double,exterior,4,1,success,0
fixture,double,interior,4,4,success,1
fixture,double,crossing,4,7,success,1
fixture,double,boundary-only,4,10,success,1
fixture,double,boundary-overlap,4,11,success,1
fixture,double,isolated-tangent,4,3,success,0
fixture,double,degenerate-interior,4,4,success,0
fixture,double,degenerate-boundary,4,2,success,0
fixture,double,empty,0,1,success,0
fixture,double,concave-u,8,7,success,2
fixture,double,hole,8,7,success,2
fixture,double,hole-reversed,8,7,success,2
fixture,double,rational-crossing,3,7,success,1
fixture,double,sparse-1,4,7,success,1
fixture,double,sparse-4,16,7,success,1
fixture,double,sparse-16,64,7,success,1
fixture,double,sparse-64,256,7,success,1
fixture,double,dense-1,4,7,success,1
fixture,double,dense-4,16,7,success,4
fixture,double,dense-16,64,7,success,16
fixture,double,dense-64,256,7,success,64
fixture,double,subnormal,4,7,success,1
fixture,double,large-finite,4,7,success,1
preflight,double,23,PASS
sample,double,exterior,relationship,4,0,0,8192,820,13249600,0,0
sample,double,exterior,relationship,4,0,1,8192,820,13327400,0,0
sample,double,exterior,relationship,4,0,2,8192,820,17135700,0,0
sample,double,exterior,relationship,4,0,3,8192,820,21484900,0,0
sample,double,exterior,relationship,4,0,4,8192,820,18654100,0,0
summary,double,exterior,relationship,1617.383,2091.760,2622.668
sample,double,exterior,clipping,4,0,0,1024,103,3846900,25264128,6
sample,double,exterior,clipping,4,0,1,1024,103,9317700,25264128,6
sample,double,exterior,clipping,4,0,2,1024,103,10446000,25264128,6
sample,double,exterior,clipping,4,0,3,1024,103,3692400,25264128,6
sample,double,exterior,clipping,4,0,4,1024,103,9871100,25264128,6
summary,double,exterior,clipping,3605.859,9099.316,10201.172
sample,double,interior,relationship,4,1,0,4096,410,8807400,0,0
sample,double,interior,relationship,4,1,1,4096,410,9579300,0,0
sample,double,interior,relationship,4,1,2,4096,410,7881100,0,0
sample,double,interior,relationship,4,1,3,4096,410,4710500,0,0
sample,double,interior,relationship,4,1,4,4096,410,8558400,0,0
summary,double,interior,relationship,1150.024,2089.453,2338.696
sample,double,interior,clipping,4,1,0,1024,103,15899300,25313280,6
sample,double,interior,clipping,4,1,1,1024,103,15934600,25313280,6
sample,double,interior,clipping,4,1,2,1024,103,14296000,25313280,6
sample,double,interior,clipping,4,1,3,1024,103,12855300,25313280,6
sample,double,interior,clipping,4,1,4,1024,103,13296200,25313280,6
summary,double,interior,clipping,12554.004,13960.938,15561.133
sample,double,crossing,relationship,4,1,0,8192,820,16954200,0,0
sample,double,crossing,relationship,4,1,1,8192,820,14793400,0,0
sample,double,crossing,relationship,4,1,2,8192,820,17930500,0,0
sample,double,crossing,relationship,4,1,3,8192,820,13720300,0,0
sample,double,crossing,relationship,4,1,4,8192,820,15825400,0,0
summary,double,crossing,relationship,1674.841,1931.812,2188.782
sample,double,crossing,clipping,4,1,0,256,26,8055400,6336512,1
sample,double,crossing,clipping,4,1,1,256,26,8943300,6336512,1
sample,double,crossing,clipping,4,1,2,256,26,8301300,6336512,1
sample,double,crossing,clipping,4,1,3,256,26,8443000,6336512,1
sample,double,crossing,clipping,4,1,4,256,26,9021900,6336512,1
summary,double,crossing,clipping,31466.406,32980.469,35241.797
sample,double,boundary-only,relationship,4,1,0,8192,820,21786000,0,0
sample,double,boundary-only,relationship,4,1,1,8192,820,14986400,0,0
sample,double,boundary-only,relationship,4,1,2,8192,820,18545300,0,0
sample,double,boundary-only,relationship,4,1,3,8192,820,24173800,0,0
sample,double,boundary-only,relationship,4,1,4,8192,820,22759900,0,0
summary,double,boundary-only,relationship,1829.395,2659.424,2950.903
sample,double,boundary-only,clipping,4,1,0,512,52,12670700,12656640,3
sample,double,boundary-only,clipping,4,1,1,512,52,14638700,12656640,3
sample,double,boundary-only,clipping,4,1,2,512,52,11526800,12656640,3
sample,double,boundary-only,clipping,4,1,3,512,52,13364100,12656640,3
sample,double,boundary-only,clipping,4,1,4,512,52,10796300,12656640,3
summary,double,boundary-only,clipping,21086.523,24747.461,28591.211
sample,double,boundary-overlap,relationship,4,1,0,4096,410,6306200,0,0
sample,double,boundary-overlap,relationship,4,1,1,4096,410,7057300,0,0
sample,double,boundary-overlap,relationship,4,1,2,4096,410,10470400,0,0
sample,double,boundary-overlap,relationship,4,1,3,4096,410,15167300,0,0
sample,double,boundary-overlap,relationship,4,1,4,4096,410,14529900,0,0
summary,double,boundary-overlap,relationship,1539.600,2556.250,3702.954
sample,double,boundary-overlap,clipping,4,1,0,512,52,12001900,12673024,3
sample,double,boundary-overlap,clipping,4,1,1,512,52,14017800,12673024,3
sample,double,boundary-overlap,clipping,4,1,2,512,52,13089500,12673024,3
sample,double,boundary-overlap,clipping,4,1,3,512,52,11920800,12673024,3
sample,double,boundary-overlap,clipping,4,1,4,512,52,11932800,12673024,3
summary,double,boundary-overlap,clipping,23282.812,23441.211,27378.516
sample,double,isolated-tangent,relationship,4,0,0,4096,410,7624000,0,0
sample,double,isolated-tangent,relationship,4,0,1,4096,410,11358900,0,0
sample,double,isolated-tangent,relationship,4,0,2,4096,410,11252400,0,0
sample,double,isolated-tangent,relationship,4,0,3,4096,410,7229900,0,0
sample,double,isolated-tangent,relationship,4,0,4,4096,410,11424300,0,0
summary,double,isolated-tangent,relationship,1765.112,2747.168,2789.136
sample,double,isolated-tangent,clipping,4,0,0,1024,103,14621700,25264128,6
sample,double,isolated-tangent,clipping,4,0,1,1024,103,14902100,25264128,6
sample,double,isolated-tangent,clipping,4,0,2,1024,103,14456100,25264128,6
sample,double,isolated-tangent,clipping,4,0,3,1024,103,10528600,25264128,6
sample,double,isolated-tangent,clipping,4,0,4,1024,103,15798600,25264128,6
summary,double,isolated-tangent,clipping,10281.836,14279.004,15428.320
sample,double,degenerate-interior,relationship,4,0,0,65536,6554,2421600,0,0
sample,double,degenerate-interior,relationship,4,0,1,65536,6554,2567500,0,0
sample,double,degenerate-interior,relationship,4,0,2,65536,6554,5335300,0,0
sample,double,degenerate-interior,relationship,4,0,3,65536,6554,7944800,0,0
sample,double,degenerate-interior,relationship,4,0,4,65536,6554,2270700,0,0
summary,double,degenerate-interior,relationship,34.648,39.177,121.228
sample,double,degenerate-interior,clipping,4,0,0,65536,6554,282800,0,0
sample,double,degenerate-interior,clipping,4,0,1,65536,6554,235100,0,0
sample,double,degenerate-interior,clipping,4,0,2,65536,6554,237200,0,0
sample,double,degenerate-interior,clipping,4,0,3,65536,6554,6981400,0,0
sample,double,degenerate-interior,clipping,4,0,4,65536,6554,248100,0,0
summary,double,degenerate-interior,clipping,3.587,3.786,106.528
sample,double,degenerate-boundary,relationship,4,0,0,65536,6554,2241000,0,0
sample,double,degenerate-boundary,relationship,4,0,1,65536,6554,2551200,0,0
sample,double,degenerate-boundary,relationship,4,0,2,65536,6554,6564900,0,0
sample,double,degenerate-boundary,relationship,4,0,3,65536,6554,2308600,0,0
sample,double,degenerate-boundary,relationship,4,0,4,65536,6554,6226800,0,0
summary,double,degenerate-boundary,relationship,34.195,38.928,100.172
sample,double,degenerate-boundary,clipping,4,0,0,65536,6554,237000,0,0
sample,double,degenerate-boundary,clipping,4,0,1,65536,6554,235100,0,0
sample,double,degenerate-boundary,clipping,4,0,2,65536,6554,235200,0,0
sample,double,degenerate-boundary,clipping,4,0,3,65536,6554,511600,0,0
sample,double,degenerate-boundary,clipping,4,0,4,65536,6554,236800,0,0
summary,double,degenerate-boundary,clipping,3.587,3.613,7.806
sample,double,empty,relationship,0,0,0,65536,6554,854500,0,0
sample,double,empty,relationship,0,0,1,65536,6554,891200,0,0
sample,double,empty,relationship,0,0,2,65536,6554,883500,0,0
sample,double,empty,relationship,0,0,3,65536,6554,871700,0,0
sample,double,empty,relationship,0,0,4,65536,6554,938100,0,0
summary,double,empty,relationship,13.039,13.481,14.314
sample,double,empty,clipping,0,0,0,65536,6554,234900,0,0
sample,double,empty,clipping,0,0,1,65536,6554,235200,0,0
sample,double,empty,clipping,0,0,2,65536,6554,268100,0,0
sample,double,empty,clipping,0,0,3,65536,6554,279000,0,0
sample,double,empty,clipping,0,0,4,65536,6554,235200,0,0
summary,double,empty,clipping,3.584,3.589,4.257
sample,double,concave-u,relationship,8,2,0,4096,410,26192600,0,0
sample,double,concave-u,relationship,8,2,1,4096,410,21273100,0,0
sample,double,concave-u,relationship,8,2,2,4096,410,15739300,0,0
sample,double,concave-u,relationship,8,2,3,4096,410,21383900,0,0
sample,double,concave-u,relationship,8,2,4,4096,410,20166800,0,0
summary,double,concave-u,relationship,3842.603,5193.628,6394.678
sample,double,concave-u,clipping,8,2,0,64,7,2540500,2637824,0
sample,double,concave-u,clipping,8,2,1,64,7,2511200,2637824,0
sample,double,concave-u,clipping,8,2,2,64,7,2489100,2637824,0
sample,double,concave-u,clipping,8,2,3,64,7,2364500,2637824,0
sample,double,concave-u,clipping,8,2,4,64,7,8428000,2637824,0
summary,double,concave-u,clipping,36945.312,39237.500,131687.500
sample,double,hole,relationship,8,2,0,2048,205,5755400,0,0
sample,double,hole,relationship,8,2,1,2048,205,5981900,0,0
sample,double,hole,relationship,8,2,2,2048,205,6017700,0,0
sample,double,hole,relationship,8,2,3,2048,205,5768600,0,0
sample,double,hole,relationship,8,2,4,2048,205,6278700,0,0
summary,double,hole,relationship,2810.254,2920.850,3065.771
sample,double,hole,clipping,8,2,0,256,26,17729000,10551296,2
sample,double,hole,clipping,8,2,1,256,26,14047500,10551296,2
sample,double,hole,clipping,8,2,2,256,26,14061400,10551296,2
sample,double,hole,clipping,8,2,3,256,26,25009300,10551296,2
sample,double,hole,clipping,8,2,4,256,26,23343800,10551296,2
summary,double,hole,clipping,54873.047,69253.906,97692.578
sample,double,hole-reversed,relationship,8,2,0,2048,205,10554100,0,0
sample,double,hole-reversed,relationship,8,2,1,2048,205,6444000,0,0
sample,double,hole-reversed,relationship,8,2,2,2048,205,9936900,0,0
sample,double,hole-reversed,relationship,8,2,3,2048,205,5809900,0,0
sample,double,hole-reversed,relationship,8,2,4,2048,205,9773800,0,0
summary,double,hole-reversed,relationship,2836.865,4772.363,5153.369
sample,double,hole-reversed,clipping,8,2,0,128,13,9098900,5275648,1
sample,double,hole-reversed,clipping,8,2,1,128,13,12403200,5275648,1
sample,double,hole-reversed,clipping,8,2,2,128,13,11466000,5275648,1
sample,double,hole-reversed,clipping,8,2,3,128,13,5092600,5275648,1
sample,double,hole-reversed,clipping,8,2,4,128,13,4872300,5275648,1
summary,double,hole-reversed,clipping,38064.844,71085.156,96900.000
sample,double,rational-crossing,relationship,3,1,0,8192,820,6243900,0,0
sample,double,rational-crossing,relationship,3,1,1,8192,820,6132600,0,0
sample,double,rational-crossing,relationship,3,1,2,8192,820,6134000,0,0
sample,double,rational-crossing,relationship,3,1,3,8192,820,6313600,0,0
sample,double,rational-crossing,relationship,3,1,4,8192,820,10255000,0,0
summary,double,rational-crossing,relationship,748.608,762.195,1251.831
sample,double,rational-crossing,clipping,3,1,0,512,52,16737600,10575872,2
sample,double,rational-crossing,clipping,3,1,1,512,52,15355800,10575872,2
sample,double,rational-crossing,clipping,3,1,2,512,52,13802100,10575872,2
sample,double,rational-crossing,clipping,3,1,3,512,52,15695500,10575872,2
sample,double,rational-crossing,clipping,3,1,4,512,52,17224500,10575872,2
summary,double,rational-crossing,clipping,26957.227,30655.273,33641.602
sample,double,sparse-1,relationship,4,1,0,8192,820,17073200,0,0
sample,double,sparse-1,relationship,4,1,1,8192,820,14207500,0,0
sample,double,sparse-1,relationship,4,1,2,8192,820,17665300,0,0
sample,double,sparse-1,relationship,4,1,3,8192,820,13524600,0,0
sample,double,sparse-1,relationship,4,1,4,8192,820,14154600,0,0
summary,double,sparse-1,relationship,1650.952,1734.314,2156.409
sample,double,sparse-1,clipping,4,1,0,512,52,22874100,12673024,3
sample,double,sparse-1,clipping,4,1,1,512,52,21113500,12673024,3
sample,double,sparse-1,clipping,4,1,2,512,52,19907600,12673024,3
sample,double,sparse-1,clipping,4,1,3,512,52,15228000,12673024,3
sample,double,sparse-1,clipping,4,1,4,512,52,19524100,12673024,3
summary,double,sparse-1,clipping,29742.188,38882.031,44675.977
sample,double,sparse-4,relationship,16,1,0,1024,103,5049600,0,0
sample,double,sparse-4,relationship,16,1,1,1024,103,10709800,0,0
sample,double,sparse-4,relationship,16,1,2,1024,103,9362300,0,0
sample,double,sparse-4,relationship,16,1,3,1024,103,4910600,0,0
sample,double,sparse-4,relationship,16,1,4,1024,103,9160200,0,0
summary,double,sparse-4,relationship,4795.508,8945.508,10458.789
sample,double,sparse-4,clipping,16,1,0,256,26,14950800,18919424,4
sample,double,sparse-4,clipping,16,1,1,256,26,10146100,18919424,4
sample,double,sparse-4,clipping,16,1,2,256,26,14597200,18919424,4
sample,double,sparse-4,clipping,16,1,3,256,26,12230700,18919424,4
sample,double,sparse-4,clipping,16,1,4,256,26,9437700,18919424,4
summary,double,sparse-4,clipping,36866.016,47776.172,58401.562
sample,double,sparse-16,relationship,64,1,0,256,26,9177500,0,0
sample,double,sparse-16,relationship,64,1,1,256,26,8964600,0,0
sample,double,sparse-16,relationship,64,1,2,256,26,9155800,0,0
sample,double,sparse-16,relationship,64,1,3,256,26,10027400,0,0
sample,double,sparse-16,relationship,64,1,4,256,26,5276300,0,0
summary,double,sparse-16,relationship,20610.547,35764.844,39169.531
sample,double,sparse-16,clipping,64,1,0,128,13,14054500,35674112,9
sample,double,sparse-16,clipping,64,1,1,128,13,14625300,35674112,9
sample,double,sparse-16,clipping,64,1,2,128,13,12618600,35674112,9
sample,double,sparse-16,clipping,64,1,3,128,13,5986900,35674112,9
sample,double,sparse-16,clipping,64,1,4,128,13,13991900,35674112,9
summary,double,sparse-16,clipping,46772.656,109311.719,114260.156
sample,double,sparse-64,relationship,256,1,0,128,13,22511000,0,0
sample,double,sparse-64,relationship,256,1,1,128,13,18291900,0,0
sample,double,sparse-64,relationship,256,1,2,128,13,18482600,0,0
sample,double,sparse-64,relationship,256,1,3,128,13,22024200,0,0
sample,double,sparse-64,relationship,256,1,4,128,13,14211600,0,0
summary,double,sparse-64,relationship,111028.125,144395.312,175867.188
sample,double,sparse-64,clipping,256,1,0,64,7,20757900,70003712,31
sample,double,sparse-64,clipping,256,1,1,64,7,18468800,70003712,31
sample,double,sparse-64,clipping,256,1,2,64,7,21443800,70003712,31
sample,double,sparse-64,clipping,256,1,3,64,7,13361500,70003712,31
sample,double,sparse-64,clipping,256,1,4,64,7,16727000,70003712,31
summary,double,sparse-64,clipping,208773.438,288575.000,335059.375
sample,double,dense-1,relationship,4,1,0,4096,410,8512500,0,0
sample,double,dense-1,relationship,4,1,1,4096,410,8323800,0,0
sample,double,dense-1,relationship,4,1,2,4096,410,8509300,0,0
sample,double,dense-1,relationship,4,1,3,4096,410,8694100,0,0
sample,double,dense-1,relationship,4,1,4,4096,410,9095500,0,0
summary,double,dense-1,relationship,2032.178,2078.247,2220.581
sample,double,dense-1,clipping,4,1,0,512,52,20137600,12673024,3
sample,double,dense-1,clipping,4,1,1,512,52,19948100,12673024,3
sample,double,dense-1,clipping,4,1,2,512,52,15272100,12673024,3
sample,double,dense-1,clipping,4,1,3,512,52,20643000,12673024,3
sample,double,dense-1,clipping,4,1,4,512,52,15987700,12673024,3
summary,double,dense-1,clipping,29828.320,38961.133,40318.359
sample,double,dense-4,relationship,16,4,0,1024,103,15697200,0,0
sample,double,dense-4,relationship,16,4,1,1024,103,10494900,0,0
sample,double,dense-4,relationship,16,4,2,1024,103,10368000,0,0
sample,double,dense-4,relationship,16,4,3,1024,103,14459400,0,0
sample,double,dense-4,relationship,16,4,4,1024,103,15382600,0,0
summary,double,dense-4,relationship,10125.000,14120.508,15329.297
sample,double,dense-4,clipping,16,4,0,128,13,25511900,9488384,2
sample,double,dense-4,clipping,16,4,1,128,13,23864800,9488384,2
sample,double,dense-4,clipping,16,4,2,128,13,19905800,9488384,2
sample,double,dense-4,clipping,16,4,3,128,13,24137300,9488384,2
sample,double,dense-4,clipping,16,4,4,128,13,23803600,9488384,2
summary,double,dense-4,clipping,155514.062,186443.750,199311.719
sample,double,dense-16,relationship,64,16,0,256,26,11261100,0,0
sample,double,dense-16,relationship,64,16,1,256,26,7242000,0,0
sample,double,dense-16,relationship,64,16,2,256,26,10982800,0,0
sample,double,dense-16,relationship,64,16,3,256,26,11113800,0,0
sample,double,dense-16,relationship,64,16,4,256,26,14735500,0,0
summary,double,dense-16,relationship,28289.062,43413.281,57560.547
sample,double,dense-16,clipping,64,16,0,16,2,15199900,4482816,1
sample,double,dense-16,clipping,64,16,1,16,2,17978700,4482816,1
sample,double,dense-16,clipping,64,16,2,16,2,12066900,4482816,1
sample,double,dense-16,clipping,64,16,3,16,2,11908800,4482816,1
sample,double,dense-16,clipping,64,16,4,16,2,15906000,4482816,1
summary,double,dense-16,clipping,744300.000,949993.750,1123668.750
sample,double,dense-64,relationship,256,64,0,64,7,13878900,0,0
sample,double,dense-64,relationship,256,64,1,64,7,7531000,0,0
sample,double,dense-64,relationship,256,64,2,64,7,10955700,0,0
sample,double,dense-64,relationship,256,64,3,64,7,6947600,0,0
sample,double,dense-64,relationship,256,64,4,64,7,11274000,0,0
summary,double,dense-64,relationship,108556.250,171182.812,216857.812
sample,double,dense-64,clipping,256,64,0,4,1,13926100,4403200,1
sample,double,dense-64,clipping,256,64,1,4,1,11982900,4403200,1
sample,double,dense-64,clipping,256,64,2,4,1,15908800,4403200,1
sample,double,dense-64,clipping,256,64,3,4,1,15877300,4403200,1
sample,double,dense-64,clipping,256,64,4,4,1,14892700,4403200,1
summary,double,dense-64,clipping,2995725.000,3723175.000,3977200.000
sample,double,subnormal,relationship,4,1,0,1024,103,11325200,0,0
sample,double,subnormal,relationship,4,1,1,1024,103,11412700,0,0
sample,double,subnormal,relationship,4,1,2,1024,103,7046200,0,0
sample,double,subnormal,relationship,4,1,3,1024,103,11183700,0,0
sample,double,subnormal,relationship,4,1,4,1024,103,16865000,0,0
summary,double,subnormal,relationship,6881.055,11059.766,16469.727
sample,double,subnormal,clipping,4,1,0,256,26,11108800,6336512,1
sample,double,subnormal,clipping,4,1,1,256,26,13081100,6336512,1
sample,double,subnormal,clipping,4,1,2,256,26,11951800,6336512,1
sample,double,subnormal,clipping,4,1,3,256,26,13026600,6336512,1
sample,double,subnormal,clipping,4,1,4,256,26,12215600,6336512,1
summary,double,subnormal,clipping,43393.750,47717.188,51098.047
sample,double,large-finite,relationship,4,1,0,1024,103,12569300,0,0
sample,double,large-finite,relationship,4,1,1,1024,103,19812500,0,0
sample,double,large-finite,relationship,4,1,2,1024,103,15404200,0,0
sample,double,large-finite,relationship,4,1,3,1024,103,15285600,0,0
sample,double,large-finite,relationship,4,1,4,1024,103,11180400,0,0
summary,double,large-finite,relationship,10918.359,14927.344,19348.145
sample,double,large-finite,clipping,4,1,0,256,26,13744500,6336512,1
sample,double,large-finite,clipping,4,1,1,256,26,16175900,6336512,1
sample,double,large-finite,clipping,4,1,2,256,26,15985200,6336512,1
sample,double,large-finite,clipping,4,1,3,256,26,16893100,6336512,1
sample,double,large-finite,clipping,4,1,4,256,26,16301600,6336512,1
summary,double,large-finite,clipping,53689.453,63187.109,65988.672
sink,14824474303559019186
