fixture_header,scalar,case,edges,expected_fact_bits,expected_status,expected_components
sample_header,scalar,case,operation,edges,expected_components,round,iterations,warmup,elapsed_ns,gc_bytes,gc_collections
summary_header,scalar,case,operation,min_ns_per_op,median_ns_per_op,max_ns_per_op
fixture,int,exterior,4,1,success,0
fixture,int,interior,4,4,success,1
fixture,int,crossing,4,7,success,1
fixture,int,boundary-only,4,10,success,1
fixture,int,boundary-overlap,4,11,success,1
fixture,int,isolated-tangent,4,3,success,0
fixture,int,degenerate-interior,4,4,success,0
fixture,int,degenerate-boundary,4,2,success,0
fixture,int,empty,0,1,success,0
fixture,int,concave-u,8,7,success,2
fixture,int,hole,8,7,success,2
fixture,int,hole-reversed,8,7,success,2
fixture,int,rational-crossing,3,7,success,1
fixture,int,sparse-1,4,7,success,1
fixture,int,sparse-4,16,7,success,1
fixture,int,sparse-16,64,7,success,1
fixture,int,sparse-64,256,7,success,1
fixture,int,dense-1,4,7,success,1
fixture,int,dense-4,16,7,success,4
fixture,int,dense-16,64,7,success,16
fixture,int,dense-64,256,7,success,64
fixture,int,wide-integral,4,7,success,1
preflight,int,22,PASS
sample,int,exterior,relationship,4,0,0,2048,205,8745700,0,0
sample,int,exterior,relationship,4,0,1,2048,205,6505700,0,0
sample,int,exterior,relationship,4,0,2,2048,205,6712100,0,0
summary,int,exterior,relationship,3176.611,3277.393,4270.361
sample,int,exterior,clipping,4,0,0,1024,103,7653300,25264128,6
sample,int,exterior,clipping,4,0,1,1024,103,7824200,25264128,6
sample,int,exterior,clipping,4,0,2,1024,103,7506100,25264128,6
summary,int,exterior,clipping,7330.176,7473.926,7640.820
sample,int,interior,relationship,4,1,0,2048,205,6418800,0,0
sample,int,interior,relationship,4,1,1,2048,205,6161300,0,0
sample,int,interior,relationship,4,1,2,2048,205,6327700,0,0
summary,int,interior,relationship,3008.447,3089.697,3134.180
sample,int,interior,clipping,4,1,0,512,52,8915800,12656640,3
sample,int,interior,clipping,4,1,1,512,52,8294900,12656640,3
sample,int,interior,clipping,4,1,2,512,52,8483900,12656640,3
summary,int,interior,clipping,16200.977,16570.117,17413.672
sample,int,crossing,relationship,4,1,0,2048,205,8222600,0,0
sample,int,crossing,relationship,4,1,1,2048,205,8839700,0,0
sample,int,crossing,relationship,4,1,2,2048,205,8005000,0,0
summary,int,crossing,relationship,3908.691,4014.941,4316.260
sample,int,crossing,clipping,4,1,0,256,26,12592700,6336512,1
sample,int,crossing,clipping,4,1,1,256,26,9745600,6336512,1
sample,int,crossing,clipping,4,1,2,256,26,9623800,6336512,1
summary,int,crossing,clipping,37592.969,38068.750,49190.234
sample,int,boundary-only,relationship,4,1,0,2048,205,10544800,0,0
sample,int,boundary-only,relationship,4,1,1,2048,205,8442800,0,0
sample,int,boundary-only,relationship,4,1,2,2048,205,8322200,0,0
summary,int,boundary-only,relationship,4063.574,4122.461,5148.828
sample,int,boundary-only,clipping,4,1,0,256,26,5705500,6328320,1
sample,int,boundary-only,clipping,4,1,1,256,26,5977000,6328320,1
sample,int,boundary-only,clipping,4,1,2,256,26,7542300,6328320,1
summary,int,boundary-only,clipping,22287.109,23347.656,29462.109
sample,int,boundary-overlap,relationship,4,1,0,1024,103,5313300,0,0
sample,int,boundary-overlap,relationship,4,1,1,1024,103,5729000,0,0
sample,int,boundary-overlap,relationship,4,1,2,1024,103,6213200,0,0
summary,int,boundary-overlap,relationship,5188.770,5594.727,6067.578
sample,int,boundary-overlap,clipping,4,1,0,256,26,6596900,6336512,1
sample,int,boundary-overlap,clipping,4,1,1,256,26,6602000,6336512,1
sample,int,boundary-overlap,clipping,4,1,2,256,26,6468700,6336512,1
summary,int,boundary-overlap,clipping,25268.359,25769.141,25789.062
sample,int,isolated-tangent,relationship,4,0,0,2048,205,9734000,0,0
sample,int,isolated-tangent,relationship,4,0,1,2048,205,10414900,0,0
sample,int,isolated-tangent,relationship,4,0,2,2048,205,10628000,0,0
summary,int,isolated-tangent,relationship,4752.930,5085.400,5189.453
sample,int,isolated-tangent,clipping,4,0,0,512,52,6206600,12632064,3
sample,int,isolated-tangent,clipping,4,0,1,512,52,5792000,12632064,3
sample,int,isolated-tangent,clipping,4,0,2,512,52,6550400,12632064,3
summary,int,isolated-tangent,clipping,11312.500,12122.266,12793.750
sample,int,degenerate-interior,relationship,4,0,0,65536,6554,7560500,0,0
sample,int,degenerate-interior,relationship,4,0,1,65536,6554,7943200,0,0
sample,int,degenerate-interior,relationship,4,0,2,65536,6554,7617500,0,0
summary,int,degenerate-interior,relationship,115.364,116.234,121.204
sample,int,degenerate-interior,clipping,4,0,0,65536,6554,849000,0,0
sample,int,degenerate-interior,clipping,4,0,1,65536,6554,874200,0,0
sample,int,degenerate-interior,clipping,4,0,2,65536,6554,1175600,0,0
summary,int,degenerate-interior,clipping,12.955,13.339,17.938
sample,int,degenerate-boundary,relationship,4,0,0,65536,6554,7913900,0,0
sample,int,degenerate-boundary,relationship,4,0,1,65536,6554,7925600,0,0
sample,int,degenerate-boundary,relationship,4,0,2,65536,6554,7733200,0,0
summary,int,degenerate-boundary,relationship,117.999,120.757,120.935
sample,int,degenerate-boundary,clipping,4,0,0,65536,6554,834900,0,0
sample,int,degenerate-boundary,clipping,4,0,1,65536,6554,845000,0,0
sample,int,degenerate-boundary,clipping,4,0,2,65536,6554,833300,0,0
summary,int,degenerate-boundary,clipping,12.715,12.740,12.894
sample,int,empty,relationship,0,0,0,65536,6554,1172500,0,0
sample,int,empty,relationship,0,0,1,65536,6554,1185500,0,0
sample,int,empty,relationship,0,0,2,65536,6554,1184800,0,0
summary,int,empty,relationship,17.891,18.079,18.089
sample,int,empty,clipping,0,0,0,65536,6554,1194000,0,0
sample,int,empty,clipping,0,0,1,65536,6554,933400,0,0
sample,int,empty,clipping,0,0,2,65536,6554,955600,0,0
summary,int,empty,clipping,14.243,14.581,18.219
sample,int,concave-u,relationship,8,2,0,1024,103,8181300,0,0
sample,int,concave-u,relationship,8,2,1,1024,103,8618000,0,0
sample,int,concave-u,relationship,8,2,2,1024,103,8395200,0,0
summary,int,concave-u,relationship,7989.551,8198.438,8416.016
sample,int,concave-u,clipping,8,2,0,64,7,5992700,2637824,0
sample,int,concave-u,clipping,8,2,1,64,7,5446800,2637824,0
sample,int,concave-u,clipping,8,2,2,64,7,5705500,2637824,0
summary,int,concave-u,clipping,85106.250,89148.438,93635.938
sample,int,hole,relationship,8,2,0,1024,103,8122600,0,0
sample,int,hole,relationship,8,2,1,1024,103,8290300,0,0
sample,int,hole,relationship,8,2,2,1024,103,8939700,0,0
summary,int,hole,relationship,7932.227,8095.996,8730.176
sample,int,hole,clipping,8,2,0,64,7,5576200,2637824,0
sample,int,hole,clipping,8,2,1,64,7,5597800,2637824,0
sample,int,hole,clipping,8,2,2,64,7,5491700,2637824,0
summary,int,hole,clipping,85807.812,87128.125,87465.625
sample,int,hole-reversed,relationship,8,2,0,1024,103,7935300,0,0
sample,int,hole-reversed,relationship,8,2,1,1024,103,8338300,0,0
sample,int,hole-reversed,relationship,8,2,2,1024,103,8423900,0,0
summary,int,hole-reversed,relationship,7749.316,8142.871,8226.465
sample,int,hole-reversed,clipping,8,2,0,64,7,5934600,2637824,0
sample,int,hole-reversed,clipping,8,2,1,64,7,5616000,2637824,0
sample,int,hole-reversed,clipping,8,2,2,64,7,6154900,2637824,0
summary,int,hole-reversed,clipping,87750.000,92728.125,96170.312
sample,int,rational-crossing,relationship,3,1,0,4096,410,9432300,0,0
sample,int,rational-crossing,relationship,3,1,1,4096,410,9188800,0,0
sample,int,rational-crossing,relationship,3,1,2,4096,410,9439900,0,0
summary,int,rational-crossing,relationship,2243.359,2302.808,2304.663
sample,int,rational-crossing,clipping,3,1,0,256,26,9922200,5287936,1
sample,int,rational-crossing,clipping,3,1,1,256,26,9937100,5287936,1
sample,int,rational-crossing,clipping,3,1,2,256,26,9706200,5287936,1
summary,int,rational-crossing,clipping,37914.844,38758.594,38816.797
sample,int,sparse-1,relationship,4,1,0,2048,205,6675400,0,0
sample,int,sparse-1,relationship,4,1,1,2048,205,6521700,0,0
sample,int,sparse-1,relationship,4,1,2,2048,205,6762400,0,0
summary,int,sparse-1,relationship,3184.424,3259.473,3301.953
sample,int,sparse-1,clipping,4,1,0,128,13,5171300,3168256,0
sample,int,sparse-1,clipping,4,1,1,128,13,5823300,3168256,0
sample,int,sparse-1,clipping,4,1,2,128,13,4561300,3168256,0
summary,int,sparse-1,clipping,35635.156,40400.781,45494.531
sample,int,sparse-4,relationship,16,1,0,512,52,7438700,0,0
sample,int,sparse-4,relationship,16,1,1,512,52,8114200,0,0
sample,int,sparse-4,relationship,16,1,2,512,52,7374900,0,0
summary,int,sparse-4,relationship,14404.102,14528.711,15848.047
sample,int,sparse-4,clipping,16,1,0,128,13,7596000,9459712,2
sample,int,sparse-4,clipping,16,1,1,128,13,6714900,9459712,2
sample,int,sparse-4,clipping,16,1,2,128,13,7366100,9459712,2
summary,int,sparse-4,clipping,52460.156,57547.656,59343.750
sample,int,sparse-16,relationship,64,1,0,128,13,9508300,0,0
sample,int,sparse-16,relationship,64,1,1,128,13,7464700,0,0
sample,int,sparse-16,relationship,64,1,2,128,13,8263000,0,0
summary,int,sparse-16,relationship,58317.969,64554.688,74283.594
sample,int,sparse-16,clipping,64,1,0,64,7,7114100,17837056,4
sample,int,sparse-16,clipping,64,1,1,64,7,7869700,17837056,4
sample,int,sparse-16,clipping,64,1,2,64,7,7684100,17837056,4
summary,int,sparse-16,clipping,111157.812,120064.062,122964.062
sample,int,sparse-64,relationship,256,1,0,32,4,9486100,0,0
sample,int,sparse-64,relationship,256,1,1,32,4,8601800,0,0
sample,int,sparse-64,relationship,256,1,2,32,4,7274300,0,0
summary,int,sparse-64,relationship,227321.875,268806.250,296440.625
sample,int,sparse-64,clipping,256,1,0,16,2,7618100,17500928,3
sample,int,sparse-64,clipping,256,1,1,16,2,7140400,17500928,1
sample,int,sparse-64,clipping,256,1,2,16,2,6721400,17500928,2
summary,int,sparse-64,clipping,420087.500,446275.000,476131.250
sample,int,dense-1,relationship,4,1,0,2048,205,6596500,0,0
sample,int,dense-1,relationship,4,1,1,2048,205,6365700,0,0
sample,int,dense-1,relationship,4,1,2,2048,205,6294800,0,0
summary,int,dense-1,relationship,3073.633,3108.252,3220.947
sample,int,dense-1,clipping,4,1,0,128,13,5268000,3168256,0
sample,int,dense-1,clipping,4,1,1,128,13,5121300,3168256,0
sample,int,dense-1,clipping,4,1,2,128,13,4994600,3168256,0
summary,int,dense-1,clipping,39020.312,40010.156,41156.250
sample,int,dense-4,relationship,16,4,0,512,52,8941500,0,0
sample,int,dense-4,relationship,16,4,1,512,52,9467900,0,0
sample,int,dense-4,relationship,16,4,2,512,52,8905500,0,0
summary,int,dense-4,relationship,17393.555,17463.867,18491.992
sample,int,dense-4,clipping,16,4,0,32,4,6210200,2372096,0
sample,int,dense-4,clipping,16,4,1,32,4,6129200,2372096,0
sample,int,dense-4,clipping,16,4,2,32,4,7329700,2372096,0
summary,int,dense-4,clipping,191537.500,194068.750,229053.125
sample,int,dense-16,relationship,64,16,0,128,13,9847900,0,0
sample,int,dense-16,relationship,64,16,1,128,13,10785800,0,0
sample,int,dense-16,relationship,64,16,2,128,13,9746400,0,0
summary,int,dense-16,relationship,76143.750,76936.719,84264.062
sample,int,dense-16,clipping,64,16,0,8,1,7026300,2241408,0
sample,int,dense-16,clipping,64,16,1,8,1,7168200,2241408,0
sample,int,dense-16,clipping,64,16,2,8,1,7262900,2241408,0
summary,int,dense-16,clipping,878287.500,896025.000,907862.500
sample,int,dense-64,relationship,256,64,0,32,4,9619600,0,0
sample,int,dense-64,relationship,256,64,1,32,4,9866100,0,0
sample,int,dense-64,relationship,256,64,2,32,4,9999700,0,0
summary,int,dense-64,relationship,300612.500,308315.625,312490.625
sample,int,dense-64,clipping,256,64,0,2,1,10394100,2201600,0
sample,int,dense-64,clipping,256,64,1,2,1,8613300,2201600,0
sample,int,dense-64,clipping,256,64,2,2,1,9072700,2201600,0
summary,int,dense-64,clipping,4306650.000,4536350.000,5197050.000
sample,int,wide-integral,relationship,4,1,0,2048,205,7029600,0,0
sample,int,wide-integral,relationship,4,1,1,2048,205,6445700,0,0
sample,int,wide-integral,relationship,4,1,2,2048,205,6663100,0,0
summary,int,wide-integral,relationship,3147.314,3253.467,3432.422
sample,int,wide-integral,clipping,4,1,0,256,26,10302200,6336512,1
sample,int,wide-integral,clipping,4,1,1,256,26,9821700,6336512,1
sample,int,wide-integral,clipping,4,1,2,256,26,9967800,6336512,1
summary,int,wide-integral,clipping,38366.016,38936.719,40242.969
fixture,long,exterior,4,1,success,0
fixture,long,interior,4,4,success,1
fixture,long,crossing,4,7,success,1
fixture,long,boundary-only,4,10,success,1
fixture,long,boundary-overlap,4,11,success,1
fixture,long,isolated-tangent,4,3,success,0
fixture,long,degenerate-interior,4,4,success,0
fixture,long,degenerate-boundary,4,2,success,0
fixture,long,empty,0,1,success,0
fixture,long,concave-u,8,7,success,2
fixture,long,hole,8,7,success,2
fixture,long,hole-reversed,8,7,success,2
fixture,long,rational-crossing,3,7,success,1
fixture,long,sparse-1,4,7,success,1
fixture,long,sparse-4,16,7,success,1
fixture,long,sparse-16,64,7,success,1
fixture,long,sparse-64,256,7,success,1
fixture,long,dense-1,4,7,success,1
fixture,long,dense-4,16,7,success,4
fixture,long,dense-16,64,7,success,16
fixture,long,dense-64,256,7,success,64
fixture,long,wide-integral,4,7,success,1
fixture,long,endpoint-collapse,4,6,unrepresentableConstruction,0
fixture,long,gap-collapse,8,7,unrepresentableConstruction,0
preflight,long,24,PASS
sample,long,exterior,relationship,4,0,0,2048,205,6854200,0,0
sample,long,exterior,relationship,4,0,1,2048,205,6939800,0,0
sample,long,exterior,relationship,4,0,2,2048,205,6834500,0,0
summary,long,exterior,relationship,3337.158,3346.777,3388.574
sample,long,exterior,clipping,4,0,0,1024,103,7634000,25264128,6
sample,long,exterior,clipping,4,0,1,1024,103,8007600,25264128,6
sample,long,exterior,clipping,4,0,2,1024,103,7353300,25264128,6
summary,long,exterior,clipping,7180.957,7455.078,7819.922
sample,long,interior,relationship,4,1,0,2048,205,6600300,0,0
sample,long,interior,relationship,4,1,1,2048,205,6444700,0,0
sample,long,interior,relationship,4,1,2,2048,205,6538000,0,0
summary,long,interior,relationship,3146.826,3192.383,3222.803
sample,long,interior,clipping,4,1,0,512,52,8409600,12656640,3
sample,long,interior,clipping,4,1,1,512,52,8432800,12656640,3
sample,long,interior,clipping,4,1,2,512,52,8409300,12656640,3
summary,long,interior,clipping,16424.414,16425.000,16470.312
sample,long,crossing,relationship,4,1,0,2048,205,6734100,0,0
sample,long,crossing,relationship,4,1,1,2048,205,7197300,0,0
sample,long,crossing,relationship,4,1,2,2048,205,7591400,0,0
summary,long,crossing,relationship,3288.135,3514.307,3706.738
sample,long,crossing,clipping,4,1,0,256,26,14437100,6336512,1
sample,long,crossing,clipping,4,1,1,256,26,11532500,6336512,1
sample,long,crossing,clipping,4,1,2,256,26,9924000,6336512,1
summary,long,crossing,clipping,38765.625,45048.828,56394.922
sample,long,boundary-only,relationship,4,1,0,1024,103,5377300,0,0
sample,long,boundary-only,relationship,4,1,1,1024,103,4752300,0,0
sample,long,boundary-only,relationship,4,1,2,1024,103,4392200,0,0
summary,long,boundary-only,relationship,4289.258,4640.918,5251.270
sample,long,boundary-only,clipping,4,1,0,256,26,6588200,6328320,1
sample,long,boundary-only,clipping,4,1,1,256,26,6168000,6328320,1
sample,long,boundary-only,clipping,4,1,2,256,26,6184700,6328320,1
summary,long,boundary-only,clipping,24093.750,24158.984,25735.156
sample,long,boundary-overlap,relationship,4,1,0,1024,103,5973700,0,0
sample,long,boundary-overlap,relationship,4,1,1,1024,103,5901600,0,0
sample,long,boundary-overlap,relationship,4,1,2,1024,103,5473600,0,0
summary,long,boundary-overlap,relationship,5345.312,5763.281,5833.691
sample,long,boundary-overlap,clipping,4,1,0,256,26,6702900,6336512,1
sample,long,boundary-overlap,clipping,4,1,1,256,26,7142400,6336512,1
sample,long,boundary-overlap,clipping,4,1,2,256,26,6665000,6336512,1
summary,long,boundary-overlap,clipping,26035.156,26183.203,27900.000
sample,long,isolated-tangent,relationship,4,0,0,1024,103,5224600,0,0
sample,long,isolated-tangent,relationship,4,0,1,1024,103,5604900,0,0
sample,long,isolated-tangent,relationship,4,0,2,1024,103,5419800,0,0
summary,long,isolated-tangent,relationship,5102.148,5292.773,5473.535
sample,long,isolated-tangent,clipping,4,0,0,512,52,8156400,12632064,3
sample,long,isolated-tangent,clipping,4,0,1,512,52,6169700,12632064,3
sample,long,isolated-tangent,clipping,4,0,2,512,52,6590200,12632064,3
summary,long,isolated-tangent,clipping,12050.195,12871.484,15930.469
sample,long,degenerate-interior,relationship,4,0,0,65536,6554,7377300,0,0
sample,long,degenerate-interior,relationship,4,0,1,65536,6554,6757600,0,0
sample,long,degenerate-interior,relationship,4,0,2,65536,6554,6591900,0,0
summary,long,degenerate-interior,relationship,100.584,103.113,112.569
sample,long,degenerate-interior,clipping,4,0,0,65536,6554,1438000,0,0
sample,long,degenerate-interior,clipping,4,0,1,65536,6554,1287900,0,0
sample,long,degenerate-interior,clipping,4,0,2,65536,6554,1246200,0,0
summary,long,degenerate-interior,clipping,19.016,19.652,21.942
sample,long,degenerate-boundary,relationship,4,0,0,65536,6554,6777700,0,0
sample,long,degenerate-boundary,relationship,4,0,1,65536,6554,6895400,0,0
sample,long,degenerate-boundary,relationship,4,0,2,65536,6554,6688300,0,0
summary,long,degenerate-boundary,relationship,102.055,103.419,105.215
sample,long,degenerate-boundary,clipping,4,0,0,65536,6554,1267500,0,0
sample,long,degenerate-boundary,clipping,4,0,1,65536,6554,1388100,0,0
sample,long,degenerate-boundary,clipping,4,0,2,65536,6554,1331600,0,0
summary,long,degenerate-boundary,clipping,19.341,20.319,21.181
sample,long,empty,relationship,0,0,0,65536,6554,1968100,0,0
sample,long,empty,relationship,0,0,1,65536,6554,1950600,0,0
sample,long,empty,relationship,0,0,2,65536,6554,3092900,0,0
summary,long,empty,relationship,29.764,30.031,47.194
sample,long,empty,clipping,0,0,0,65536,6554,1328300,0,0
sample,long,empty,clipping,0,0,1,65536,6554,1756100,0,0
sample,long,empty,clipping,0,0,2,65536,6554,1974300,0,0
summary,long,empty,clipping,20.268,26.796,30.125
sample,long,concave-u,relationship,8,2,0,1024,103,8913700,0,0
sample,long,concave-u,relationship,8,2,1,1024,103,8592500,0,0
sample,long,concave-u,relationship,8,2,2,1024,103,9171800,0,0
summary,long,concave-u,relationship,8391.113,8704.785,8956.836
sample,long,concave-u,clipping,8,2,0,32,4,4360600,1318912,0
sample,long,concave-u,clipping,8,2,1,32,4,3549400,1318912,0
sample,long,concave-u,clipping,8,2,2,32,4,3636400,1318912,0
summary,long,concave-u,clipping,110918.750,113637.500,136268.750
sample,long,hole,relationship,8,2,0,1024,103,8652500,0,0
sample,long,hole,relationship,8,2,1,1024,103,8581800,0,0
sample,long,hole,relationship,8,2,2,1024,103,9441100,0,0
summary,long,hole,relationship,8380.664,8449.707,9219.824
sample,long,hole,clipping,8,2,0,64,7,6320300,2637824,0
sample,long,hole,clipping,8,2,1,64,7,5669900,2637824,0
sample,long,hole,clipping,8,2,2,64,7,5688500,2637824,0
summary,long,hole,clipping,88592.188,88882.812,98754.688
sample,long,hole-reversed,relationship,8,2,0,1024,103,9180000,0,0
sample,long,hole-reversed,relationship,8,2,1,1024,103,8954600,0,0
sample,long,hole-reversed,relationship,8,2,2,1024,103,8385500,0,0
summary,long,hole-reversed,relationship,8188.965,8744.727,8964.844
sample,long,hole-reversed,clipping,8,2,0,64,7,6117000,2637824,0
sample,long,hole-reversed,clipping,8,2,1,64,7,5836200,2637824,0
sample,long,hole-reversed,clipping,8,2,2,64,7,5964700,2637824,0
summary,long,hole-reversed,clipping,91190.625,93198.438,95578.125
sample,long,rational-crossing,relationship,3,1,0,2048,205,4970900,0,0
sample,long,rational-crossing,relationship,3,1,1,2048,205,4779300,0,0
sample,long,rational-crossing,relationship,3,1,2,2048,205,4955300,0,0
summary,long,rational-crossing,relationship,2333.643,2419.580,2427.197
sample,long,rational-crossing,clipping,3,1,0,256,26,9588900,5287936,1
sample,long,rational-crossing,clipping,3,1,1,256,26,10133700,5287936,1
sample,long,rational-crossing,clipping,3,1,2,256,26,9581400,5287936,1
summary,long,rational-crossing,clipping,37427.344,37456.641,39584.766
sample,long,sparse-1,relationship,4,1,0,2048,205,6946900,0,0
sample,long,sparse-1,relationship,4,1,1,2048,205,7140300,0,0
sample,long,sparse-1,relationship,4,1,2,2048,205,7036400,0,0
summary,long,sparse-1,relationship,3392.041,3435.742,3486.475
sample,long,sparse-1,clipping,4,1,0,128,13,6519700,3168256,0
sample,long,sparse-1,clipping,4,1,1,128,13,6764600,3168256,0
sample,long,sparse-1,clipping,4,1,2,128,13,5642000,3168256,0
summary,long,sparse-1,clipping,44078.125,50935.156,52848.438
sample,long,sparse-4,relationship,16,1,0,512,52,7339200,0,0
sample,long,sparse-4,relationship,16,1,1,512,52,7616300,0,0
sample,long,sparse-4,relationship,16,1,2,512,52,7516500,0,0
summary,long,sparse-4,relationship,14334.375,14680.664,14875.586
sample,long,sparse-4,clipping,16,1,0,128,13,7714700,9459712,2
sample,long,sparse-4,clipping,16,1,1,128,13,7015600,9459712,2
sample,long,sparse-4,clipping,16,1,2,128,13,7297800,9459712,2
summary,long,sparse-4,clipping,54809.375,57014.062,60271.094
sample,long,sparse-16,relationship,64,1,0,128,13,8117200,0,0
sample,long,sparse-16,relationship,64,1,1,128,13,8537400,0,0
sample,long,sparse-16,relationship,64,1,2,128,13,7427000,0,0
summary,long,sparse-16,relationship,58023.438,63415.625,66698.438
sample,long,sparse-16,clipping,64,1,0,64,7,7626200,17837056,5
sample,long,sparse-16,clipping,64,1,1,64,7,7746600,17837056,5
sample,long,sparse-16,clipping,64,1,2,64,7,7507800,17837056,5
summary,long,sparse-16,clipping,117309.375,119159.375,121040.625
sample,long,sparse-64,relationship,256,1,0,32,4,8111200,0,0
sample,long,sparse-64,relationship,256,1,1,32,4,7984600,0,0
sample,long,sparse-64,relationship,256,1,2,32,4,7045600,0,0
summary,long,sparse-64,relationship,220175.000,249518.750,253475.000
sample,long,sparse-64,clipping,256,1,0,16,2,8244500,17500928,2
sample,long,sparse-64,clipping,256,1,1,16,2,7292500,17500928,2
sample,long,sparse-64,clipping,256,1,2,16,2,7010800,17500928,2
summary,long,sparse-64,clipping,438175.000,455781.250,515281.250
sample,long,dense-1,relationship,4,1,0,2048,205,6770800,0,0
sample,long,dense-1,relationship,4,1,1,2048,205,6773000,0,0
sample,long,dense-1,relationship,4,1,2,2048,205,8919100,0,0
summary,long,dense-1,relationship,3306.055,3307.129,4355.029
sample,long,dense-1,clipping,4,1,0,256,26,10728200,6336512,1
sample,long,dense-1,clipping,4,1,1,256,26,11584300,6336512,1
sample,long,dense-1,clipping,4,1,2,256,26,10261600,6336512,1
summary,long,dense-1,clipping,40084.375,41907.031,45251.172
sample,long,dense-4,relationship,16,4,0,512,52,9792000,0,0
sample,long,dense-4,relationship,16,4,1,512,52,9346500,0,0
sample,long,dense-4,relationship,16,4,2,512,52,9777300,0,0
summary,long,dense-4,relationship,18254.883,19096.289,19125.000
sample,long,dense-4,clipping,16,4,0,32,4,6589000,2372096,0
sample,long,dense-4,clipping,16,4,1,32,4,6372600,2372096,0
sample,long,dense-4,clipping,16,4,2,32,4,6434900,2372096,0
summary,long,dense-4,clipping,199143.750,201090.625,205906.250
sample,long,dense-16,relationship,64,16,0,64,7,4959800,0,0
sample,long,dense-16,relationship,64,16,1,64,7,5809100,0,0
sample,long,dense-16,relationship,64,16,2,64,7,5374000,0,0
summary,long,dense-16,relationship,77496.875,83968.750,90767.188
sample,long,dense-16,clipping,64,16,0,8,1,8489200,2241408,0
sample,long,dense-16,clipping,64,16,1,8,1,12400100,2241408,0
sample,long,dense-16,clipping,64,16,2,8,1,7648000,2241408,0
summary,long,dense-16,clipping,956000.000,1061150.000,1550012.500
sample,long,dense-64,relationship,256,64,0,16,2,5062400,0,0
sample,long,dense-64,relationship,256,64,1,16,2,4972700,0,0
sample,long,dense-64,relationship,256,64,2,16,2,4861400,0,0
summary,long,dense-64,relationship,303837.500,310793.750,316400.000
sample,long,dense-64,clipping,256,64,0,2,1,9785800,2201600,0
sample,long,dense-64,clipping,256,64,1,2,1,9194400,2201600,0
sample,long,dense-64,clipping,256,64,2,2,1,8807900,2201600,0
summary,long,dense-64,clipping,4403950.000,4597200.000,4892900.000
sample,long,wide-integral,relationship,4,1,0,1024,103,4054800,0,0
sample,long,wide-integral,relationship,4,1,1,1024,103,4129500,0,0
sample,long,wide-integral,relationship,4,1,2,1024,103,3520600,0,0
summary,long,wide-integral,relationship,3438.086,3959.766,4032.715
sample,long,wide-integral,clipping,4,1,0,128,13,5363100,3168256,0
sample,long,wide-integral,clipping,4,1,1,128,13,5063500,3168256,0
sample,long,wide-integral,clipping,4,1,2,128,13,5066200,3168256,0
summary,long,wide-integral,clipping,39558.594,39579.688,41899.219
sample,long,endpoint-collapse,relationship,4,0,0,1024,103,4844800,0,0
sample,long,endpoint-collapse,relationship,4,0,1,1024,103,5466200,0,0
sample,long,endpoint-collapse,relationship,4,0,2,1024,103,4912600,0,0
summary,long,endpoint-collapse,relationship,4731.250,4797.461,5338.086
sample,long,endpoint-collapse,clipping,4,0,0,256,26,10056600,6328320,1
sample,long,endpoint-collapse,clipping,4,0,1,256,26,8528800,6328320,1
sample,long,endpoint-collapse,clipping,4,0,2,256,26,7978000,6328320,1
summary,long,endpoint-collapse,clipping,31164.062,33315.625,39283.594
sample,long,gap-collapse,relationship,8,0,0,1024,103,10514900,0,0
sample,long,gap-collapse,relationship,8,0,1,1024,103,13036700,0,0
sample,long,gap-collapse,relationship,8,0,2,1024,103,12307100,0,0
summary,long,gap-collapse,relationship,10268.457,12018.652,12731.152
sample,long,gap-collapse,clipping,8,0,0,64,7,5785500,2635776,0
sample,long,gap-collapse,clipping,8,0,1,64,7,7953900,2635776,0
sample,long,gap-collapse,clipping,8,0,2,64,7,5765000,2635776,0
summary,long,gap-collapse,clipping,90078.125,90398.438,124279.688
fixture,float,exterior,4,1,success,0
fixture,float,interior,4,4,success,1
fixture,float,crossing,4,7,success,1
fixture,float,boundary-only,4,10,success,1
fixture,float,boundary-overlap,4,11,success,1
fixture,float,isolated-tangent,4,3,success,0
fixture,float,degenerate-interior,4,4,success,0
fixture,float,degenerate-boundary,4,2,success,0
fixture,float,empty,0,1,success,0
fixture,float,concave-u,8,7,success,2
fixture,float,hole,8,7,success,2
fixture,float,hole-reversed,8,7,success,2
fixture,float,rational-crossing,3,7,success,1
fixture,float,sparse-1,4,7,success,1
fixture,float,sparse-4,16,7,success,1
fixture,float,sparse-16,64,7,success,1
fixture,float,sparse-64,256,7,success,1
fixture,float,dense-1,4,7,success,1
fixture,float,dense-4,16,7,success,4
fixture,float,dense-16,64,7,success,16
fixture,float,dense-64,256,7,success,64
fixture,float,subnormal,4,7,success,1
fixture,float,large-finite,4,7,success,1
preflight,float,23,PASS
sample,float,exterior,relationship,4,0,0,2048,205,6385000,0,0
sample,float,exterior,relationship,4,0,1,2048,205,6437000,0,0
sample,float,exterior,relationship,4,0,2,2048,205,6290500,0,0
summary,float,exterior,relationship,3071.533,3117.676,3143.066
sample,float,exterior,clipping,4,0,0,1024,103,7103100,25264128,6
sample,float,exterior,clipping,4,0,1,1024,103,7469400,25264128,6
sample,float,exterior,clipping,4,0,2,1024,103,7705100,25264128,6
summary,float,exterior,clipping,6936.621,7294.336,7524.512
sample,float,interior,relationship,4,1,0,2048,205,6759500,0,0
sample,float,interior,relationship,4,1,1,2048,205,7244600,0,0
sample,float,interior,relationship,4,1,2,2048,205,7123500,0,0
summary,float,interior,relationship,3300.537,3478.271,3537.402
sample,float,interior,clipping,4,1,0,512,52,7987700,12656640,3
sample,float,interior,clipping,4,1,1,512,52,7758100,12656640,3
sample,float,interior,clipping,4,1,2,512,52,7810500,12656640,3
summary,float,interior,clipping,15152.539,15254.883,15600.977
sample,float,crossing,relationship,4,1,0,2048,205,6209500,0,0
sample,float,crossing,relationship,4,1,1,2048,205,6317800,0,0
sample,float,crossing,relationship,4,1,2,2048,205,6153900,0,0
summary,float,crossing,relationship,3004.834,3031.982,3084.863
sample,float,crossing,clipping,4,1,0,256,26,9796200,6336512,1
sample,float,crossing,clipping,4,1,1,256,26,11242500,6336512,1
sample,float,crossing,clipping,4,1,2,256,26,11397600,6336512,1
summary,float,crossing,clipping,38266.406,43916.016,44521.875
sample,float,boundary-only,relationship,4,1,0,2048,205,7385500,0,0
sample,float,boundary-only,relationship,4,1,1,2048,205,7318200,0,0
sample,float,boundary-only,relationship,4,1,2,2048,205,7393300,0,0
summary,float,boundary-only,relationship,3573.340,3606.201,3610.010
sample,float,boundary-only,clipping,4,1,0,256,26,5970400,6328320,1
sample,float,boundary-only,clipping,4,1,1,256,26,5789200,6328320,1
sample,float,boundary-only,clipping,4,1,2,256,26,6110000,6328320,1
summary,float,boundary-only,clipping,22614.062,23321.875,23867.188
sample,float,boundary-overlap,relationship,4,1,0,2048,205,8887700,0,0
sample,float,boundary-overlap,relationship,4,1,1,2048,205,8848600,0,0
sample,float,boundary-overlap,relationship,4,1,2,2048,205,8614800,0,0
summary,float,boundary-overlap,relationship,4206.445,4320.605,4339.697
sample,float,boundary-overlap,clipping,4,1,0,256,26,6095000,6336512,1
sample,float,boundary-overlap,clipping,4,1,1,256,26,6358400,6336512,1
sample,float,boundary-overlap,clipping,4,1,2,256,26,5945400,6336512,1
summary,float,boundary-overlap,clipping,23224.219,23808.594,24837.500
sample,float,isolated-tangent,relationship,4,0,0,2048,205,10080300,0,0
sample,float,isolated-tangent,relationship,4,0,1,2048,205,9589400,0,0
sample,float,isolated-tangent,relationship,4,0,2,2048,205,10198200,0,0
summary,float,isolated-tangent,relationship,4682.324,4922.021,4979.590
sample,float,isolated-tangent,clipping,4,0,0,512,52,6336900,12632064,3
sample,float,isolated-tangent,clipping,4,0,1,512,52,6020500,12632064,3
sample,float,isolated-tangent,clipping,4,0,2,512,52,6013300,12632064,3
summary,float,isolated-tangent,clipping,11744.727,11758.789,12376.758
sample,float,degenerate-interior,relationship,4,0,0,65536,6554,5387600,0,0
sample,float,degenerate-interior,relationship,4,0,1,65536,6554,5046200,0,0
sample,float,degenerate-interior,relationship,4,0,2,65536,6554,5255500,0,0
summary,float,degenerate-interior,relationship,76.999,80.193,82.208
sample,float,degenerate-interior,clipping,4,0,0,65536,6554,915200,0,0
sample,float,degenerate-interior,clipping,4,0,1,65536,6554,676700,0,0
sample,float,degenerate-interior,clipping,4,0,2,65536,6554,715200,0,0
summary,float,degenerate-interior,clipping,10.326,10.913,13.965
sample,float,degenerate-boundary,relationship,4,0,0,65536,6554,5308900,0,0
sample,float,degenerate-boundary,relationship,4,0,1,65536,6554,5302300,0,0
sample,float,degenerate-boundary,relationship,4,0,2,65536,6554,5233300,0,0
summary,float,degenerate-boundary,relationship,79.854,80.907,81.007
sample,float,degenerate-boundary,clipping,4,0,0,65536,6554,689500,0,0
sample,float,degenerate-boundary,clipping,4,0,1,65536,6554,716600,0,0
sample,float,degenerate-boundary,clipping,4,0,2,65536,6554,677800,0,0
summary,float,degenerate-boundary,clipping,10.342,10.521,10.934
sample,float,empty,relationship,0,0,0,65536,6554,1142300,0,0
sample,float,empty,relationship,0,0,1,65536,6554,1124700,0,0
sample,float,empty,relationship,0,0,2,65536,6554,1229000,0,0
summary,float,empty,relationship,17.162,17.430,18.753
sample,float,empty,clipping,0,0,0,65536,6554,2055100,0,0
sample,float,empty,clipping,0,0,1,65536,6554,1008700,0,0
sample,float,empty,clipping,0,0,2,65536,6554,825400,0,0
summary,float,empty,clipping,12.595,15.392,31.358
sample,float,concave-u,relationship,8,2,0,1024,103,7714700,0,0
sample,float,concave-u,relationship,8,2,1,1024,103,8433200,0,0
sample,float,concave-u,relationship,8,2,2,1024,103,8121000,0,0
summary,float,concave-u,relationship,7533.887,7930.664,8235.547
sample,float,concave-u,clipping,8,2,0,64,7,5702500,2637824,0
sample,float,concave-u,clipping,8,2,1,64,7,5765500,2637824,0
sample,float,concave-u,clipping,8,2,2,64,7,5917200,2637824,0
summary,float,concave-u,clipping,89101.562,90085.938,92456.250
sample,float,hole,relationship,8,2,0,512,52,4268700,0,0
sample,float,hole,relationship,8,2,1,512,52,7805400,0,0
sample,float,hole,relationship,8,2,2,512,52,4223500,0,0
summary,float,hole,relationship,8249.023,8337.305,15244.922
sample,float,hole,clipping,8,2,0,64,7,5832200,2637824,0
sample,float,hole,clipping,8,2,1,64,7,5593000,2637824,0
sample,float,hole,clipping,8,2,2,64,7,6397300,2637824,0
summary,float,hole,clipping,87390.625,91128.125,99957.812
sample,float,hole-reversed,relationship,8,2,0,1024,103,8624700,0,0
sample,float,hole-reversed,relationship,8,2,1,1024,103,11434400,0,0
sample,float,hole-reversed,relationship,8,2,2,1024,103,8170000,0,0
summary,float,hole-reversed,relationship,7978.516,8422.559,11166.406
sample,float,hole-reversed,clipping,8,2,0,64,7,5895900,2637824,0
sample,float,hole-reversed,clipping,8,2,1,64,7,6476400,2637824,0
sample,float,hole-reversed,clipping,8,2,2,64,7,7942100,2637824,0
summary,float,hole-reversed,clipping,92123.438,101193.750,124095.312
sample,float,rational-crossing,relationship,3,1,0,4096,410,11437100,0,0
sample,float,rational-crossing,relationship,3,1,1,4096,410,9716000,0,0
sample,float,rational-crossing,relationship,3,1,2,4096,410,11090700,0,0
summary,float,rational-crossing,relationship,2372.070,2707.690,2792.261
sample,float,rational-crossing,clipping,3,1,0,128,13,5160500,2643968,0
sample,float,rational-crossing,clipping,3,1,1,128,13,5192300,2643968,0
sample,float,rational-crossing,clipping,3,1,2,128,13,5246400,2643968,0
summary,float,rational-crossing,clipping,40316.406,40564.844,40987.500
sample,float,sparse-1,relationship,4,1,0,2048,205,6371000,0,0
sample,float,sparse-1,relationship,4,1,1,2048,205,6457800,0,0
sample,float,sparse-1,relationship,4,1,2,2048,205,6086500,0,0
summary,float,sparse-1,relationship,2971.924,3110.840,3153.223
sample,float,sparse-1,clipping,4,1,0,128,13,5214800,3168256,0
sample,float,sparse-1,clipping,4,1,1,128,13,7279300,3168256,0
sample,float,sparse-1,clipping,4,1,2,128,13,5314500,3168256,0
summary,float,sparse-1,clipping,40740.625,41519.531,56869.531
sample,float,sparse-4,relationship,16,1,0,512,52,7118300,0,0
sample,float,sparse-4,relationship,16,1,1,512,52,7242700,0,0
sample,float,sparse-4,relationship,16,1,2,512,52,6772100,0,0
summary,float,sparse-4,relationship,13226.758,13902.930,14145.898
sample,float,sparse-4,clipping,16,1,0,128,13,8779900,9459712,2
sample,float,sparse-4,clipping,16,1,1,128,13,7202500,9459712,2
sample,float,sparse-4,clipping,16,1,2,128,13,7468500,9459712,2
summary,float,sparse-4,clipping,56269.531,58347.656,68592.969
sample,float,sparse-16,relationship,64,1,0,64,7,3740100,0,0
sample,float,sparse-16,relationship,64,1,1,64,7,3773400,0,0
sample,float,sparse-16,relationship,64,1,2,64,7,3589300,0,0
summary,float,sparse-16,relationship,56082.812,58439.062,58959.375
sample,float,sparse-16,clipping,64,1,0,64,7,6775500,17837056,5
sample,float,sparse-16,clipping,64,1,1,64,7,7120800,17837056,5
sample,float,sparse-16,clipping,64,1,2,64,7,7054900,17837056,5
summary,float,sparse-16,clipping,105867.188,110232.812,111262.500
sample,float,sparse-64,relationship,256,1,0,32,4,6894900,0,0
sample,float,sparse-64,relationship,256,1,1,32,4,7357300,0,0
sample,float,sparse-64,relationship,256,1,2,32,4,7254500,0,0
summary,float,sparse-64,relationship,215465.625,226703.125,229915.625
sample,float,sparse-64,clipping,256,1,0,16,2,7797200,17500928,2
sample,float,sparse-64,clipping,256,1,1,16,2,6727600,17500928,2
sample,float,sparse-64,clipping,256,1,2,16,2,6563100,17500928,2
summary,float,sparse-64,clipping,410193.750,420475.000,487325.000
sample,float,dense-1,relationship,4,1,0,2048,205,6186900,0,0
sample,float,dense-1,relationship,4,1,1,2048,205,6094800,0,0
sample,float,dense-1,relationship,4,1,2,2048,205,6045700,0,0
summary,float,dense-1,relationship,2952.002,2975.977,3020.947
sample,float,dense-1,clipping,4,1,0,128,13,5711200,3168256,0
sample,float,dense-1,clipping,4,1,1,128,13,4979900,3168256,0
sample,float,dense-1,clipping,4,1,2,128,13,5092900,3168256,0
summary,float,dense-1,clipping,38905.469,39788.281,44618.750
sample,float,dense-4,relationship,16,4,0,512,52,9339100,0,0
sample,float,dense-4,relationship,16,4,1,512,52,9503800,0,0
sample,float,dense-4,relationship,16,4,2,512,52,9101200,0,0
summary,float,dense-4,relationship,17775.781,18240.430,18562.109
sample,float,dense-4,clipping,16,4,0,32,4,6535500,2372096,0
sample,float,dense-4,clipping,16,4,1,32,4,6621000,2372096,0
sample,float,dense-4,clipping,16,4,2,32,4,6689600,2372096,0
summary,float,dense-4,clipping,204234.375,206906.250,209050.000
sample,float,dense-16,relationship,64,16,0,128,13,9079500,0,0
sample,float,dense-16,relationship,64,16,1,128,13,9121800,0,0
sample,float,dense-16,relationship,64,16,2,128,13,9380100,0,0
summary,float,dense-16,relationship,70933.594,71264.062,73282.031
sample,float,dense-16,clipping,64,16,0,8,1,7982300,2241408,0
sample,float,dense-16,clipping,64,16,1,8,1,7481600,2241408,0
sample,float,dense-16,clipping,64,16,2,8,1,7301800,2241408,0
summary,float,dense-16,clipping,912725.000,935200.000,997787.500
sample,float,dense-64,relationship,256,64,0,32,4,9559700,0,0
sample,float,dense-64,relationship,256,64,1,32,4,9397800,0,0
sample,float,dense-64,relationship,256,64,2,32,4,9363500,0,0
summary,float,dense-64,relationship,292609.375,293681.250,298740.625
sample,float,dense-64,clipping,256,64,0,1,1,4306500,1100800,0
sample,float,dense-64,clipping,256,64,1,1,1,5002500,1100800,0
sample,float,dense-64,clipping,256,64,2,1,1,4488000,1100800,0
summary,float,dense-64,clipping,4306500.000,4488000.000,5002500.000
sample,float,subnormal,relationship,4,1,0,2048,205,5806400,0,0
sample,float,subnormal,relationship,4,1,1,2048,205,6532000,0,0
sample,float,subnormal,relationship,4,1,2,2048,205,5951900,0,0
summary,float,subnormal,relationship,2835.156,2906.201,3189.453
sample,float,subnormal,clipping,4,1,0,256,26,9496200,6336512,1
sample,float,subnormal,clipping,4,1,1,256,26,10480100,6336512,1
sample,float,subnormal,clipping,4,1,2,256,26,10135000,6336512,1
summary,float,subnormal,clipping,37094.531,39589.844,40937.891
sample,float,large-finite,relationship,4,1,0,2048,205,6190100,0,0
sample,float,large-finite,relationship,4,1,1,2048,205,5961800,0,0
sample,float,large-finite,relationship,4,1,2,2048,205,6160200,0,0
summary,float,large-finite,relationship,2911.035,3007.910,3022.510
sample,float,large-finite,clipping,4,1,0,128,13,4789400,3168256,0
sample,float,large-finite,clipping,4,1,1,128,13,4775200,3168256,0
sample,float,large-finite,clipping,4,1,2,128,13,5516700,3168256,0
summary,float,large-finite,clipping,37306.250,37417.188,43099.219
fixture,double,exterior,4,1,success,0
fixture,double,interior,4,4,success,1
fixture,double,crossing,4,7,success,1
fixture,double,boundary-only,4,10,success,1
fixture,double,boundary-overlap,4,11,success,1
fixture,double,isolated-tangent,4,3,success,0
fixture,double,degenerate-interior,4,4,success,0
fixture,double,degenerate-boundary,4,2,success,0
fixture,double,empty,0,1,success,0
fixture,double,concave-u,8,7,success,2
fixture,double,hole,8,7,success,2
fixture,double,hole-reversed,8,7,success,2
fixture,double,rational-crossing,3,7,success,1
fixture,double,sparse-1,4,7,success,1
fixture,double,sparse-4,16,7,success,1
fixture,double,sparse-16,64,7,success,1
fixture,double,sparse-64,256,7,success,1
fixture,double,dense-1,4,7,success,1
fixture,double,dense-4,16,7,success,4
fixture,double,dense-16,64,7,success,16
fixture,double,dense-64,256,7,success,64
fixture,double,subnormal,4,7,success,1
fixture,double,large-finite,4,7,success,1
preflight,double,23,PASS
sample,double,exterior,relationship,4,0,0,2048,205,6708800,0,0
sample,double,exterior,relationship,4,0,1,2048,205,6441600,0,0
sample,double,exterior,relationship,4,0,2,2048,205,6140400,0,0
summary,double,exterior,relationship,2998.242,3145.312,3275.781
sample,double,exterior,clipping,4,0,0,1024,103,7126200,25264128,6
sample,double,exterior,clipping,4,0,1,1024,103,7377600,25264128,6
sample,double,exterior,clipping,4,0,2,1024,103,7186500,25264128,6
summary,double,exterior,clipping,6959.180,7018.066,7204.688
sample,double,interior,relationship,4,1,0,2048,205,5989700,0,0
sample,double,interior,relationship,4,1,1,2048,205,6211000,0,0
sample,double,interior,relationship,4,1,2,2048,205,6156600,0,0
summary,double,interior,relationship,2924.658,3006.152,3032.715
sample,double,interior,clipping,4,1,0,512,52,7937200,12656640,3
sample,double,interior,clipping,4,1,1,512,52,7870500,12656640,3
sample,double,interior,clipping,4,1,2,512,52,8181700,12656640,3
summary,double,interior,clipping,15372.070,15502.344,15979.883
sample,double,crossing,relationship,4,1,0,2048,205,6527600,0,0
sample,double,crossing,relationship,4,1,1,2048,205,6338900,0,0
sample,double,crossing,relationship,4,1,2,2048,205,6038600,0,0
summary,double,crossing,relationship,2948.535,3095.166,3187.305
sample,double,crossing,clipping,4,1,0,256,26,10234200,6336512,1
sample,double,crossing,clipping,4,1,1,256,26,9708600,6336512,1
sample,double,crossing,clipping,4,1,2,256,26,11541000,6336512,1
summary,double,crossing,clipping,37924.219,39977.344,45082.031
sample,double,boundary-only,relationship,4,1,0,2048,205,7137100,0,0
sample,double,boundary-only,relationship,4,1,1,2048,205,7309300,0,0
sample,double,boundary-only,relationship,4,1,2,2048,205,7059000,0,0
summary,double,boundary-only,relationship,3446.777,3484.912,3568.994
sample,double,boundary-only,clipping,4,1,0,256,26,7402000,6328320,1
sample,double,boundary-only,clipping,4,1,1,256,26,6413500,6328320,1
sample,double,boundary-only,clipping,4,1,2,256,26,5977900,6328320,1
summary,double,boundary-only,clipping,23351.172,25052.734,28914.062
sample,double,boundary-overlap,relationship,4,1,0,2048,205,11761000,0,0
sample,double,boundary-overlap,relationship,4,1,1,2048,205,11140900,0,0
sample,double,boundary-overlap,relationship,4,1,2,2048,205,9066500,0,0
summary,double,boundary-overlap,relationship,4427.002,5439.893,5742.676
sample,double,boundary-overlap,clipping,4,1,0,256,26,6135000,6336512,1
sample,double,boundary-overlap,clipping,4,1,1,256,26,6046300,6336512,1
sample,double,boundary-overlap,clipping,4,1,2,256,26,5945000,6336512,1
summary,double,boundary-overlap,clipping,23222.656,23618.359,23964.844
sample,double,isolated-tangent,relationship,4,0,0,1024,103,7036200,0,0
sample,double,isolated-tangent,relationship,4,0,1,1024,103,5247300,0,0
sample,double,isolated-tangent,relationship,4,0,2,1024,103,5181800,0,0
summary,double,isolated-tangent,relationship,5060.352,5124.316,6871.289
sample,double,isolated-tangent,clipping,4,0,0,512,52,6203000,12632064,3
sample,double,isolated-tangent,clipping,4,0,1,512,52,5835600,12632064,3
sample,double,isolated-tangent,clipping,4,0,2,512,52,6289700,12632064,3
summary,double,isolated-tangent,clipping,11397.656,12115.234,12284.570
sample,double,degenerate-interior,relationship,4,0,0,65536,6554,5379900,0,0
sample,double,degenerate-interior,relationship,4,0,1,65536,6554,5183700,0,0
sample,double,degenerate-interior,relationship,4,0,2,65536,6554,5493000,0,0
summary,double,degenerate-interior,relationship,79.097,82.091,83.817
sample,double,degenerate-interior,clipping,4,0,0,65536,6554,737600,0,0
sample,double,degenerate-interior,clipping,4,0,1,65536,6554,765700,0,0
sample,double,degenerate-interior,clipping,4,0,2,65536,6554,746300,0,0
summary,double,degenerate-interior,clipping,11.255,11.388,11.684
sample,double,degenerate-boundary,relationship,4,0,0,65536,6554,4855000,0,0
sample,double,degenerate-boundary,relationship,4,0,1,65536,6554,4864700,0,0
sample,double,degenerate-boundary,relationship,4,0,2,65536,6554,4929800,0,0
summary,double,degenerate-boundary,relationship,74.081,74.229,75.223
sample,double,degenerate-boundary,clipping,4,0,0,65536,6554,791800,0,0
sample,double,degenerate-boundary,clipping,4,0,1,65536,6554,777300,0,0
sample,double,degenerate-boundary,clipping,4,0,2,65536,6554,739000,0,0
summary,double,degenerate-boundary,clipping,11.276,11.861,12.082
sample,double,empty,relationship,0,0,0,65536,6554,1302900,0,0
sample,double,empty,relationship,0,0,1,65536,6554,1319300,0,0
sample,double,empty,relationship,0,0,2,65536,6554,1502000,0,0
summary,double,empty,relationship,19.881,20.131,22.919
sample,double,empty,clipping,0,0,0,65536,6554,1002700,0,0
sample,double,empty,clipping,0,0,1,65536,6554,957800,0,0
sample,double,empty,clipping,0,0,2,65536,6554,936100,0,0
summary,double,empty,clipping,14.284,14.615,15.300
sample,double,concave-u,relationship,8,2,0,1024,103,8016300,0,0
sample,double,concave-u,relationship,8,2,1,1024,103,9888000,0,0
sample,double,concave-u,relationship,8,2,2,1024,103,8101200,0,0
summary,double,concave-u,relationship,7828.418,7911.328,9656.250
sample,double,concave-u,clipping,8,2,0,64,7,6414500,2637824,0
sample,double,concave-u,clipping,8,2,1,64,7,5766700,2637824,0
sample,double,concave-u,clipping,8,2,2,64,7,6160600,2637824,0
summary,double,concave-u,clipping,90104.688,96259.375,100226.562
sample,double,hole,relationship,8,2,0,1024,103,11994100,0,0
sample,double,hole,relationship,8,2,1,1024,103,9141800,0,0
sample,double,hole,relationship,8,2,2,1024,103,7831600,0,0
summary,double,hole,relationship,7648.047,8927.539,11712.988
sample,double,hole,clipping,8,2,0,64,7,5905700,2637824,0
sample,double,hole,clipping,8,2,1,64,7,5549700,2637824,0
sample,double,hole,clipping,8,2,2,64,7,5915400,2637824,0
summary,double,hole,clipping,86714.062,92276.562,92428.125
sample,double,hole-reversed,relationship,8,2,0,512,52,3922400,0,0
sample,double,hole-reversed,relationship,8,2,1,512,52,4065300,0,0
sample,double,hole-reversed,relationship,8,2,2,512,52,4251500,0,0
summary,double,hole-reversed,relationship,7660.938,7940.039,8303.711
sample,double,hole-reversed,clipping,8,2,0,64,7,6324300,2637824,0
sample,double,hole-reversed,clipping,8,2,1,64,7,5681900,2637824,0
sample,double,hole-reversed,clipping,8,2,2,64,7,6180900,2637824,0
summary,double,hole-reversed,clipping,88779.688,96576.562,98817.188
sample,double,rational-crossing,relationship,3,1,0,4096,410,8829100,0,0
sample,double,rational-crossing,relationship,3,1,1,4096,410,8362000,0,0
sample,double,rational-crossing,relationship,3,1,2,4096,410,8339600,0,0
summary,double,rational-crossing,relationship,2036.035,2041.504,2155.542
sample,double,rational-crossing,clipping,3,1,0,256,26,9762700,5287936,1
sample,double,rational-crossing,clipping,3,1,1,256,26,9825100,5287936,1
sample,double,rational-crossing,clipping,3,1,2,256,26,9444200,5287936,1
summary,double,rational-crossing,clipping,36891.406,38135.547,38379.297
sample,double,sparse-1,relationship,4,1,0,2048,205,6202600,0,0
sample,double,sparse-1,relationship,4,1,1,2048,205,5998300,0,0
sample,double,sparse-1,relationship,4,1,2,2048,205,6322100,0,0
summary,double,sparse-1,relationship,2928.857,3028.613,3086.963
sample,double,sparse-1,clipping,4,1,0,128,13,5092000,3168256,0
sample,double,sparse-1,clipping,4,1,1,128,13,4720000,3168256,0
sample,double,sparse-1,clipping,4,1,2,128,13,4634900,3168256,0
summary,double,sparse-1,clipping,36210.156,36875.000,39781.250
sample,double,sparse-4,relationship,16,1,0,512,52,6556700,0,0
sample,double,sparse-4,relationship,16,1,1,512,52,6862200,0,0
sample,double,sparse-4,relationship,16,1,2,512,52,7306500,0,0
summary,double,sparse-4,relationship,12806.055,13402.734,14270.508
sample,double,sparse-4,clipping,16,1,0,128,13,6939400,9459712,2
sample,double,sparse-4,clipping,16,1,1,128,13,7148300,9459712,2
sample,double,sparse-4,clipping,16,1,2,128,13,7727000,9459712,2
summary,double,sparse-4,clipping,54214.062,55846.094,60367.188
sample,double,sparse-16,relationship,64,1,0,128,13,6881100,0,0
sample,double,sparse-16,relationship,64,1,1,128,13,6952700,0,0
sample,double,sparse-16,relationship,64,1,2,128,13,7799500,0,0
summary,double,sparse-16,relationship,53758.594,54317.969,60933.594
sample,double,sparse-16,clipping,64,1,0,64,7,7821700,17837056,5
sample,double,sparse-16,clipping,64,1,1,64,7,8536900,17837056,5
sample,double,sparse-16,clipping,64,1,2,64,7,7398400,17837056,5
summary,double,sparse-16,clipping,115600.000,122214.062,133389.062
sample,double,sparse-64,relationship,256,1,0,32,4,7441500,0,0
sample,double,sparse-64,relationship,256,1,1,32,4,7004400,0,0
sample,double,sparse-64,relationship,256,1,2,32,4,7193000,0,0
summary,double,sparse-64,relationship,218887.500,224781.250,232546.875
sample,double,sparse-64,clipping,256,1,0,16,2,9945000,17500928,2
sample,double,sparse-64,clipping,256,1,1,16,2,7646800,17500928,2
sample,double,sparse-64,clipping,256,1,2,16,2,6536900,17500928,2
summary,double,sparse-64,clipping,408556.250,477925.000,621562.500
sample,double,dense-1,relationship,4,1,0,2048,205,6437200,0,0
sample,double,dense-1,relationship,4,1,1,2048,205,9241200,0,0
sample,double,dense-1,relationship,4,1,2,2048,205,7158500,0,0
summary,double,dense-1,relationship,3143.164,3495.361,4512.305
sample,double,dense-1,clipping,4,1,0,256,26,11286300,6336512,1
sample,double,dense-1,clipping,4,1,1,256,26,10505400,6336512,1
sample,double,dense-1,clipping,4,1,2,256,26,10804300,6336512,1
summary,double,dense-1,clipping,41036.719,42204.297,44087.109
sample,double,dense-4,relationship,16,4,0,512,52,9063300,0,0
sample,double,dense-4,relationship,16,4,1,512,52,10003200,0,0
sample,double,dense-4,relationship,16,4,2,512,52,16246000,0,0
summary,double,dense-4,relationship,17701.758,19537.500,31730.469
sample,double,dense-4,clipping,16,4,0,32,4,6444000,2372096,0
sample,double,dense-4,clipping,16,4,1,32,4,6599100,2372096,0
sample,double,dense-4,clipping,16,4,2,32,4,7686500,2372096,0
summary,double,dense-4,clipping,201375.000,206221.875,240203.125
sample,double,dense-16,relationship,64,16,0,128,13,9517600,0,0
sample,double,dense-16,relationship,64,16,1,128,13,8908800,0,0
sample,double,dense-16,relationship,64,16,2,128,13,8915100,0,0
summary,double,dense-16,relationship,69600.000,69649.219,74356.250
sample,double,dense-16,clipping,64,16,0,8,1,8170200,2241408,0
sample,double,dense-16,clipping,64,16,1,8,1,7618500,2241408,0
sample,double,dense-16,clipping,64,16,2,8,1,7410300,2241408,0
summary,double,dense-16,clipping,926287.500,952312.500,1021275.000
sample,double,dense-64,relationship,256,64,0,16,2,5006600,0,0
sample,double,dense-64,relationship,256,64,1,16,2,5412600,0,0
sample,double,dense-64,relationship,256,64,2,16,2,7185800,0,0
summary,double,dense-64,relationship,312912.500,338287.500,449112.500
sample,double,dense-64,clipping,256,64,0,1,1,4549800,1100800,0
sample,double,dense-64,clipping,256,64,1,1,1,4277600,1100800,0
sample,double,dense-64,clipping,256,64,2,1,1,4576300,1100800,0
summary,double,dense-64,clipping,4277600.000,4549800.000,4576300.000
sample,double,subnormal,relationship,4,1,0,256,26,5157600,0,0
sample,double,subnormal,relationship,4,1,1,256,26,5352700,0,0
sample,double,subnormal,relationship,4,1,2,256,26,5356500,0,0
summary,double,subnormal,relationship,20146.875,20908.984,20923.828
sample,double,subnormal,clipping,4,1,0,128,13,9226100,3168256,0
sample,double,subnormal,clipping,4,1,1,128,13,9125400,3168256,0
sample,double,subnormal,clipping,4,1,2,128,13,8608700,3168256,0
summary,double,subnormal,clipping,67255.469,71292.188,72078.906
sample,double,large-finite,relationship,4,1,0,256,26,5950900,0,0
sample,double,large-finite,relationship,4,1,1,256,26,5180200,0,0
sample,double,large-finite,relationship,4,1,2,256,26,5426100,0,0
summary,double,large-finite,relationship,20235.156,21195.703,23245.703
sample,double,large-finite,clipping,4,1,0,128,13,9999400,3168256,0
sample,double,large-finite,clipping,4,1,1,128,13,9706300,3168256,0
sample,double,large-finite,clipping,4,1,2,128,13,9062000,3168256,0
summary,double,large-finite,clipping,70796.875,75830.469,78120.312
sink,699264750671314723
