fixture_header,scalar,case,edges,expected_fact_bits,expected_status,expected_components
sample_header,scalar,case,operation,edges,expected_components,round,iterations,warmup,elapsed_ns,gc_bytes,gc_collections
summary_header,scalar,case,operation,min_ns_per_op,median_ns_per_op,max_ns_per_op
fixture,int,exterior,4,1,success,0
fixture,int,interior,4,4,success,1
fixture,int,crossing,4,7,success,1
fixture,int,boundary-only,4,10,success,1
fixture,int,boundary-overlap,4,11,success,1
fixture,int,isolated-tangent,4,3,success,0
fixture,int,degenerate-interior,4,4,success,0
fixture,int,degenerate-boundary,4,2,success,0
fixture,int,empty,0,1,success,0
fixture,int,concave-u,8,7,success,2
fixture,int,hole,8,7,success,2
fixture,int,hole-reversed,8,7,success,2
fixture,int,rational-crossing,3,7,success,1
fixture,int,sparse-1,4,7,success,1
fixture,int,sparse-4,16,7,success,1
fixture,int,sparse-16,64,7,success,1
fixture,int,sparse-64,256,7,success,1
fixture,int,dense-1,4,7,success,1
fixture,int,dense-4,16,7,success,4
fixture,int,dense-16,64,7,success,16
fixture,int,dense-64,256,7,success,64
fixture,int,wide-integral,4,7,success,1
preflight,int,22,PASS
sample,int,exterior,relationship,4,0,0,2048,205,14869700,0,0
sample,int,exterior,relationship,4,0,1,2048,205,10582100,0,0
sample,int,exterior,relationship,4,0,2,2048,205,14636600,0,0
sample,int,exterior,relationship,4,0,3,2048,205,14980200,0,0
sample,int,exterior,relationship,4,0,4,2048,205,10649600,0,0
summary,int,exterior,relationship,5167.041,7146.777,7314.551
sample,int,exterior,clipping,4,0,0,1024,103,15842500,8486912,2
sample,int,exterior,clipping,4,0,1,1024,103,14415500,8486912,2
sample,int,exterior,clipping,4,0,2,1024,103,17458500,8486912,2
sample,int,exterior,clipping,4,0,3,1024,103,11972900,8486912,2
sample,int,exterior,clipping,4,0,4,1024,103,17711300,8486912,2
summary,int,exterior,clipping,11692.285,15471.191,17296.191
sample,int,interior,relationship,4,1,0,2048,205,11496600,0,0
sample,int,interior,relationship,4,1,1,2048,205,10661900,0,0
sample,int,interior,relationship,4,1,2,2048,205,11143100,0,0
sample,int,interior,relationship,4,1,3,2048,205,6289300,0,0
sample,int,interior,relationship,4,1,4,2048,205,10548400,0,0
summary,int,interior,relationship,3070.947,5206.006,5613.574
sample,int,interior,clipping,4,1,0,512,52,18760200,4268032,1
sample,int,interior,clipping,4,1,1,512,52,19930200,4268032,1
sample,int,interior,clipping,4,1,2,512,52,15980400,4268032,1
sample,int,interior,clipping,4,1,3,512,52,11732100,4268032,1
sample,int,interior,clipping,4,1,4,512,52,20216700,4268032,1
summary,int,interior,clipping,22914.258,36641.016,39485.742
sample,int,crossing,relationship,4,1,0,2048,205,10893700,0,0
sample,int,crossing,relationship,4,1,1,2048,205,7803700,0,0
sample,int,crossing,relationship,4,1,2,2048,205,10986800,0,0
sample,int,crossing,relationship,4,1,3,2048,205,10658400,0,0
sample,int,crossing,relationship,4,1,4,2048,205,15107600,0,0
summary,int,crossing,relationship,3810.400,5319.189,7376.758
sample,int,crossing,clipping,4,1,0,128,13,9473300,2119680,0
sample,int,crossing,clipping,4,1,1,128,13,5547300,2119680,0
sample,int,crossing,clipping,4,1,2,128,13,5156600,2119680,0
sample,int,crossing,clipping,4,1,3,128,13,5991900,2119680,0
sample,int,crossing,clipping,4,1,4,128,13,14952300,2119680,0
summary,int,crossing,clipping,40285.938,46811.719,116814.844
sample,int,boundary-only,relationship,4,1,0,2048,205,18345500,0,0
sample,int,boundary-only,relationship,4,1,1,2048,205,17289900,0,0
sample,int,boundary-only,relationship,4,1,2,2048,205,16592600,0,0
sample,int,boundary-only,relationship,4,1,3,2048,205,16442000,0,0
sample,int,boundary-only,relationship,4,1,4,2048,205,22823800,0,0
summary,int,boundary-only,relationship,8028.320,8442.334,11144.434
sample,int,boundary-only,clipping,4,1,0,256,26,10250500,5279744,1
sample,int,boundary-only,clipping,4,1,1,256,26,14092700,5279744,1
sample,int,boundary-only,clipping,4,1,2,256,26,16051500,5279744,1
sample,int,boundary-only,clipping,4,1,3,256,26,12767000,5279744,1
sample,int,boundary-only,clipping,4,1,4,256,26,14680000,5279744,1
summary,int,boundary-only,clipping,40041.016,55049.609,62701.172
sample,int,boundary-overlap,relationship,4,1,0,2048,205,23787400,0,0
sample,int,boundary-overlap,relationship,4,1,1,2048,205,23483500,0,0
sample,int,boundary-overlap,relationship,4,1,2,2048,205,25207800,0,0
sample,int,boundary-overlap,relationship,4,1,3,2048,205,24856500,0,0
sample,int,boundary-overlap,relationship,4,1,4,2048,205,19281200,0,0
summary,int,boundary-overlap,relationship,9414.648,11614.941,12308.496
sample,int,boundary-overlap,clipping,4,1,0,256,26,16086200,5287936,1
sample,int,boundary-overlap,clipping,4,1,1,256,26,11246700,5287936,1
sample,int,boundary-overlap,clipping,4,1,2,256,26,14246500,5287936,1
sample,int,boundary-overlap,clipping,4,1,3,256,26,15234600,5287936,1
sample,int,boundary-overlap,clipping,4,1,4,256,26,14933500,5287936,1
summary,int,boundary-overlap,clipping,43932.422,58333.984,62836.719
sample,int,isolated-tangent,relationship,4,0,0,2048,205,17376600,0,0
sample,int,isolated-tangent,relationship,4,0,1,2048,205,22553700,0,0
sample,int,isolated-tangent,relationship,4,0,2,2048,205,17773400,0,0
sample,int,isolated-tangent,relationship,4,0,3,2048,205,18856800,0,0
sample,int,isolated-tangent,relationship,4,0,4,2048,205,14530900,0,0
summary,int,isolated-tangent,relationship,7095.166,8678.418,11012.549
sample,int,isolated-tangent,clipping,4,0,0,512,52,11369000,8437760,2
sample,int,isolated-tangent,clipping,4,0,1,512,52,10137100,8437760,2
sample,int,isolated-tangent,clipping,4,0,2,512,52,12514500,8437760,2
sample,int,isolated-tangent,clipping,4,0,3,512,52,12001000,8437760,2
sample,int,isolated-tangent,clipping,4,0,4,512,52,12020400,8437760,2
summary,int,isolated-tangent,clipping,19799.023,23439.453,24442.383
sample,int,degenerate-interior,relationship,4,0,0,65536,6554,13642000,0,0
sample,int,degenerate-interior,relationship,4,0,1,65536,6554,11699000,0,0
sample,int,degenerate-interior,relationship,4,0,2,65536,6554,15598700,0,0
sample,int,degenerate-interior,relationship,4,0,3,65536,6554,15695300,0,0
sample,int,degenerate-interior,relationship,4,0,4,65536,6554,15840200,0,0
summary,int,degenerate-interior,relationship,178.513,238.017,241.702
sample,int,degenerate-interior,clipping,4,0,0,65536,6554,848100,0,0
sample,int,degenerate-interior,clipping,4,0,1,65536,6554,4348700,0,0
sample,int,degenerate-interior,clipping,4,0,2,65536,6554,938100,0,0
sample,int,degenerate-interior,clipping,4,0,3,65536,6554,863300,0,0
sample,int,degenerate-interior,clipping,4,0,4,65536,6554,918100,0,0
summary,int,degenerate-interior,clipping,12.941,14.009,66.356
sample,int,degenerate-boundary,relationship,4,0,0,65536,6554,16173400,0,0
sample,int,degenerate-boundary,relationship,4,0,1,65536,6554,16648700,0,0
sample,int,degenerate-boundary,relationship,4,0,2,65536,6554,18439600,0,0
sample,int,degenerate-boundary,relationship,4,0,3,65536,6554,16862100,0,0
sample,int,degenerate-boundary,relationship,4,0,4,65536,6554,18655800,0,0
summary,int,degenerate-boundary,relationship,246.786,257.295,284.665
sample,int,degenerate-boundary,clipping,4,0,0,65536,6554,888000,0,0
sample,int,degenerate-boundary,clipping,4,0,1,65536,6554,861600,0,0
sample,int,degenerate-boundary,clipping,4,0,2,65536,6554,847200,0,0
sample,int,degenerate-boundary,clipping,4,0,3,65536,6554,1034500,0,0
sample,int,degenerate-boundary,clipping,4,0,4,65536,6554,4915600,0,0
summary,int,degenerate-boundary,clipping,12.927,13.550,75.006
sample,int,empty,relationship,0,0,0,65536,6554,1313200,0,0
sample,int,empty,relationship,0,0,1,65536,6554,1707000,0,0
sample,int,empty,relationship,0,0,2,65536,6554,7713500,0,0
sample,int,empty,relationship,0,0,3,65536,6554,1323300,0,0
sample,int,empty,relationship,0,0,4,65536,6554,1216600,0,0
summary,int,empty,relationship,18.564,20.192,117.699
sample,int,empty,clipping,0,0,0,65536,6554,6683900,0,0
sample,int,empty,clipping,0,0,1,65536,6554,1169400,0,0
sample,int,empty,clipping,0,0,2,65536,6554,1015100,0,0
sample,int,empty,clipping,0,0,3,65536,6554,1024600,0,0
sample,int,empty,clipping,0,0,4,65536,6554,970900,0,0
summary,int,empty,clipping,14.815,15.634,101.988
sample,int,concave-u,relationship,8,2,0,1024,103,16963900,0,0
sample,int,concave-u,relationship,8,2,1,1024,103,16760600,0,0
sample,int,concave-u,relationship,8,2,2,1024,103,12526700,0,0
sample,int,concave-u,relationship,8,2,3,1024,103,16456600,0,0
sample,int,concave-u,relationship,8,2,4,1024,103,16318100,0,0
summary,int,concave-u,relationship,12233.105,16070.898,16566.309
sample,int,concave-u,clipping,8,2,0,128,13,18960000,3178496,0
sample,int,concave-u,clipping,8,2,1,128,13,14991300,3178496,0
sample,int,concave-u,clipping,8,2,2,128,13,18825400,3178496,0
sample,int,concave-u,clipping,8,2,3,128,13,14555200,3178496,0
sample,int,concave-u,clipping,8,2,4,128,13,19342400,3178496,0
summary,int,concave-u,clipping,113712.500,147073.438,151112.500
sample,int,hole,relationship,8,2,0,1024,103,16644300,0,0
sample,int,hole,relationship,8,2,1,1024,103,16787200,0,0
sample,int,hole,relationship,8,2,2,1024,103,16673500,0,0
sample,int,hole,relationship,8,2,3,1024,103,15774900,0,0
sample,int,hole,relationship,8,2,4,1024,103,12812100,0,0
summary,int,hole,relationship,12511.816,16254.199,16393.750
sample,int,hole,clipping,8,2,0,64,7,9563700,1589248,0
sample,int,hole,clipping,8,2,1,64,7,10771500,1589248,0
sample,int,hole,clipping,8,2,2,64,7,12300300,1589248,0
sample,int,hole,clipping,8,2,3,64,7,9648400,1589248,0
sample,int,hole,clipping,8,2,4,64,7,5223900,1589248,0
summary,int,hole,clipping,81623.438,150756.250,192192.188
sample,int,hole-reversed,relationship,8,2,0,1024,103,11863300,0,0
sample,int,hole-reversed,relationship,8,2,1,1024,103,16620900,0,0
sample,int,hole-reversed,relationship,8,2,2,1024,103,12604800,0,0
sample,int,hole-reversed,relationship,8,2,3,1024,103,12358400,0,0
sample,int,hole-reversed,relationship,8,2,4,1024,103,16008400,0,0
summary,int,hole-reversed,relationship,11585.254,12309.375,16231.348
sample,int,hole-reversed,clipping,8,2,0,128,13,18945400,3178496,0
sample,int,hole-reversed,clipping,8,2,1,128,13,18635000,3178496,0
sample,int,hole-reversed,clipping,8,2,2,128,13,20213500,3178496,0
sample,int,hole-reversed,clipping,8,2,3,128,13,19423200,3178496,0
sample,int,hole-reversed,clipping,8,2,4,128,13,18832900,3178496,0
summary,int,hole-reversed,clipping,145585.938,148010.938,157917.969
sample,int,rational-crossing,relationship,3,1,0,4096,410,16851700,0,0
sample,int,rational-crossing,relationship,3,1,1,4096,410,16957300,0,0
sample,int,rational-crossing,relationship,3,1,2,4096,410,17297400,0,0
sample,int,rational-crossing,relationship,3,1,3,4096,410,17260600,0,0
sample,int,rational-crossing,relationship,3,1,4,4096,410,13162900,0,0
summary,int,rational-crossing,relationship,3213.599,4139.966,4222.998
sample,int,rational-crossing,clipping,3,1,0,256,26,16836500,4239360,1
sample,int,rational-crossing,clipping,3,1,1,256,26,26077600,4239360,1
sample,int,rational-crossing,clipping,3,1,2,256,26,17757300,4239360,1
sample,int,rational-crossing,clipping,3,1,3,256,26,17659100,4239360,1
sample,int,rational-crossing,clipping,3,1,4,256,26,20817400,4239360,1
summary,int,rational-crossing,clipping,65767.578,69364.453,101865.625
sample,int,sparse-1,relationship,4,1,0,2048,205,12018400,0,0
sample,int,sparse-1,relationship,4,1,1,2048,205,10080400,0,0
sample,int,sparse-1,relationship,4,1,2,2048,205,6511900,0,0
sample,int,sparse-1,relationship,4,1,3,2048,205,10314700,0,0
sample,int,sparse-1,relationship,4,1,4,2048,205,14755300,0,0
summary,int,sparse-1,relationship,3179.639,5036.475,7204.736
sample,int,sparse-1,clipping,4,1,0,256,26,19990400,4239360,1
sample,int,sparse-1,clipping,4,1,1,256,26,13442600,4239360,1
sample,int,sparse-1,clipping,4,1,2,256,26,18761900,4239360,1
sample,int,sparse-1,clipping,4,1,3,256,26,19893500,4239360,1
sample,int,sparse-1,clipping,4,1,4,256,26,17543800,4239360,1
summary,int,sparse-1,clipping,52510.156,73288.672,78087.500
sample,int,sparse-4,relationship,16,1,0,512,52,6981400,0,0
sample,int,sparse-4,relationship,16,1,1,512,52,11109800,0,0
sample,int,sparse-4,relationship,16,1,2,512,52,7104700,0,0
sample,int,sparse-4,relationship,16,1,3,512,52,11504800,0,0
sample,int,sparse-4,relationship,16,1,4,512,52,10897300,0,0
summary,int,sparse-4,relationship,13635.547,21283.789,22470.312
sample,int,sparse-4,clipping,16,1,0,128,13,10864600,2119680,0
sample,int,sparse-4,clipping,16,1,1,128,13,10365100,2119680,0
sample,int,sparse-4,clipping,16,1,2,128,13,15199400,2119680,0
sample,int,sparse-4,clipping,16,1,3,128,13,14465300,2119680,0
sample,int,sparse-4,clipping,16,1,4,128,13,10423500,2119680,0
summary,int,sparse-4,clipping,80977.344,84879.688,118745.312
sample,int,sparse-16,relationship,64,1,0,128,13,15499600,0,0
sample,int,sparse-16,relationship,64,1,1,128,13,15193600,0,0
sample,int,sparse-16,relationship,64,1,2,128,13,10837300,0,0
sample,int,sparse-16,relationship,64,1,3,128,13,14662100,0,0
sample,int,sparse-16,relationship,64,1,4,128,13,15847600,0,0
summary,int,sparse-16,relationship,84666.406,118700.000,123809.375
sample,int,sparse-16,clipping,64,1,0,64,7,15060200,1059840,0
sample,int,sparse-16,clipping,64,1,1,64,7,15748500,1059840,0
sample,int,sparse-16,clipping,64,1,2,64,7,11220400,1059840,0
sample,int,sparse-16,clipping,64,1,3,64,7,10982200,1059840,0
sample,int,sparse-16,clipping,64,1,4,64,7,14734900,1059840,0
summary,int,sparse-16,clipping,171596.875,230232.812,246070.312
sample,int,sparse-64,relationship,256,1,0,32,4,11228500,0,0
sample,int,sparse-64,relationship,256,1,1,32,4,14694900,0,0
sample,int,sparse-64,relationship,256,1,2,32,4,11018500,0,0
sample,int,sparse-64,relationship,256,1,3,32,4,6941200,0,0
sample,int,sparse-64,relationship,256,1,4,32,4,10882600,0,0
summary,int,sparse-64,relationship,216912.500,344328.125,459215.625
sample,int,sparse-64,clipping,256,1,0,16,2,5091400,264960,0
sample,int,sparse-64,clipping,256,1,1,16,2,5007100,264960,0
sample,int,sparse-64,clipping,256,1,2,16,2,9014900,264960,0
sample,int,sparse-64,clipping,256,1,3,16,2,9656900,264960,0
sample,int,sparse-64,clipping,256,1,4,16,2,8095600,264960,0
summary,int,sparse-64,clipping,312943.750,505975.000,603556.250
sample,int,dense-1,relationship,4,1,0,2048,205,11580700,0,0
sample,int,dense-1,relationship,4,1,1,2048,205,6769600,0,0
sample,int,dense-1,relationship,4,1,2,2048,205,10403900,0,0
sample,int,dense-1,relationship,4,1,3,2048,205,14583900,0,0
sample,int,dense-1,relationship,4,1,4,2048,205,10403400,0,0
summary,int,dense-1,relationship,3305.469,5080.029,7121.045
sample,int,dense-1,clipping,4,1,0,256,26,19001300,4239360,1
sample,int,dense-1,clipping,4,1,1,256,26,17430200,4239360,1
sample,int,dense-1,clipping,4,1,2,256,26,22679800,4239360,1
sample,int,dense-1,clipping,4,1,3,256,26,17416800,4239360,1
sample,int,dense-1,clipping,4,1,4,256,26,22342800,4239360,1
summary,int,dense-1,clipping,68034.375,74223.828,88592.969
sample,int,dense-4,relationship,16,4,0,512,52,17428200,0,0
sample,int,dense-4,relationship,16,4,1,512,52,13760400,0,0
sample,int,dense-4,relationship,16,4,2,512,52,16937100,0,0
sample,int,dense-4,relationship,16,4,3,512,52,14650500,0,0
sample,int,dense-4,relationship,16,4,4,512,52,16943400,0,0
summary,int,dense-4,relationship,26875.781,33080.273,34039.453
sample,int,dense-4,clipping,16,4,0,32,4,6232400,1323520,0
sample,int,dense-4,clipping,16,4,1,32,4,6360700,1323520,0
sample,int,dense-4,clipping,16,4,2,32,4,5950400,1323520,0
sample,int,dense-4,clipping,16,4,3,32,4,5928800,1323520,0
sample,int,dense-4,clipping,16,4,4,32,4,7046300,1323520,0
summary,int,dense-4,clipping,185275.000,194762.500,220196.875
sample,int,dense-16,relationship,64,16,0,64,7,5329000,0,0
sample,int,dense-16,relationship,64,16,1,64,7,10911400,0,0
sample,int,dense-16,relationship,64,16,2,64,7,8949700,0,0
sample,int,dense-16,relationship,64,16,3,64,7,10857300,0,0
sample,int,dense-16,relationship,64,16,4,64,7,11292100,0,0
summary,int,dense-16,relationship,83265.625,169645.312,176439.062
sample,int,dense-16,clipping,64,16,0,8,1,7496500,1160064,0
sample,int,dense-16,clipping,64,16,1,8,1,11288500,1160064,0
sample,int,dense-16,clipping,64,16,2,8,1,11076100,1160064,0
sample,int,dense-16,clipping,64,16,3,8,1,13933600,1160064,0
sample,int,dense-16,clipping,64,16,4,8,1,16552200,1160064,0
summary,int,dense-16,clipping,937062.500,1411062.500,2069025.000
sample,int,dense-64,relationship,256,64,0,32,4,13451700,0,0
sample,int,dense-64,relationship,256,64,1,32,4,19430900,0,0
sample,int,dense-64,relationship,256,64,2,32,4,18398500,0,0
sample,int,dense-64,relationship,256,64,3,32,4,14944100,0,0
sample,int,dense-64,relationship,256,64,4,32,4,19626700,0,0
summary,int,dense-64,relationship,420365.625,574953.125,613334.375
sample,int,dense-64,clipping,256,64,0,2,1,17887600,1112064,0
sample,int,dense-64,clipping,256,64,1,2,1,16364000,1112064,0
sample,int,dense-64,clipping,256,64,2,2,1,12942600,1112064,0
sample,int,dense-64,clipping,256,64,3,2,1,16369400,1112064,0
sample,int,dense-64,clipping,256,64,4,2,1,14842000,1112064,0
summary,int,dense-64,clipping,6471300.000,8182000.000,8943800.000
sample,int,wide-integral,relationship,4,1,0,2048,205,10387900,0,0
sample,int,wide-integral,relationship,4,1,1,2048,205,7048700,0,0
sample,int,wide-integral,relationship,4,1,2,2048,205,10477100,0,0
sample,int,wide-integral,relationship,4,1,3,2048,205,6180900,0,0
sample,int,wide-integral,relationship,4,1,4,2048,205,10260300,0,0
summary,int,wide-integral,relationship,3018.018,5009.912,5115.771
sample,int,wide-integral,clipping,4,1,0,256,26,22870800,4239360,1
sample,int,wide-integral,clipping,4,1,1,256,26,18120300,4239360,1
sample,int,wide-integral,clipping,4,1,2,256,26,21805200,4239360,1
sample,int,wide-integral,clipping,4,1,3,256,26,17398100,4239360,1
sample,int,wide-integral,clipping,4,1,4,256,26,18557700,4239360,1
summary,int,wide-integral,clipping,67961.328,72491.016,89339.062
fixture,long,exterior,4,1,success,0
fixture,long,interior,4,4,success,1
fixture,long,crossing,4,7,success,1
fixture,long,boundary-only,4,10,success,1
fixture,long,boundary-overlap,4,11,success,1
fixture,long,isolated-tangent,4,3,success,0
fixture,long,degenerate-interior,4,4,success,0
fixture,long,degenerate-boundary,4,2,success,0
fixture,long,empty,0,1,success,0
fixture,long,concave-u,8,7,success,2
fixture,long,hole,8,7,success,2
fixture,long,hole-reversed,8,7,success,2
fixture,long,rational-crossing,3,7,success,1
fixture,long,sparse-1,4,7,success,1
fixture,long,sparse-4,16,7,success,1
fixture,long,sparse-16,64,7,success,1
fixture,long,sparse-64,256,7,success,1
fixture,long,dense-1,4,7,success,1
fixture,long,dense-4,16,7,success,4
fixture,long,dense-16,64,7,success,16
fixture,long,dense-64,256,7,success,64
fixture,long,wide-integral,4,7,success,1
fixture,long,endpoint-collapse,4,6,unrepresentableConstruction,0
fixture,long,gap-collapse,8,7,unrepresentableConstruction,0
preflight,long,24,PASS
sample,long,exterior,relationship,4,0,0,2048,205,6387100,0,0
sample,long,exterior,relationship,4,0,1,2048,205,6723900,0,0
sample,long,exterior,relationship,4,0,2,2048,205,10726800,0,0
sample,long,exterior,relationship,4,0,3,2048,205,6462300,0,0
sample,long,exterior,relationship,4,0,4,2048,205,10587900,0,0
summary,long,exterior,relationship,3118.701,3283.154,5237.695
sample,long,exterior,clipping,4,0,0,1024,103,16400500,8486912,2
sample,long,exterior,clipping,4,0,1,1024,103,15768000,8486912,2
sample,long,exterior,clipping,4,0,2,1024,103,15882300,8486912,2
sample,long,exterior,clipping,4,0,3,1024,103,11659300,8486912,2
sample,long,exterior,clipping,4,0,4,1024,103,15726000,8486912,2
summary,long,exterior,clipping,11386.035,15398.438,16016.113
sample,long,interior,relationship,4,1,0,2048,205,6708200,0,0
sample,long,interior,relationship,4,1,1,2048,205,6810900,0,0
sample,long,interior,relationship,4,1,2,2048,205,10568000,0,0
sample,long,interior,relationship,4,1,3,2048,205,14906400,0,0
sample,long,interior,relationship,4,1,4,2048,205,15190700,0,0
summary,long,interior,relationship,3275.488,5160.156,7417.334
sample,long,interior,clipping,4,1,0,512,52,21845000,4268032,1
sample,long,interior,clipping,4,1,1,512,52,16192300,4268032,1
sample,long,interior,clipping,4,1,2,512,52,15850100,4268032,1
sample,long,interior,clipping,4,1,3,512,52,15722100,4268032,1
sample,long,interior,clipping,4,1,4,512,52,15479200,4268032,1
summary,long,interior,clipping,30232.812,30957.227,42666.016
sample,long,crossing,relationship,4,1,0,2048,205,14533400,0,0
sample,long,crossing,relationship,4,1,1,2048,205,11389500,0,0
sample,long,crossing,relationship,4,1,2,2048,205,13768300,0,0
sample,long,crossing,relationship,4,1,3,2048,205,11627700,0,0
sample,long,crossing,relationship,4,1,4,2048,205,10967300,0,0
summary,long,crossing,relationship,5355.127,5677.588,7096.387
sample,long,crossing,clipping,4,1,0,128,13,4982000,2119680,0
sample,long,crossing,clipping,4,1,1,128,13,4913800,2119680,0
sample,long,crossing,clipping,4,1,2,128,13,10891100,2119680,0
sample,long,crossing,clipping,4,1,3,128,13,12122000,2119680,0
sample,long,crossing,clipping,4,1,4,128,13,8734500,2119680,0
summary,long,crossing,clipping,38389.062,68238.281,94703.125
sample,long,boundary-only,relationship,4,1,0,2048,205,13203100,0,0
sample,long,boundary-only,relationship,4,1,1,2048,205,12940800,0,0
sample,long,boundary-only,relationship,4,1,2,2048,205,16944900,0,0
sample,long,boundary-only,relationship,4,1,3,2048,205,13814500,0,0
sample,long,boundary-only,relationship,4,1,4,2048,205,20468300,0,0
summary,long,boundary-only,relationship,6318.750,6745.361,9994.287
sample,long,boundary-only,clipping,4,1,0,256,26,11291400,5279744,1
sample,long,boundary-only,clipping,4,1,1,256,26,14723000,5279744,1
sample,long,boundary-only,clipping,4,1,2,256,26,10610200,5279744,1
sample,long,boundary-only,clipping,4,1,3,256,26,14547400,5279744,1
sample,long,boundary-only,clipping,4,1,4,256,26,10043300,5279744,1
summary,long,boundary-only,clipping,39231.641,44107.031,57511.719
sample,long,boundary-overlap,relationship,4,1,0,512,52,6957000,0,0
sample,long,boundary-overlap,relationship,4,1,1,512,52,2723000,0,0
sample,long,boundary-overlap,relationship,4,1,2,512,52,6728800,0,0
sample,long,boundary-overlap,relationship,4,1,3,512,52,2762000,0,0
sample,long,boundary-overlap,relationship,4,1,4,512,52,3194800,0,0
summary,long,boundary-overlap,relationship,5318.359,6239.844,13587.891
sample,long,boundary-overlap,clipping,4,1,0,128,13,4412200,2643968,0
sample,long,boundary-overlap,clipping,4,1,1,128,13,9277200,2643968,0
sample,long,boundary-overlap,clipping,4,1,2,128,13,4011500,2643968,0
sample,long,boundary-overlap,clipping,4,1,3,128,13,3386500,2643968,0
sample,long,boundary-overlap,clipping,4,1,4,128,13,3870100,2643968,0
summary,long,boundary-overlap,clipping,26457.031,31339.844,72478.125
sample,long,isolated-tangent,relationship,4,0,0,2048,205,18360000,0,0
sample,long,isolated-tangent,relationship,4,0,1,2048,205,30961800,0,0
sample,long,isolated-tangent,relationship,4,0,2,2048,205,22512700,0,0
sample,long,isolated-tangent,relationship,4,0,3,2048,205,18314800,0,0
sample,long,isolated-tangent,relationship,4,0,4,2048,205,15245500,0,0
summary,long,isolated-tangent,relationship,7444.092,8964.844,15118.066
sample,long,isolated-tangent,clipping,4,0,0,512,52,11359100,8437760,2
sample,long,isolated-tangent,clipping,4,0,1,512,52,10222900,8437760,2
sample,long,isolated-tangent,clipping,4,0,2,512,52,12591900,8437760,2
sample,long,isolated-tangent,clipping,4,0,3,512,52,12060200,8437760,2
sample,long,isolated-tangent,clipping,4,0,4,512,52,12462500,8437760,2
summary,long,isolated-tangent,clipping,19966.602,23555.078,24593.555
sample,long,degenerate-interior,relationship,4,0,0,65536,6554,6938200,0,0
sample,long,degenerate-interior,relationship,4,0,1,65536,6554,6882500,0,0
sample,long,degenerate-interior,relationship,4,0,2,65536,6554,11143000,0,0
sample,long,degenerate-interior,relationship,4,0,3,65536,6554,10647800,0,0
sample,long,degenerate-interior,relationship,4,0,4,65536,6554,10994400,0,0
summary,long,degenerate-interior,relationship,105.019,162.473,170.029
sample,long,degenerate-interior,clipping,4,0,0,65536,6554,1197400,0,0
sample,long,degenerate-interior,clipping,4,0,1,65536,6554,1209800,0,0
sample,long,degenerate-interior,clipping,4,0,2,65536,6554,1183100,0,0
sample,long,degenerate-interior,clipping,4,0,3,65536,6554,5211000,0,0
sample,long,degenerate-interior,clipping,4,0,4,65536,6554,1218300,0,0
summary,long,degenerate-interior,clipping,18.053,18.460,79.514
sample,long,degenerate-boundary,relationship,4,0,0,65536,6554,6109400,0,0
sample,long,degenerate-boundary,relationship,4,0,1,65536,6554,6506400,0,0
sample,long,degenerate-boundary,relationship,4,0,2,65536,6554,10242500,0,0
sample,long,degenerate-boundary,relationship,4,0,3,65536,6554,11037600,0,0
sample,long,degenerate-boundary,relationship,4,0,4,65536,6554,6214700,0,0
summary,long,degenerate-boundary,relationship,93.222,99.280,168.420
sample,long,degenerate-boundary,clipping,4,0,0,65536,6554,6949200,0,0
sample,long,degenerate-boundary,clipping,4,0,1,65536,6554,1514600,0,0
sample,long,degenerate-boundary,clipping,4,0,2,65536,6554,1456900,0,0
sample,long,degenerate-boundary,clipping,4,0,3,65536,6554,1255900,0,0
sample,long,degenerate-boundary,clipping,4,0,4,65536,6554,7386000,0,0
summary,long,degenerate-boundary,clipping,19.164,23.111,112.701
sample,long,empty,relationship,0,0,0,65536,6554,8532500,0,0
sample,long,empty,relationship,0,0,1,65536,6554,1951400,0,0
sample,long,empty,relationship,0,0,2,65536,6554,2017800,0,0
sample,long,empty,relationship,0,0,3,65536,6554,1970300,0,0
sample,long,empty,relationship,0,0,4,65536,6554,1917700,0,0
summary,long,empty,relationship,29.262,30.064,130.196
sample,long,empty,clipping,0,0,0,65536,6554,1257800,0,0
sample,long,empty,clipping,0,0,1,65536,6554,1292700,0,0
sample,long,empty,clipping,0,0,2,65536,6554,5561400,0,0
sample,long,empty,clipping,0,0,3,65536,6554,1218600,0,0
sample,long,empty,clipping,0,0,4,65536,6554,1277000,0,0
summary,long,empty,clipping,18.594,19.485,84.860
sample,long,concave-u,relationship,8,2,0,1024,103,16177400,0,0
sample,long,concave-u,relationship,8,2,1,1024,103,16147900,0,0
sample,long,concave-u,relationship,8,2,2,1024,103,16269100,0,0
sample,long,concave-u,relationship,8,2,3,1024,103,16470700,0,0
sample,long,concave-u,relationship,8,2,4,1024,103,16790200,0,0
summary,long,concave-u,relationship,15769.434,15887.793,16396.680
sample,long,concave-u,clipping,8,2,0,128,13,22894700,3178496,0
sample,long,concave-u,clipping,8,2,1,128,13,23627600,3178496,0
sample,long,concave-u,clipping,8,2,2,128,13,18922100,3178496,0
sample,long,concave-u,clipping,8,2,3,128,13,23251700,3178496,0
sample,long,concave-u,clipping,8,2,4,128,13,14592000,3178496,0
summary,long,concave-u,clipping,114000.000,178864.844,184590.625
sample,long,hole,relationship,8,2,0,1024,103,16056000,0,0
sample,long,hole,relationship,8,2,1,1024,103,17351400,0,0
sample,long,hole,relationship,8,2,2,1024,103,17908800,0,0
sample,long,hole,relationship,8,2,3,1024,103,16392000,0,0
sample,long,hole,relationship,8,2,4,1024,103,16420000,0,0
summary,long,hole,relationship,15679.688,16035.156,17489.062
sample,long,hole,clipping,8,2,0,128,13,23522300,3178496,0
sample,long,hole,clipping,8,2,1,128,13,23138600,3178496,0
sample,long,hole,clipping,8,2,2,128,13,23052200,3178496,0
sample,long,hole,clipping,8,2,3,128,13,18745000,3178496,0
sample,long,hole,clipping,8,2,4,128,13,18541400,3178496,0
summary,long,hole,clipping,144854.688,180095.312,183767.969
sample,long,hole-reversed,relationship,8,2,0,1024,103,16260100,0,0
sample,long,hole-reversed,relationship,8,2,1,1024,103,16246100,0,0
sample,long,hole-reversed,relationship,8,2,2,1024,103,16096600,0,0
sample,long,hole-reversed,relationship,8,2,3,1024,103,12022300,0,0
sample,long,hole-reversed,relationship,8,2,4,1024,103,7921400,0,0
summary,long,hole-reversed,relationship,7735.742,15719.336,15879.004
sample,long,hole-reversed,clipping,8,2,0,64,7,5289200,1589248,0
sample,long,hole-reversed,clipping,8,2,1,64,7,5478900,1589248,0
sample,long,hole-reversed,clipping,8,2,2,64,7,10952200,1589248,0
sample,long,hole-reversed,clipping,8,2,3,64,7,13416500,1589248,0
sample,long,hole-reversed,clipping,8,2,4,64,7,5627400,1589248,0
summary,long,hole-reversed,clipping,82643.750,87928.125,209632.812
sample,long,rational-crossing,relationship,3,1,0,4096,410,13239700,0,0
sample,long,rational-crossing,relationship,3,1,1,4096,410,19137600,0,0
sample,long,rational-crossing,relationship,3,1,2,4096,410,19583400,0,0
sample,long,rational-crossing,relationship,3,1,3,4096,410,17503100,0,0
sample,long,rational-crossing,relationship,3,1,4,4096,410,13088100,0,0
summary,long,rational-crossing,relationship,3195.337,4273.218,4781.104
sample,long,rational-crossing,clipping,3,1,0,128,13,4522700,2119680,0
sample,long,rational-crossing,clipping,3,1,1,128,13,4518100,2119680,0
sample,long,rational-crossing,clipping,3,1,2,128,13,8593000,2119680,0
sample,long,rational-crossing,clipping,3,1,3,128,13,10270100,2119680,0
sample,long,rational-crossing,clipping,3,1,4,128,13,8533300,2119680,0
summary,long,rational-crossing,clipping,35297.656,66666.406,80235.156
sample,long,sparse-1,relationship,4,1,0,2048,205,6589500,0,0
sample,long,sparse-1,relationship,4,1,1,2048,205,10576900,0,0
sample,long,sparse-1,relationship,4,1,2,2048,205,15854300,0,0
sample,long,sparse-1,relationship,4,1,3,2048,205,14781800,0,0
sample,long,sparse-1,relationship,4,1,4,2048,205,10470700,0,0
summary,long,sparse-1,relationship,3217.529,5164.502,7741.357
sample,long,sparse-1,clipping,4,1,0,256,26,17868700,4239360,1
sample,long,sparse-1,clipping,4,1,1,256,26,21972000,4239360,1
sample,long,sparse-1,clipping,4,1,2,256,26,19999700,4239360,1
sample,long,sparse-1,clipping,4,1,3,256,26,19920300,4239360,1
sample,long,sparse-1,clipping,4,1,4,256,26,18050200,4239360,1
summary,long,sparse-1,clipping,69799.609,77813.672,85828.125
sample,long,sparse-4,relationship,16,1,0,512,52,13021600,0,0
sample,long,sparse-4,relationship,16,1,1,512,52,11344200,0,0
sample,long,sparse-4,relationship,16,1,2,512,52,11528700,0,0
sample,long,sparse-4,relationship,16,1,3,512,52,7417100,0,0
sample,long,sparse-4,relationship,16,1,4,512,52,11531400,0,0
summary,long,sparse-4,relationship,14486.523,22516.992,25432.812
sample,long,sparse-4,clipping,16,1,0,128,13,6676200,2119680,0
sample,long,sparse-4,clipping,16,1,1,128,13,10598000,2119680,0
sample,long,sparse-4,clipping,16,1,2,128,13,15011300,2119680,0
sample,long,sparse-4,clipping,16,1,3,128,13,14587800,2119680,0
sample,long,sparse-4,clipping,16,1,4,128,13,10534800,2119680,0
summary,long,sparse-4,clipping,52157.812,82796.875,117275.781
sample,long,sparse-16,relationship,64,1,0,128,13,15089700,0,0
sample,long,sparse-16,relationship,64,1,1,128,13,15918200,0,0
sample,long,sparse-16,relationship,64,1,2,128,13,12389000,0,0
sample,long,sparse-16,relationship,64,1,3,128,13,7135100,0,0
sample,long,sparse-16,relationship,64,1,4,128,13,11205200,0,0
summary,long,sparse-16,relationship,55742.969,96789.062,124360.938
sample,long,sparse-16,clipping,64,1,0,64,7,11395300,1059840,0
sample,long,sparse-16,clipping,64,1,1,64,7,12203800,1059840,0
sample,long,sparse-16,clipping,64,1,2,64,7,13455200,1059840,0
sample,long,sparse-16,clipping,64,1,3,64,7,12186900,1059840,0
sample,long,sparse-16,clipping,64,1,4,64,7,6742500,1059840,0
summary,long,sparse-16,clipping,105351.562,190420.312,210237.500
sample,long,sparse-64,relationship,256,1,0,32,4,12836400,0,0
sample,long,sparse-64,relationship,256,1,1,32,4,11523300,0,0
sample,long,sparse-64,relationship,256,1,2,32,4,11286900,0,0
sample,long,sparse-64,relationship,256,1,3,32,4,15326400,0,0
sample,long,sparse-64,relationship,256,1,4,32,4,7299800,0,0
summary,long,sparse-64,relationship,228118.750,360103.125,478950.000
sample,long,sparse-64,clipping,256,1,0,32,4,18434100,529920,0
sample,long,sparse-64,clipping,256,1,1,32,4,22587400,529920,0
sample,long,sparse-64,clipping,256,1,2,32,4,18521800,529920,0
sample,long,sparse-64,clipping,256,1,3,32,4,14519100,529920,0
sample,long,sparse-64,clipping,256,1,4,32,4,18375700,529920,0
summary,long,sparse-64,clipping,453721.875,576065.625,705856.250
sample,long,dense-1,relationship,4,1,0,2048,205,7881800,0,0
sample,long,dense-1,relationship,4,1,1,2048,205,13599900,0,0
sample,long,dense-1,relationship,4,1,2,2048,205,12857200,0,0
sample,long,dense-1,relationship,4,1,3,2048,205,7447600,0,0
sample,long,dense-1,relationship,4,1,4,2048,205,10877800,0,0
summary,long,dense-1,relationship,3636.523,5311.426,6640.576
sample,long,dense-1,clipping,4,1,0,128,13,5573500,2119680,0
sample,long,dense-1,clipping,4,1,1,128,13,8726700,2119680,0
sample,long,dense-1,clipping,4,1,2,128,13,8815000,2119680,0
sample,long,dense-1,clipping,4,1,3,128,13,9418900,2119680,0
sample,long,dense-1,clipping,4,1,4,128,13,10416600,2119680,0
summary,long,dense-1,clipping,43542.969,68867.188,81379.688
sample,long,dense-4,relationship,16,4,0,512,52,17097600,0,0
sample,long,dense-4,relationship,16,4,1,512,52,17149900,0,0
sample,long,dense-4,relationship,16,4,2,512,52,17737100,0,0
sample,long,dense-4,relationship,16,4,3,512,52,16906300,0,0
sample,long,dense-4,relationship,16,4,4,512,52,17002900,0,0
summary,long,dense-4,relationship,33020.117,33393.750,34642.773
sample,long,dense-4,clipping,16,4,0,32,4,12771200,1323520,0
sample,long,dense-4,clipping,16,4,1,32,4,10540000,1323520,0
sample,long,dense-4,clipping,16,4,2,32,4,10737300,1323520,0
sample,long,dense-4,clipping,16,4,3,32,4,24049200,1323520,0
sample,long,dense-4,clipping,16,4,4,32,4,6150000,1323520,0
summary,long,dense-4,clipping,192187.500,335540.625,751537.500
sample,long,dense-16,relationship,64,16,0,64,7,8989100,0,0
sample,long,dense-16,relationship,64,16,1,64,7,9081000,0,0
sample,long,dense-16,relationship,64,16,2,64,7,14467600,0,0
sample,long,dense-16,relationship,64,16,3,64,7,9034200,0,0
sample,long,dense-16,relationship,64,16,4,64,7,4815400,0,0
summary,long,dense-16,relationship,75240.625,141159.375,226056.250
sample,long,dense-16,clipping,64,16,0,8,1,15096500,1160064,0
sample,long,dense-16,clipping,64,16,1,8,1,15655900,1160064,0
sample,long,dense-16,clipping,64,16,2,8,1,11214500,1160064,0
sample,long,dense-16,clipping,64,16,3,8,1,11133800,1160064,0
sample,long,dense-16,clipping,64,16,4,8,1,14753000,1160064,0
summary,long,dense-16,clipping,1391725.000,1844125.000,1956987.500
sample,long,dense-64,relationship,256,64,0,32,4,18149600,0,0
sample,long,dense-64,relationship,256,64,1,32,4,17859100,0,0
sample,long,dense-64,relationship,256,64,2,32,4,18617100,0,0
sample,long,dense-64,relationship,256,64,3,32,4,20121800,0,0
sample,long,dense-64,relationship,256,64,4,32,4,21808900,0,0
summary,long,dense-64,relationship,558096.875,581784.375,681528.125
sample,long,dense-64,clipping,256,64,0,2,1,17213200,1112064,0
sample,long,dense-64,clipping,256,64,1,2,1,16707300,1112064,0
sample,long,dense-64,clipping,256,64,2,2,1,16583500,1112064,0
sample,long,dense-64,clipping,256,64,3,2,1,12341300,1112064,0
sample,long,dense-64,clipping,256,64,4,2,1,16303800,1112064,0
summary,long,dense-64,clipping,6170650.000,8291750.000,8606600.000
sample,long,wide-integral,relationship,4,1,0,2048,205,10550900,0,0
sample,long,wide-integral,relationship,4,1,1,2048,205,14890200,0,0
sample,long,wide-integral,relationship,4,1,2,2048,205,14751400,0,0
sample,long,wide-integral,relationship,4,1,3,2048,205,10556200,0,0
sample,long,wide-integral,relationship,4,1,4,2048,205,14483900,0,0
summary,long,wide-integral,relationship,5151.807,7072.217,7270.605
sample,long,wide-integral,clipping,4,1,0,256,26,22275600,4239360,1
sample,long,wide-integral,clipping,4,1,1,256,26,23463000,4239360,1
sample,long,wide-integral,clipping,4,1,2,256,26,19976100,4239360,1
sample,long,wide-integral,clipping,4,1,3,256,26,18182700,4239360,1
sample,long,wide-integral,clipping,4,1,4,256,26,22144300,4239360,1
summary,long,wide-integral,clipping,71026.172,86501.172,91652.344
sample,long,endpoint-collapse,relationship,4,0,0,2048,205,16481300,0,0
sample,long,endpoint-collapse,relationship,4,0,1,2048,205,17287800,0,0
sample,long,endpoint-collapse,relationship,4,0,2,2048,205,17146800,0,0
sample,long,endpoint-collapse,relationship,4,0,3,2048,205,17268100,0,0
sample,long,endpoint-collapse,relationship,4,0,4,2048,205,16976300,0,0
summary,long,endpoint-collapse,relationship,8047.510,8372.461,8441.309
sample,long,endpoint-collapse,clipping,4,0,0,256,26,15218500,4231168,1
sample,long,endpoint-collapse,clipping,4,0,1,256,26,15874300,4231168,1
sample,long,endpoint-collapse,clipping,4,0,2,256,26,16062200,4231168,1
sample,long,endpoint-collapse,clipping,4,0,3,256,26,15866700,4231168,1
sample,long,endpoint-collapse,clipping,4,0,4,256,26,16013600,4231168,1
summary,long,endpoint-collapse,clipping,59447.266,62008.984,62742.969
sample,long,gap-collapse,relationship,8,0,0,1024,103,17353400,0,0
sample,long,gap-collapse,relationship,8,0,1,1024,103,19041700,0,0
sample,long,gap-collapse,relationship,8,0,2,1024,103,19781400,0,0
sample,long,gap-collapse,relationship,8,0,3,1024,103,17516600,0,0
sample,long,gap-collapse,relationship,8,0,4,1024,103,13552800,0,0
summary,long,gap-collapse,relationship,13235.156,17106.055,19317.773
sample,long,gap-collapse,clipping,8,0,0,128,13,22471400,3174400,0
sample,long,gap-collapse,clipping,8,0,1,128,13,18784300,3174400,0
sample,long,gap-collapse,clipping,8,0,2,128,13,14278400,3174400,0
sample,long,gap-collapse,clipping,8,0,3,128,13,18533200,3174400,0
sample,long,gap-collapse,clipping,8,0,4,128,13,22089700,3174400,0
summary,long,gap-collapse,clipping,111550.000,146752.344,175557.812
fixture,float,exterior,4,1,success,0
fixture,float,interior,4,4,success,1
fixture,float,crossing,4,7,success,1
fixture,float,boundary-only,4,10,success,1
fixture,float,boundary-overlap,4,11,success,1
fixture,float,isolated-tangent,4,3,success,0
fixture,float,degenerate-interior,4,4,success,0
fixture,float,degenerate-boundary,4,2,success,0
fixture,float,empty,0,1,success,0
fixture,float,concave-u,8,7,success,2
fixture,float,hole,8,7,success,2
fixture,float,hole-reversed,8,7,success,2
fixture,float,rational-crossing,3,7,success,1
fixture,float,sparse-1,4,7,success,1
fixture,float,sparse-4,16,7,success,1
fixture,float,sparse-16,64,7,success,1
fixture,float,sparse-64,256,7,success,1
fixture,float,dense-1,4,7,success,1
fixture,float,dense-4,16,7,success,4
fixture,float,dense-16,64,7,success,16
fixture,float,dense-64,256,7,success,64
fixture,float,subnormal,4,7,success,1
fixture,float,large-finite,4,7,success,1
preflight,float,23,PASS
sample,float,exterior,relationship,4,0,0,2048,205,6366200,0,0
sample,float,exterior,relationship,4,0,1,2048,205,7286300,0,0
sample,float,exterior,relationship,4,0,2,2048,205,11106600,0,0
sample,float,exterior,relationship,4,0,3,2048,205,11849100,0,0
sample,float,exterior,relationship,4,0,4,2048,205,10783800,0,0
summary,float,exterior,relationship,3108.496,5265.527,5785.693
sample,float,exterior,clipping,4,0,0,1024,103,17487200,8486912,2
sample,float,exterior,clipping,4,0,1,1024,103,17980500,8486912,2
sample,float,exterior,clipping,4,0,2,1024,103,17315900,8486912,2
sample,float,exterior,clipping,4,0,3,1024,103,19750200,8486912,2
sample,float,exterior,clipping,4,0,4,1024,103,13127800,8486912,2
summary,float,exterior,clipping,12820.117,17077.344,19287.305
sample,float,interior,relationship,4,1,0,2048,205,14517000,0,0
sample,float,interior,relationship,4,1,1,2048,205,10676800,0,0
sample,float,interior,relationship,4,1,2,2048,205,6440200,0,0
sample,float,interior,relationship,4,1,3,2048,205,6490000,0,0
sample,float,interior,relationship,4,1,4,2048,205,10716100,0,0
summary,float,interior,relationship,3144.629,5213.281,7088.379
sample,float,interior,clipping,4,1,0,512,52,21015900,4268032,1
sample,float,interior,clipping,4,1,1,512,52,16877500,4268032,1
sample,float,interior,clipping,4,1,2,512,52,16238800,4268032,1
sample,float,interior,clipping,4,1,3,512,52,16847600,4268032,1
sample,float,interior,clipping,4,1,4,512,52,16978100,4268032,1
summary,float,interior,clipping,31716.406,32963.867,41046.680
sample,float,crossing,relationship,4,1,0,2048,205,15195900,0,0
sample,float,crossing,relationship,4,1,1,2048,205,15003700,0,0
sample,float,crossing,relationship,4,1,2,2048,205,11120900,0,0
sample,float,crossing,relationship,4,1,3,2048,205,5897300,0,0
sample,float,crossing,relationship,4,1,4,2048,205,6877600,0,0
summary,float,crossing,relationship,2879.541,5430.127,7419.873
sample,float,crossing,clipping,4,1,0,128,13,10999800,2119680,0
sample,float,crossing,clipping,4,1,1,128,13,9314800,2119680,0
sample,float,crossing,clipping,4,1,2,128,13,4978600,2119680,0
sample,float,crossing,clipping,4,1,3,128,13,8634000,2119680,0
sample,float,crossing,clipping,4,1,4,128,13,9999200,2119680,0
summary,float,crossing,clipping,38895.312,72771.875,85935.938
sample,float,boundary-only,relationship,4,1,0,2048,205,10886800,0,0
sample,float,boundary-only,relationship,4,1,1,2048,205,15714400,0,0
sample,float,boundary-only,relationship,4,1,2,2048,205,15090000,0,0
sample,float,boundary-only,relationship,4,1,3,2048,205,15026100,0,0
sample,float,boundary-only,relationship,4,1,4,2048,205,16108000,0,0
summary,float,boundary-only,relationship,5315.820,7368.164,7865.234
sample,float,boundary-only,clipping,4,1,0,256,26,10407900,5279744,1
sample,float,boundary-only,clipping,4,1,1,256,26,14676600,5279744,1
sample,float,boundary-only,clipping,4,1,2,256,26,9720700,5279744,1
sample,float,boundary-only,clipping,4,1,3,256,26,14243800,5279744,1
sample,float,boundary-only,clipping,4,1,4,256,26,11864000,5279744,1
summary,float,boundary-only,clipping,37971.484,46343.750,57330.469
sample,float,boundary-overlap,relationship,4,1,0,2048,205,20957400,0,0
sample,float,boundary-overlap,relationship,4,1,1,2048,205,16528400,0,0
sample,float,boundary-overlap,relationship,4,1,2,2048,205,16616100,0,0
sample,float,boundary-overlap,relationship,4,1,3,2048,205,16391900,0,0
sample,float,boundary-overlap,relationship,4,1,4,2048,205,16519300,0,0
summary,float,boundary-overlap,relationship,8003.857,8070.508,10233.105
sample,float,boundary-overlap,clipping,4,1,0,256,26,10321700,5287936,1
sample,float,boundary-overlap,clipping,4,1,1,256,26,14473800,5287936,1
sample,float,boundary-overlap,clipping,4,1,2,256,26,15270100,5287936,1
sample,float,boundary-overlap,clipping,4,1,3,256,26,10426000,5287936,1
sample,float,boundary-overlap,clipping,4,1,4,256,26,14307000,5287936,1
summary,float,boundary-overlap,clipping,40319.141,55886.719,59648.828
sample,float,isolated-tangent,relationship,4,0,0,2048,205,17591300,0,0
sample,float,isolated-tangent,relationship,4,0,1,2048,205,18853000,0,0
sample,float,isolated-tangent,relationship,4,0,2,2048,205,21863500,0,0
sample,float,isolated-tangent,relationship,4,0,3,2048,205,23686000,0,0
sample,float,isolated-tangent,relationship,4,0,4,2048,205,18842500,0,0
summary,float,isolated-tangent,relationship,8589.502,9205.566,11565.430
sample,float,isolated-tangent,clipping,4,0,0,512,52,11178900,8437760,2
sample,float,isolated-tangent,clipping,4,0,1,512,52,11132900,8437760,2
sample,float,isolated-tangent,clipping,4,0,2,512,52,15899500,8437760,2
sample,float,isolated-tangent,clipping,4,0,3,512,52,16859500,8437760,2
sample,float,isolated-tangent,clipping,4,0,4,512,52,19897100,8437760,2
summary,float,isolated-tangent,clipping,21743.945,31053.711,38861.523
sample,float,degenerate-interior,relationship,4,0,0,65536,6554,12121200,0,0
sample,float,degenerate-interior,relationship,4,0,1,65536,6554,12694900,0,0
sample,float,degenerate-interior,relationship,4,0,2,65536,6554,6031700,0,0
sample,float,degenerate-interior,relationship,4,0,3,65536,6554,6534900,0,0
sample,float,degenerate-interior,relationship,4,0,4,65536,6554,7714600,0,0
summary,float,degenerate-interior,relationship,92.036,117.715,193.709
sample,float,degenerate-interior,clipping,4,0,0,65536,6554,677300,0,0
sample,float,degenerate-interior,clipping,4,0,1,65536,6554,744700,0,0
sample,float,degenerate-interior,clipping,4,0,2,65536,6554,1611100,0,0
sample,float,degenerate-interior,clipping,4,0,3,65536,6554,7876400,0,0
sample,float,degenerate-interior,clipping,4,0,4,65536,6554,688900,0,0
summary,float,degenerate-interior,clipping,10.335,11.363,120.184
sample,float,degenerate-boundary,relationship,4,0,0,65536,6554,10844800,0,0
sample,float,degenerate-boundary,relationship,4,0,1,65536,6554,7011000,0,0
sample,float,degenerate-boundary,relationship,4,0,2,65536,6554,16026500,0,0
sample,float,degenerate-boundary,relationship,4,0,3,65536,6554,9262700,0,0
sample,float,degenerate-boundary,relationship,4,0,4,65536,6554,9635300,0,0
summary,float,degenerate-boundary,relationship,106.979,147.023,244.545
sample,float,degenerate-boundary,clipping,4,0,0,65536,6554,774300,0,0
sample,float,degenerate-boundary,clipping,4,0,1,65536,6554,921200,0,0
sample,float,degenerate-boundary,clipping,4,0,2,65536,6554,703400,0,0
sample,float,degenerate-boundary,clipping,4,0,3,65536,6554,4984100,0,0
sample,float,degenerate-boundary,clipping,4,0,4,65536,6554,679800,0,0
summary,float,degenerate-boundary,clipping,10.373,11.815,76.051
sample,float,empty,relationship,0,0,0,65536,6554,2003500,0,0
sample,float,empty,relationship,0,0,1,65536,6554,2272600,0,0
sample,float,empty,relationship,0,0,2,65536,6554,1328000,0,0
sample,float,empty,relationship,0,0,3,65536,6554,1188600,0,0
sample,float,empty,relationship,0,0,4,65536,6554,5358700,0,0
summary,float,empty,relationship,18.137,30.571,81.767
sample,float,empty,clipping,0,0,0,65536,6554,883700,0,0
sample,float,empty,clipping,0,0,1,65536,6554,848900,0,0
sample,float,empty,clipping,0,0,2,65536,6554,837100,0,0
sample,float,empty,clipping,0,0,3,65536,6554,867400,0,0
sample,float,empty,clipping,0,0,4,65536,6554,871600,0,0
summary,float,empty,clipping,12.773,13.235,13.484
sample,float,concave-u,relationship,8,2,0,512,52,7749300,0,0
sample,float,concave-u,relationship,8,2,1,512,52,4164400,0,0
sample,float,concave-u,relationship,8,2,2,512,52,10559200,0,0
sample,float,concave-u,relationship,8,2,3,512,52,3849500,0,0
sample,float,concave-u,relationship,8,2,4,512,52,3923400,0,0
summary,float,concave-u,relationship,7518.555,8133.594,20623.438
sample,float,concave-u,clipping,8,2,0,128,13,19175200,3178496,0
sample,float,concave-u,clipping,8,2,1,128,13,19442100,3178496,0
sample,float,concave-u,clipping,8,2,2,128,13,22868900,3178496,0
sample,float,concave-u,clipping,8,2,3,128,13,24307200,3178496,0
sample,float,concave-u,clipping,8,2,4,128,13,23882400,3178496,0
summary,float,concave-u,clipping,149806.250,178663.281,189900.000
sample,float,hole,relationship,8,2,0,1024,103,15621000,0,0
sample,float,hole,relationship,8,2,1,1024,103,16196800,0,0
sample,float,hole,relationship,8,2,2,1024,103,15356100,0,0
sample,float,hole,relationship,8,2,3,1024,103,16142500,0,0
sample,float,hole,relationship,8,2,4,1024,103,15807400,0,0
summary,float,hole,relationship,14996.191,15436.914,15817.188
sample,float,hole,clipping,8,2,0,128,13,23669300,3178496,0
sample,float,hole,clipping,8,2,1,128,13,23441700,3178496,0
sample,float,hole,clipping,8,2,2,128,13,24092700,3178496,0
sample,float,hole,clipping,8,2,3,128,13,23301300,3178496,0
sample,float,hole,clipping,8,2,4,128,13,23278700,3178496,0
summary,float,hole,clipping,181864.844,183138.281,188224.219
sample,float,hole-reversed,relationship,8,2,0,512,52,3813100,0,0
sample,float,hole-reversed,relationship,8,2,1,512,52,3695400,0,0
sample,float,hole-reversed,relationship,8,2,2,512,52,3804500,0,0
sample,float,hole-reversed,relationship,8,2,3,512,52,12279300,0,0
sample,float,hole-reversed,relationship,8,2,4,512,52,8285200,0,0
summary,float,hole-reversed,relationship,7217.578,7447.461,23983.008
sample,float,hole-reversed,clipping,8,2,0,128,13,19630400,3178496,0
sample,float,hole-reversed,clipping,8,2,1,128,13,24609500,3178496,0
sample,float,hole-reversed,clipping,8,2,2,128,13,23588700,3178496,0
sample,float,hole-reversed,clipping,8,2,3,128,13,19351600,3178496,0
sample,float,hole-reversed,clipping,8,2,4,128,13,19570300,3178496,0
summary,float,hole-reversed,clipping,151184.375,153362.500,192261.719
sample,float,rational-crossing,relationship,3,1,0,4096,410,12496800,0,0
sample,float,rational-crossing,relationship,3,1,1,4096,410,17402100,0,0
sample,float,rational-crossing,relationship,3,1,2,4096,410,12646600,0,0
sample,float,rational-crossing,relationship,3,1,3,4096,410,16270300,0,0
sample,float,rational-crossing,relationship,3,1,4,4096,410,13975400,0,0
summary,float,rational-crossing,relationship,3050.977,3411.963,4248.560
sample,float,rational-crossing,clipping,3,1,0,128,13,11183200,2119680,0
sample,float,rational-crossing,clipping,3,1,1,128,13,8923700,2119680,0
sample,float,rational-crossing,clipping,3,1,2,128,13,9917400,2119680,0
sample,float,rational-crossing,clipping,3,1,3,128,13,12460300,2119680,0
sample,float,rational-crossing,clipping,3,1,4,128,13,9063800,2119680,0
summary,float,rational-crossing,clipping,69716.406,77479.688,97346.094
sample,float,sparse-1,relationship,4,1,0,2048,205,6032000,0,0
sample,float,sparse-1,relationship,4,1,1,2048,205,5906800,0,0
sample,float,sparse-1,relationship,4,1,2,2048,205,6092900,0,0
sample,float,sparse-1,relationship,4,1,3,2048,205,6038800,0,0
sample,float,sparse-1,relationship,4,1,4,2048,205,5811000,0,0
summary,float,sparse-1,relationship,2837.402,2945.312,2975.049
sample,float,sparse-1,clipping,4,1,0,128,13,5297300,2119680,0
sample,float,sparse-1,clipping,4,1,1,128,13,5143400,2119680,0
sample,float,sparse-1,clipping,4,1,2,128,13,5602500,2119680,0
sample,float,sparse-1,clipping,4,1,3,128,13,10615300,2119680,0
sample,float,sparse-1,clipping,4,1,4,128,13,11510200,2119680,0
summary,float,sparse-1,clipping,40182.812,43769.531,89923.438
sample,float,sparse-4,relationship,16,1,0,512,52,7248500,0,0
sample,float,sparse-4,relationship,16,1,1,512,52,10627600,0,0
sample,float,sparse-4,relationship,16,1,2,512,52,6809000,0,0
sample,float,sparse-4,relationship,16,1,3,512,52,10859100,0,0
sample,float,sparse-4,relationship,16,1,4,512,52,7522100,0,0
summary,float,sparse-4,relationship,13298.828,14691.602,21209.180
sample,float,sparse-4,clipping,16,1,0,128,13,6646000,2119680,0
sample,float,sparse-4,clipping,16,1,1,128,13,10727100,2119680,0
sample,float,sparse-4,clipping,16,1,2,128,13,14408100,2119680,0
sample,float,sparse-4,clipping,16,1,3,128,13,10388300,2119680,0
sample,float,sparse-4,clipping,16,1,4,128,13,13568500,2119680,0
summary,float,sparse-4,clipping,51921.875,83805.469,112563.281
sample,float,sparse-16,relationship,64,1,0,128,13,10858300,0,0
sample,float,sparse-16,relationship,64,1,1,128,13,7686800,0,0
sample,float,sparse-16,relationship,64,1,2,128,13,11011800,0,0
sample,float,sparse-16,relationship,64,1,3,128,13,11020700,0,0
sample,float,sparse-16,relationship,64,1,4,128,13,14906500,0,0
summary,float,sparse-16,relationship,60053.125,86029.688,116457.031
sample,float,sparse-16,clipping,64,1,0,64,7,10331700,1059840,0
sample,float,sparse-16,clipping,64,1,1,64,7,10875400,1059840,0
sample,float,sparse-16,clipping,64,1,2,64,7,6303600,1059840,0
sample,float,sparse-16,clipping,64,1,3,64,7,6212300,1059840,0
sample,float,sparse-16,clipping,64,1,4,64,7,6925900,1059840,0
summary,float,sparse-16,clipping,97067.188,108217.188,169928.125
sample,float,sparse-64,relationship,256,1,0,32,4,7285100,0,0
sample,float,sparse-64,relationship,256,1,1,32,4,11116000,0,0
sample,float,sparse-64,relationship,256,1,2,32,4,10922500,0,0
sample,float,sparse-64,relationship,256,1,3,32,4,14973500,0,0
sample,float,sparse-64,relationship,256,1,4,32,4,15885100,0,0
summary,float,sparse-64,relationship,227659.375,347375.000,496409.375
sample,float,sparse-64,clipping,256,1,0,32,4,14235400,529920,0
sample,float,sparse-64,clipping,256,1,1,32,4,19317100,529920,0
sample,float,sparse-64,clipping,256,1,2,32,4,14293000,529920,0
sample,float,sparse-64,clipping,256,1,3,32,4,13224400,529920,0
sample,float,sparse-64,clipping,256,1,4,32,4,13925100,529920,0
summary,float,sparse-64,clipping,413262.500,444856.250,603659.375
sample,float,dense-1,relationship,4,1,0,2048,205,10349300,0,0
sample,float,dense-1,relationship,4,1,1,2048,205,10645600,0,0
sample,float,dense-1,relationship,4,1,2,2048,205,6334500,0,0
sample,float,dense-1,relationship,4,1,3,2048,205,7312600,0,0
sample,float,dense-1,relationship,4,1,4,2048,205,11403300,0,0
summary,float,dense-1,relationship,3093.018,5053.369,5568.018
sample,float,dense-1,clipping,4,1,0,128,13,9558300,2119680,0
sample,float,dense-1,clipping,4,1,1,128,13,9948300,2119680,0
sample,float,dense-1,clipping,4,1,2,128,13,12049600,2119680,0
sample,float,dense-1,clipping,4,1,3,128,13,10415800,2119680,0
sample,float,dense-1,clipping,4,1,4,128,13,9140000,2119680,0
summary,float,dense-1,clipping,71406.250,77721.094,94137.500
sample,float,dense-4,relationship,16,4,0,512,52,21017100,0,0
sample,float,dense-4,relationship,16,4,1,512,52,16672900,0,0
sample,float,dense-4,relationship,16,4,2,512,52,13340800,0,0
sample,float,dense-4,relationship,16,4,3,512,52,16852100,0,0
sample,float,dense-4,relationship,16,4,4,512,52,17899600,0,0
summary,float,dense-4,relationship,26056.250,32914.258,41049.023
sample,float,dense-4,clipping,16,4,0,32,4,14422300,1323520,0
sample,float,dense-4,clipping,16,4,1,32,4,10682200,1323520,0
sample,float,dense-4,clipping,16,4,2,32,4,14968200,1323520,0
sample,float,dense-4,clipping,16,4,3,32,4,15326300,1323520,0
sample,float,dense-4,clipping,16,4,4,32,4,15067900,1323520,0
summary,float,dense-4,clipping,333818.750,467756.250,478946.875
sample,float,dense-16,relationship,64,16,0,128,13,22483600,0,0
sample,float,dense-16,relationship,64,16,1,128,13,22982700,0,0
sample,float,dense-16,relationship,64,16,2,128,13,17787100,0,0
sample,float,dense-16,relationship,64,16,3,128,13,21644100,0,0
sample,float,dense-16,relationship,64,16,4,128,13,18504200,0,0
summary,float,dense-16,relationship,138961.719,169094.531,179552.344
sample,float,dense-16,clipping,64,16,0,8,1,16600400,1160064,0
sample,float,dense-16,clipping,64,16,1,8,1,13520900,1160064,0
sample,float,dense-16,clipping,64,16,2,8,1,7697700,1160064,0
sample,float,dense-16,clipping,64,16,3,8,1,11790300,1160064,0
sample,float,dense-16,clipping,64,16,4,8,1,16449300,1160064,0
summary,float,dense-16,clipping,962212.500,1690112.500,2075050.000
sample,float,dense-64,relationship,256,64,0,32,4,17330200,0,0
sample,float,dense-64,relationship,256,64,1,32,4,13016700,0,0
sample,float,dense-64,relationship,256,64,2,32,4,19911400,0,0
sample,float,dense-64,relationship,256,64,3,32,4,19953800,0,0
sample,float,dense-64,relationship,256,64,4,32,4,17598600,0,0
summary,float,dense-64,relationship,406771.875,549956.250,623556.250
sample,float,dense-64,clipping,256,64,0,2,1,13261800,1112064,0
sample,float,dense-64,clipping,256,64,1,2,1,14434700,1112064,0
sample,float,dense-64,clipping,256,64,2,2,1,13232600,1112064,0
sample,float,dense-64,clipping,256,64,3,2,1,20538200,1112064,0
sample,float,dense-64,clipping,256,64,4,2,1,16738600,1112064,0
summary,float,dense-64,clipping,6616300.000,7217350.000,10269100.000
sample,float,subnormal,relationship,4,1,0,2048,205,6521100,0,0
sample,float,subnormal,relationship,4,1,1,2048,205,10129300,0,0
sample,float,subnormal,relationship,4,1,2,2048,205,14966400,0,0
sample,float,subnormal,relationship,4,1,3,2048,205,14836200,0,0
sample,float,subnormal,relationship,4,1,4,2048,205,10417100,0,0
summary,float,subnormal,relationship,3184.131,5086.475,7307.812
sample,float,subnormal,clipping,4,1,0,128,13,9042500,2119680,0
sample,float,subnormal,clipping,4,1,1,128,13,13300100,2119680,0
sample,float,subnormal,clipping,4,1,2,128,13,10510600,2119680,0
sample,float,subnormal,clipping,4,1,3,128,13,13481200,2119680,0
sample,float,subnormal,clipping,4,1,4,128,13,8797600,2119680,0
summary,float,subnormal,clipping,68731.250,82114.062,105321.875
sample,float,large-finite,relationship,4,1,0,2048,205,15404900,0,0
sample,float,large-finite,relationship,4,1,1,2048,205,14411600,0,0
sample,float,large-finite,relationship,4,1,2,2048,205,10377600,0,0
sample,float,large-finite,relationship,4,1,3,2048,205,14033900,0,0
sample,float,large-finite,relationship,4,1,4,2048,205,9988000,0,0
summary,float,large-finite,relationship,4876.953,6852.490,7521.924
sample,float,large-finite,clipping,4,1,0,256,26,19317600,4239360,1
sample,float,large-finite,clipping,4,1,1,256,26,20501600,4239360,1
sample,float,large-finite,clipping,4,1,2,256,26,23004800,4239360,1
sample,float,large-finite,clipping,4,1,3,256,26,18242900,4239360,1
sample,float,large-finite,clipping,4,1,4,256,26,23343900,4239360,1
summary,float,large-finite,clipping,71261.328,80084.375,91187.109
fixture,double,exterior,4,1,success,0
fixture,double,interior,4,4,success,1
fixture,double,crossing,4,7,success,1
fixture,double,boundary-only,4,10,success,1
fixture,double,boundary-overlap,4,11,success,1
fixture,double,isolated-tangent,4,3,success,0
fixture,double,degenerate-interior,4,4,success,0
fixture,double,degenerate-boundary,4,2,success,0
fixture,double,empty,0,1,success,0
fixture,double,concave-u,8,7,success,2
fixture,double,hole,8,7,success,2
fixture,double,hole-reversed,8,7,success,2
fixture,double,rational-crossing,3,7,success,1
fixture,double,sparse-1,4,7,success,1
fixture,double,sparse-4,16,7,success,1
fixture,double,sparse-16,64,7,success,1
fixture,double,sparse-64,256,7,success,1
fixture,double,dense-1,4,7,success,1
fixture,double,dense-4,16,7,success,4
fixture,double,dense-16,64,7,success,16
fixture,double,dense-64,256,7,success,64
fixture,double,subnormal,4,7,success,1
fixture,double,large-finite,4,7,success,1
preflight,double,23,PASS
sample,double,exterior,relationship,4,0,0,2048,205,15313400,0,0
sample,double,exterior,relationship,4,0,1,2048,205,10739600,0,0
sample,double,exterior,relationship,4,0,2,2048,205,10260700,0,0
sample,double,exterior,relationship,4,0,3,2048,205,14502500,0,0
sample,double,exterior,relationship,4,0,4,2048,205,15515300,0,0
summary,double,exterior,relationship,5010.107,7081.299,7575.830
sample,double,exterior,clipping,4,0,0,1024,103,17862000,8486912,2
sample,double,exterior,clipping,4,0,1,1024,103,18366200,8486912,2
sample,double,exterior,clipping,4,0,2,1024,103,19082700,8486912,2
sample,double,exterior,clipping,4,0,3,1024,103,15613700,8486912,2
sample,double,exterior,clipping,4,0,4,1024,103,16907200,8486912,2
summary,double,exterior,clipping,15247.754,17443.359,18635.449
sample,double,interior,relationship,4,1,0,2048,205,11437600,0,0
sample,double,interior,relationship,4,1,1,2048,205,10514000,0,0
sample,double,interior,relationship,4,1,2,2048,205,12115000,0,0
sample,double,interior,relationship,4,1,3,2048,205,6372100,0,0
sample,double,interior,relationship,4,1,4,2048,205,14530000,0,0
summary,double,interior,relationship,3111.377,5584.766,7094.727
sample,double,interior,clipping,4,1,0,512,52,15944000,4268032,1
sample,double,interior,clipping,4,1,1,512,52,16115700,4268032,1
sample,double,interior,clipping,4,1,2,512,52,15770000,4268032,1
sample,double,interior,clipping,4,1,3,512,52,15916800,4268032,1
sample,double,interior,clipping,4,1,4,512,52,15735000,4268032,1
summary,double,interior,clipping,30732.422,31087.500,31475.977
sample,double,crossing,relationship,4,1,0,2048,205,13870000,0,0
sample,double,crossing,relationship,4,1,1,2048,205,10102700,0,0
sample,double,crossing,relationship,4,1,2,2048,205,7046700,0,0
sample,double,crossing,relationship,4,1,3,2048,205,10995300,0,0
sample,double,crossing,relationship,4,1,4,2048,205,6067700,0,0
summary,double,crossing,relationship,2962.744,4932.959,6772.461
sample,double,crossing,clipping,4,1,0,128,13,8948900,2119680,0
sample,double,crossing,clipping,4,1,1,128,13,10178200,2119680,0
sample,double,crossing,clipping,4,1,2,128,13,12211000,2119680,0
sample,double,crossing,clipping,4,1,3,128,13,9226400,2119680,0
sample,double,crossing,clipping,4,1,4,128,13,9804600,2119680,0
summary,double,crossing,clipping,69913.281,76598.438,95398.438
sample,double,boundary-only,relationship,4,1,0,2048,205,19483100,0,0
sample,double,boundary-only,relationship,4,1,1,2048,205,11118100,0,0
sample,double,boundary-only,relationship,4,1,2,2048,205,14743500,0,0
sample,double,boundary-only,relationship,4,1,3,2048,205,11817700,0,0
sample,double,boundary-only,relationship,4,1,4,2048,205,7235600,0,0
summary,double,boundary-only,relationship,3533.008,5770.361,9513.232
sample,double,boundary-only,clipping,4,1,0,128,13,2959800,2639872,0
sample,double,boundary-only,clipping,4,1,1,128,13,3820200,2639872,0
sample,double,boundary-only,clipping,4,1,2,128,13,3142600,2639872,0
sample,double,boundary-only,clipping,4,1,3,128,13,6531700,2639872,0
sample,double,boundary-only,clipping,4,1,4,128,13,8044000,2639872,0
summary,double,boundary-only,clipping,23123.438,29845.312,62843.750
sample,double,boundary-overlap,relationship,4,1,0,2048,205,16430100,0,0
sample,double,boundary-overlap,relationship,4,1,1,2048,205,19859800,0,0
sample,double,boundary-overlap,relationship,4,1,2,2048,205,17769200,0,0
sample,double,boundary-overlap,relationship,4,1,3,2048,205,12788500,0,0
sample,double,boundary-overlap,relationship,4,1,4,2048,205,14387600,0,0
summary,double,boundary-overlap,relationship,6244.385,8022.510,9697.168
sample,double,boundary-overlap,clipping,4,1,0,256,26,11028900,5287936,1
sample,double,boundary-overlap,clipping,4,1,1,256,26,16160000,5287936,1
sample,double,boundary-overlap,clipping,4,1,2,256,26,14738300,5287936,1
sample,double,boundary-overlap,clipping,4,1,3,256,26,10190000,5287936,1
sample,double,boundary-overlap,clipping,4,1,4,256,26,13700900,5287936,1
summary,double,boundary-overlap,clipping,39804.688,53519.141,63125.000
sample,double,isolated-tangent,relationship,4,0,0,2048,205,18879100,0,0
sample,double,isolated-tangent,relationship,4,0,1,2048,205,20087500,0,0
sample,double,isolated-tangent,relationship,4,0,2,2048,205,17331300,0,0
sample,double,isolated-tangent,relationship,4,0,3,2048,205,18605400,0,0
sample,double,isolated-tangent,relationship,4,0,4,2048,205,17718000,0,0
summary,double,isolated-tangent,relationship,8462.549,9084.668,9808.350
sample,double,isolated-tangent,clipping,4,0,0,512,52,14470700,8437760,2
sample,double,isolated-tangent,clipping,4,0,1,512,52,17781000,8437760,2
sample,double,isolated-tangent,clipping,4,0,2,512,52,11946400,8437760,2
sample,double,isolated-tangent,clipping,4,0,3,512,52,11960300,8437760,2
sample,double,isolated-tangent,clipping,4,0,4,512,52,12025400,8437760,2
summary,double,isolated-tangent,clipping,23332.812,23487.109,34728.516
sample,double,degenerate-interior,relationship,4,0,0,65536,6554,13956900,0,0
sample,double,degenerate-interior,relationship,4,0,1,65536,6554,9152800,0,0
sample,double,degenerate-interior,relationship,4,0,2,65536,6554,5047100,0,0
sample,double,degenerate-interior,relationship,4,0,3,65536,6554,9055100,0,0
sample,double,degenerate-interior,relationship,4,0,4,65536,6554,11052000,0,0
summary,double,degenerate-interior,relationship,77.013,139.661,212.965
sample,double,degenerate-interior,clipping,4,0,0,65536,6554,808300,0,0
sample,double,degenerate-interior,clipping,4,0,1,65536,6554,751300,0,0
sample,double,degenerate-interior,clipping,4,0,2,65536,6554,735100,0,0
sample,double,degenerate-interior,clipping,4,0,3,65536,6554,724600,0,0
sample,double,degenerate-interior,clipping,4,0,4,65536,6554,736700,0,0
summary,double,degenerate-interior,clipping,11.057,11.241,12.334
sample,double,degenerate-boundary,relationship,4,0,0,65536,6554,5228300,0,0
sample,double,degenerate-boundary,relationship,4,0,1,65536,6554,10445300,0,0
sample,double,degenerate-boundary,relationship,4,0,2,65536,6554,12621200,0,0
sample,double,degenerate-boundary,relationship,4,0,3,65536,6554,8799900,0,0
sample,double,degenerate-boundary,relationship,4,0,4,65536,6554,9103900,0,0
summary,double,degenerate-boundary,relationship,79.778,138.914,192.584
sample,double,degenerate-boundary,clipping,4,0,0,65536,6554,759200,0,0
sample,double,degenerate-boundary,clipping,4,0,1,65536,6554,756000,0,0
sample,double,degenerate-boundary,clipping,4,0,2,65536,6554,737100,0,0
sample,double,degenerate-boundary,clipping,4,0,3,65536,6554,5832000,0,0
sample,double,degenerate-boundary,clipping,4,0,4,65536,6554,744700,0,0
summary,double,degenerate-boundary,clipping,11.247,11.536,88.989
sample,double,empty,relationship,0,0,0,65536,6554,8041800,0,0
sample,double,empty,relationship,0,0,1,65536,6554,1208800,0,0
sample,double,empty,relationship,0,0,2,65536,6554,1203200,0,0
sample,double,empty,relationship,0,0,3,65536,6554,1243200,0,0
sample,double,empty,relationship,0,0,4,65536,6554,1291700,0,0
summary,double,empty,relationship,18.359,18.970,122.708
sample,double,empty,clipping,0,0,0,65536,6554,933800,0,0
sample,double,empty,clipping,0,0,1,65536,6554,952700,0,0
sample,double,empty,clipping,0,0,2,65536,6554,930600,0,0
sample,double,empty,clipping,0,0,3,65536,6554,5901200,0,0
sample,double,empty,clipping,0,0,4,65536,6554,968200,0,0
summary,double,empty,clipping,14.200,14.537,90.045
sample,double,concave-u,relationship,8,2,0,1024,103,7896800,0,0
sample,double,concave-u,relationship,8,2,1,1024,103,14434900,0,0
sample,double,concave-u,relationship,8,2,2,1024,103,12421500,0,0
sample,double,concave-u,relationship,8,2,3,1024,103,19590000,0,0
sample,double,concave-u,relationship,8,2,4,1024,103,15908100,0,0
summary,double,concave-u,relationship,7711.719,14096.582,19130.859
sample,double,concave-u,clipping,8,2,0,128,13,23508300,3178496,0
sample,double,concave-u,clipping,8,2,1,128,13,23156100,3178496,0
sample,double,concave-u,clipping,8,2,2,128,13,19281000,3178496,0
sample,double,concave-u,clipping,8,2,3,128,13,19321600,3178496,0
sample,double,concave-u,clipping,8,2,4,128,13,22797400,3178496,0
summary,double,concave-u,clipping,150632.812,178104.688,183658.594
sample,double,hole,relationship,8,2,0,1024,103,17028900,0,0
sample,double,hole,relationship,8,2,1,1024,103,17436500,0,0
sample,double,hole,relationship,8,2,2,1024,103,26982200,0,0
sample,double,hole,relationship,8,2,3,1024,103,16219400,0,0
sample,double,hole,relationship,8,2,4,1024,103,16543200,0,0
summary,double,hole,relationship,15839.258,16629.785,26349.805
sample,double,hole,clipping,8,2,0,128,13,27164300,3178496,0
sample,double,hole,clipping,8,2,1,128,13,25926500,3178496,0
sample,double,hole,clipping,8,2,2,128,13,21286900,3178496,0
sample,double,hole,clipping,8,2,3,128,13,26506600,3178496,0
sample,double,hole,clipping,8,2,4,128,13,21649800,3178496,0
summary,double,hole,clipping,166303.906,202550.781,212221.094
sample,double,hole-reversed,relationship,8,2,0,1024,103,17571300,0,0
sample,double,hole-reversed,relationship,8,2,1,1024,103,13881500,0,0
sample,double,hole-reversed,relationship,8,2,2,1024,103,16773400,0,0
sample,double,hole-reversed,relationship,8,2,3,1024,103,14847800,0,0
sample,double,hole-reversed,relationship,8,2,4,1024,103,15906700,0,0
summary,double,hole-reversed,relationship,13556.152,15533.887,17159.473
sample,double,hole-reversed,clipping,8,2,0,64,7,10097400,1589248,0
sample,double,hole-reversed,clipping,8,2,1,64,7,10477900,1589248,0
sample,double,hole-reversed,clipping,8,2,2,64,7,9713000,1589248,0
sample,double,hole-reversed,clipping,8,2,3,64,7,14413000,1589248,0
sample,double,hole-reversed,clipping,8,2,4,64,7,9998500,1589248,0
summary,double,hole-reversed,clipping,151765.625,157771.875,225203.125
sample,double,rational-crossing,relationship,3,1,0,4096,410,13632900,0,0
sample,double,rational-crossing,relationship,3,1,1,4096,410,16818800,0,0
sample,double,rational-crossing,relationship,3,1,2,4096,410,19481000,0,0
sample,double,rational-crossing,relationship,3,1,3,4096,410,15112400,0,0
sample,double,rational-crossing,relationship,3,1,4,4096,410,17090800,0,0
summary,double,rational-crossing,relationship,3328.345,4106.152,4756.104
sample,double,rational-crossing,clipping,3,1,0,256,26,20422800,4239360,1
sample,double,rational-crossing,clipping,3,1,1,256,26,21765800,4239360,1
sample,double,rational-crossing,clipping,3,1,2,256,26,19843800,4239360,1
sample,double,rational-crossing,clipping,3,1,3,256,26,20851300,4239360,1
sample,double,rational-crossing,clipping,3,1,4,256,26,23147300,4239360,1
summary,double,rational-crossing,clipping,77514.844,81450.391,90419.141
sample,double,sparse-1,relationship,4,1,0,2048,205,14236500,0,0
sample,double,sparse-1,relationship,4,1,1,2048,205,10590000,0,0
sample,double,sparse-1,relationship,4,1,2,2048,205,10104200,0,0
sample,double,sparse-1,relationship,4,1,3,2048,205,10079600,0,0
sample,double,sparse-1,relationship,4,1,4,2048,205,6110600,0,0
summary,double,sparse-1,relationship,2983.691,4933.691,6951.416
sample,double,sparse-1,clipping,4,1,0,128,13,8757800,2119680,0
sample,double,sparse-1,clipping,4,1,1,128,13,10441200,2119680,0
sample,double,sparse-1,clipping,4,1,2,128,13,11893200,2119680,0
sample,double,sparse-1,clipping,4,1,3,128,13,9316000,2119680,0
sample,double,sparse-1,clipping,4,1,4,128,13,10313900,2119680,0
summary,double,sparse-1,clipping,68420.312,80577.344,92915.625
sample,double,sparse-4,relationship,16,1,0,512,52,6619400,0,0
sample,double,sparse-4,relationship,16,1,1,512,52,6610200,0,0
sample,double,sparse-4,relationship,16,1,2,512,52,11333800,0,0
sample,double,sparse-4,relationship,16,1,3,512,52,11142900,0,0
sample,double,sparse-4,relationship,16,1,4,512,52,14705600,0,0
summary,double,sparse-4,relationship,12910.547,21763.477,28721.875
sample,double,sparse-4,clipping,16,1,0,128,13,14984600,2119680,0
sample,double,sparse-4,clipping,16,1,1,128,13,15881400,2119680,0
sample,double,sparse-4,clipping,16,1,2,128,13,10496000,2119680,0
sample,double,sparse-4,clipping,16,1,3,128,13,15359900,2119680,0
sample,double,sparse-4,clipping,16,1,4,128,13,15666800,2119680,0
summary,double,sparse-4,clipping,82000.000,119999.219,124073.438
sample,double,sparse-16,relationship,64,1,0,128,13,11054200,0,0
sample,double,sparse-16,relationship,64,1,1,128,13,10912000,0,0
sample,double,sparse-16,relationship,64,1,2,128,13,11865200,0,0
sample,double,sparse-16,relationship,64,1,3,128,13,14801600,0,0
sample,double,sparse-16,relationship,64,1,4,128,13,6881400,0,0
summary,double,sparse-16,relationship,53760.938,86360.938,115637.500
sample,double,sparse-16,clipping,64,1,0,64,7,17456000,1059840,0
sample,double,sparse-16,clipping,64,1,1,64,7,14630700,1059840,0
sample,double,sparse-16,clipping,64,1,2,64,7,10231100,1059840,0
sample,double,sparse-16,clipping,64,1,3,64,7,10891600,1059840,0
sample,double,sparse-16,clipping,64,1,4,64,7,14532300,1059840,0
summary,double,sparse-16,clipping,159860.938,227067.188,272750.000
sample,double,sparse-64,relationship,256,1,0,32,4,11051500,0,0
sample,double,sparse-64,relationship,256,1,1,32,4,12376700,0,0
sample,double,sparse-64,relationship,256,1,2,32,4,11192500,0,0
sample,double,sparse-64,relationship,256,1,3,32,4,15120800,0,0
sample,double,sparse-64,relationship,256,1,4,32,4,15572900,0,0
summary,double,sparse-64,relationship,345359.375,386771.875,486653.125
sample,double,sparse-64,clipping,256,1,0,32,4,22818800,529920,0
sample,double,sparse-64,clipping,256,1,1,32,4,22327300,529920,0
sample,double,sparse-64,clipping,256,1,2,32,4,17642500,529920,0
sample,double,sparse-64,clipping,256,1,3,32,4,17505500,529920,0
sample,double,sparse-64,clipping,256,1,4,32,4,18535300,529920,0
summary,double,sparse-64,clipping,547046.875,579228.125,713087.500
sample,double,dense-1,relationship,4,1,0,2048,205,12083300,0,0
sample,double,dense-1,relationship,4,1,1,2048,205,12311700,0,0
sample,double,dense-1,relationship,4,1,2,2048,205,7865800,0,0
sample,double,dense-1,relationship,4,1,3,2048,205,10452400,0,0
sample,double,dense-1,relationship,4,1,4,2048,205,5924800,0,0
summary,double,dense-1,relationship,2892.969,5103.711,6011.572
sample,double,dense-1,clipping,4,1,0,128,13,8867700,2119680,0
sample,double,dense-1,clipping,4,1,1,128,13,9907700,2119680,0
sample,double,dense-1,clipping,4,1,2,128,13,7726300,2119680,0
sample,double,dense-1,clipping,4,1,3,128,13,8656500,2119680,0
sample,double,dense-1,clipping,4,1,4,128,13,8683400,2119680,0
summary,double,dense-1,clipping,60361.719,67839.062,77403.906
sample,double,dense-4,relationship,16,4,0,512,52,19599600,0,0
sample,double,dense-4,relationship,16,4,1,512,52,13658300,0,0
sample,double,dense-4,relationship,16,4,2,512,52,27605500,0,0
sample,double,dense-4,relationship,16,4,3,512,52,22429100,0,0
sample,double,dense-4,relationship,16,4,4,512,52,17695700,0,0
summary,double,dense-4,relationship,26676.367,38280.469,53916.992
sample,double,dense-4,clipping,16,4,0,32,4,11343000,1323520,0
sample,double,dense-4,clipping,16,4,1,32,4,10431200,1323520,0
sample,double,dense-4,clipping,16,4,2,32,4,14786700,1323520,0
sample,double,dense-4,clipping,16,4,3,32,4,16508600,1323520,0
sample,double,dense-4,clipping,16,4,4,32,4,14953500,1323520,0
summary,double,dense-4,clipping,325975.000,462084.375,515893.750
sample,double,dense-16,relationship,64,16,0,128,13,24084700,0,0
sample,double,dense-16,relationship,64,16,1,128,13,19125400,0,0
sample,double,dense-16,relationship,64,16,2,128,13,21787200,0,0
sample,double,dense-16,relationship,64,16,3,128,13,32787700,0,0
sample,double,dense-16,relationship,64,16,4,128,13,21941100,0,0
summary,double,dense-16,relationship,149417.188,171414.844,256153.906
sample,double,dense-16,clipping,64,16,0,8,1,22294900,1160064,0
sample,double,dense-16,clipping,64,16,1,8,1,12734100,1160064,0
sample,double,dense-16,clipping,64,16,2,8,1,16328600,1160064,0
sample,double,dense-16,clipping,64,16,3,8,1,18250400,1160064,0
sample,double,dense-16,clipping,64,16,4,8,1,24276700,1160064,0
summary,double,dense-16,clipping,1591762.500,2281300.000,3034587.500
sample,double,dense-64,relationship,256,64,0,16,2,9142500,0,0
sample,double,dense-64,relationship,256,64,1,16,2,10503900,0,0
sample,double,dense-64,relationship,256,64,2,16,2,8958900,0,0
sample,double,dense-64,relationship,256,64,3,16,2,8599300,0,0
sample,double,dense-64,relationship,256,64,4,16,2,8601100,0,0
summary,double,dense-64,relationship,537456.250,559931.250,656493.750
sample,double,dense-64,clipping,256,64,0,2,1,12424700,1112064,0
sample,double,dense-64,clipping,256,64,1,2,1,15163800,1112064,0
sample,double,dense-64,clipping,256,64,2,2,1,16362500,1112064,0
sample,double,dense-64,clipping,256,64,3,2,1,16231000,1112064,0
sample,double,dense-64,clipping,256,64,4,2,1,17112300,1112064,0
summary,double,dense-64,clipping,6212350.000,8115500.000,8556150.000
sample,double,subnormal,relationship,4,1,0,256,26,9276800,0,0
sample,double,subnormal,relationship,4,1,1,256,26,10176000,0,0
sample,double,subnormal,relationship,4,1,2,256,26,9204900,0,0
sample,double,subnormal,relationship,4,1,3,256,26,9284800,0,0
sample,double,subnormal,relationship,4,1,4,256,26,13448200,0,0
summary,double,subnormal,relationship,35956.641,36268.750,52532.031
sample,double,subnormal,clipping,4,1,0,128,13,19685700,2119680,0
sample,double,subnormal,clipping,4,1,1,128,13,16432500,2119680,0
sample,double,subnormal,clipping,4,1,2,128,13,17377900,2119680,0
sample,double,subnormal,clipping,4,1,3,128,13,17209600,2119680,0
sample,double,subnormal,clipping,4,1,4,128,13,17467800,2119680,0
summary,double,subnormal,clipping,128378.906,135764.844,153794.531
sample,double,large-finite,relationship,4,1,0,256,26,9161800,0,0
sample,double,large-finite,relationship,4,1,1,256,26,13825100,0,0
sample,double,large-finite,relationship,4,1,2,256,26,9462800,0,0
sample,double,large-finite,relationship,4,1,3,256,26,14419500,0,0
sample,double,large-finite,relationship,4,1,4,256,26,11186400,0,0
summary,double,large-finite,relationship,35788.281,43696.875,56326.172
sample,double,large-finite,clipping,4,1,0,128,13,17363100,2119680,0
sample,double,large-finite,clipping,4,1,1,128,13,14813600,2119680,0
sample,double,large-finite,clipping,4,1,2,128,13,17870600,2119680,0
sample,double,large-finite,clipping,4,1,3,128,13,18443200,2119680,0
sample,double,large-finite,clipping,4,1,4,128,13,17480400,2119680,0
summary,double,large-finite,clipping,115731.250,136565.625,144087.500
sink,13737174360183434243
