native_version,3.13.1-CAPI-1.19.2
fixture,int,exterior,4,0,PASS,query_valid,1,1
fixture,int,interior,4,1,PASS,query_valid,1,1
fixture,int,crossing,4,1,PASS,query_valid,1,1
fixture,int,boundary-only,4,1,PASS,query_valid,1,1
fixture,int,boundary-overlap,4,1,PASS,query_valid,1,1
fixture,int,isolated-tangent,4,0,PASS,query_valid,1,1
fixture,int,degenerate-interior,4,0,PASS,query_valid,0,0
fixture,int,degenerate-boundary,4,0,PASS,query_valid,0,0
fixture,int,empty,0,0,PASS,query_valid,1,1
fixture,int,concave-u,8,2,PASS,query_valid,1,1
fixture,int,hole,8,2,PASS,query_valid,1,1
fixture,int,hole-reversed,8,2,PASS,query_valid,1,1
fixture,int,rational-crossing,3,1,PASS,query_valid,1,1
fixture,int,sparse-1,4,1,PASS,query_valid,1,1
fixture,int,sparse-4,16,1,PASS,query_valid,1,1
fixture,int,sparse-16,64,1,PASS,query_valid,1,1
fixture,int,sparse-64,256,1,PASS,query_valid,1,1
fixture,int,dense-1,4,1,PASS,query_valid,1,1
fixture,int,dense-4,16,4,PASS,query_valid,1,1
fixture,int,dense-16,64,16,PASS,query_valid,1,1
fixture,int,dense-64,256,64,PASS,query_valid,1,1
fixture,int,wide-integral,4,1,PASS,query_valid,1,1
fixture,long,exterior,4,0,PASS,query_valid,1,1
fixture,long,interior,4,1,PASS,query_valid,1,1
fixture,long,crossing,4,1,PASS,query_valid,1,1
fixture,long,boundary-only,4,1,PASS,query_valid,1,1
fixture,long,boundary-overlap,4,1,PASS,query_valid,1,1
fixture,long,isolated-tangent,4,0,PASS,query_valid,1,1
fixture,long,degenerate-interior,4,0,PASS,query_valid,0,0
fixture,long,degenerate-boundary,4,0,PASS,query_valid,0,0
fixture,long,empty,0,0,PASS,query_valid,1,1
fixture,long,concave-u,8,2,PASS,query_valid,1,1
fixture,long,hole,8,2,PASS,query_valid,1,1
fixture,long,hole-reversed,8,2,PASS,query_valid,1,1
fixture,long,rational-crossing,3,1,PASS,query_valid,1,1
fixture,long,sparse-1,4,1,PASS,query_valid,1,1
fixture,long,sparse-4,16,1,PASS,query_valid,1,1
fixture,long,sparse-16,64,1,PASS,query_valid,1,1
fixture,long,sparse-64,256,1,PASS,query_valid,1,1
fixture,long,dense-1,4,1,PASS,query_valid,1,1
fixture,long,dense-4,16,4,PASS,query_valid,1,1
fixture,long,dense-16,64,16,PASS,query_valid,1,1
fixture,long,dense-64,256,64,PASS,query_valid,1,1
fixture,float,exterior,4,0,PASS,query_valid,1,1
fixture,float,interior,4,1,PASS,query_valid,1,1
fixture,float,crossing,4,1,PASS,query_valid,1,1
fixture,float,boundary-only,4,1,PASS,query_valid,1,1
fixture,float,boundary-overlap,4,1,PASS,query_valid,1,1
fixture,float,isolated-tangent,4,0,PASS,query_valid,1,1
fixture,float,degenerate-interior,4,0,PASS,query_valid,0,0
fixture,float,degenerate-boundary,4,0,PASS,query_valid,0,0
fixture,float,empty,0,0,PASS,query_valid,1,1
fixture,float,concave-u,8,2,PASS,query_valid,1,1
fixture,float,hole,8,2,PASS,query_valid,1,1
fixture,float,hole-reversed,8,2,PASS,query_valid,1,1
fixture,float,rational-crossing,3,1,PASS,query_valid,1,1
fixture,float,sparse-1,4,1,PASS,query_valid,1,1
fixture,float,sparse-4,16,1,PASS,query_valid,1,1
fixture,float,sparse-16,64,1,PASS,query_valid,1,1
fixture,float,sparse-64,256,1,PASS,query_valid,1,1
fixture,float,dense-1,4,1,PASS,query_valid,1,1
fixture,float,dense-4,16,4,PASS,query_valid,1,1
fixture,float,dense-16,64,16,PASS,query_valid,1,1
fixture,float,dense-64,256,64,PASS,query_valid,1,1
fixture,float,subnormal,4,1,PASS,query_valid,1,1
fixture,float,large-finite,4,1,PASS,query_valid,1,1
fixture,double,exterior,4,0,PASS,query_valid,1,1
fixture,double,interior,4,1,PASS,query_valid,1,1
fixture,double,crossing,4,1,PASS,query_valid,1,1
fixture,double,boundary-only,4,1,PASS,query_valid,1,1
fixture,double,boundary-overlap,4,1,PASS,query_valid,1,1
fixture,double,isolated-tangent,4,0,PASS,query_valid,1,1
fixture,double,degenerate-interior,4,0,PASS,query_valid,0,0
fixture,double,degenerate-boundary,4,0,PASS,query_valid,0,0
fixture,double,empty,0,0,PASS,query_valid,1,1
fixture,double,concave-u,8,2,PASS,query_valid,1,1
fixture,double,hole,8,2,PASS,query_valid,1,1
fixture,double,hole-reversed,8,2,PASS,query_valid,1,1
fixture,double,rational-crossing,3,1,PASS,query_valid,1,1
fixture,double,sparse-1,4,1,PASS,query_valid,1,1
fixture,double,sparse-4,16,1,PASS,query_valid,1,1
fixture,double,sparse-16,64,1,PASS,query_valid,1,1
fixture,double,sparse-64,256,1,PASS,query_valid,1,1
fixture,double,dense-1,4,1,PASS,query_valid,1,1
fixture,double,dense-4,16,4,PASS,query_valid,1,1
fixture,double,dense-16,64,16,PASS,query_valid,1,1
fixture,double,dense-64,256,64,PASS,query_valid,1,1
preflight,native,87,174,PASS
sample,int,exterior,clipping,4,0,0,32768,3277,6931986,NA,NA
sample,int,exterior,clipping,4,0,1,32768,3277,6486839,NA,NA
sample,int,exterior,clipping,4,0,2,32768,3277,7088442,NA,NA
summary,int,exterior,clipping,197.963,211.547,216.322
sample,int,interior,clipping,4,1,0,1024,103,9569490,NA,NA
sample,int,interior,clipping,4,1,1,1024,103,6385823,NA,NA
sample,int,interior,clipping,4,1,2,1024,103,6172036,NA,NA
summary,int,interior,clipping,6027.379,6236.155,9345.205
sample,int,crossing,clipping,4,1,0,1024,103,10082402,NA,NA
sample,int,crossing,clipping,4,1,1,1024,103,9324429,NA,NA
sample,int,crossing,clipping,4,1,2,1024,103,10324451,NA,NA
summary,int,crossing,clipping,9105.888,9846.096,10082.472
sample,int,boundary-only,clipping,4,1,0,512,52,3972002,NA,NA
sample,int,boundary-only,clipping,4,1,1,512,52,2776391,NA,NA
sample,int,boundary-only,clipping,4,1,2,512,52,2488757,NA,NA
summary,int,boundary-only,clipping,4860.854,5422.639,7757.816
sample,int,boundary-overlap,clipping,4,1,0,1024,103,7370270,NA,NA
sample,int,boundary-overlap,clipping,4,1,1,1024,103,10434362,NA,NA
sample,int,boundary-overlap,clipping,4,1,2,1024,103,6914507,NA,NA
summary,int,boundary-overlap,clipping,6752.448,7197.529,10189.807
sample,int,isolated-tangent,clipping,4,0,0,1024,103,11730964,NA,NA
sample,int,isolated-tangent,clipping,4,0,1,1024,103,6832393,NA,NA
sample,int,isolated-tangent,clipping,4,0,2,1024,103,8184169,NA,NA
summary,int,isolated-tangent,clipping,6672.259,7992.353,11456.020
sample,int,degenerate-interior,clipping,4,0,0,2048,205,4183936,NA,NA
sample,int,degenerate-interior,clipping,4,0,1,2048,205,3781209,NA,NA
sample,int,degenerate-interior,clipping,4,0,2,2048,205,3774844,NA,NA
summary,int,degenerate-interior,clipping,1843.186,1846.293,2042.938
sample,int,degenerate-boundary,clipping,4,0,0,2048,205,8634925,NA,NA
sample,int,degenerate-boundary,clipping,4,0,1,2048,205,8531494,NA,NA
sample,int,degenerate-boundary,clipping,4,0,2,2048,205,8656695,NA,NA
summary,int,degenerate-boundary,clipping,4165.769,4216.272,4226.902
sample,int,empty,clipping,0,0,0,32768,3277,8276314,NA,NA
sample,int,empty,clipping,0,0,1,32768,3277,6211846,NA,NA
sample,int,empty,clipping,0,0,2,32768,3277,12474128,NA,NA
summary,int,empty,clipping,189.570,252.573,380.680
sample,int,concave-u,clipping,8,2,0,512,52,8800604,NA,NA
sample,int,concave-u,clipping,8,2,1,512,52,10328944,NA,NA
sample,int,concave-u,clipping,8,2,2,512,52,13871342,NA,NA
summary,int,concave-u,clipping,17188.680,20173.719,27092.465
sample,int,hole,clipping,8,2,0,256,26,6547684,NA,NA
sample,int,hole,clipping,8,2,1,256,26,4201859,NA,NA
sample,int,hole,clipping,8,2,2,256,26,4687415,NA,NA
summary,int,hole,clipping,16413.512,18310.215,25576.891
sample,int,hole-reversed,clipping,8,2,0,512,52,9694649,NA,NA
sample,int,hole-reversed,clipping,8,2,1,512,52,9758017,NA,NA
sample,int,hole-reversed,clipping,8,2,2,512,52,9363277,NA,NA
summary,int,hole-reversed,clipping,18287.650,18934.861,19058.627
sample,int,rational-crossing,clipping,3,1,0,512,52,5592022,NA,NA
sample,int,rational-crossing,clipping,3,1,1,512,52,5180873,NA,NA
sample,int,rational-crossing,clipping,3,1,2,512,52,4446554,NA,NA
summary,int,rational-crossing,clipping,8684.676,10118.893,10921.918
sample,int,sparse-1,clipping,4,1,0,512,52,5464734,NA,NA
sample,int,sparse-1,clipping,4,1,1,512,52,4946847,NA,NA
sample,int,sparse-1,clipping,4,1,2,512,52,6442265,NA,NA
summary,int,sparse-1,clipping,9661.811,10673.309,12582.549
sample,int,sparse-4,clipping,16,1,0,512,52,5533876,NA,NA
sample,int,sparse-4,clipping,16,1,1,512,52,13518660,NA,NA
sample,int,sparse-4,clipping,16,1,2,512,52,9112383,NA,NA
summary,int,sparse-4,clipping,10808.352,17797.623,26403.633
sample,int,sparse-16,clipping,64,1,0,512,52,7754559,NA,NA
sample,int,sparse-16,clipping,64,1,1,512,52,8602591,NA,NA
sample,int,sparse-16,clipping,64,1,2,512,52,8568225,NA,NA
summary,int,sparse-16,clipping,15145.623,16734.814,16801.936
sample,int,sparse-64,clipping,256,1,0,256,26,7337513,NA,NA
sample,int,sparse-64,clipping,256,1,1,256,26,7390461,NA,NA
sample,int,sparse-64,clipping,256,1,2,256,26,7843124,NA,NA
summary,int,sparse-64,clipping,28662.160,28868.988,30637.203
sample,int,dense-1,clipping,4,1,0,1024,103,10023642,NA,NA
sample,int,dense-1,clipping,4,1,1,1024,103,10663948,NA,NA
sample,int,dense-1,clipping,4,1,2,1024,103,10422919,NA,NA
summary,int,dense-1,clipping,9788.713,10178.632,10414.012
sample,int,dense-4,clipping,16,4,0,256,26,10896661,NA,NA
sample,int,dense-4,clipping,16,4,1,256,26,8412706,NA,NA
sample,int,dense-4,clipping,16,4,2,256,26,8437144,NA,NA
summary,int,dense-4,clipping,32862.133,32957.594,42565.082
sample,int,dense-16,clipping,64,16,0,32,4,7832391,NA,NA
sample,int,dense-16,clipping,64,16,1,32,4,5935381,NA,NA
sample,int,dense-16,clipping,64,16,2,32,4,4700040,NA,NA
summary,int,dense-16,clipping,146876.250,185480.656,244762.219
sample,int,dense-64,clipping,256,64,0,8,1,6484221,NA,NA
sample,int,dense-64,clipping,256,64,1,8,1,6283439,NA,NA
sample,int,dense-64,clipping,256,64,2,8,1,7028483,NA,NA
summary,int,dense-64,clipping,785429.875,810527.625,878560.375
sample,int,wide-integral,clipping,4,1,0,512,52,4915261,NA,NA
sample,int,wide-integral,clipping,4,1,1,512,52,6844246,NA,NA
sample,int,wide-integral,clipping,4,1,2,512,52,6070604,NA,NA
summary,int,wide-integral,clipping,9600.119,11856.648,13367.668
sample,long,exterior,clipping,4,0,0,32768,3277,8307520,NA,NA
sample,long,exterior,clipping,4,0,1,32768,3277,6377157,NA,NA
sample,long,exterior,clipping,4,0,2,32768,3277,6125208,NA,NA
summary,long,exterior,clipping,186.927,194.615,253.525
sample,long,interior,clipping,4,1,0,1024,103,6977586,NA,NA
sample,long,interior,clipping,4,1,1,1024,103,6768192,NA,NA
sample,long,interior,clipping,4,1,2,1024,103,7361582,NA,NA
summary,long,interior,clipping,6609.562,6814.049,7189.045
sample,long,crossing,clipping,4,1,0,1024,103,14550092,NA,NA
sample,long,crossing,clipping,4,1,1,1024,103,11437748,NA,NA
sample,long,crossing,clipping,4,1,2,1024,103,10558218,NA,NA
summary,long,crossing,clipping,10310.760,11169.676,14209.074
sample,long,boundary-only,clipping,4,1,0,1024,103,12805244,NA,NA
sample,long,boundary-only,clipping,4,1,1,1024,103,6868902,NA,NA
sample,long,boundary-only,clipping,4,1,2,1024,103,8625468,NA,NA
summary,long,boundary-only,clipping,6707.912,8423.309,12505.121
sample,long,boundary-overlap,clipping,4,1,0,512,52,4055459,NA,NA
sample,long,boundary-overlap,clipping,4,1,1,512,52,3476910,NA,NA
sample,long,boundary-overlap,clipping,4,1,2,512,52,3446711,NA,NA
summary,long,boundary-overlap,clipping,6731.857,6790.840,7920.818
sample,long,isolated-tangent,clipping,4,0,0,1024,103,7198747,NA,NA
sample,long,isolated-tangent,clipping,4,0,1,1024,103,7957048,NA,NA
sample,long,isolated-tangent,clipping,4,0,2,1024,103,8084039,NA,NA
summary,long,isolated-tangent,clipping,7030.026,7770.555,7894.569
sample,long,degenerate-interior,clipping,4,0,0,4096,410,10066994,NA,NA
sample,long,degenerate-interior,clipping,4,0,1,4096,410,8759285,NA,NA
sample,long,degenerate-interior,clipping,4,0,2,4096,410,18887101,NA,NA
summary,long,degenerate-interior,clipping,2138.497,2457.762,4611.109
sample,long,degenerate-boundary,clipping,4,0,0,1024,103,4113498,NA,NA
sample,long,degenerate-boundary,clipping,4,0,1,1024,103,3927421,NA,NA
sample,long,degenerate-boundary,clipping,4,0,2,1024,103,3966529,NA,NA
summary,long,degenerate-boundary,clipping,3835.372,3873.563,4017.088
sample,long,empty,clipping,0,0,0,32768,3277,5723547,NA,NA
sample,long,empty,clipping,0,0,1,32768,3277,8464993,NA,NA
sample,long,empty,clipping,0,0,2,32768,3277,5869757,NA,NA
summary,long,empty,clipping,174.669,179.131,258.331
sample,long,concave-u,clipping,8,2,0,256,26,4152773,NA,NA
sample,long,concave-u,clipping,8,2,1,256,26,5319760,NA,NA
sample,long,concave-u,clipping,8,2,2,256,26,4553971,NA,NA
summary,long,concave-u,clipping,16221.770,17788.949,20780.312
sample,long,hole,clipping,8,2,0,256,26,6895422,NA,NA
sample,long,hole,clipping,8,2,1,256,26,4050141,NA,NA
sample,long,hole,clipping,8,2,2,256,26,5763984,NA,NA
summary,long,hole,clipping,15820.863,22515.562,26935.242
sample,long,hole-reversed,clipping,8,2,0,512,52,8455518,NA,NA
sample,long,hole-reversed,clipping,8,2,1,512,52,7788277,NA,NA
sample,long,hole-reversed,clipping,8,2,2,512,52,7792034,NA,NA
summary,long,hole-reversed,clipping,15211.479,15218.816,16514.684
sample,long,rational-crossing,clipping,3,1,0,512,52,4697818,NA,NA
sample,long,rational-crossing,clipping,3,1,1,512,52,5326686,NA,NA
sample,long,rational-crossing,clipping,3,1,2,512,52,4562971,NA,NA
summary,long,rational-crossing,clipping,8912.053,9175.426,10403.684
sample,long,sparse-1,clipping,4,1,0,512,52,6326822,NA,NA
sample,long,sparse-1,clipping,4,1,1,512,52,4674426,NA,NA
sample,long,sparse-1,clipping,4,1,2,512,52,4530949,NA,NA
summary,long,sparse-1,clipping,8849.510,9129.738,12357.074
sample,long,sparse-4,clipping,16,1,0,512,52,6097766,NA,NA
sample,long,sparse-4,clipping,16,1,1,512,52,5629992,NA,NA
sample,long,sparse-4,clipping,16,1,2,512,52,5876748,NA,NA
summary,long,sparse-4,clipping,10996.078,11478.023,11909.699
sample,long,sparse-16,clipping,64,1,0,512,52,9076515,NA,NA
sample,long,sparse-16,clipping,64,1,1,512,52,9005505,NA,NA
sample,long,sparse-16,clipping,64,1,2,512,52,8088005,NA,NA
summary,long,sparse-16,clipping,15796.885,17588.877,17727.568
sample,long,sparse-64,clipping,256,1,0,256,26,7275874,NA,NA
sample,long,sparse-64,clipping,256,1,1,256,26,7683106,NA,NA
sample,long,sparse-64,clipping,256,1,2,256,26,7186763,NA,NA
summary,long,sparse-64,clipping,28073.293,28421.383,30012.133
sample,long,dense-1,clipping,4,1,0,512,52,4836396,NA,NA
sample,long,dense-1,clipping,4,1,1,512,52,10974244,NA,NA
sample,long,dense-1,clipping,4,1,2,512,52,5789342,NA,NA
summary,long,dense-1,clipping,9446.086,11307.309,21434.070
sample,long,dense-4,clipping,16,4,0,128,13,4553341,NA,NA
sample,long,dense-4,clipping,16,4,1,128,13,4750138,NA,NA
sample,long,dense-4,clipping,16,4,2,128,13,3539724,NA,NA
summary,long,dense-4,clipping,27654.094,35572.977,37110.453
sample,long,dense-16,clipping,64,16,0,32,4,7950866,NA,NA
sample,long,dense-16,clipping,64,16,1,32,4,5285211,NA,NA
sample,long,dense-16,clipping,64,16,2,32,4,5020995,NA,NA
summary,long,dense-16,clipping,156906.094,165162.844,248464.562
sample,long,dense-64,clipping,256,64,0,8,1,5665850,NA,NA
sample,long,dense-64,clipping,256,64,1,8,1,5643995,NA,NA
sample,long,dense-64,clipping,256,64,2,8,1,6382156,NA,NA
summary,long,dense-64,clipping,705499.375,708231.250,797769.500
sample,float,exterior,clipping,4,0,0,32768,3277,6462899,NA,NA
sample,float,exterior,clipping,4,0,1,32768,3277,6861094,NA,NA
sample,float,exterior,clipping,4,0,2,32768,3277,6013014,NA,NA
summary,float,exterior,clipping,183.503,197.232,209.384
sample,float,interior,clipping,4,1,0,1024,103,5666280,NA,NA
sample,float,interior,clipping,4,1,1,1024,103,7980201,NA,NA
sample,float,interior,clipping,4,1,2,1024,103,14564966,NA,NA
summary,float,interior,clipping,5533.477,7793.165,14223.600
sample,float,crossing,clipping,4,1,0,1024,103,16218935,NA,NA
sample,float,crossing,clipping,4,1,1,1024,103,13749793,NA,NA
sample,float,crossing,clipping,4,1,2,1024,103,14118075,NA,NA
summary,float,crossing,clipping,13427.532,13787.183,15838.804
sample,float,boundary-only,clipping,4,1,0,512,52,6599061,NA,NA
sample,float,boundary-only,clipping,4,1,1,512,52,7585867,NA,NA
sample,float,boundary-only,clipping,4,1,2,512,52,7410341,NA,NA
summary,float,boundary-only,clipping,12888.791,14473.322,14816.146
sample,float,boundary-overlap,clipping,4,1,0,1024,103,12547431,NA,NA
sample,float,boundary-overlap,clipping,4,1,1,1024,103,7513993,NA,NA
sample,float,boundary-overlap,clipping,4,1,2,1024,103,8343452,NA,NA
summary,float,boundary-overlap,clipping,7337.884,8147.902,12253.351
sample,float,isolated-tangent,clipping,4,0,0,512,52,12089906,NA,NA
sample,float,isolated-tangent,clipping,4,0,1,512,52,7347315,NA,NA
sample,float,isolated-tangent,clipping,4,0,2,512,52,8150976,NA,NA
summary,float,isolated-tangent,clipping,14350.225,15919.875,23613.098
sample,float,degenerate-interior,clipping,4,0,0,4096,410,10011600,NA,NA
sample,float,degenerate-interior,clipping,4,0,1,4096,410,6800770,NA,NA
sample,float,degenerate-interior,clipping,4,0,2,4096,410,6730768,NA,NA
summary,float,degenerate-interior,clipping,1643.254,1660.344,2444.238
sample,float,degenerate-boundary,clipping,4,0,0,2048,205,8596970,NA,NA
sample,float,degenerate-boundary,clipping,4,0,1,2048,205,7931952,NA,NA
sample,float,degenerate-boundary,clipping,4,0,2,2048,205,9264486,NA,NA
summary,float,degenerate-boundary,clipping,3873.023,4197.739,4523.675
sample,float,empty,clipping,0,0,0,32768,3277,12824626,NA,NA
sample,float,empty,clipping,0,0,1,32768,3277,6491184,NA,NA
sample,float,empty,clipping,0,0,2,32768,3277,5980231,NA,NA
summary,float,empty,clipping,182.502,198.095,391.377
sample,float,concave-u,clipping,8,2,0,256,26,4181688,NA,NA
sample,float,concave-u,clipping,8,2,1,256,26,6105897,NA,NA
sample,float,concave-u,clipping,8,2,2,256,26,4009984,NA,NA
summary,float,concave-u,clipping,15664.000,16334.719,23851.160
sample,float,hole,clipping,8,2,0,512,52,10396787,NA,NA
sample,float,hole,clipping,8,2,1,512,52,10229868,NA,NA
sample,float,hole,clipping,8,2,2,512,52,9233214,NA,NA
summary,float,hole,clipping,18033.621,19980.211,20306.225
sample,float,hole-reversed,clipping,8,2,0,512,52,8624065,NA,NA
sample,float,hole-reversed,clipping,8,2,1,512,52,9695471,NA,NA
sample,float,hole-reversed,clipping,8,2,2,512,52,7903315,NA,NA
summary,float,hole-reversed,clipping,15436.162,16843.877,18936.467
sample,float,rational-crossing,clipping,3,1,0,512,52,4996778,NA,NA
sample,float,rational-crossing,clipping,3,1,1,512,52,5310354,NA,NA
sample,float,rational-crossing,clipping,3,1,2,512,52,5015273,NA,NA
summary,float,rational-crossing,clipping,9759.332,9795.455,10371.785
sample,float,sparse-1,clipping,4,1,0,1024,103,9356558,NA,NA
sample,float,sparse-1,clipping,4,1,1,1024,103,10229327,NA,NA
sample,float,sparse-1,clipping,4,1,2,1024,103,9742207,NA,NA
summary,float,sparse-1,clipping,9137.264,9513.874,9989.577
sample,float,sparse-4,clipping,16,1,0,512,52,5535495,NA,NA
sample,float,sparse-4,clipping,16,1,1,512,52,8011671,NA,NA
sample,float,sparse-4,clipping,16,1,2,512,52,9264282,NA,NA
summary,float,sparse-4,clipping,10811.514,15647.795,18094.301
sample,float,sparse-16,clipping,64,1,0,512,52,10559760,NA,NA
sample,float,sparse-16,clipping,64,1,1,512,52,8995014,NA,NA
sample,float,sparse-16,clipping,64,1,2,512,52,17660824,NA,NA
summary,float,sparse-16,clipping,17568.387,20624.531,34493.797
sample,float,sparse-64,clipping,256,1,0,256,26,7000096,NA,NA
sample,float,sparse-64,clipping,256,1,1,256,26,7514900,NA,NA
sample,float,sparse-64,clipping,256,1,2,256,26,7588963,NA,NA
summary,float,sparse-64,clipping,27344.125,29355.078,29644.387
sample,float,dense-1,clipping,4,1,0,512,52,4978811,NA,NA
sample,float,dense-1,clipping,4,1,1,512,52,4644550,NA,NA
sample,float,dense-1,clipping,4,1,2,512,52,4431345,NA,NA
summary,float,dense-1,clipping,8654.971,9071.387,9724.240
sample,float,dense-4,clipping,16,4,0,256,26,7338470,NA,NA
sample,float,dense-4,clipping,16,4,1,256,26,7124687,NA,NA
sample,float,dense-4,clipping,16,4,2,256,26,18031231,NA,NA
summary,float,dense-4,clipping,27830.809,28665.898,70434.496
sample,float,dense-16,clipping,64,16,0,32,4,5486863,NA,NA
sample,float,dense-16,clipping,64,16,1,32,4,7595785,NA,NA
sample,float,dense-16,clipping,64,16,2,32,4,5860801,NA,NA
summary,float,dense-16,clipping,171464.469,183150.031,237368.281
sample,float,dense-64,clipping,256,64,0,8,1,6202764,NA,NA
sample,float,dense-64,clipping,256,64,1,8,1,6719672,NA,NA
sample,float,dense-64,clipping,256,64,2,8,1,7112028,NA,NA
summary,float,dense-64,clipping,775345.500,839959.000,889003.500
sample,float,subnormal,clipping,4,1,0,1024,103,9727664,NA,NA
sample,float,subnormal,clipping,4,1,1,1024,103,20466647,NA,NA
sample,float,subnormal,clipping,4,1,2,1024,103,18067761,NA,NA
summary,float,subnormal,clipping,9499.672,17644.298,19986.960
sample,float,large-finite,clipping,4,1,0,512,52,6531760,NA,NA
sample,float,large-finite,clipping,4,1,1,512,52,5391430,NA,NA
sample,float,large-finite,clipping,4,1,2,512,52,4936418,NA,NA
summary,float,large-finite,clipping,9641.441,10530.137,12757.344
sample,double,exterior,clipping,4,0,0,32768,3277,5826746,NA,NA
sample,double,exterior,clipping,4,0,1,32768,3277,6247883,NA,NA
sample,double,exterior,clipping,4,0,2,32768,3277,7116025,NA,NA
summary,double,exterior,clipping,177.818,190.670,217.164
sample,double,interior,clipping,4,1,0,1024,103,5959732,NA,NA
sample,double,interior,clipping,4,1,1,1024,103,7909964,NA,NA
sample,double,interior,clipping,4,1,2,1024,103,7199802,NA,NA
summary,double,interior,clipping,5820.051,7031.057,7724.574
sample,double,crossing,clipping,4,1,0,128,13,1424187,NA,NA
sample,double,crossing,clipping,4,1,1,128,13,4347314,NA,NA
sample,double,crossing,clipping,4,1,2,128,13,1284360,NA,NA
summary,double,crossing,clipping,10034.062,11126.461,33963.391
sample,double,boundary-only,clipping,4,1,0,512,52,2615047,NA,NA
sample,double,boundary-only,clipping,4,1,1,512,52,3173210,NA,NA
sample,double,boundary-only,clipping,4,1,2,512,52,2580895,NA,NA
summary,double,boundary-only,clipping,5040.811,5107.514,6197.676
sample,double,boundary-overlap,clipping,4,1,0,1024,103,7351936,NA,NA
sample,double,boundary-overlap,clipping,4,1,1,1024,103,7453820,NA,NA
sample,double,boundary-overlap,clipping,4,1,2,1024,103,8692491,NA,NA
summary,double,boundary-overlap,clipping,7179.625,7279.121,8488.761
sample,double,isolated-tangent,clipping,4,0,0,1024,103,9307126,NA,NA
sample,double,isolated-tangent,clipping,4,0,1,1024,103,6812381,NA,NA
sample,double,isolated-tangent,clipping,4,0,2,1024,103,12603379,NA,NA
summary,double,isolated-tangent,clipping,6652.716,9088.990,12307.987
sample,double,degenerate-interior,clipping,4,0,0,4096,410,6201399,NA,NA
sample,double,degenerate-interior,clipping,4,0,1,4096,410,7190504,NA,NA
sample,double,degenerate-interior,clipping,4,0,2,4096,410,6602834,NA,NA
summary,double,degenerate-interior,clipping,1514.013,1612.020,1755.494
sample,double,degenerate-boundary,clipping,4,0,0,2048,205,10045337,NA,NA
sample,double,degenerate-boundary,clipping,4,0,1,2048,205,8656414,NA,NA
sample,double,degenerate-boundary,clipping,4,0,2,2048,205,8658332,NA,NA
summary,double,degenerate-boundary,clipping,4226.765,4227.701,4904.950
sample,double,empty,clipping,0,0,0,32768,3277,6235887,NA,NA
sample,double,empty,clipping,0,0,1,32768,3277,5665117,NA,NA
sample,double,empty,clipping,0,0,2,32768,3277,5624268,NA,NA
summary,double,empty,clipping,171.639,172.886,190.304
sample,double,concave-u,clipping,8,2,0,512,52,8079223,NA,NA
sample,double,concave-u,clipping,8,2,1,512,52,12053058,NA,NA
sample,double,concave-u,clipping,8,2,2,512,52,8854512,NA,NA
summary,double,concave-u,clipping,15779.732,17293.969,23541.129
sample,double,hole,clipping,8,2,0,256,26,5552431,NA,NA
sample,double,hole,clipping,8,2,1,256,26,4565631,NA,NA
sample,double,hole,clipping,8,2,2,256,26,4443688,NA,NA
summary,double,hole,clipping,17358.156,17834.496,21689.184
sample,double,hole-reversed,clipping,8,2,0,512,52,20614779,NA,NA
sample,double,hole-reversed,clipping,8,2,1,512,52,15886807,NA,NA
sample,double,hole-reversed,clipping,8,2,2,512,52,21493192,NA,NA
summary,double,hole-reversed,clipping,31028.920,40263.240,41978.891
sample,double,rational-crossing,clipping,3,1,0,1024,103,11050251,NA,NA
sample,double,rational-crossing,clipping,3,1,1,1024,103,9817335,NA,NA
sample,double,rational-crossing,clipping,3,1,2,1024,103,9205793,NA,NA
summary,double,rational-crossing,clipping,8990.032,9587.241,10791.261
sample,double,sparse-1,clipping,4,1,0,1024,103,9581166,NA,NA
sample,double,sparse-1,clipping,4,1,1,1024,103,9759504,NA,NA
sample,double,sparse-1,clipping,4,1,2,1024,103,13073443,NA,NA
summary,double,sparse-1,clipping,9356.607,9530.766,12767.034
sample,double,sparse-4,clipping,16,1,0,512,52,8066001,NA,NA
sample,double,sparse-4,clipping,16,1,1,512,52,6869877,NA,NA
sample,double,sparse-4,clipping,16,1,2,512,52,7610654,NA,NA
summary,double,sparse-4,clipping,13417.729,14864.559,15753.908
sample,double,sparse-16,clipping,64,1,0,512,52,8076312,NA,NA
sample,double,sparse-16,clipping,64,1,1,512,52,9034125,NA,NA
sample,double,sparse-16,clipping,64,1,2,512,52,9139506,NA,NA
summary,double,sparse-16,clipping,15774.047,17644.775,17850.598
sample,double,sparse-64,clipping,256,1,0,256,26,9387434,NA,NA
sample,double,sparse-64,clipping,256,1,1,256,26,8234556,NA,NA
sample,double,sparse-64,clipping,256,1,2,256,26,13545950,NA,NA
summary,double,sparse-64,clipping,32166.234,36669.664,52913.867
sample,double,dense-1,clipping,4,1,0,1024,103,8795698,NA,NA
sample,double,dense-1,clipping,4,1,1,1024,103,9119767,NA,NA
sample,double,dense-1,clipping,4,1,2,1024,103,9479371,NA,NA
summary,double,dense-1,clipping,8589.549,8906.022,9257.198
sample,double,dense-4,clipping,16,4,0,256,26,8348064,NA,NA
sample,double,dense-4,clipping,16,4,1,256,26,7608409,NA,NA
sample,double,dense-4,clipping,16,4,2,256,26,7855671,NA,NA
summary,double,dense-4,clipping,29720.348,30686.215,32609.625
sample,double,dense-16,clipping,64,16,0,32,4,4600463,NA,NA
sample,double,dense-16,clipping,64,16,1,32,4,5154720,NA,NA
sample,double,dense-16,clipping,64,16,2,32,4,5124703,NA,NA
summary,double,dense-16,clipping,143764.469,160146.969,161085.000
sample,double,dense-64,clipping,256,64,0,8,1,7874346,NA,NA
sample,double,dense-64,clipping,256,64,1,8,1,6999954,NA,NA
sample,double,dense-64,clipping,256,64,2,8,1,6765954,NA,NA
summary,double,dense-64,clipping,845744.250,874994.250,984293.250
checksum,1747680854052934169
