native_version,3.13.1-CAPI-1.19.2
fixture,int,exterior,4,0,PASS,query_valid,1,1
fixture,int,interior,4,1,PASS,query_valid,1,1
fixture,int,crossing,4,1,PASS,query_valid,1,1
fixture,int,boundary-only,4,1,PASS,query_valid,1,1
fixture,int,boundary-overlap,4,1,PASS,query_valid,1,1
fixture,int,isolated-tangent,4,0,PASS,query_valid,1,1
fixture,int,degenerate-interior,4,0,PASS,query_valid,0,0
fixture,int,degenerate-boundary,4,0,PASS,query_valid,0,0
fixture,int,empty,0,0,PASS,query_valid,1,1
fixture,int,concave-u,8,2,PASS,query_valid,1,1
fixture,int,hole,8,2,PASS,query_valid,1,1
fixture,int,hole-reversed,8,2,PASS,query_valid,1,1
fixture,int,rational-crossing,3,1,PASS,query_valid,1,1
fixture,int,sparse-1,4,1,PASS,query_valid,1,1
fixture,int,sparse-4,16,1,PASS,query_valid,1,1
fixture,int,sparse-16,64,1,PASS,query_valid,1,1
fixture,int,sparse-64,256,1,PASS,query_valid,1,1
fixture,int,dense-1,4,1,PASS,query_valid,1,1
fixture,int,dense-4,16,4,PASS,query_valid,1,1
fixture,int,dense-16,64,16,PASS,query_valid,1,1
fixture,int,dense-64,256,64,PASS,query_valid,1,1
fixture,int,wide-integral,4,1,PASS,query_valid,1,1
fixture,long,exterior,4,0,PASS,query_valid,1,1
fixture,long,interior,4,1,PASS,query_valid,1,1
fixture,long,crossing,4,1,PASS,query_valid,1,1
fixture,long,boundary-only,4,1,PASS,query_valid,1,1
fixture,long,boundary-overlap,4,1,PASS,query_valid,1,1
fixture,long,isolated-tangent,4,0,PASS,query_valid,1,1
fixture,long,degenerate-interior,4,0,PASS,query_valid,0,0
fixture,long,degenerate-boundary,4,0,PASS,query_valid,0,0
fixture,long,empty,0,0,PASS,query_valid,1,1
fixture,long,concave-u,8,2,PASS,query_valid,1,1
fixture,long,hole,8,2,PASS,query_valid,1,1
fixture,long,hole-reversed,8,2,PASS,query_valid,1,1
fixture,long,rational-crossing,3,1,PASS,query_valid,1,1
fixture,long,sparse-1,4,1,PASS,query_valid,1,1
fixture,long,sparse-4,16,1,PASS,query_valid,1,1
fixture,long,sparse-16,64,1,PASS,query_valid,1,1
fixture,long,sparse-64,256,1,PASS,query_valid,1,1
fixture,long,dense-1,4,1,PASS,query_valid,1,1
fixture,long,dense-4,16,4,PASS,query_valid,1,1
fixture,long,dense-16,64,16,PASS,query_valid,1,1
fixture,long,dense-64,256,64,PASS,query_valid,1,1
fixture,float,exterior,4,0,PASS,query_valid,1,1
fixture,float,interior,4,1,PASS,query_valid,1,1
fixture,float,crossing,4,1,PASS,query_valid,1,1
fixture,float,boundary-only,4,1,PASS,query_valid,1,1
fixture,float,boundary-overlap,4,1,PASS,query_valid,1,1
fixture,float,isolated-tangent,4,0,PASS,query_valid,1,1
fixture,float,degenerate-interior,4,0,PASS,query_valid,0,0
fixture,float,degenerate-boundary,4,0,PASS,query_valid,0,0
fixture,float,empty,0,0,PASS,query_valid,1,1
fixture,float,concave-u,8,2,PASS,query_valid,1,1
fixture,float,hole,8,2,PASS,query_valid,1,1
fixture,float,hole-reversed,8,2,PASS,query_valid,1,1
fixture,float,rational-crossing,3,1,PASS,query_valid,1,1
fixture,float,sparse-1,4,1,PASS,query_valid,1,1
fixture,float,sparse-4,16,1,PASS,query_valid,1,1
fixture,float,sparse-16,64,1,PASS,query_valid,1,1
fixture,float,sparse-64,256,1,PASS,query_valid,1,1
fixture,float,dense-1,4,1,PASS,query_valid,1,1
fixture,float,dense-4,16,4,PASS,query_valid,1,1
fixture,float,dense-16,64,16,PASS,query_valid,1,1
fixture,float,dense-64,256,64,PASS,query_valid,1,1
fixture,float,subnormal,4,1,PASS,query_valid,1,1
fixture,float,large-finite,4,1,PASS,query_valid,1,1
fixture,double,exterior,4,0,PASS,query_valid,1,1
fixture,double,interior,4,1,PASS,query_valid,1,1
fixture,double,crossing,4,1,PASS,query_valid,1,1
fixture,double,boundary-only,4,1,PASS,query_valid,1,1
fixture,double,boundary-overlap,4,1,PASS,query_valid,1,1
fixture,double,isolated-tangent,4,0,PASS,query_valid,1,1
fixture,double,degenerate-interior,4,0,PASS,query_valid,0,0
fixture,double,degenerate-boundary,4,0,PASS,query_valid,0,0
fixture,double,empty,0,0,PASS,query_valid,1,1
fixture,double,concave-u,8,2,PASS,query_valid,1,1
fixture,double,hole,8,2,PASS,query_valid,1,1
fixture,double,hole-reversed,8,2,PASS,query_valid,1,1
fixture,double,rational-crossing,3,1,PASS,query_valid,1,1
fixture,double,sparse-1,4,1,PASS,query_valid,1,1
fixture,double,sparse-4,16,1,PASS,query_valid,1,1
fixture,double,sparse-16,64,1,PASS,query_valid,1,1
fixture,double,sparse-64,256,1,PASS,query_valid,1,1
fixture,double,dense-1,4,1,PASS,query_valid,1,1
fixture,double,dense-4,16,4,PASS,query_valid,1,1
fixture,double,dense-16,64,16,PASS,query_valid,1,1
fixture,double,dense-64,256,64,PASS,query_valid,1,1
preflight,native,87,174,PASS
sample,int,exterior,clipping,4,0,0,32768,3277,8200804,NA,NA
sample,int,exterior,clipping,4,0,1,32768,3277,9024333,NA,NA
sample,int,exterior,clipping,4,0,2,32768,3277,5876672,NA,NA
summary,int,exterior,clipping,179.342,250.269,275.401
sample,int,interior,clipping,4,1,0,1024,103,9118608,NA,NA
sample,int,interior,clipping,4,1,1,1024,103,6869402,NA,NA
sample,int,interior,clipping,4,1,2,1024,103,6150625,NA,NA
summary,int,interior,clipping,6006.470,6708.400,8904.891
sample,int,crossing,clipping,4,1,0,512,52,4727811,NA,NA
sample,int,crossing,clipping,4,1,1,512,52,4540747,NA,NA
sample,int,crossing,clipping,4,1,2,512,52,4414696,NA,NA
summary,int,crossing,clipping,8622.453,8868.646,9234.006
sample,int,boundary-only,clipping,4,1,0,1024,103,6553306,NA,NA
sample,int,boundary-only,clipping,4,1,1,1024,103,7054413,NA,NA
sample,int,boundary-only,clipping,4,1,2,1024,103,5298949,NA,NA
summary,int,boundary-only,clipping,5174.755,6399.713,6889.075
sample,int,boundary-overlap,clipping,4,1,0,1024,103,6763249,NA,NA
sample,int,boundary-overlap,clipping,4,1,1,1024,103,7180397,NA,NA
sample,int,boundary-overlap,clipping,4,1,2,1024,103,7076483,NA,NA
summary,int,boundary-overlap,clipping,6604.735,6910.628,7012.106
sample,int,isolated-tangent,clipping,4,0,0,1024,103,7928645,NA,NA
sample,int,isolated-tangent,clipping,4,0,1,1024,103,13631471,NA,NA
sample,int,isolated-tangent,clipping,4,0,2,1024,103,8944364,NA,NA
summary,int,isolated-tangent,clipping,7742.817,8734.730,13311.983
sample,int,degenerate-interior,clipping,4,0,0,4096,410,6701959,NA,NA
sample,int,degenerate-interior,clipping,4,0,1,4096,410,10248859,NA,NA
sample,int,degenerate-interior,clipping,4,0,2,4096,410,9302534,NA,NA
summary,int,degenerate-interior,clipping,1636.220,2271.126,2502.163
sample,int,degenerate-boundary,clipping,4,0,0,2048,205,8254675,NA,NA
sample,int,degenerate-boundary,clipping,4,0,1,2048,205,13438331,NA,NA
sample,int,degenerate-boundary,clipping,4,0,2,2048,205,16823755,NA,NA
summary,int,degenerate-boundary,clipping,4030.603,6561.685,8214.724
sample,int,empty,clipping,0,0,0,32768,3277,7272961,NA,NA
sample,int,empty,clipping,0,0,1,32768,3277,7642481,NA,NA
sample,int,empty,clipping,0,0,2,32768,3277,5745402,NA,NA
summary,int,empty,clipping,175.336,221.953,233.230
sample,int,concave-u,clipping,8,2,0,256,26,4663545,NA,NA
sample,int,concave-u,clipping,8,2,1,256,26,3794852,NA,NA
sample,int,concave-u,clipping,8,2,2,256,26,3892410,NA,NA
summary,int,concave-u,clipping,14823.641,15204.727,18216.973
sample,int,hole,clipping,8,2,0,512,52,8732527,NA,NA
sample,int,hole,clipping,8,2,1,512,52,9050938,NA,NA
sample,int,hole,clipping,8,2,2,512,52,9930343,NA,NA
summary,int,hole,clipping,17055.717,17677.613,19395.201
sample,int,hole-reversed,clipping,8,2,0,512,52,8392525,NA,NA
sample,int,hole-reversed,clipping,8,2,1,512,52,8402052,NA,NA
sample,int,hole-reversed,clipping,8,2,2,512,52,8329703,NA,NA
summary,int,hole-reversed,clipping,16268.951,16391.650,16410.258
sample,int,rational-crossing,clipping,3,1,0,1024,103,8760512,NA,NA
sample,int,rational-crossing,clipping,3,1,1,1024,103,8508337,NA,NA
sample,int,rational-crossing,clipping,3,1,2,1024,103,10191959,NA,NA
summary,int,rational-crossing,clipping,8308.923,8555.188,9953.085
sample,int,sparse-1,clipping,4,1,0,512,52,4797582,NA,NA
sample,int,sparse-1,clipping,4,1,1,512,52,4335624,NA,NA
sample,int,sparse-1,clipping,4,1,2,512,52,5004172,NA,NA
summary,int,sparse-1,clipping,8468.016,9370.277,9773.773
sample,int,sparse-4,clipping,16,1,0,512,52,7423063,NA,NA
sample,int,sparse-4,clipping,16,1,1,512,52,6163712,NA,NA
sample,int,sparse-4,clipping,16,1,2,512,52,5996964,NA,NA
summary,int,sparse-4,clipping,11712.820,12038.500,14498.170
sample,int,sparse-16,clipping,64,1,0,512,52,8021962,NA,NA
sample,int,sparse-16,clipping,64,1,1,512,52,7924961,NA,NA
sample,int,sparse-16,clipping,64,1,2,512,52,8525388,NA,NA
summary,int,sparse-16,clipping,15478.439,15667.895,16651.148
sample,int,sparse-64,clipping,256,1,0,256,26,6772971,NA,NA
sample,int,sparse-64,clipping,256,1,1,256,26,8842974,NA,NA
sample,int,sparse-64,clipping,256,1,2,256,26,9428857,NA,NA
summary,int,sparse-64,clipping,26456.918,34542.867,36831.473
sample,int,dense-1,clipping,4,1,0,1024,103,11692865,NA,NA
sample,int,dense-1,clipping,4,1,1,1024,103,12499914,NA,NA
sample,int,dense-1,clipping,4,1,2,1024,103,10873272,NA,NA
summary,int,dense-1,clipping,10618.430,11418.813,12206.947
sample,int,dense-4,clipping,16,4,0,256,26,9962522,NA,NA
sample,int,dense-4,clipping,16,4,1,256,26,7581817,NA,NA
sample,int,dense-4,clipping,16,4,2,256,26,7562641,NA,NA
summary,int,dense-4,clipping,29541.566,29616.473,38916.102
sample,int,dense-16,clipping,64,16,0,32,4,5711665,NA,NA
sample,int,dense-16,clipping,64,16,1,32,4,4680627,NA,NA
sample,int,dense-16,clipping,64,16,2,32,4,5639239,NA,NA
summary,int,dense-16,clipping,146269.594,176226.219,178489.531
sample,int,dense-64,clipping,256,64,0,8,1,7026648,NA,NA
sample,int,dense-64,clipping,256,64,1,8,1,7624482,NA,NA
sample,int,dense-64,clipping,256,64,2,8,1,6854380,NA,NA
summary,int,dense-64,clipping,856797.500,878331.000,953060.250
sample,int,wide-integral,clipping,4,1,0,512,52,4837438,NA,NA
sample,int,wide-integral,clipping,4,1,1,512,52,4655461,NA,NA
sample,int,wide-integral,clipping,4,1,2,512,52,4990184,NA,NA
summary,int,wide-integral,clipping,9092.697,9448.121,9746.453
sample,long,exterior,clipping,4,0,0,32768,3277,5794378,NA,NA
sample,long,exterior,clipping,4,0,1,32768,3277,5766549,NA,NA
sample,long,exterior,clipping,4,0,2,32768,3277,6024200,NA,NA
summary,long,exterior,clipping,175.981,176.830,183.844
sample,long,interior,clipping,4,1,0,1024,103,5568083,NA,NA
sample,long,interior,clipping,4,1,1,1024,103,5489061,NA,NA
sample,long,interior,clipping,4,1,2,1024,103,10423944,NA,NA
summary,long,interior,clipping,5360.411,5437.581,10179.633
sample,long,crossing,clipping,4,1,0,1024,103,8633146,NA,NA
sample,long,crossing,clipping,4,1,1,1024,103,9454951,NA,NA
sample,long,crossing,clipping,4,1,2,1024,103,9050156,NA,NA
summary,long,crossing,clipping,8430.807,8838.043,9233.351
sample,long,boundary-only,clipping,4,1,0,1024,103,4988838,NA,NA
sample,long,boundary-only,clipping,4,1,1,1024,103,9133642,NA,NA
sample,long,boundary-only,clipping,4,1,2,1024,103,5246680,NA,NA
summary,long,boundary-only,clipping,4871.912,5123.711,8919.572
sample,long,boundary-overlap,clipping,4,1,0,1024,103,10181037,NA,NA
sample,long,boundary-overlap,clipping,4,1,1,1024,103,11090128,NA,NA
sample,long,boundary-overlap,clipping,4,1,2,1024,103,13687289,NA,NA
summary,long,boundary-overlap,clipping,9942.419,10830.203,13366.493
sample,long,isolated-tangent,clipping,4,0,0,1024,103,6182650,NA,NA
sample,long,isolated-tangent,clipping,4,0,1,1024,103,6101935,NA,NA
sample,long,isolated-tangent,clipping,4,0,2,1024,103,6529297,NA,NA
summary,long,isolated-tangent,clipping,5958.921,6037.744,6376.267
sample,long,degenerate-interior,clipping,4,0,0,4096,410,6800063,NA,NA
sample,long,degenerate-interior,clipping,4,0,1,4096,410,7207330,NA,NA
sample,long,degenerate-interior,clipping,4,0,2,4096,410,7072589,NA,NA
summary,long,degenerate-interior,clipping,1660.172,1726.706,1759.602
sample,long,degenerate-boundary,clipping,4,0,0,1024,103,3827814,NA,NA
sample,long,degenerate-boundary,clipping,4,0,1,1024,103,5461966,NA,NA
sample,long,degenerate-boundary,clipping,4,0,2,1024,103,4177175,NA,NA
summary,long,degenerate-boundary,clipping,3738.100,4079.272,5333.951
sample,long,empty,clipping,0,0,0,32768,3277,5998119,NA,NA
sample,long,empty,clipping,0,0,1,32768,3277,5694427,NA,NA
sample,long,empty,clipping,0,0,2,32768,3277,5575570,NA,NA
summary,long,empty,clipping,170.153,173.780,183.048
sample,long,concave-u,clipping,8,2,0,512,52,7711929,NA,NA
sample,long,concave-u,clipping,8,2,1,512,52,8092346,NA,NA
sample,long,concave-u,clipping,8,2,2,512,52,9721951,NA,NA
summary,long,concave-u,clipping,15062.361,15805.363,18988.186
sample,long,hole,clipping,8,2,0,512,52,15397525,NA,NA
sample,long,hole,clipping,8,2,1,512,52,9079697,NA,NA
sample,long,hole,clipping,8,2,2,512,52,10347374,NA,NA
summary,long,hole,clipping,17733.783,20209.715,30073.291
sample,long,hole-reversed,clipping,8,2,0,256,26,5555719,NA,NA
sample,long,hole-reversed,clipping,8,2,1,256,26,4627639,NA,NA
sample,long,hole-reversed,clipping,8,2,2,256,26,4460678,NA,NA
summary,long,hole-reversed,clipping,17424.523,18076.715,21702.027
sample,long,rational-crossing,clipping,3,1,0,512,52,5136618,NA,NA
sample,long,rational-crossing,clipping,3,1,1,512,52,5095922,NA,NA
sample,long,rational-crossing,clipping,3,1,2,512,52,8503025,NA,NA
summary,long,rational-crossing,clipping,9952.973,10032.457,16607.471
sample,long,sparse-1,clipping,4,1,0,512,52,5652934,NA,NA
sample,long,sparse-1,clipping,4,1,1,512,52,4468226,NA,NA
sample,long,sparse-1,clipping,4,1,2,512,52,4596873,NA,NA
summary,long,sparse-1,clipping,8727.004,8978.268,11040.887
sample,long,sparse-4,clipping,16,1,0,512,52,6053947,NA,NA
sample,long,sparse-4,clipping,16,1,1,512,52,5864385,NA,NA
sample,long,sparse-4,clipping,16,1,2,512,52,5523470,NA,NA
summary,long,sparse-4,clipping,10788.027,11453.877,11824.115
sample,long,sparse-16,clipping,64,1,0,512,52,10838118,NA,NA
sample,long,sparse-16,clipping,64,1,1,512,52,8744283,NA,NA
sample,long,sparse-16,clipping,64,1,2,512,52,8279889,NA,NA
summary,long,sparse-16,clipping,16171.658,17078.678,21168.199
sample,long,sparse-64,clipping,256,1,0,256,26,7386147,NA,NA
sample,long,sparse-64,clipping,256,1,1,256,26,6958646,NA,NA
sample,long,sparse-64,clipping,256,1,2,256,26,6832052,NA,NA
summary,long,sparse-64,clipping,26687.703,27182.211,28852.137
sample,long,dense-1,clipping,4,1,0,1024,103,9660499,NA,NA
sample,long,dense-1,clipping,4,1,1,1024,103,10452838,NA,NA
sample,long,dense-1,clipping,4,1,2,1024,103,10500356,NA,NA
summary,long,dense-1,clipping,9434.081,10207.850,10254.254
sample,long,dense-4,clipping,16,4,0,256,26,8034697,NA,NA
sample,long,dense-4,clipping,16,4,1,256,26,8147594,NA,NA
sample,long,dense-4,clipping,16,4,2,256,26,7065499,NA,NA
summary,long,dense-4,clipping,27599.605,31385.535,31826.539
sample,long,dense-16,clipping,64,16,0,32,4,5247153,NA,NA
sample,long,dense-16,clipping,64,16,1,32,4,4990451,NA,NA
sample,long,dense-16,clipping,64,16,2,32,4,4412365,NA,NA
summary,long,dense-16,clipping,137886.406,155951.594,163973.531
sample,long,dense-64,clipping,256,64,0,8,1,7509189,NA,NA
sample,long,dense-64,clipping,256,64,1,8,1,6195054,NA,NA
sample,long,dense-64,clipping,256,64,2,8,1,8695904,NA,NA
summary,long,dense-64,clipping,774381.750,938648.625,1086988.000
sample,float,exterior,clipping,4,0,0,32768,3277,5764060,NA,NA
sample,float,exterior,clipping,4,0,1,32768,3277,6006885,NA,NA
sample,float,exterior,clipping,4,0,2,32768,3277,5759087,NA,NA
summary,float,exterior,clipping,175.753,175.905,183.316
sample,float,interior,clipping,4,1,0,1024,103,5519197,NA,NA
sample,float,interior,clipping,4,1,1,1024,103,7709756,NA,NA
sample,float,interior,clipping,4,1,2,1024,103,5649095,NA,NA
summary,float,interior,clipping,5389.841,5516.694,7529.059
sample,float,crossing,clipping,4,1,0,512,52,7162995,NA,NA
sample,float,crossing,clipping,4,1,1,512,52,4907790,NA,NA
sample,float,crossing,clipping,4,1,2,512,52,5628505,NA,NA
summary,float,crossing,clipping,9585.527,10993.174,13990.225
sample,float,boundary-only,clipping,4,1,0,1024,103,6387473,NA,NA
sample,float,boundary-only,clipping,4,1,1,1024,103,5402217,NA,NA
sample,float,boundary-only,clipping,4,1,2,1024,103,5242455,NA,NA
summary,float,boundary-only,clipping,5119.585,5275.603,6237.767
sample,float,boundary-overlap,clipping,4,1,0,1024,103,7056230,NA,NA
sample,float,boundary-overlap,clipping,4,1,1,1024,103,7980884,NA,NA
sample,float,boundary-overlap,clipping,4,1,2,1024,103,7920061,NA,NA
summary,float,boundary-overlap,clipping,6890.850,7734.435,7793.832
sample,float,isolated-tangent,clipping,4,0,0,1024,103,6915366,NA,NA
sample,float,isolated-tangent,clipping,4,0,1,1024,103,8253752,NA,NA
sample,float,isolated-tangent,clipping,4,0,2,1024,103,11884072,NA,NA
summary,float,isolated-tangent,clipping,6753.287,8060.305,11605.539
sample,float,degenerate-interior,clipping,4,0,0,4096,410,7004654,NA,NA
sample,float,degenerate-interior,clipping,4,0,1,4096,410,7315563,NA,NA
sample,float,degenerate-interior,clipping,4,0,2,4096,410,6129451,NA,NA
summary,float,degenerate-interior,clipping,1496.448,1710.121,1786.026
sample,float,degenerate-boundary,clipping,4,0,0,2048,205,11632336,NA,NA
sample,float,degenerate-boundary,clipping,4,0,1,2048,205,9027718,NA,NA
sample,float,degenerate-boundary,clipping,4,0,2,2048,205,8455255,NA,NA
summary,float,degenerate-boundary,clipping,4128.542,4408.065,5679.852
sample,float,empty,clipping,0,0,0,32768,3277,5743802,NA,NA
sample,float,empty,clipping,0,0,1,32768,3277,5541602,NA,NA
sample,float,empty,clipping,0,0,2,32768,3277,12661875,NA,NA
summary,float,empty,clipping,169.116,175.287,386.410
sample,float,concave-u,clipping,8,2,0,512,52,9274718,NA,NA
sample,float,concave-u,clipping,8,2,1,512,52,8744648,NA,NA
sample,float,concave-u,clipping,8,2,2,512,52,10619655,NA,NA
summary,float,concave-u,clipping,17079.391,18114.684,20741.514
sample,float,hole,clipping,8,2,0,256,26,11604287,NA,NA
sample,float,hole,clipping,8,2,1,256,26,6418007,NA,NA
sample,float,hole,clipping,8,2,2,256,26,4892656,NA,NA
summary,float,hole,clipping,19111.938,25070.340,45329.246
sample,float,hole-reversed,clipping,8,2,0,256,26,4394639,NA,NA
sample,float,hole-reversed,clipping,8,2,1,256,26,4151433,NA,NA
sample,float,hole-reversed,clipping,8,2,2,256,26,3896799,NA,NA
summary,float,hole-reversed,clipping,15221.871,16216.535,17166.559
sample,float,rational-crossing,clipping,3,1,0,1024,103,9236373,NA,NA
sample,float,rational-crossing,clipping,3,1,1,1024,103,11203845,NA,NA
sample,float,rational-crossing,clipping,3,1,2,1024,103,9946578,NA,NA
summary,float,rational-crossing,clipping,9019.896,9713.455,10941.255
sample,float,sparse-1,clipping,4,1,0,512,52,5494011,NA,NA
sample,float,sparse-1,clipping,4,1,1,512,52,4560311,NA,NA
sample,float,sparse-1,clipping,4,1,2,512,52,4788603,NA,NA
summary,float,sparse-1,clipping,8906.857,9352.740,10730.490
sample,float,sparse-4,clipping,16,1,0,512,52,5743143,NA,NA
sample,float,sparse-4,clipping,16,1,1,512,52,5693056,NA,NA
sample,float,sparse-4,clipping,16,1,2,512,52,6003998,NA,NA
summary,float,sparse-4,clipping,11119.250,11217.076,11726.559
sample,float,sparse-16,clipping,64,1,0,512,52,8349090,NA,NA
sample,float,sparse-16,clipping,64,1,1,512,52,11401697,NA,NA
sample,float,sparse-16,clipping,64,1,2,512,52,8775778,NA,NA
summary,float,sparse-16,clipping,16306.816,17140.191,22268.939
sample,float,sparse-64,clipping,256,1,0,256,26,7747326,NA,NA
sample,float,sparse-64,clipping,256,1,1,256,26,7064364,NA,NA
sample,float,sparse-64,clipping,256,1,2,256,26,10766005,NA,NA
summary,float,sparse-64,clipping,27595.172,30262.992,42054.707
sample,float,dense-1,clipping,4,1,0,1024,103,12267986,NA,NA
sample,float,dense-1,clipping,4,1,1,1024,103,18170524,NA,NA
sample,float,dense-1,clipping,4,1,2,1024,103,12485274,NA,NA
summary,float,dense-1,clipping,11980.455,12192.650,17744.652
sample,float,dense-4,clipping,16,4,0,128,13,7233712,NA,NA
sample,float,dense-4,clipping,16,4,1,128,13,4422496,NA,NA
sample,float,dense-4,clipping,16,4,2,128,13,3853945,NA,NA
summary,float,dense-4,clipping,30108.945,34550.750,56513.375
sample,float,dense-16,clipping,64,16,0,32,4,6548125,NA,NA
sample,float,dense-16,clipping,64,16,1,32,4,5108204,NA,NA
sample,float,dense-16,clipping,64,16,2,32,4,4668277,NA,NA
summary,float,dense-16,clipping,145883.656,159631.375,204628.906
sample,float,dense-64,clipping,256,64,0,8,1,6670512,NA,NA
sample,float,dense-64,clipping,256,64,1,8,1,8793539,NA,NA
sample,float,dense-64,clipping,256,64,2,8,1,6135996,NA,NA
summary,float,dense-64,clipping,766999.500,833814.000,1099192.375
sample,float,subnormal,clipping,4,1,0,512,52,4791132,NA,NA
sample,float,subnormal,clipping,4,1,1,512,52,4566535,NA,NA
sample,float,subnormal,clipping,4,1,2,512,52,4469981,NA,NA
summary,float,subnormal,clipping,8730.432,8919.014,9357.680
sample,float,large-finite,clipping,4,1,0,512,52,5462032,NA,NA
sample,float,large-finite,clipping,4,1,1,512,52,5947954,NA,NA
sample,float,large-finite,clipping,4,1,2,512,52,4372033,NA,NA
summary,float,large-finite,clipping,8539.127,10668.031,11617.098
sample,double,exterior,clipping,4,0,0,32768,3277,5818851,NA,NA
sample,double,exterior,clipping,4,0,1,32768,3277,5973816,NA,NA
sample,double,exterior,clipping,4,0,2,32768,3277,6175356,NA,NA
summary,double,exterior,clipping,177.577,182.306,188.457
sample,double,interior,clipping,4,1,0,1024,103,5717480,NA,NA
sample,double,interior,clipping,4,1,1,1024,103,7158845,NA,NA
sample,double,interior,clipping,4,1,2,1024,103,6535697,NA,NA
summary,double,interior,clipping,5583.477,6382.517,6991.060
sample,double,crossing,clipping,4,1,0,1024,103,9206511,NA,NA
sample,double,crossing,clipping,4,1,1,1024,103,9184511,NA,NA
sample,double,crossing,clipping,4,1,2,1024,103,9121416,NA,NA
summary,double,crossing,clipping,8907.633,8969.249,8990.733
sample,double,boundary-only,clipping,4,1,0,1024,103,6088995,NA,NA
sample,double,boundary-only,clipping,4,1,1,1024,103,8062866,NA,NA
sample,double,boundary-only,clipping,4,1,2,1024,103,5822524,NA,NA
summary,double,boundary-only,clipping,5686.059,5946.284,7873.893
sample,double,boundary-overlap,clipping,4,1,0,512,52,4001627,NA,NA
sample,double,boundary-overlap,clipping,4,1,1,512,52,3714572,NA,NA
sample,double,boundary-overlap,clipping,4,1,2,512,52,3428979,NA,NA
summary,double,boundary-overlap,clipping,6697.225,7255.023,7815.678
sample,double,isolated-tangent,clipping,4,0,0,1024,103,6345349,NA,NA
sample,double,isolated-tangent,clipping,4,0,1,1024,103,6124318,NA,NA
sample,double,isolated-tangent,clipping,4,0,2,1024,103,8364947,NA,NA
summary,double,isolated-tangent,clipping,5980.779,6196.630,8168.894
sample,double,degenerate-interior,clipping,4,0,0,4096,410,7222872,NA,NA
sample,double,degenerate-interior,clipping,4,0,1,4096,410,7455246,NA,NA
sample,double,degenerate-interior,clipping,4,0,2,4096,410,10695565,NA,NA
summary,double,degenerate-interior,clipping,1763.396,1820.128,2611.222
sample,double,degenerate-boundary,clipping,4,0,0,1024,103,4845427,NA,NA
sample,double,degenerate-boundary,clipping,4,0,1,1024,103,4236223,NA,NA
sample,double,degenerate-boundary,clipping,4,0,2,1024,103,8385961,NA,NA
summary,double,degenerate-boundary,clipping,4136.937,4731.862,8189.415
sample,double,empty,clipping,0,0,0,32768,3277,5984034,NA,NA
sample,double,empty,clipping,0,0,1,32768,3277,6353576,NA,NA
sample,double,empty,clipping,0,0,2,32768,3277,8069792,NA,NA
summary,double,empty,clipping,182.618,193.896,246.271
sample,double,concave-u,clipping,8,2,0,512,52,8397166,NA,NA
sample,double,concave-u,clipping,8,2,1,512,52,8860320,NA,NA
sample,double,concave-u,clipping,8,2,2,512,52,10496537,NA,NA
summary,double,concave-u,clipping,16400.715,17305.312,20501.049
sample,double,hole,clipping,8,2,0,512,52,9281560,NA,NA
sample,double,hole,clipping,8,2,1,512,52,8140531,NA,NA
sample,double,hole,clipping,8,2,2,512,52,12754555,NA,NA
summary,double,hole,clipping,15899.475,18128.047,24911.240
sample,double,hole-reversed,clipping,8,2,0,512,52,8282118,NA,NA
sample,double,hole-reversed,clipping,8,2,1,512,52,8302402,NA,NA
sample,double,hole-reversed,clipping,8,2,2,512,52,8775022,NA,NA
summary,double,hole-reversed,clipping,16176.012,16215.629,17138.715
sample,double,rational-crossing,clipping,3,1,0,512,52,7539589,NA,NA
sample,double,rational-crossing,clipping,3,1,1,512,52,5883827,NA,NA
sample,double,rational-crossing,clipping,3,1,2,512,52,4589167,NA,NA
summary,double,rational-crossing,clipping,8963.217,11491.850,14725.760
sample,double,sparse-1,clipping,4,1,0,1024,103,9224285,NA,NA
sample,double,sparse-1,clipping,4,1,1,1024,103,9210043,NA,NA
sample,double,sparse-1,clipping,4,1,2,1024,103,8714394,NA,NA
summary,double,sparse-1,clipping,8510.150,8994.183,9008.091
sample,double,sparse-4,clipping,16,1,0,512,52,6936948,NA,NA
sample,double,sparse-4,clipping,16,1,1,512,52,10120587,NA,NA
sample,double,sparse-4,clipping,16,1,2,512,52,9846973,NA,NA
summary,double,sparse-4,clipping,13548.727,19232.369,19766.771
sample,double,sparse-16,clipping,64,1,0,512,52,7843580,NA,NA
sample,double,sparse-16,clipping,64,1,1,512,52,11205714,NA,NA
sample,double,sparse-16,clipping,64,1,2,512,52,8102116,NA,NA
summary,double,sparse-16,clipping,15319.492,15824.445,21886.160
sample,double,sparse-64,clipping,256,1,0,256,26,7516844,NA,NA
sample,double,sparse-64,clipping,256,1,1,256,26,10379440,NA,NA
sample,double,sparse-64,clipping,256,1,2,256,26,8749156,NA,NA
summary,double,sparse-64,clipping,29362.672,34176.391,40544.688
sample,double,dense-1,clipping,4,1,0,512,52,4897592,NA,NA
sample,double,dense-1,clipping,4,1,1,512,52,10239368,NA,NA
sample,double,dense-1,clipping,4,1,2,512,52,6786087,NA,NA
summary,double,dense-1,clipping,9565.609,13254.076,19998.766
sample,double,dense-4,clipping,16,4,0,256,26,6988458,NA,NA
sample,double,dense-4,clipping,16,4,1,256,26,13268684,NA,NA
sample,double,dense-4,clipping,16,4,2,256,26,8036165,NA,NA
summary,double,dense-4,clipping,27298.664,31391.270,51830.797
sample,double,dense-16,clipping,64,16,0,32,4,5701120,NA,NA
sample,double,dense-16,clipping,64,16,1,32,4,5438944,NA,NA
sample,double,dense-16,clipping,64,16,2,32,4,5314306,NA,NA
summary,double,dense-16,clipping,166072.062,169967.000,178160.000
sample,double,dense-64,clipping,256,64,0,8,1,9148493,NA,NA
sample,double,dense-64,clipping,256,64,1,8,1,9801767,NA,NA
sample,double,dense-64,clipping,256,64,2,8,1,7126724,NA,NA
summary,double,dense-64,clipping,890840.500,1143561.625,1225220.875
checksum,14121746329615235428
