native_version,3.13.1-CAPI-1.19.2
fixture,int,exterior,4,0,PASS,query_valid,1,1
fixture,int,interior,4,1,PASS,query_valid,1,1
fixture,int,crossing,4,1,PASS,query_valid,1,1
fixture,int,boundary-only,4,1,PASS,query_valid,1,1
fixture,int,boundary-overlap,4,1,PASS,query_valid,1,1
fixture,int,isolated-tangent,4,0,PASS,query_valid,1,1
fixture,int,degenerate-interior,4,0,PASS,query_valid,0,0
fixture,int,degenerate-boundary,4,0,PASS,query_valid,0,0
fixture,int,empty,0,0,PASS,query_valid,1,1
fixture,int,concave-u,8,2,PASS,query_valid,1,1
fixture,int,hole,8,2,PASS,query_valid,1,1
fixture,int,hole-reversed,8,2,PASS,query_valid,1,1
fixture,int,rational-crossing,3,1,PASS,query_valid,1,1
fixture,int,sparse-1,4,1,PASS,query_valid,1,1
fixture,int,sparse-4,16,1,PASS,query_valid,1,1
fixture,int,sparse-16,64,1,PASS,query_valid,1,1
fixture,int,sparse-64,256,1,PASS,query_valid,1,1
fixture,int,dense-1,4,1,PASS,query_valid,1,1
fixture,int,dense-4,16,4,PASS,query_valid,1,1
fixture,int,dense-16,64,16,PASS,query_valid,1,1
fixture,int,dense-64,256,64,PASS,query_valid,1,1
fixture,int,wide-integral,4,1,PASS,query_valid,1,1
fixture,long,exterior,4,0,PASS,query_valid,1,1
fixture,long,interior,4,1,PASS,query_valid,1,1
fixture,long,crossing,4,1,PASS,query_valid,1,1
fixture,long,boundary-only,4,1,PASS,query_valid,1,1
fixture,long,boundary-overlap,4,1,PASS,query_valid,1,1
fixture,long,isolated-tangent,4,0,PASS,query_valid,1,1
fixture,long,degenerate-interior,4,0,PASS,query_valid,0,0
fixture,long,degenerate-boundary,4,0,PASS,query_valid,0,0
fixture,long,empty,0,0,PASS,query_valid,1,1
fixture,long,concave-u,8,2,PASS,query_valid,1,1
fixture,long,hole,8,2,PASS,query_valid,1,1
fixture,long,hole-reversed,8,2,PASS,query_valid,1,1
fixture,long,rational-crossing,3,1,PASS,query_valid,1,1
fixture,long,sparse-1,4,1,PASS,query_valid,1,1
fixture,long,sparse-4,16,1,PASS,query_valid,1,1
fixture,long,sparse-16,64,1,PASS,query_valid,1,1
fixture,long,sparse-64,256,1,PASS,query_valid,1,1
fixture,long,dense-1,4,1,PASS,query_valid,1,1
fixture,long,dense-4,16,4,PASS,query_valid,1,1
fixture,long,dense-16,64,16,PASS,query_valid,1,1
fixture,long,dense-64,256,64,PASS,query_valid,1,1
fixture,float,exterior,4,0,PASS,query_valid,1,1
fixture,float,interior,4,1,PASS,query_valid,1,1
fixture,float,crossing,4,1,PASS,query_valid,1,1
fixture,float,boundary-only,4,1,PASS,query_valid,1,1
fixture,float,boundary-overlap,4,1,PASS,query_valid,1,1
fixture,float,isolated-tangent,4,0,PASS,query_valid,1,1
fixture,float,degenerate-interior,4,0,PASS,query_valid,0,0
fixture,float,degenerate-boundary,4,0,PASS,query_valid,0,0
fixture,float,empty,0,0,PASS,query_valid,1,1
fixture,float,concave-u,8,2,PASS,query_valid,1,1
fixture,float,hole,8,2,PASS,query_valid,1,1
fixture,float,hole-reversed,8,2,PASS,query_valid,1,1
fixture,float,rational-crossing,3,1,PASS,query_valid,1,1
fixture,float,sparse-1,4,1,PASS,query_valid,1,1
fixture,float,sparse-4,16,1,PASS,query_valid,1,1
fixture,float,sparse-16,64,1,PASS,query_valid,1,1
fixture,float,sparse-64,256,1,PASS,query_valid,1,1
fixture,float,dense-1,4,1,PASS,query_valid,1,1
fixture,float,dense-4,16,4,PASS,query_valid,1,1
fixture,float,dense-16,64,16,PASS,query_valid,1,1
fixture,float,dense-64,256,64,PASS,query_valid,1,1
fixture,float,subnormal,4,1,PASS,query_valid,1,1
fixture,float,large-finite,4,1,PASS,query_valid,1,1
fixture,double,exterior,4,0,PASS,query_valid,1,1
fixture,double,interior,4,1,PASS,query_valid,1,1
fixture,double,crossing,4,1,PASS,query_valid,1,1
fixture,double,boundary-only,4,1,PASS,query_valid,1,1
fixture,double,boundary-overlap,4,1,PASS,query_valid,1,1
fixture,double,isolated-tangent,4,0,PASS,query_valid,1,1
fixture,double,degenerate-interior,4,0,PASS,query_valid,0,0
fixture,double,degenerate-boundary,4,0,PASS,query_valid,0,0
fixture,double,empty,0,0,PASS,query_valid,1,1
fixture,double,concave-u,8,2,PASS,query_valid,1,1
fixture,double,hole,8,2,PASS,query_valid,1,1
fixture,double,hole-reversed,8,2,PASS,query_valid,1,1
fixture,double,rational-crossing,3,1,PASS,query_valid,1,1
fixture,double,sparse-1,4,1,PASS,query_valid,1,1
fixture,double,sparse-4,16,1,PASS,query_valid,1,1
fixture,double,sparse-16,64,1,PASS,query_valid,1,1
fixture,double,sparse-64,256,1,PASS,query_valid,1,1
fixture,double,dense-1,4,1,PASS,query_valid,1,1
fixture,double,dense-4,16,4,PASS,query_valid,1,1
fixture,double,dense-16,64,16,PASS,query_valid,1,1
fixture,double,dense-64,256,64,PASS,query_valid,1,1
preflight,native,87,174,PASS
sample,int,exterior,clipping,4,0,0,32768,3277,6305645,NA,NA
sample,int,exterior,clipping,4,0,1,32768,3277,7069880,NA,NA
sample,int,exterior,clipping,4,0,2,32768,3277,6210518,NA,NA
summary,int,exterior,clipping,189.530,192.433,215.756
sample,int,interior,clipping,4,1,0,1024,103,5705510,NA,NA
sample,int,interior,clipping,4,1,1,1024,103,6677757,NA,NA
sample,int,interior,clipping,4,1,2,1024,103,6521600,NA,NA
summary,int,interior,clipping,5571.787,6368.750,6521.247
sample,int,crossing,clipping,4,1,0,512,52,4702618,NA,NA
sample,int,crossing,clipping,4,1,1,512,52,4784820,NA,NA
sample,int,crossing,clipping,4,1,2,512,52,4414331,NA,NA
summary,int,crossing,clipping,8621.740,9184.801,9345.352
sample,int,boundary-only,clipping,4,1,0,1024,103,5369810,NA,NA
sample,int,boundary-only,clipping,4,1,1,1024,103,5154152,NA,NA
sample,int,boundary-only,clipping,4,1,2,1024,103,5107303,NA,NA
summary,int,boundary-only,clipping,4987.601,5033.352,5243.955
sample,int,boundary-overlap,clipping,4,1,0,512,52,3781788,NA,NA
sample,int,boundary-overlap,clipping,4,1,1,512,52,3567741,NA,NA
sample,int,boundary-overlap,clipping,4,1,2,512,52,3734532,NA,NA
summary,int,boundary-overlap,clipping,6968.244,7294.008,7386.305
sample,int,isolated-tangent,clipping,4,0,0,1024,103,8001231,NA,NA
sample,int,isolated-tangent,clipping,4,0,1,1024,103,12966764,NA,NA
sample,int,isolated-tangent,clipping,4,0,2,1024,103,6255661,NA,NA
summary,int,isolated-tangent,clipping,6109.044,7813.702,12662.855
sample,int,degenerate-interior,clipping,4,0,0,4096,410,6183619,NA,NA
sample,int,degenerate-interior,clipping,4,0,1,4096,410,6465223,NA,NA
sample,int,degenerate-interior,clipping,4,0,2,4096,410,6250645,NA,NA
summary,int,degenerate-interior,clipping,1509.673,1526.036,1578.424
sample,int,degenerate-boundary,clipping,4,0,0,2048,205,8552136,NA,NA
sample,int,degenerate-boundary,clipping,4,0,1,2048,205,10053617,NA,NA
sample,int,degenerate-boundary,clipping,4,0,2,2048,205,8724280,NA,NA
summary,int,degenerate-boundary,clipping,4175.848,4259.902,4908.993
sample,int,empty,clipping,0,0,0,32768,3277,5466801,NA,NA
sample,int,empty,clipping,0,0,1,32768,3277,5575379,NA,NA
sample,int,empty,clipping,0,0,2,32768,3277,5593638,NA,NA
summary,int,empty,clipping,166.834,170.147,170.704
sample,int,concave-u,clipping,8,2,0,512,52,8077148,NA,NA
sample,int,concave-u,clipping,8,2,1,512,52,9669460,NA,NA
sample,int,concave-u,clipping,8,2,2,512,52,7670870,NA,NA
summary,int,concave-u,clipping,14982.168,15775.680,18885.664
sample,int,hole,clipping,8,2,0,256,26,5399143,NA,NA
sample,int,hole,clipping,8,2,1,256,26,4135526,NA,NA
sample,int,hole,clipping,8,2,2,256,26,4145412,NA,NA
summary,int,hole,clipping,16154.398,16193.016,21090.402
sample,int,hole-reversed,clipping,8,2,0,256,26,3985838,NA,NA
sample,int,hole-reversed,clipping,8,2,1,256,26,4225187,NA,NA
sample,int,hole-reversed,clipping,8,2,2,256,26,6913861,NA,NA
summary,int,hole-reversed,clipping,15569.680,16504.637,27007.270
sample,int,rational-crossing,clipping,3,1,0,1024,103,8647763,NA,NA
sample,int,rational-crossing,clipping,3,1,1,1024,103,8761789,NA,NA
sample,int,rational-crossing,clipping,3,1,2,1024,103,9391409,NA,NA
summary,int,rational-crossing,clipping,8445.081,8556.435,9171.298
sample,int,sparse-1,clipping,4,1,0,512,52,4968627,NA,NA
sample,int,sparse-1,clipping,4,1,1,512,52,5143264,NA,NA
sample,int,sparse-1,clipping,4,1,2,512,52,7312249,NA,NA
summary,int,sparse-1,clipping,9704.350,10045.438,14281.736
sample,int,sparse-4,clipping,16,1,0,512,52,6346888,NA,NA
sample,int,sparse-4,clipping,16,1,1,512,52,5975407,NA,NA
sample,int,sparse-4,clipping,16,1,2,512,52,6045628,NA,NA
summary,int,sparse-4,clipping,11670.717,11807.867,12396.266
sample,int,sparse-16,clipping,64,1,0,256,26,5053395,NA,NA
sample,int,sparse-16,clipping,64,1,1,256,26,4204968,NA,NA
sample,int,sparse-16,clipping,64,1,2,256,26,4445383,NA,NA
summary,int,sparse-16,clipping,16425.656,17364.777,19739.824
sample,int,sparse-64,clipping,256,1,0,256,26,8669790,NA,NA
sample,int,sparse-64,clipping,256,1,1,256,26,13402269,NA,NA
sample,int,sparse-64,clipping,256,1,2,256,26,8419960,NA,NA
summary,int,sparse-64,clipping,32890.469,33866.367,52352.613
sample,int,dense-1,clipping,4,1,0,512,52,6541756,NA,NA
sample,int,dense-1,clipping,4,1,1,512,52,4618776,NA,NA
sample,int,dense-1,clipping,4,1,2,512,52,4360818,NA,NA
summary,int,dense-1,clipping,8517.223,9021.047,12776.867
sample,int,dense-4,clipping,16,4,0,128,13,3844637,NA,NA
sample,int,dense-4,clipping,16,4,1,128,13,3689411,NA,NA
sample,int,dense-4,clipping,16,4,2,128,13,3555883,NA,NA
summary,int,dense-4,clipping,27780.336,28823.523,30036.227
sample,int,dense-16,clipping,64,16,0,32,4,6884045,NA,NA
sample,int,dense-16,clipping,64,16,1,32,4,5457442,NA,NA
sample,int,dense-16,clipping,64,16,2,32,4,4491937,NA,NA
summary,int,dense-16,clipping,140373.031,170545.062,215126.406
sample,int,dense-64,clipping,256,64,0,8,1,6465593,NA,NA
sample,int,dense-64,clipping,256,64,1,8,1,5696767,NA,NA
sample,int,dense-64,clipping,256,64,2,8,1,6010223,NA,NA
summary,int,dense-64,clipping,712095.875,751277.875,808199.125
sample,int,wide-integral,clipping,4,1,0,1024,103,9080230,NA,NA
sample,int,wide-integral,clipping,4,1,1,1024,103,8935554,NA,NA
sample,int,wide-integral,clipping,4,1,2,1024,103,11349581,NA,NA
summary,int,wide-integral,clipping,8726.127,8867.412,11083.575
sample,long,exterior,clipping,4,0,0,32768,3277,7943405,NA,NA
sample,long,exterior,clipping,4,0,1,32768,3277,6437852,NA,NA
sample,long,exterior,clipping,4,0,2,32768,3277,6199417,NA,NA
summary,long,exterior,clipping,189.191,196.468,242.413
sample,long,interior,clipping,4,1,0,1024,103,8301865,NA,NA
sample,long,interior,clipping,4,1,1,1024,103,5660417,NA,NA
sample,long,interior,clipping,4,1,2,1024,103,5318180,NA,NA
summary,long,interior,clipping,5193.535,5527.751,8107.290
sample,long,crossing,clipping,4,1,0,1024,103,17165443,NA,NA
sample,long,crossing,clipping,4,1,1,1024,103,11041035,NA,NA
sample,long,crossing,clipping,4,1,2,1024,103,14227371,NA,NA
summary,long,crossing,clipping,10782.261,13893.917,16763.128
sample,long,boundary-only,clipping,4,1,0,1024,103,5629134,NA,NA
sample,long,boundary-only,clipping,4,1,1,1024,103,5766734,NA,NA
sample,long,boundary-only,clipping,4,1,2,1024,103,5668087,NA,NA
summary,long,boundary-only,clipping,5497.201,5535.241,5631.576
sample,long,boundary-overlap,clipping,4,1,0,1024,103,9037889,NA,NA
sample,long,boundary-overlap,clipping,4,1,1,1024,103,9761447,NA,NA
sample,long,boundary-overlap,clipping,4,1,2,1024,103,9750194,NA,NA
summary,long,boundary-overlap,clipping,8826.063,9521.674,9532.663
sample,long,isolated-tangent,clipping,4,0,0,1024,103,8473949,NA,NA
sample,long,isolated-tangent,clipping,4,0,1,1024,103,6254457,NA,NA
sample,long,isolated-tangent,clipping,4,0,2,1024,103,5874313,NA,NA
summary,long,isolated-tangent,clipping,5736.634,6107.868,8275.341
sample,long,degenerate-interior,clipping,4,0,0,4096,410,6795011,NA,NA
sample,long,degenerate-interior,clipping,4,0,1,4096,410,7137881,NA,NA
sample,long,degenerate-interior,clipping,4,0,2,4096,410,6418272,NA,NA
summary,long,degenerate-interior,clipping,1566.961,1658.938,1742.647
sample,long,degenerate-boundary,clipping,4,0,0,2048,205,9603222,NA,NA
sample,long,degenerate-boundary,clipping,4,0,1,2048,205,7769039,NA,NA
sample,long,degenerate-boundary,clipping,4,0,2,2048,205,11197519,NA,NA
summary,long,degenerate-boundary,clipping,3793.476,4689.073,5467.539
sample,long,empty,clipping,0,0,0,32768,3277,8421730,NA,NA
sample,long,empty,clipping,0,0,1,32768,3277,6995539,NA,NA
sample,long,empty,clipping,0,0,2,32768,3277,8363943,NA,NA
summary,long,empty,clipping,213.487,255.247,257.011
sample,long,concave-u,clipping,8,2,0,256,26,3851797,NA,NA
sample,long,concave-u,clipping,8,2,1,256,26,3635606,NA,NA
sample,long,concave-u,clipping,8,2,2,256,26,4170206,NA,NA
summary,long,concave-u,clipping,14201.586,15046.082,16289.867
sample,long,hole,clipping,8,2,0,512,52,8835458,NA,NA
sample,long,hole,clipping,8,2,1,512,52,9690721,NA,NA
sample,long,hole,clipping,8,2,2,512,52,8174788,NA,NA
summary,long,hole,clipping,15966.383,17256.754,18927.189
sample,long,hole-reversed,clipping,8,2,0,512,52,12042687,NA,NA
sample,long,hole-reversed,clipping,8,2,1,512,52,8294504,NA,NA
sample,long,hole-reversed,clipping,8,2,2,512,52,7600146,NA,NA
summary,long,hole-reversed,clipping,14844.035,16200.203,23520.873
sample,long,rational-crossing,clipping,3,1,0,1024,103,10293708,NA,NA
sample,long,rational-crossing,clipping,3,1,1,1024,103,8928211,NA,NA
sample,long,rational-crossing,clipping,3,1,2,1024,103,11228014,NA,NA
summary,long,rational-crossing,clipping,8718.956,10052.449,10964.857
sample,long,sparse-1,clipping,4,1,0,1024,103,8978551,NA,NA
sample,long,sparse-1,clipping,4,1,1,1024,103,11963497,NA,NA
sample,long,sparse-1,clipping,4,1,2,1024,103,8901235,NA,NA
summary,long,sparse-1,clipping,8692.612,8768.116,11683.103
sample,long,sparse-4,clipping,16,1,0,512,52,9227552,NA,NA
sample,long,sparse-4,clipping,16,1,1,512,52,11576807,NA,NA
sample,long,sparse-4,clipping,16,1,2,512,52,11464716,NA,NA
summary,long,sparse-4,clipping,18022.562,22392.023,22610.951
sample,long,sparse-16,clipping,64,1,0,512,52,7528656,NA,NA
sample,long,sparse-16,clipping,64,1,1,512,52,7525136,NA,NA
sample,long,sparse-16,clipping,64,1,2,512,52,7672407,NA,NA
summary,long,sparse-16,clipping,14697.531,14704.406,14985.170
sample,long,sparse-64,clipping,256,1,0,256,26,8987513,NA,NA
sample,long,sparse-64,clipping,256,1,1,256,26,8365333,NA,NA
sample,long,sparse-64,clipping,256,1,2,256,26,10853684,NA,NA
summary,long,sparse-64,clipping,32677.082,35107.473,42397.203
sample,long,dense-1,clipping,4,1,0,512,52,5044903,NA,NA
sample,long,dense-1,clipping,4,1,1,512,52,5022859,NA,NA
sample,long,dense-1,clipping,4,1,2,512,52,4401855,NA,NA
summary,long,dense-1,clipping,8597.373,9810.271,9853.326
sample,long,dense-4,clipping,16,4,0,256,26,7770709,NA,NA
sample,long,dense-4,clipping,16,4,1,256,26,8239053,NA,NA
sample,long,dense-4,clipping,16,4,2,256,26,9012415,NA,NA
summary,long,dense-4,clipping,30354.332,32183.801,35204.746
sample,long,dense-16,clipping,64,16,0,16,2,4477344,NA,NA
sample,long,dense-16,clipping,64,16,1,16,2,4195219,NA,NA
sample,long,dense-16,clipping,64,16,2,16,2,4141617,NA,NA
summary,long,dense-16,clipping,258851.062,262201.188,279834.000
sample,long,dense-64,clipping,256,64,0,4,1,5778766,NA,NA
sample,long,dense-64,clipping,256,64,1,4,1,4121760,NA,NA
sample,long,dense-64,clipping,256,64,2,4,1,3042782,NA,NA
summary,long,dense-64,clipping,760695.500,1030440.000,1444691.500
sample,float,exterior,clipping,4,0,0,32768,3277,9468396,NA,NA
sample,float,exterior,clipping,4,0,1,32768,3277,6605690,NA,NA
sample,float,exterior,clipping,4,0,2,32768,3277,11105108,NA,NA
summary,float,exterior,clipping,201.590,288.953,338.901
sample,float,interior,clipping,4,1,0,1024,103,7670957,NA,NA
sample,float,interior,clipping,4,1,1,1024,103,8524225,NA,NA
sample,float,interior,clipping,4,1,2,1024,103,7472924,NA,NA
summary,float,interior,clipping,7297.777,7491.169,8324.438
sample,float,crossing,clipping,4,1,0,1024,103,9062728,NA,NA
sample,float,crossing,clipping,4,1,1,1024,103,8974207,NA,NA
sample,float,crossing,clipping,4,1,2,1024,103,8767965,NA,NA
summary,float,crossing,clipping,8562.466,8763.874,8850.320
sample,float,boundary-only,clipping,4,1,0,1024,103,5363644,NA,NA
sample,float,boundary-only,clipping,4,1,1,1024,103,5158641,NA,NA
sample,float,boundary-only,clipping,4,1,2,1024,103,5120324,NA,NA
summary,float,boundary-only,clipping,5000.316,5037.735,5237.934
sample,float,boundary-overlap,clipping,4,1,0,1024,103,13163782,NA,NA
sample,float,boundary-overlap,clipping,4,1,1,1024,103,8788252,NA,NA
sample,float,boundary-overlap,clipping,4,1,2,1024,103,7164223,NA,NA
summary,float,boundary-overlap,clipping,6996.312,8582.277,12855.256
sample,float,isolated-tangent,clipping,4,0,0,1024,103,6907055,NA,NA
sample,float,isolated-tangent,clipping,4,0,1,1024,103,6464868,NA,NA
sample,float,isolated-tangent,clipping,4,0,2,1024,103,6003090,NA,NA
summary,float,isolated-tangent,clipping,5862.393,6313.348,6745.171
sample,float,degenerate-interior,clipping,4,0,0,4096,410,6558600,NA,NA
sample,float,degenerate-interior,clipping,4,0,1,4096,410,9173375,NA,NA
sample,float,degenerate-interior,clipping,4,0,2,4096,410,12111518,NA,NA
summary,float,degenerate-interior,clipping,1601.221,2239.594,2956.914
sample,float,degenerate-boundary,clipping,4,0,0,1024,103,7444883,NA,NA
sample,float,degenerate-boundary,clipping,4,0,1,1024,103,3967040,NA,NA
sample,float,degenerate-boundary,clipping,4,0,2,1024,103,4261553,NA,NA
summary,float,degenerate-boundary,clipping,3874.062,4161.673,7270.394
sample,float,empty,clipping,0,0,0,32768,3277,6495122,NA,NA
sample,float,empty,clipping,0,0,1,32768,3277,7482903,NA,NA
sample,float,empty,clipping,0,0,2,32768,3277,5651566,NA,NA
summary,float,empty,clipping,172.472,198.215,228.360
sample,float,concave-u,clipping,8,2,0,512,52,8119200,NA,NA
sample,float,concave-u,clipping,8,2,1,512,52,9309948,NA,NA
sample,float,concave-u,clipping,8,2,2,512,52,9747512,NA,NA
summary,float,concave-u,clipping,15857.812,18183.492,19038.109
sample,float,hole,clipping,8,2,0,512,52,9615209,NA,NA
sample,float,hole,clipping,8,2,1,512,52,9481513,NA,NA
sample,float,hole,clipping,8,2,2,512,52,9130753,NA,NA
summary,float,hole,clipping,17833.502,18518.580,18779.705
sample,float,hole-reversed,clipping,8,2,0,256,26,5267389,NA,NA
sample,float,hole-reversed,clipping,8,2,1,256,26,4132578,NA,NA
sample,float,hole-reversed,clipping,8,2,2,256,26,4021866,NA,NA
summary,float,hole-reversed,clipping,15710.414,16142.883,20575.738
sample,float,rational-crossing,clipping,3,1,0,512,52,4796450,NA,NA
sample,float,rational-crossing,clipping,3,1,1,512,52,5214954,NA,NA
sample,float,rational-crossing,clipping,3,1,2,512,52,6225066,NA,NA
summary,float,rational-crossing,clipping,9368.066,10185.457,12158.332
sample,float,sparse-1,clipping,4,1,0,1024,103,8685356,NA,NA
sample,float,sparse-1,clipping,4,1,1,1024,103,18924990,NA,NA
sample,float,sparse-1,clipping,4,1,2,1024,103,9714469,NA,NA
summary,float,sparse-1,clipping,8481.793,9486.786,18481.436
sample,float,sparse-4,clipping,16,1,0,512,52,6051872,NA,NA
sample,float,sparse-4,clipping,16,1,1,512,52,7172232,NA,NA
sample,float,sparse-4,clipping,16,1,2,512,52,7947961,NA,NA
summary,float,sparse-4,clipping,11820.062,14008.266,15523.361
sample,float,sparse-16,clipping,64,1,0,256,26,4092497,NA,NA
sample,float,sparse-16,clipping,64,1,1,256,26,3810347,NA,NA
sample,float,sparse-16,clipping,64,1,2,256,26,4243365,NA,NA
summary,float,sparse-16,clipping,14884.168,15986.316,16575.645
sample,float,sparse-64,clipping,256,1,0,256,26,8757945,NA,NA
sample,float,sparse-64,clipping,256,1,1,256,26,7218358,NA,NA
sample,float,sparse-64,clipping,256,1,2,256,26,6760824,NA,NA
summary,float,sparse-64,clipping,26409.469,28196.711,34210.723
sample,float,dense-1,clipping,4,1,0,1024,103,11405293,NA,NA
sample,float,dense-1,clipping,4,1,1,1024,103,14684159,NA,NA
sample,float,dense-1,clipping,4,1,2,1024,103,9507026,NA,NA
summary,float,dense-1,clipping,9284.205,11137.981,14339.999
sample,float,dense-4,clipping,16,4,0,256,26,8599981,NA,NA
sample,float,dense-4,clipping,16,4,1,256,26,9068713,NA,NA
sample,float,dense-4,clipping,16,4,2,256,26,7422066,NA,NA
summary,float,dense-4,clipping,28992.445,33593.676,35424.660
sample,float,dense-16,clipping,64,16,0,64,7,13212070,NA,NA
sample,float,dense-16,clipping,64,16,1,64,7,13027232,NA,NA
sample,float,dense-16,clipping,64,16,2,64,7,11298994,NA,NA
summary,float,dense-16,clipping,176546.781,203550.500,206438.594
sample,float,dense-64,clipping,256,64,0,8,1,5529360,NA,NA
sample,float,dense-64,clipping,256,64,1,8,1,6952581,NA,NA
sample,float,dense-64,clipping,256,64,2,8,1,6450310,NA,NA
summary,float,dense-64,clipping,691170.000,806288.750,869072.625
sample,float,subnormal,clipping,4,1,0,1024,103,9342987,NA,NA
sample,float,subnormal,clipping,4,1,1,1024,103,11485411,NA,NA
sample,float,subnormal,clipping,4,1,2,1024,103,9361869,NA,NA
summary,float,subnormal,clipping,9124.011,9142.450,11216.222
sample,float,large-finite,clipping,4,1,0,512,52,4639941,NA,NA
sample,float,large-finite,clipping,4,1,1,512,52,5039840,NA,NA
sample,float,large-finite,clipping,4,1,2,512,52,7186297,NA,NA
summary,float,large-finite,clipping,9062.385,9843.438,14035.736
sample,double,exterior,clipping,4,0,0,32768,3277,6013746,NA,NA
sample,double,exterior,clipping,4,0,1,32768,3277,5982603,NA,NA
sample,double,exterior,clipping,4,0,2,32768,3277,5855771,NA,NA
summary,double,exterior,clipping,178.704,182.575,183.525
sample,double,interior,clipping,4,1,0,1024,103,6276933,NA,NA
sample,double,interior,clipping,4,1,1,1024,103,6295997,NA,NA
sample,double,interior,clipping,4,1,2,1024,103,9311382,NA,NA
summary,double,interior,clipping,6129.817,6148.435,9093.146
sample,double,crossing,clipping,4,1,0,512,52,4871477,NA,NA
sample,double,crossing,clipping,4,1,1,512,52,4678425,NA,NA
sample,double,crossing,clipping,4,1,2,512,52,4716138,NA,NA
summary,double,crossing,clipping,9137.549,9211.207,9514.604
sample,double,boundary-only,clipping,4,1,0,512,52,3308339,NA,NA
sample,double,boundary-only,clipping,4,1,1,512,52,4435865,NA,NA
sample,double,boundary-only,clipping,4,1,2,512,52,3112221,NA,NA
summary,double,boundary-only,clipping,6078.557,6461.600,8663.799
sample,double,boundary-overlap,clipping,4,1,0,512,52,3733071,NA,NA
sample,double,boundary-overlap,clipping,4,1,1,512,52,3733912,NA,NA
sample,double,boundary-overlap,clipping,4,1,2,512,52,4114007,NA,NA
summary,double,boundary-overlap,clipping,7291.154,7292.797,8035.170
sample,double,isolated-tangent,clipping,4,0,0,1024,103,7256878,NA,NA
sample,double,isolated-tangent,clipping,4,0,1,1024,103,6825804,NA,NA
sample,double,isolated-tangent,clipping,4,0,2,1024,103,10897622,NA,NA
summary,double,isolated-tangent,clipping,6665.824,7086.795,10642.209
sample,double,degenerate-interior,clipping,4,0,0,4096,410,5993342,NA,NA
sample,double,degenerate-interior,clipping,4,0,1,4096,410,8306388,NA,NA
sample,double,degenerate-interior,clipping,4,0,2,4096,410,7905751,NA,NA
summary,double,degenerate-interior,clipping,1463.218,1930.115,2027.927
sample,double,degenerate-boundary,clipping,4,0,0,2048,205,7771317,NA,NA
sample,double,degenerate-boundary,clipping,4,0,1,2048,205,7884753,NA,NA
sample,double,degenerate-boundary,clipping,4,0,2,2048,205,8859578,NA,NA
summary,double,degenerate-boundary,clipping,3794.588,3849.977,4325.966
sample,double,empty,clipping,0,0,0,32768,3277,7603587,NA,NA
sample,double,empty,clipping,0,0,1,32768,3277,7121847,NA,NA
sample,double,empty,clipping,0,0,2,32768,3277,5831936,NA,NA
summary,double,empty,clipping,177.977,217.342,232.043
sample,double,concave-u,clipping,8,2,0,512,52,11504640,NA,NA
sample,double,concave-u,clipping,8,2,1,512,52,8619835,NA,NA
sample,double,concave-u,clipping,8,2,2,512,52,8043926,NA,NA
summary,double,concave-u,clipping,15710.793,16835.615,22470.000
sample,double,hole,clipping,8,2,0,256,26,6376066,NA,NA
sample,double,hole,clipping,8,2,1,256,26,5500448,NA,NA
sample,double,hole,clipping,8,2,2,256,26,10852329,NA,NA
summary,double,hole,clipping,21486.125,24906.508,42391.910
sample,double,hole-reversed,clipping,8,2,0,128,13,2233678,NA,NA
sample,double,hole-reversed,clipping,8,2,1,128,13,6050979,NA,NA
sample,double,hole-reversed,clipping,8,2,2,128,13,2244585,NA,NA
summary,double,hole-reversed,clipping,17450.609,17535.820,47273.273
sample,double,rational-crossing,clipping,3,1,0,256,26,2153864,NA,NA
sample,double,rational-crossing,clipping,3,1,1,256,26,8867283,NA,NA
sample,double,rational-crossing,clipping,3,1,2,256,26,3507245,NA,NA
summary,double,rational-crossing,clipping,8413.531,13700.176,34637.824
sample,double,sparse-1,clipping,4,1,0,1024,103,10140306,NA,NA
sample,double,sparse-1,clipping,4,1,1,1024,103,11338568,NA,NA
sample,double,sparse-1,clipping,4,1,2,1024,103,16171883,NA,NA
summary,double,sparse-1,clipping,9902.643,11072.820,15792.854
sample,double,sparse-4,clipping,16,1,0,512,52,8440190,NA,NA
sample,double,sparse-4,clipping,16,1,1,512,52,5965565,NA,NA
sample,double,sparse-4,clipping,16,1,2,512,52,6177094,NA,NA
summary,double,sparse-4,clipping,11651.494,12064.637,16484.746
sample,double,sparse-16,clipping,64,1,0,512,52,10203909,NA,NA
sample,double,sparse-16,clipping,64,1,1,512,52,9972095,NA,NA
sample,double,sparse-16,clipping,64,1,2,512,52,12343595,NA,NA
summary,double,sparse-16,clipping,19476.748,19929.510,24108.584
sample,double,sparse-64,clipping,256,1,0,256,26,9835934,NA,NA
sample,double,sparse-64,clipping,256,1,1,256,26,11063345,NA,NA
sample,double,sparse-64,clipping,256,1,2,256,26,7570425,NA,NA
summary,double,sparse-64,clipping,29571.973,38421.617,43216.191
sample,double,dense-1,clipping,4,1,0,512,52,7757442,NA,NA
sample,double,dense-1,clipping,4,1,1,512,52,4643494,NA,NA
sample,double,dense-1,clipping,4,1,2,512,52,5131151,NA,NA
summary,double,dense-1,clipping,9069.324,10021.779,15151.254
sample,double,dense-4,clipping,16,4,0,256,26,10384679,NA,NA
sample,double,dense-4,clipping,16,4,1,256,26,8871627,NA,NA
sample,double,dense-4,clipping,16,4,2,256,26,12186675,NA,NA
summary,double,dense-4,clipping,34654.793,40565.152,47604.199
sample,double,dense-16,clipping,64,16,0,64,7,10211063,NA,NA
sample,double,dense-16,clipping,64,16,1,64,7,15614943,NA,NA
sample,double,dense-16,clipping,64,16,2,64,7,9310244,NA,NA
summary,double,dense-16,clipping,145472.562,159547.859,243983.484
sample,double,dense-64,clipping,256,64,0,8,1,6058899,NA,NA
sample,double,dense-64,clipping,256,64,1,8,1,8077320,NA,NA
sample,double,dense-64,clipping,256,64,2,8,1,6450919,NA,NA
summary,double,dense-64,clipping,757362.375,806364.875,1009665.000
checksum,11934615508376945703
