native_version,3.13.1-CAPI-1.19.2
fixture,int,exterior,4,0,PASS,query_valid,1,1
fixture,int,interior,4,1,PASS,query_valid,1,1
fixture,int,crossing,4,1,PASS,query_valid,1,1
fixture,int,boundary-only,4,1,PASS,query_valid,1,1
fixture,int,boundary-overlap,4,1,PASS,query_valid,1,1
fixture,int,isolated-tangent,4,0,PASS,query_valid,1,1
fixture,int,degenerate-interior,4,0,PASS,query_valid,0,0
fixture,int,degenerate-boundary,4,0,PASS,query_valid,0,0
fixture,int,empty,0,0,PASS,query_valid,1,1
fixture,int,concave-u,8,2,PASS,query_valid,1,1
fixture,int,hole,8,2,PASS,query_valid,1,1
fixture,int,hole-reversed,8,2,PASS,query_valid,1,1
fixture,int,rational-crossing,3,1,PASS,query_valid,1,1
fixture,int,sparse-1,4,1,PASS,query_valid,1,1
fixture,int,sparse-4,16,1,PASS,query_valid,1,1
fixture,int,sparse-16,64,1,PASS,query_valid,1,1
fixture,int,sparse-64,256,1,PASS,query_valid,1,1
fixture,int,dense-1,4,1,PASS,query_valid,1,1
fixture,int,dense-4,16,4,PASS,query_valid,1,1
fixture,int,dense-16,64,16,PASS,query_valid,1,1
fixture,int,dense-64,256,64,PASS,query_valid,1,1
fixture,int,wide-integral,4,1,PASS,query_valid,1,1
fixture,long,exterior,4,0,PASS,query_valid,1,1
fixture,long,interior,4,1,PASS,query_valid,1,1
fixture,long,crossing,4,1,PASS,query_valid,1,1
fixture,long,boundary-only,4,1,PASS,query_valid,1,1
fixture,long,boundary-overlap,4,1,PASS,query_valid,1,1
fixture,long,isolated-tangent,4,0,PASS,query_valid,1,1
fixture,long,degenerate-interior,4,0,PASS,query_valid,0,0
fixture,long,degenerate-boundary,4,0,PASS,query_valid,0,0
fixture,long,empty,0,0,PASS,query_valid,1,1
fixture,long,concave-u,8,2,PASS,query_valid,1,1
fixture,long,hole,8,2,PASS,query_valid,1,1
fixture,long,hole-reversed,8,2,PASS,query_valid,1,1
fixture,long,rational-crossing,3,1,PASS,query_valid,1,1
fixture,long,sparse-1,4,1,PASS,query_valid,1,1
fixture,long,sparse-4,16,1,PASS,query_valid,1,1
fixture,long,sparse-16,64,1,PASS,query_valid,1,1
fixture,long,sparse-64,256,1,PASS,query_valid,1,1
fixture,long,dense-1,4,1,PASS,query_valid,1,1
fixture,long,dense-4,16,4,PASS,query_valid,1,1
fixture,long,dense-16,64,16,PASS,query_valid,1,1
fixture,long,dense-64,256,64,PASS,query_valid,1,1
fixture,float,exterior,4,0,PASS,query_valid,1,1
fixture,float,interior,4,1,PASS,query_valid,1,1
fixture,float,crossing,4,1,PASS,query_valid,1,1
fixture,float,boundary-only,4,1,PASS,query_valid,1,1
fixture,float,boundary-overlap,4,1,PASS,query_valid,1,1
fixture,float,isolated-tangent,4,0,PASS,query_valid,1,1
fixture,float,degenerate-interior,4,0,PASS,query_valid,0,0
fixture,float,degenerate-boundary,4,0,PASS,query_valid,0,0
fixture,float,empty,0,0,PASS,query_valid,1,1
fixture,float,concave-u,8,2,PASS,query_valid,1,1
fixture,float,hole,8,2,PASS,query_valid,1,1
fixture,float,hole-reversed,8,2,PASS,query_valid,1,1
fixture,float,rational-crossing,3,1,PASS,query_valid,1,1
fixture,float,sparse-1,4,1,PASS,query_valid,1,1
fixture,float,sparse-4,16,1,PASS,query_valid,1,1
fixture,float,sparse-16,64,1,PASS,query_valid,1,1
fixture,float,sparse-64,256,1,PASS,query_valid,1,1
fixture,float,dense-1,4,1,PASS,query_valid,1,1
fixture,float,dense-4,16,4,PASS,query_valid,1,1
fixture,float,dense-16,64,16,PASS,query_valid,1,1
fixture,float,dense-64,256,64,PASS,query_valid,1,1
fixture,float,subnormal,4,1,PASS,query_valid,1,1
fixture,float,large-finite,4,1,PASS,query_valid,1,1
fixture,double,exterior,4,0,PASS,query_valid,1,1
fixture,double,interior,4,1,PASS,query_valid,1,1
fixture,double,crossing,4,1,PASS,query_valid,1,1
fixture,double,boundary-only,4,1,PASS,query_valid,1,1
fixture,double,boundary-overlap,4,1,PASS,query_valid,1,1
fixture,double,isolated-tangent,4,0,PASS,query_valid,1,1
fixture,double,degenerate-interior,4,0,PASS,query_valid,0,0
fixture,double,degenerate-boundary,4,0,PASS,query_valid,0,0
fixture,double,empty,0,0,PASS,query_valid,1,1
fixture,double,concave-u,8,2,PASS,query_valid,1,1
fixture,double,hole,8,2,PASS,query_valid,1,1
fixture,double,hole-reversed,8,2,PASS,query_valid,1,1
fixture,double,rational-crossing,3,1,PASS,query_valid,1,1
fixture,double,sparse-1,4,1,PASS,query_valid,1,1
fixture,double,sparse-4,16,1,PASS,query_valid,1,1
fixture,double,sparse-16,64,1,PASS,query_valid,1,1
fixture,double,sparse-64,256,1,PASS,query_valid,1,1
fixture,double,dense-1,4,1,PASS,query_valid,1,1
fixture,double,dense-4,16,4,PASS,query_valid,1,1
fixture,double,dense-16,64,16,PASS,query_valid,1,1
fixture,double,dense-64,256,64,PASS,query_valid,1,1
preflight,native,87,174,PASS
sample,int,exterior,clipping,4,0,0,32768,3277,9423662,NA,NA
sample,int,exterior,clipping,4,0,1,32768,3277,7511525,NA,NA
sample,int,exterior,clipping,4,0,2,32768,3277,10710948,NA,NA
summary,int,exterior,clipping,229.234,287.587,326.872
sample,int,interior,clipping,4,1,0,1024,103,6599773,NA,NA
sample,int,interior,clipping,4,1,1,1024,103,6920559,NA,NA
sample,int,interior,clipping,4,1,2,1024,103,10546355,NA,NA
summary,int,interior,clipping,6445.091,6758.358,10299.175
sample,int,crossing,clipping,4,1,0,1024,103,9075017,NA,NA
sample,int,crossing,clipping,4,1,1,1024,103,9120799,NA,NA
sample,int,crossing,clipping,4,1,2,1024,103,9285610,NA,NA
summary,int,crossing,clipping,8862.321,8907.030,9067.979
sample,int,boundary-only,clipping,4,1,0,1024,103,5705628,NA,NA
sample,int,boundary-only,clipping,4,1,1,1024,103,5738582,NA,NA
sample,int,boundary-only,clipping,4,1,2,1024,103,5650204,NA,NA
summary,int,boundary-only,clipping,5517.777,5571.902,5604.084
sample,int,boundary-overlap,clipping,4,1,0,512,52,4688859,NA,NA
sample,int,boundary-overlap,clipping,4,1,1,512,52,6336837,NA,NA
sample,int,boundary-overlap,clipping,4,1,2,512,52,4271926,NA,NA
summary,int,boundary-overlap,clipping,8343.605,9157.928,12376.635
sample,int,isolated-tangent,clipping,4,0,0,1024,103,6262364,NA,NA
sample,int,isolated-tangent,clipping,4,0,1,1024,103,9180590,NA,NA
sample,int,isolated-tangent,clipping,4,0,2,1024,103,6615864,NA,NA
summary,int,isolated-tangent,clipping,6115.590,6460.805,8965.420
sample,int,degenerate-interior,clipping,4,0,0,4096,410,6538634,NA,NA
sample,int,degenerate-interior,clipping,4,0,1,4096,410,6277828,NA,NA
sample,int,degenerate-interior,clipping,4,0,2,4096,410,10533337,NA,NA
summary,int,degenerate-interior,clipping,1532.673,1596.346,2571.615
sample,int,degenerate-boundary,clipping,4,0,0,1024,103,10732588,NA,NA
sample,int,degenerate-boundary,clipping,4,0,1,1024,103,5386527,NA,NA
sample,int,degenerate-boundary,clipping,4,0,2,1024,103,4527975,NA,NA
summary,int,degenerate-boundary,clipping,4421.851,5260.280,10481.043
sample,int,empty,clipping,0,0,0,32768,3277,6677420,NA,NA
sample,int,empty,clipping,0,0,1,32768,3277,7760304,NA,NA
sample,int,empty,clipping,0,0,2,32768,3277,11875974,NA,NA
summary,int,empty,clipping,203.779,236.826,362.426
sample,int,concave-u,clipping,8,2,0,512,52,10827717,NA,NA
sample,int,concave-u,clipping,8,2,1,512,52,9053189,NA,NA
sample,int,concave-u,clipping,8,2,2,512,52,8128360,NA,NA
summary,int,concave-u,clipping,15875.703,17682.010,21147.885
sample,int,hole,clipping,8,2,0,512,52,8355341,NA,NA
sample,int,hole,clipping,8,2,1,512,52,8028387,NA,NA
sample,int,hole,clipping,8,2,2,512,52,9052028,NA,NA
summary,int,hole,clipping,15680.443,16319.025,17679.742
sample,int,hole-reversed,clipping,8,2,0,256,26,3862593,NA,NA
sample,int,hole-reversed,clipping,8,2,1,256,26,3893773,NA,NA
sample,int,hole-reversed,clipping,8,2,2,256,26,4015604,NA,NA
summary,int,hole-reversed,clipping,15088.254,15210.051,15685.953
sample,int,rational-crossing,clipping,3,1,0,1024,103,19112507,NA,NA
sample,int,rational-crossing,clipping,3,1,1,1024,103,9014574,NA,NA
sample,int,rational-crossing,clipping,3,1,2,1024,103,9378914,NA,NA
summary,int,rational-crossing,clipping,8803.295,9159.096,18664.558
sample,int,sparse-1,clipping,4,1,0,1024,103,10917200,NA,NA
sample,int,sparse-1,clipping,4,1,1,1024,103,11967088,NA,NA
sample,int,sparse-1,clipping,4,1,2,1024,103,12559423,NA,NA
summary,int,sparse-1,clipping,10661.328,11686.609,12265.062
sample,int,sparse-4,clipping,16,1,0,512,52,10890030,NA,NA
sample,int,sparse-4,clipping,16,1,1,512,52,6199865,NA,NA
sample,int,sparse-4,clipping,16,1,2,512,52,7979901,NA,NA
summary,int,sparse-4,clipping,12109.111,15585.744,21269.590
sample,int,sparse-16,clipping,64,1,0,512,52,7640404,NA,NA
sample,int,sparse-16,clipping,64,1,1,512,52,7712213,NA,NA
sample,int,sparse-16,clipping,64,1,2,512,52,7855702,NA,NA
summary,int,sparse-16,clipping,14922.664,15062.916,15343.168
sample,int,sparse-64,clipping,256,1,0,256,26,9363437,NA,NA
sample,int,sparse-64,clipping,256,1,1,256,26,7454560,NA,NA
sample,int,sparse-64,clipping,256,1,2,256,26,9588284,NA,NA
summary,int,sparse-64,clipping,29119.375,36575.926,37454.234
sample,int,dense-1,clipping,4,1,0,512,52,5219342,NA,NA
sample,int,dense-1,clipping,4,1,1,512,52,4896581,NA,NA
sample,int,dense-1,clipping,4,1,2,512,52,5071268,NA,NA
summary,int,dense-1,clipping,9563.635,9904.820,10194.027
sample,int,dense-4,clipping,16,4,0,256,26,15675448,NA,NA
sample,int,dense-4,clipping,16,4,1,256,26,12295683,NA,NA
sample,int,dense-4,clipping,16,4,2,256,26,10245975,NA,NA
summary,int,dense-4,clipping,40023.340,48030.012,61232.219
sample,int,dense-16,clipping,64,16,0,32,4,5807238,NA,NA
sample,int,dense-16,clipping,64,16,1,32,4,4616437,NA,NA
sample,int,dense-16,clipping,64,16,2,32,4,12490268,NA,NA
summary,int,dense-16,clipping,144263.656,181476.188,390320.875
sample,int,dense-64,clipping,256,64,0,8,1,13841619,NA,NA
sample,int,dense-64,clipping,256,64,1,8,1,6016637,NA,NA
sample,int,dense-64,clipping,256,64,2,8,1,6455490,NA,NA
summary,int,dense-64,clipping,752079.625,806936.250,1730202.375
sample,int,wide-integral,clipping,4,1,0,512,52,6055954,NA,NA
sample,int,wide-integral,clipping,4,1,1,512,52,4609355,NA,NA
sample,int,wide-integral,clipping,4,1,2,512,52,4605080,NA,NA
summary,int,wide-integral,clipping,8994.297,9002.646,11828.035
sample,long,exterior,clipping,4,0,0,16384,1639,2974730,NA,NA
sample,long,exterior,clipping,4,0,1,16384,1639,2823383,NA,NA
sample,long,exterior,clipping,4,0,2,16384,1639,2854353,NA,NA
summary,long,exterior,clipping,172.326,174.216,181.563
sample,long,interior,clipping,4,1,0,1024,103,5336460,NA,NA
sample,long,interior,clipping,4,1,1,1024,103,5679881,NA,NA
sample,long,interior,clipping,4,1,2,1024,103,5332331,NA,NA
summary,long,interior,clipping,5207.354,5211.387,5546.759
sample,long,crossing,clipping,4,1,0,512,52,4405392,NA,NA
sample,long,crossing,clipping,4,1,1,512,52,4488958,NA,NA
sample,long,crossing,clipping,4,1,2,512,52,5032181,NA,NA
summary,long,crossing,clipping,8604.281,8767.496,9828.479
sample,long,boundary-only,clipping,4,1,0,1024,103,9372410,NA,NA
sample,long,boundary-only,clipping,4,1,1,1024,103,7603918,NA,NA
sample,long,boundary-only,clipping,4,1,2,1024,103,5344862,NA,NA
summary,long,boundary-only,clipping,5219.592,7425.701,9152.744
sample,long,boundary-overlap,clipping,4,1,0,1024,103,7228888,NA,NA
sample,long,boundary-overlap,clipping,4,1,1,1024,103,8608689,NA,NA
sample,long,boundary-overlap,clipping,4,1,2,1024,103,9880115,NA,NA
summary,long,boundary-overlap,clipping,7059.461,8406.923,9648.550
sample,long,isolated-tangent,clipping,4,0,0,1024,103,6685512,NA,NA
sample,long,isolated-tangent,clipping,4,0,1,1024,103,7933641,NA,NA
sample,long,isolated-tangent,clipping,4,0,2,1024,103,8581635,NA,NA
summary,long,isolated-tangent,clipping,6528.820,7747.696,8380.503
sample,long,degenerate-interior,clipping,4,0,0,4096,410,9549554,NA,NA
sample,long,degenerate-interior,clipping,4,0,1,4096,410,6738141,NA,NA
sample,long,degenerate-interior,clipping,4,0,2,4096,410,6232300,NA,NA
summary,long,degenerate-interior,clipping,1521.558,1645.054,2331.434
sample,long,degenerate-boundary,clipping,4,0,0,2048,205,9137560,NA,NA
sample,long,degenerate-boundary,clipping,4,0,1,2048,205,10201237,NA,NA
sample,long,degenerate-boundary,clipping,4,0,2,2048,205,8035584,NA,NA
summary,long,degenerate-boundary,clipping,3923.625,4461.699,4981.073
sample,long,empty,clipping,0,0,0,32768,3277,6014289,NA,NA
sample,long,empty,clipping,0,0,1,32768,3277,7734709,NA,NA
sample,long,empty,clipping,0,0,2,32768,3277,6268668,NA,NA
summary,long,empty,clipping,183.542,191.305,236.045
sample,long,concave-u,clipping,8,2,0,256,26,4174861,NA,NA
sample,long,concave-u,clipping,8,2,1,256,26,3730853,NA,NA
sample,long,concave-u,clipping,8,2,2,256,26,3685912,NA,NA
summary,long,concave-u,clipping,14398.094,14573.645,16308.051
sample,long,hole,clipping,8,2,0,512,52,10784953,NA,NA
sample,long,hole,clipping,8,2,1,512,52,11645191,NA,NA
sample,long,hole,clipping,8,2,2,512,52,9183548,NA,NA
summary,long,hole,clipping,17936.617,21064.361,22744.514
sample,long,hole-reversed,clipping,8,2,0,512,52,10423851,NA,NA
sample,long,hole-reversed,clipping,8,2,1,512,52,9057683,NA,NA
sample,long,hole-reversed,clipping,8,2,2,512,52,9296574,NA,NA
summary,long,hole-reversed,clipping,17690.787,18157.371,20359.084
sample,long,rational-crossing,clipping,3,1,0,512,52,5083539,NA,NA
sample,long,rational-crossing,clipping,3,1,1,512,52,4989066,NA,NA
sample,long,rational-crossing,clipping,3,1,2,512,52,4823748,NA,NA
summary,long,rational-crossing,clipping,9421.383,9744.270,9928.787
sample,long,sparse-1,clipping,4,1,0,512,52,5016811,NA,NA
sample,long,sparse-1,clipping,4,1,1,512,52,9023593,NA,NA
sample,long,sparse-1,clipping,4,1,2,512,52,4681135,NA,NA
summary,long,sparse-1,clipping,9142.842,9798.459,17624.205
sample,long,sparse-4,clipping,16,1,0,512,52,6111560,NA,NA
sample,long,sparse-4,clipping,16,1,1,512,52,5920835,NA,NA
sample,long,sparse-4,clipping,16,1,2,512,52,7607597,NA,NA
summary,long,sparse-4,clipping,11564.131,11936.641,14858.588
sample,long,sparse-16,clipping,64,1,0,512,52,7471844,NA,NA
sample,long,sparse-16,clipping,64,1,1,512,52,7868582,NA,NA
sample,long,sparse-16,clipping,64,1,2,512,52,8320589,NA,NA
summary,long,sparse-16,clipping,14593.445,15368.324,16251.150
sample,long,sparse-64,clipping,256,1,0,256,26,11117787,NA,NA
sample,long,sparse-64,clipping,256,1,1,256,26,7703306,NA,NA
sample,long,sparse-64,clipping,256,1,2,256,26,8495918,NA,NA
summary,long,sparse-64,clipping,30091.039,33187.180,43428.855
sample,long,dense-1,clipping,4,1,0,1024,103,9454376,NA,NA
sample,long,dense-1,clipping,4,1,1,1024,103,8620949,NA,NA
sample,long,dense-1,clipping,4,1,2,1024,103,8647278,NA,NA
summary,long,dense-1,clipping,8418.896,8444.607,9232.789
sample,long,dense-4,clipping,16,4,0,128,13,3912137,NA,NA
sample,long,dense-4,clipping,16,4,1,128,13,3858430,NA,NA
sample,long,dense-4,clipping,16,4,2,128,13,3784855,NA,NA
summary,long,dense-4,clipping,29569.180,30143.984,30563.570
sample,long,dense-16,clipping,64,16,0,32,4,7832814,NA,NA
sample,long,dense-16,clipping,64,16,1,32,4,6820525,NA,NA
sample,long,dense-16,clipping,64,16,2,32,4,6523686,NA,NA
summary,long,dense-16,clipping,203865.188,213141.406,244775.438
sample,long,dense-64,clipping,256,64,0,4,1,3841568,NA,NA
sample,long,dense-64,clipping,256,64,1,4,1,3258969,NA,NA
sample,long,dense-64,clipping,256,64,2,4,1,2839781,NA,NA
summary,long,dense-64,clipping,709945.250,814742.250,960392.000
sample,float,exterior,clipping,4,0,0,32768,3277,6479562,NA,NA
sample,float,exterior,clipping,4,0,1,32768,3277,6115194,NA,NA
sample,float,exterior,clipping,4,0,2,32768,3277,6293705,NA,NA
summary,float,exterior,clipping,186.621,192.069,197.741
sample,float,interior,clipping,4,1,0,1024,103,5979254,NA,NA
sample,float,interior,clipping,4,1,1,1024,103,5933476,NA,NA
sample,float,interior,clipping,4,1,2,1024,103,10369387,NA,NA
summary,float,interior,clipping,5794.410,5839.115,10126.354
sample,float,crossing,clipping,4,1,0,512,52,5297135,NA,NA
sample,float,crossing,clipping,4,1,1,512,52,5196906,NA,NA
sample,float,crossing,clipping,4,1,2,512,52,5602864,NA,NA
summary,float,crossing,clipping,10150.207,10345.967,10943.094
sample,float,boundary-only,clipping,4,1,0,1024,103,5160480,NA,NA
sample,float,boundary-only,clipping,4,1,1,1024,103,5702506,NA,NA
sample,float,boundary-only,clipping,4,1,2,1024,103,5948784,NA,NA
summary,float,boundary-only,clipping,5039.531,5568.854,5809.359
sample,float,boundary-overlap,clipping,4,1,0,1024,103,6929571,NA,NA
sample,float,boundary-overlap,clipping,4,1,1,1024,103,8459523,NA,NA
sample,float,boundary-overlap,clipping,4,1,2,1024,103,10137661,NA,NA
summary,float,boundary-overlap,clipping,6767.159,8261.253,9900.060
sample,float,isolated-tangent,clipping,4,0,0,1024,103,6185565,NA,NA
sample,float,isolated-tangent,clipping,4,0,1,1024,103,7318619,NA,NA
sample,float,isolated-tangent,clipping,4,0,2,1024,103,6599586,NA,NA
summary,float,isolated-tangent,clipping,6040.591,6444.908,7147.089
sample,float,degenerate-interior,clipping,4,0,0,4096,410,6391831,NA,NA
sample,float,degenerate-interior,clipping,4,0,1,4096,410,7675111,NA,NA
sample,float,degenerate-interior,clipping,4,0,2,4096,410,8942311,NA,NA
summary,float,degenerate-interior,clipping,1560.506,1873.806,2183.181
sample,float,degenerate-boundary,clipping,4,0,0,2048,205,11505197,NA,NA
sample,float,degenerate-boundary,clipping,4,0,1,2048,205,9561555,NA,NA
sample,float,degenerate-boundary,clipping,4,0,2,2048,205,8472493,NA,NA
summary,float,degenerate-boundary,clipping,4136.959,4668.728,5617.772
sample,float,empty,clipping,0,0,0,32768,3277,5680696,NA,NA
sample,float,empty,clipping,0,0,1,32768,3277,5571336,NA,NA
sample,float,empty,clipping,0,0,2,32768,3277,5487154,NA,NA
summary,float,empty,clipping,167.455,170.024,173.361
sample,float,concave-u,clipping,8,2,0,512,52,9902505,NA,NA
sample,float,concave-u,clipping,8,2,1,512,52,9481490,NA,NA
sample,float,concave-u,clipping,8,2,2,512,52,15764448,NA,NA
summary,float,concave-u,clipping,18518.535,19340.830,30789.938
sample,float,hole,clipping,8,2,0,512,52,8555118,NA,NA
sample,float,hole,clipping,8,2,1,512,52,8109705,NA,NA
sample,float,hole,clipping,8,2,2,512,52,8364398,NA,NA
summary,float,hole,clipping,15839.268,16336.715,16709.215
sample,float,hole-reversed,clipping,8,2,0,512,52,7982281,NA,NA
sample,float,hole-reversed,clipping,8,2,1,512,52,8215430,NA,NA
sample,float,hole-reversed,clipping,8,2,2,512,52,15383075,NA,NA
summary,float,hole-reversed,clipping,15590.393,16045.762,30045.068
sample,float,rational-crossing,clipping,3,1,0,256,26,3350590,NA,NA
sample,float,rational-crossing,clipping,3,1,1,256,26,2804806,NA,NA
sample,float,rational-crossing,clipping,3,1,2,256,26,3483583,NA,NA
summary,float,rational-crossing,clipping,10956.273,13088.242,13607.746
sample,float,sparse-1,clipping,4,1,0,512,52,4250632,NA,NA
sample,float,sparse-1,clipping,4,1,1,512,52,4227893,NA,NA
sample,float,sparse-1,clipping,4,1,2,512,52,4360777,NA,NA
summary,float,sparse-1,clipping,8257.604,8302.016,8517.143
sample,float,sparse-4,clipping,16,1,0,512,52,5595191,NA,NA
sample,float,sparse-4,clipping,16,1,1,512,52,5710613,NA,NA
sample,float,sparse-4,clipping,16,1,2,512,52,6038606,NA,NA
summary,float,sparse-4,clipping,10928.107,11153.541,11794.152
sample,float,sparse-16,clipping,64,1,0,512,52,8486547,NA,NA
sample,float,sparse-16,clipping,64,1,1,512,52,9305024,NA,NA
sample,float,sparse-16,clipping,64,1,2,512,52,9912359,NA,NA
summary,float,sparse-16,clipping,16575.287,18173.875,19360.076
sample,float,sparse-64,clipping,256,1,0,128,13,3613379,NA,NA
sample,float,sparse-64,clipping,256,1,1,128,13,3346256,NA,NA
sample,float,sparse-64,clipping,256,1,2,128,13,3587392,NA,NA
summary,float,sparse-64,clipping,26142.625,28026.500,28229.523
sample,float,dense-1,clipping,4,1,0,1024,103,8884558,NA,NA
sample,float,dense-1,clipping,4,1,1,1024,103,9155939,NA,NA
sample,float,dense-1,clipping,4,1,2,1024,103,9823559,NA,NA
summary,float,dense-1,clipping,8676.326,8941.347,9593.319
sample,float,dense-4,clipping,16,4,0,128,13,9397421,NA,NA
sample,float,dense-4,clipping,16,4,1,128,13,4059829,NA,NA
sample,float,dense-4,clipping,16,4,2,128,13,6701793,NA,NA
summary,float,dense-4,clipping,31717.414,52357.758,73417.352
sample,float,dense-16,clipping,64,16,0,32,4,5852981,NA,NA
sample,float,dense-16,clipping,64,16,1,32,4,9859165,NA,NA
sample,float,dense-16,clipping,64,16,2,32,4,5220726,NA,NA
summary,float,dense-16,clipping,163147.688,182905.656,308098.906
sample,float,dense-64,clipping,256,64,0,8,1,7831894,NA,NA
sample,float,dense-64,clipping,256,64,1,8,1,6538902,NA,NA
sample,float,dense-64,clipping,256,64,2,8,1,6292017,NA,NA
summary,float,dense-64,clipping,786502.125,817362.750,978986.750
sample,float,subnormal,clipping,4,1,0,1024,103,10075044,NA,NA
sample,float,subnormal,clipping,4,1,1,1024,103,9959397,NA,NA
sample,float,subnormal,clipping,4,1,2,1024,103,8785544,NA,NA
summary,float,subnormal,clipping,8579.633,9725.974,9838.910
sample,float,large-finite,clipping,4,1,0,1024,103,8838254,NA,NA
sample,float,large-finite,clipping,4,1,1,1024,103,8449515,NA,NA
sample,float,large-finite,clipping,4,1,2,1024,103,8581789,NA,NA
summary,float,large-finite,clipping,8251.479,8380.653,8631.107
sample,double,exterior,clipping,4,0,0,32768,3277,7274146,NA,NA
sample,double,exterior,clipping,4,0,1,32768,3277,6326706,NA,NA
sample,double,exterior,clipping,4,0,2,32768,3277,8417504,NA,NA
summary,double,exterior,clipping,193.076,221.989,256.882
sample,double,interior,clipping,4,1,0,1024,103,5903250,NA,NA
sample,double,interior,clipping,4,1,1,1024,103,5625944,NA,NA
sample,double,interior,clipping,4,1,2,1024,103,5649767,NA,NA
summary,double,interior,clipping,5494.086,5517.351,5764.893
sample,double,crossing,clipping,4,1,0,1024,103,12900808,NA,NA
sample,double,crossing,clipping,4,1,1,1024,103,13485307,NA,NA
sample,double,crossing,clipping,4,1,2,1024,103,14882424,NA,NA
summary,double,crossing,clipping,12598.445,13169.245,14533.617
sample,double,boundary-only,clipping,4,1,0,1024,103,5733162,NA,NA
sample,double,boundary-only,clipping,4,1,1,1024,103,5365558,NA,NA
sample,double,boundary-only,clipping,4,1,2,1024,103,5461385,NA,NA
summary,double,boundary-only,clipping,5239.803,5333.384,5598.791
sample,double,boundary-overlap,clipping,4,1,0,1024,103,7265143,NA,NA
sample,double,boundary-overlap,clipping,4,1,1,1024,103,6714975,NA,NA
sample,double,boundary-overlap,clipping,4,1,2,1024,103,6913138,NA,NA
summary,double,boundary-overlap,clipping,6557.593,6751.111,7094.866
sample,double,isolated-tangent,clipping,4,0,0,1024,103,6193608,NA,NA
sample,double,isolated-tangent,clipping,4,0,1,1024,103,7349700,NA,NA
sample,double,isolated-tangent,clipping,4,0,2,1024,103,6776901,NA,NA
summary,double,isolated-tangent,clipping,6048.445,6618.067,7177.441
sample,double,degenerate-interior,clipping,4,0,0,4096,410,6096362,NA,NA
sample,double,degenerate-interior,clipping,4,0,1,4096,410,9484773,NA,NA
sample,double,degenerate-interior,clipping,4,0,2,4096,410,7525559,NA,NA
summary,double,degenerate-interior,clipping,1488.370,1837.295,2315.618
sample,double,degenerate-boundary,clipping,4,0,0,2048,205,7979790,NA,NA
sample,double,degenerate-boundary,clipping,4,0,1,2048,205,7774570,NA,NA
sample,double,degenerate-boundary,clipping,4,0,2,2048,205,8670790,NA,NA
summary,double,degenerate-boundary,clipping,3796.177,3896.382,4233.784
sample,double,empty,clipping,0,0,0,32768,3277,5461107,NA,NA
sample,double,empty,clipping,0,0,1,32768,3277,6292111,NA,NA
sample,double,empty,clipping,0,0,2,32768,3277,6217583,NA,NA
summary,double,empty,clipping,166.660,189.746,192.020
sample,double,concave-u,clipping,8,2,0,256,26,4325721,NA,NA
sample,double,concave-u,clipping,8,2,1,256,26,3860847,NA,NA
sample,double,concave-u,clipping,8,2,2,256,26,3896914,NA,NA
summary,double,concave-u,clipping,15081.434,15222.320,16897.348
sample,double,hole,clipping,8,2,0,256,26,5196076,NA,NA
sample,double,hole,clipping,8,2,1,256,26,4527358,NA,NA
sample,double,hole,clipping,8,2,2,256,26,4191157,NA,NA
summary,double,hole,clipping,16371.707,17684.992,20297.172
sample,double,hole-reversed,clipping,8,2,0,512,52,10029945,NA,NA
sample,double,hole-reversed,clipping,8,2,1,512,52,8279736,NA,NA
sample,double,hole-reversed,clipping,8,2,2,512,52,9728511,NA,NA
summary,double,hole-reversed,clipping,16171.359,19000.998,19589.736
sample,double,rational-crossing,clipping,3,1,0,1024,103,10961158,NA,NA
sample,double,rational-crossing,clipping,3,1,1,1024,103,9404613,NA,NA
sample,double,rational-crossing,clipping,3,1,2,1024,103,8554566,NA,NA
summary,double,rational-crossing,clipping,8354.068,9184.192,10704.256
sample,double,sparse-1,clipping,4,1,0,512,52,4482852,NA,NA
sample,double,sparse-1,clipping,4,1,1,512,52,4894128,NA,NA
sample,double,sparse-1,clipping,4,1,2,512,52,5030169,NA,NA
summary,double,sparse-1,clipping,8755.570,9558.844,9824.549
sample,double,sparse-4,clipping,16,1,0,512,52,7040632,NA,NA
sample,double,sparse-4,clipping,16,1,1,512,52,5566510,NA,NA
sample,double,sparse-4,clipping,16,1,2,512,52,5475219,NA,NA
summary,double,sparse-4,clipping,10693.787,10872.090,13751.234
sample,double,sparse-16,clipping,64,1,0,512,52,7648782,NA,NA
sample,double,sparse-16,clipping,64,1,1,512,52,8268503,NA,NA
sample,double,sparse-16,clipping,64,1,2,512,52,7578914,NA,NA
summary,double,sparse-16,clipping,14802.566,14939.027,16149.420
sample,double,sparse-64,clipping,256,1,0,256,26,8456472,NA,NA
sample,double,sparse-64,clipping,256,1,1,256,26,8964908,NA,NA
sample,double,sparse-64,clipping,256,1,2,256,26,10844262,NA,NA
summary,double,sparse-64,clipping,33033.094,35019.172,42360.398
sample,double,dense-1,clipping,4,1,0,1024,103,11744849,NA,NA
sample,double,dense-1,clipping,4,1,1,1024,103,11539390,NA,NA
sample,double,dense-1,clipping,4,1,2,1024,103,11718548,NA,NA
summary,double,dense-1,clipping,11268.936,11443.895,11469.579
sample,double,dense-4,clipping,16,4,0,256,26,7599138,NA,NA
sample,double,dense-4,clipping,16,4,1,256,26,9959989,NA,NA
sample,double,dense-4,clipping,16,4,2,256,26,7091062,NA,NA
summary,double,dense-4,clipping,27699.461,29684.133,38906.207
sample,double,dense-16,clipping,64,16,0,64,7,9622658,NA,NA
sample,double,dense-16,clipping,64,16,1,64,7,9436861,NA,NA
sample,double,dense-16,clipping,64,16,2,64,7,13390344,NA,NA
summary,double,dense-16,clipping,147450.953,150354.031,209224.125
sample,double,dense-64,clipping,256,64,0,8,1,8709285,NA,NA
sample,double,dense-64,clipping,256,64,1,8,1,6572968,NA,NA
sample,double,dense-64,clipping,256,64,2,8,1,9763161,NA,NA
summary,double,dense-64,clipping,821621.000,1088660.625,1220395.125
checksum,5432120903513929888
