fixture_header,scalar,case,edges,expected_fact_bits,expected_status,expected_components
sample_header,scalar,case,operation,edges,expected_components,round,iterations,warmup,elapsed_ns,gc_bytes,gc_collections
summary_header,scalar,case,operation,min_ns_per_op,median_ns_per_op,max_ns_per_op
fixture,int,exterior,4,1,success,0
fixture,int,interior,4,4,success,1
fixture,int,crossing,4,7,success,1
fixture,int,boundary-only,4,10,success,1
fixture,int,boundary-overlap,4,11,success,1
fixture,int,isolated-tangent,4,3,success,0
fixture,int,degenerate-interior,4,4,success,0
fixture,int,degenerate-boundary,4,2,success,0
fixture,int,empty,0,1,success,0
fixture,int,concave-u,8,7,success,2
fixture,int,hole,8,7,success,2
fixture,int,hole-reversed,8,7,success,2
fixture,int,rational-crossing,3,7,success,1
fixture,int,sparse-1,4,7,success,1
fixture,int,sparse-4,16,7,success,1
fixture,int,sparse-16,64,7,success,1
fixture,int,sparse-64,256,7,success,1
fixture,int,dense-1,4,7,success,1
fixture,int,dense-4,16,7,success,4
fixture,int,dense-16,64,7,success,16
fixture,int,dense-64,256,7,success,64
fixture,int,wide-integral,4,7,success,1
preflight,int,22,PASS
sample,int,exterior,relationship,4,0,0,2048,205,14375700,0,0
sample,int,exterior,relationship,4,0,1,2048,205,10277900,0,0
sample,int,exterior,relationship,4,0,2,2048,205,14677400,0,0
sample,int,exterior,relationship,4,0,3,2048,205,14669300,0,0
sample,int,exterior,relationship,4,0,4,2048,205,10264000,0,0
summary,int,exterior,relationship,5011.719,7019.385,7166.699
sample,int,exterior,clipping,4,0,0,1024,103,16480000,25264128,6
sample,int,exterior,clipping,4,0,1,1024,103,15198000,25264128,6
sample,int,exterior,clipping,4,0,2,1024,103,14828100,25264128,6
sample,int,exterior,clipping,4,0,3,1024,103,15584700,25264128,6
sample,int,exterior,clipping,4,0,4,1024,103,15192300,25264128,6
summary,int,exterior,clipping,14480.566,14841.797,16093.750
sample,int,interior,relationship,4,1,0,2048,205,10169300,0,0
sample,int,interior,relationship,4,1,1,2048,205,11092500,0,0
sample,int,interior,relationship,4,1,2,2048,205,12186900,0,0
sample,int,interior,relationship,4,1,3,2048,205,10324800,0,0
sample,int,interior,relationship,4,1,4,2048,205,14675900,0,0
summary,int,interior,relationship,4965.479,5416.260,7165.967
sample,int,interior,clipping,4,1,0,512,52,16650600,12656640,3
sample,int,interior,clipping,4,1,1,512,52,20938200,12656640,3
sample,int,interior,clipping,4,1,2,512,52,14500900,12656640,3
sample,int,interior,clipping,4,1,3,512,52,21422400,12656640,3
sample,int,interior,clipping,4,1,4,512,52,11978400,12656640,3
summary,int,interior,clipping,23395.312,32520.703,41840.625
sample,int,crossing,relationship,4,1,0,2048,205,10186200,0,0
sample,int,crossing,relationship,4,1,1,2048,205,10259600,0,0
sample,int,crossing,relationship,4,1,2,2048,205,14477900,0,0
sample,int,crossing,relationship,4,1,3,2048,205,15328500,0,0
sample,int,crossing,relationship,4,1,4,2048,205,6639600,0,0
summary,int,crossing,relationship,3241.992,5009.570,7484.619
sample,int,crossing,clipping,4,1,0,256,26,14076500,6336512,1
sample,int,crossing,clipping,4,1,1,256,26,22203300,6336512,1
sample,int,crossing,clipping,4,1,2,256,26,17675400,6336512,1
sample,int,crossing,clipping,4,1,3,256,26,16993600,6336512,1
sample,int,crossing,clipping,4,1,4,256,26,21406500,6336512,1
summary,int,crossing,clipping,54986.328,69044.531,86731.641
sample,int,boundary-only,relationship,4,1,0,2048,205,13236400,0,0
sample,int,boundary-only,relationship,4,1,1,2048,205,16271400,0,0
sample,int,boundary-only,relationship,4,1,2,2048,205,16234600,0,0
sample,int,boundary-only,relationship,4,1,3,2048,205,14260000,0,0
sample,int,boundary-only,relationship,4,1,4,2048,205,12639400,0,0
summary,int,boundary-only,relationship,6171.582,6962.891,7945.020
sample,int,boundary-only,clipping,4,1,0,128,13,7618100,3164160,0
sample,int,boundary-only,clipping,4,1,1,128,13,2923200,3164160,0
sample,int,boundary-only,clipping,4,1,2,128,13,3085000,3164160,0
sample,int,boundary-only,clipping,4,1,3,128,13,2809700,3164160,0
sample,int,boundary-only,clipping,4,1,4,128,13,2853500,3164160,0
summary,int,boundary-only,clipping,21950.781,22837.500,59516.406
sample,int,boundary-overlap,relationship,4,1,0,1024,103,12332200,0,0
sample,int,boundary-overlap,relationship,4,1,1,1024,103,9323100,0,0
sample,int,boundary-overlap,relationship,4,1,2,1024,103,10262300,0,0
sample,int,boundary-overlap,relationship,4,1,3,1024,103,12064900,0,0
sample,int,boundary-overlap,relationship,4,1,4,1024,103,9477800,0,0
summary,int,boundary-overlap,relationship,9104.590,10021.777,12043.164
sample,int,boundary-overlap,clipping,4,1,0,256,26,12416600,6336512,1
sample,int,boundary-overlap,clipping,4,1,1,256,26,11548100,6336512,1
sample,int,boundary-overlap,clipping,4,1,2,256,26,6204800,6336512,1
sample,int,boundary-overlap,clipping,4,1,3,256,26,12964500,6336512,1
sample,int,boundary-overlap,clipping,4,1,4,256,26,12001800,6336512,1
summary,int,boundary-overlap,clipping,24237.500,46882.031,50642.578
sample,int,isolated-tangent,relationship,4,0,0,2048,205,13317000,0,0
sample,int,isolated-tangent,relationship,4,0,1,2048,205,17350900,0,0
sample,int,isolated-tangent,relationship,4,0,2,2048,205,13625500,0,0
sample,int,isolated-tangent,relationship,4,0,3,2048,205,13540000,0,0
sample,int,isolated-tangent,relationship,4,0,4,2048,205,18974000,0,0
summary,int,isolated-tangent,relationship,6502.441,6653.076,9264.648
sample,int,isolated-tangent,clipping,4,0,0,512,52,11174200,12632064,3
sample,int,isolated-tangent,clipping,4,0,1,512,52,12136900,12632064,3
sample,int,isolated-tangent,clipping,4,0,2,512,52,11830500,12632064,3
sample,int,isolated-tangent,clipping,4,0,3,512,52,12082900,12632064,3
sample,int,isolated-tangent,clipping,4,0,4,512,52,10892400,12632064,3
summary,int,isolated-tangent,clipping,21274.219,23106.445,23704.883
sample,int,degenerate-interior,relationship,4,0,0,65536,6554,15740000,0,0
sample,int,degenerate-interior,relationship,4,0,1,65536,6554,15574200,0,0
sample,int,degenerate-interior,relationship,4,0,2,65536,6554,11365000,0,0
sample,int,degenerate-interior,relationship,4,0,3,65536,6554,14854000,0,0
sample,int,degenerate-interior,relationship,4,0,4,65536,6554,16191600,0,0
summary,int,degenerate-interior,relationship,173.416,237.643,247.064
sample,int,degenerate-interior,clipping,4,0,0,65536,6554,835500,0,0
sample,int,degenerate-interior,clipping,4,0,1,65536,6554,894500,0,0
sample,int,degenerate-interior,clipping,4,0,2,65536,6554,837000,0,0
sample,int,degenerate-interior,clipping,4,0,3,65536,6554,4838200,0,0
sample,int,degenerate-interior,clipping,4,0,4,65536,6554,832800,0,0
summary,int,degenerate-interior,clipping,12.708,12.772,73.825
sample,int,degenerate-boundary,relationship,4,0,0,65536,6554,7472600,0,0
sample,int,degenerate-boundary,relationship,4,0,1,65536,6554,16375600,0,0
sample,int,degenerate-boundary,relationship,4,0,2,65536,6554,17065600,0,0
sample,int,degenerate-boundary,relationship,4,0,3,65536,6554,12823600,0,0
sample,int,degenerate-boundary,relationship,4,0,4,65536,6554,7497500,0,0
summary,int,degenerate-boundary,relationship,114.023,195.673,260.400
sample,int,degenerate-boundary,clipping,4,0,0,65536,6554,833800,0,0
sample,int,degenerate-boundary,clipping,4,0,1,65536,6554,862500,0,0
sample,int,degenerate-boundary,clipping,4,0,2,65536,6554,836800,0,0
sample,int,degenerate-boundary,clipping,4,0,3,65536,6554,859300,0,0
sample,int,degenerate-boundary,clipping,4,0,4,65536,6554,848400,0,0
summary,int,degenerate-boundary,clipping,12.723,12.946,13.161
sample,int,empty,relationship,0,0,0,65536,6554,1214100,0,0
sample,int,empty,relationship,0,0,1,65536,6554,1197800,0,0
sample,int,empty,relationship,0,0,2,65536,6554,5617000,0,0
sample,int,empty,relationship,0,0,3,65536,6554,1174500,0,0
sample,int,empty,relationship,0,0,4,65536,6554,1175800,0,0
summary,int,empty,relationship,17.921,18.277,85.709
sample,int,empty,clipping,0,0,0,65536,6554,936500,0,0
sample,int,empty,clipping,0,0,1,65536,6554,959500,0,0
sample,int,empty,clipping,0,0,2,65536,6554,936000,0,0
sample,int,empty,clipping,0,0,3,65536,6554,959500,0,0
sample,int,empty,clipping,0,0,4,65536,6554,937200,0,0
summary,int,empty,clipping,14.282,14.301,14.641
sample,int,concave-u,relationship,8,2,0,1024,103,17086400,0,0
sample,int,concave-u,relationship,8,2,1,1024,103,15863900,0,0
sample,int,concave-u,relationship,8,2,2,1024,103,15775400,0,0
sample,int,concave-u,relationship,8,2,3,1024,103,12960400,0,0
sample,int,concave-u,relationship,8,2,4,1024,103,15990800,0,0
summary,int,concave-u,relationship,12656.641,15492.090,16685.938
sample,int,concave-u,clipping,8,2,0,64,7,5655000,2637824,0
sample,int,concave-u,clipping,8,2,1,64,7,27091400,2637824,0
sample,int,concave-u,clipping,8,2,2,64,7,19528900,2637824,0
sample,int,concave-u,clipping,8,2,3,64,7,10830500,2637824,0
sample,int,concave-u,clipping,8,2,4,64,7,9801400,2637824,0
summary,int,concave-u,clipping,88359.375,169226.562,423303.125
sample,int,hole,relationship,8,2,0,1024,103,17028300,0,0
sample,int,hole,relationship,8,2,1,1024,103,15967900,0,0
sample,int,hole,relationship,8,2,2,1024,103,15970400,0,0
sample,int,hole,relationship,8,2,3,1024,103,15855900,0,0
sample,int,hole,relationship,8,2,4,1024,103,16041100,0,0
summary,int,hole,relationship,15484.277,15596.094,16629.199
sample,int,hole,clipping,8,2,0,64,7,5533800,2637824,0
sample,int,hole,clipping,8,2,1,64,7,5435900,2637824,0
sample,int,hole,clipping,8,2,2,64,7,10598100,2637824,0
sample,int,hole,clipping,8,2,3,64,7,14664900,2637824,0
sample,int,hole,clipping,8,2,4,64,7,7126100,2637824,0
summary,int,hole,clipping,84935.938,111345.312,229139.062
sample,int,hole-reversed,relationship,8,2,0,1024,103,12491900,0,0
sample,int,hole-reversed,relationship,8,2,1,1024,103,15327100,0,0
sample,int,hole-reversed,relationship,8,2,2,1024,103,15604900,0,0
sample,int,hole-reversed,relationship,8,2,3,1024,103,16785000,0,0
sample,int,hole-reversed,relationship,8,2,4,1024,103,16116300,0,0
summary,int,hole-reversed,relationship,12199.121,15239.160,16391.602
sample,int,hole-reversed,clipping,8,2,0,64,7,5789600,2637824,0
sample,int,hole-reversed,clipping,8,2,1,64,7,13501000,2637824,0
sample,int,hole-reversed,clipping,8,2,2,64,7,11982100,2637824,0
sample,int,hole-reversed,clipping,8,2,3,64,7,6027700,2637824,0
sample,int,hole-reversed,clipping,8,2,4,64,7,10392200,2637824,0
summary,int,hole-reversed,clipping,90462.500,162378.125,210953.125
sample,int,rational-crossing,relationship,3,1,0,4096,410,21171100,0,0
sample,int,rational-crossing,relationship,3,1,1,4096,410,18529400,0,0
sample,int,rational-crossing,relationship,3,1,2,4096,410,17765700,0,0
sample,int,rational-crossing,relationship,3,1,3,4096,410,18358500,0,0
sample,int,rational-crossing,relationship,3,1,4,4096,410,19690200,0,0
summary,int,rational-crossing,relationship,4337.329,4523.779,5168.726
sample,int,rational-crossing,clipping,3,1,0,256,26,23286300,5287936,1
sample,int,rational-crossing,clipping,3,1,1,256,26,17592500,5287936,1
sample,int,rational-crossing,clipping,3,1,2,256,26,19316100,5287936,1
sample,int,rational-crossing,clipping,3,1,3,256,26,18047500,5287936,1
sample,int,rational-crossing,clipping,3,1,4,256,26,24371700,5287936,1
summary,int,rational-crossing,clipping,68720.703,75453.516,95201.953
sample,int,sparse-1,relationship,4,1,0,2048,205,10279000,0,0
sample,int,sparse-1,relationship,4,1,1,2048,205,10392800,0,0
sample,int,sparse-1,relationship,4,1,2,2048,205,6747000,0,0
sample,int,sparse-1,relationship,4,1,3,2048,205,10483700,0,0
sample,int,sparse-1,relationship,4,1,4,2048,205,14467600,0,0
summary,int,sparse-1,relationship,3294.434,5074.609,7064.258
sample,int,sparse-1,clipping,4,1,0,256,26,20820500,6336512,1
sample,int,sparse-1,clipping,4,1,1,256,26,21411400,6336512,1
sample,int,sparse-1,clipping,4,1,2,256,26,17424500,6336512,1
sample,int,sparse-1,clipping,4,1,3,256,26,17222900,6336512,1
sample,int,sparse-1,clipping,4,1,4,256,26,21015000,6336512,1
summary,int,sparse-1,clipping,67276.953,81330.078,83638.281
sample,int,sparse-4,relationship,16,1,0,512,52,10860500,0,0
sample,int,sparse-4,relationship,16,1,1,512,52,6850800,0,0
sample,int,sparse-4,relationship,16,1,2,512,52,10806400,0,0
sample,int,sparse-4,relationship,16,1,3,512,52,15218200,0,0
sample,int,sparse-4,relationship,16,1,4,512,52,10913200,0,0
summary,int,sparse-4,relationship,13380.469,21211.914,29723.047
sample,int,sparse-4,clipping,16,1,0,128,13,14542100,9459712,2
sample,int,sparse-4,clipping,16,1,1,128,13,9533200,9459712,2
sample,int,sparse-4,clipping,16,1,2,128,13,18386000,9459712,2
sample,int,sparse-4,clipping,16,1,3,128,13,6169500,9459712,2
sample,int,sparse-4,clipping,16,1,4,128,13,13806300,9459712,2
summary,int,sparse-4,clipping,48199.219,107861.719,143640.625
sample,int,sparse-16,relationship,64,1,0,128,13,10909600,0,0
sample,int,sparse-16,relationship,64,1,1,128,13,14891800,0,0
sample,int,sparse-16,relationship,64,1,2,128,13,14885400,0,0
sample,int,sparse-16,relationship,64,1,3,128,13,10857400,0,0
sample,int,sparse-16,relationship,64,1,4,128,13,10810900,0,0
summary,int,sparse-16,relationship,84460.156,85231.250,116342.188
sample,int,sparse-16,clipping,64,1,0,64,7,11355900,17837056,4
sample,int,sparse-16,clipping,64,1,1,64,7,14520800,17837056,4
sample,int,sparse-16,clipping,64,1,2,64,7,14718300,17837056,4
sample,int,sparse-16,clipping,64,1,3,64,7,15499400,17837056,4
sample,int,sparse-16,clipping,64,1,4,64,7,13540900,17837056,4
summary,int,sparse-16,clipping,177435.938,226887.500,242178.125
sample,int,sparse-64,relationship,256,1,0,32,4,12844500,0,0
sample,int,sparse-64,relationship,256,1,1,32,4,12324000,0,0
sample,int,sparse-64,relationship,256,1,2,32,4,11040500,0,0
sample,int,sparse-64,relationship,256,1,3,32,4,14785500,0,0
sample,int,sparse-64,relationship,256,1,4,32,4,14965700,0,0
summary,int,sparse-64,relationship,345015.625,401390.625,467678.125
sample,int,sparse-64,clipping,256,1,0,16,2,16723800,17500928,3
sample,int,sparse-64,clipping,256,1,1,16,2,6706800,17500928,1
sample,int,sparse-64,clipping,256,1,2,16,2,10460800,17500928,2
sample,int,sparse-64,clipping,256,1,3,16,2,16188300,17500928,1
sample,int,sparse-64,clipping,256,1,4,16,2,12743700,17500928,2
summary,int,sparse-64,clipping,419175.000,796481.250,1045237.500
sample,int,dense-1,relationship,4,1,0,2048,205,10234700,0,0
sample,int,dense-1,relationship,4,1,1,2048,205,13914800,0,0
sample,int,dense-1,relationship,4,1,2,2048,205,10102400,0,0
sample,int,dense-1,relationship,4,1,3,2048,205,10107300,0,0
sample,int,dense-1,relationship,4,1,4,2048,205,14223000,0,0
summary,int,dense-1,relationship,4932.812,4997.412,6944.824
sample,int,dense-1,clipping,4,1,0,256,26,19588200,6336512,1
sample,int,dense-1,clipping,4,1,1,256,26,19741400,6336512,1
sample,int,dense-1,clipping,4,1,2,256,26,15087800,6336512,1
sample,int,dense-1,clipping,4,1,3,256,26,15503900,6336512,1
sample,int,dense-1,clipping,4,1,4,256,26,18003400,6336512,1
summary,int,dense-1,clipping,58936.719,70325.781,77114.844
sample,int,dense-4,relationship,16,4,0,512,52,17479800,0,0
sample,int,dense-4,relationship,16,4,1,512,52,21059700,0,0
sample,int,dense-4,relationship,16,4,2,512,52,17176200,0,0
sample,int,dense-4,relationship,16,4,3,512,52,18803800,0,0
sample,int,dense-4,relationship,16,4,4,512,52,17093400,0,0
summary,int,dense-4,relationship,33385.547,34140.234,41132.227
sample,int,dense-4,clipping,16,4,0,32,4,14451100,2372096,0
sample,int,dense-4,clipping,16,4,1,32,4,10123100,2372096,0
sample,int,dense-4,clipping,16,4,2,32,4,13842200,2372096,0
sample,int,dense-4,clipping,16,4,3,32,4,14898600,2372096,0
sample,int,dense-4,clipping,16,4,4,32,4,11836400,2372096,0
summary,int,dense-4,clipping,316346.875,432568.750,465581.250
sample,int,dense-16,relationship,64,16,0,128,13,18214800,0,0
sample,int,dense-16,relationship,64,16,1,128,13,13508200,0,0
sample,int,dense-16,relationship,64,16,2,128,13,14281900,0,0
sample,int,dense-16,relationship,64,16,3,128,13,14014900,0,0
sample,int,dense-16,relationship,64,16,4,128,13,13870900,0,0
summary,int,dense-16,relationship,105532.812,109491.406,142303.125
sample,int,dense-16,clipping,64,16,0,8,1,15804900,2241408,0
sample,int,dense-16,clipping,64,16,1,8,1,13264900,2241408,0
sample,int,dense-16,clipping,64,16,2,8,1,7345400,2241408,0
sample,int,dense-16,clipping,64,16,3,8,1,11941500,2241408,0
sample,int,dense-16,clipping,64,16,4,8,1,16694800,2241408,0
summary,int,dense-16,clipping,918175.000,1658112.500,2086850.000
sample,int,dense-64,relationship,256,64,0,32,4,19707200,0,0
sample,int,dense-64,relationship,256,64,1,32,4,14408500,0,0
sample,int,dense-64,relationship,256,64,2,32,4,18483700,0,0
sample,int,dense-64,relationship,256,64,3,32,4,18331800,0,0
sample,int,dense-64,relationship,256,64,4,32,4,14650500,0,0
summary,int,dense-64,relationship,450265.625,572868.750,615850.000
sample,int,dense-64,clipping,256,64,0,2,1,16945100,2201600,0
sample,int,dense-64,clipping,256,64,1,2,1,13337800,2201600,0
sample,int,dense-64,clipping,256,64,2,2,1,16685600,2201600,0
sample,int,dense-64,clipping,256,64,3,2,1,16627700,2201600,0
sample,int,dense-64,clipping,256,64,4,2,1,14065500,2201600,0
summary,int,dense-64,clipping,6668900.000,8313850.000,8472550.000
sample,int,wide-integral,relationship,4,1,0,2048,205,7089900,0,0
sample,int,wide-integral,relationship,4,1,1,2048,205,10514300,0,0
sample,int,wide-integral,relationship,4,1,2,2048,205,14679900,0,0
sample,int,wide-integral,relationship,4,1,3,2048,205,10431800,0,0
sample,int,wide-integral,relationship,4,1,4,2048,205,10507800,0,0
summary,int,wide-integral,relationship,3461.865,5130.762,7167.920
sample,int,wide-integral,clipping,4,1,0,128,13,9613300,3168256,0
sample,int,wide-integral,clipping,4,1,1,128,13,13579300,3168256,0
sample,int,wide-integral,clipping,4,1,2,128,13,10282300,3168256,0
sample,int,wide-integral,clipping,4,1,3,128,13,7629100,3168256,0
sample,int,wide-integral,clipping,4,1,4,128,13,12420500,3168256,0
summary,int,wide-integral,clipping,59602.344,80330.469,106088.281
fixture,long,exterior,4,1,success,0
fixture,long,interior,4,4,success,1
fixture,long,crossing,4,7,success,1
fixture,long,boundary-only,4,10,success,1
fixture,long,boundary-overlap,4,11,success,1
fixture,long,isolated-tangent,4,3,success,0
fixture,long,degenerate-interior,4,4,success,0
fixture,long,degenerate-boundary,4,2,success,0
fixture,long,empty,0,1,success,0
fixture,long,concave-u,8,7,success,2
fixture,long,hole,8,7,success,2
fixture,long,hole-reversed,8,7,success,2
fixture,long,rational-crossing,3,7,success,1
fixture,long,sparse-1,4,7,success,1
fixture,long,sparse-4,16,7,success,1
fixture,long,sparse-16,64,7,success,1
fixture,long,sparse-64,256,7,success,1
fixture,long,dense-1,4,7,success,1
fixture,long,dense-4,16,7,success,4
fixture,long,dense-16,64,7,success,16
fixture,long,dense-64,256,7,success,64
fixture,long,wide-integral,4,7,success,1
fixture,long,endpoint-collapse,4,6,unrepresentableConstruction,0
fixture,long,gap-collapse,8,7,unrepresentableConstruction,0
preflight,long,24,PASS
sample,long,exterior,relationship,4,0,0,2048,205,7110000,0,0
sample,long,exterior,relationship,4,0,1,2048,205,10724200,0,0
sample,long,exterior,relationship,4,0,2,2048,205,7293300,0,0
sample,long,exterior,relationship,4,0,3,2048,205,10433700,0,0
sample,long,exterior,relationship,4,0,4,2048,205,6746700,0,0
summary,long,exterior,relationship,3294.287,3561.182,5236.426
sample,long,exterior,clipping,4,0,0,1024,103,16703700,25264128,6
sample,long,exterior,clipping,4,0,1,1024,103,15643800,25264128,6
sample,long,exterior,clipping,4,0,2,1024,103,15503100,25264128,6
sample,long,exterior,clipping,4,0,3,1024,103,15128000,25264128,6
sample,long,exterior,clipping,4,0,4,1024,103,16008800,25264128,6
summary,long,exterior,clipping,14773.438,15277.148,16312.207
sample,long,interior,relationship,4,1,0,2048,205,10476600,0,0
sample,long,interior,relationship,4,1,1,2048,205,6679800,0,0
sample,long,interior,relationship,4,1,2,2048,205,10864500,0,0
sample,long,interior,relationship,4,1,3,2048,205,14661500,0,0
sample,long,interior,relationship,4,1,4,2048,205,12023500,0,0
summary,long,interior,relationship,3261.621,5304.932,7158.936
sample,long,interior,clipping,4,1,0,128,13,1869100,3164160,0
sample,long,interior,clipping,4,1,1,128,13,1857100,3164160,0
sample,long,interior,clipping,4,1,2,128,13,1853100,3164160,0
sample,long,interior,clipping,4,1,3,128,13,1871400,3164160,0
sample,long,interior,clipping,4,1,4,128,13,1828800,3164160,0
summary,long,interior,clipping,14287.500,14508.594,14620.312
sample,long,crossing,relationship,4,1,0,1024,103,10182900,0,0
sample,long,crossing,relationship,4,1,1,1024,103,3262700,0,0
sample,long,crossing,relationship,4,1,2,1024,103,8481200,0,0
sample,long,crossing,relationship,4,1,3,1024,103,3216800,0,0
sample,long,crossing,relationship,4,1,4,1024,103,3184000,0,0
summary,long,crossing,relationship,3109.375,3186.230,9944.238
sample,long,crossing,clipping,4,1,0,128,13,8544300,3168256,0
sample,long,crossing,clipping,4,1,1,128,13,8492300,3168256,0
sample,long,crossing,clipping,4,1,2,128,13,10903900,3168256,0
sample,long,crossing,clipping,4,1,3,128,13,10641100,3168256,0
sample,long,crossing,clipping,4,1,4,128,13,4936600,3168256,0
summary,long,crossing,clipping,38567.188,66752.344,85186.719
sample,long,boundary-only,relationship,4,1,0,2048,205,16564700,0,0
sample,long,boundary-only,relationship,4,1,1,2048,205,16826900,0,0
sample,long,boundary-only,relationship,4,1,2,2048,205,16631000,0,0
sample,long,boundary-only,relationship,4,1,3,2048,205,13371600,0,0
sample,long,boundary-only,relationship,4,1,4,2048,205,15893300,0,0
summary,long,boundary-only,relationship,6529.102,8088.232,8216.260
sample,long,boundary-only,clipping,4,1,0,256,26,15657200,6328320,1
sample,long,boundary-only,clipping,4,1,1,256,26,9998200,6328320,1
sample,long,boundary-only,clipping,4,1,2,256,26,13741800,6328320,1
sample,long,boundary-only,clipping,4,1,3,256,26,12992100,6328320,1
sample,long,boundary-only,clipping,4,1,4,256,26,11979500,6328320,1
summary,long,boundary-only,clipping,39055.469,50750.391,61160.938
sample,long,boundary-overlap,relationship,4,1,0,1024,103,5713200,0,0
sample,long,boundary-overlap,relationship,4,1,1,1024,103,12521000,0,0
sample,long,boundary-overlap,relationship,4,1,2,1024,103,9832200,0,0
sample,long,boundary-overlap,relationship,4,1,3,1024,103,15178100,0,0
sample,long,boundary-overlap,relationship,4,1,4,1024,103,9837500,0,0
summary,long,boundary-overlap,relationship,5579.297,9606.934,14822.363
sample,long,boundary-overlap,clipping,4,1,0,256,26,10587300,6336512,1
sample,long,boundary-overlap,clipping,4,1,1,256,26,10765100,6336512,1
sample,long,boundary-overlap,clipping,4,1,2,256,26,13525500,6336512,1
sample,long,boundary-overlap,clipping,4,1,3,256,26,12732400,6336512,1
sample,long,boundary-overlap,clipping,4,1,4,256,26,12318900,6336512,1
summary,long,boundary-overlap,clipping,41356.641,48120.703,52833.984
sample,long,isolated-tangent,relationship,4,0,0,1024,103,8951700,0,0
sample,long,isolated-tangent,relationship,4,0,1,1024,103,9229100,0,0
sample,long,isolated-tangent,relationship,4,0,2,1024,103,8904700,0,0
sample,long,isolated-tangent,relationship,4,0,3,1024,103,9012800,0,0
sample,long,isolated-tangent,relationship,4,0,4,1024,103,4985700,0,0
summary,long,isolated-tangent,relationship,4868.848,8741.895,9012.793
sample,long,isolated-tangent,clipping,4,0,0,1024,103,23715300,25264128,6
sample,long,isolated-tangent,clipping,4,0,1,1024,103,23949000,25264128,6
sample,long,isolated-tangent,clipping,4,0,2,1024,103,44878700,25264128,6
sample,long,isolated-tangent,clipping,4,0,3,1024,103,22029100,25264128,6
sample,long,isolated-tangent,clipping,4,0,4,1024,103,28479100,25264128,6
summary,long,isolated-tangent,clipping,21512.793,23387.695,43826.855
sample,long,degenerate-interior,relationship,4,0,0,65536,6554,16926800,0,0
sample,long,degenerate-interior,relationship,4,0,1,65536,6554,14575800,0,0
sample,long,degenerate-interior,relationship,4,0,2,65536,6554,14644900,0,0
sample,long,degenerate-interior,relationship,4,0,3,65536,6554,11102000,0,0
sample,long,degenerate-interior,relationship,4,0,4,65536,6554,13600900,0,0
summary,long,degenerate-interior,relationship,169.403,222.409,258.282
sample,long,degenerate-interior,clipping,4,0,0,65536,6554,1240300,0,0
sample,long,degenerate-interior,clipping,4,0,1,65536,6554,6447100,0,0
sample,long,degenerate-interior,clipping,4,0,2,65536,6554,1203600,0,0
sample,long,degenerate-interior,clipping,4,0,3,65536,6554,1205200,0,0
sample,long,degenerate-interior,clipping,4,0,4,65536,6554,1202000,0,0
summary,long,degenerate-interior,clipping,18.341,18.390,98.375
sample,long,degenerate-boundary,relationship,4,0,0,65536,6554,6699000,0,0
sample,long,degenerate-boundary,relationship,4,0,1,65536,6554,10274800,0,0
sample,long,degenerate-boundary,relationship,4,0,2,65536,6554,14924000,0,0
sample,long,degenerate-boundary,relationship,4,0,3,65536,6554,6211300,0,0
sample,long,degenerate-boundary,relationship,4,0,4,65536,6554,15540400,0,0
summary,long,degenerate-boundary,relationship,94.777,156.781,237.128
sample,long,degenerate-boundary,clipping,4,0,0,65536,6554,5693500,0,0
sample,long,degenerate-boundary,clipping,4,0,1,65536,6554,1322000,0,0
sample,long,degenerate-boundary,clipping,4,0,2,65536,6554,1323000,0,0
sample,long,degenerate-boundary,clipping,4,0,3,65536,6554,5263000,0,0
sample,long,degenerate-boundary,clipping,4,0,4,65536,6554,1390000,0,0
summary,long,degenerate-boundary,clipping,20.172,21.210,86.876
sample,long,empty,relationship,0,0,0,65536,6554,1880000,0,0
sample,long,empty,relationship,0,0,1,65536,6554,1881700,0,0
sample,long,empty,relationship,0,0,2,65536,6554,1888600,0,0
sample,long,empty,relationship,0,0,3,65536,6554,2018600,0,0
sample,long,empty,relationship,0,0,4,65536,6554,1926500,0,0
summary,long,empty,relationship,28.687,28.818,30.801
sample,long,empty,clipping,0,0,0,65536,6554,5419100,0,0
sample,long,empty,clipping,0,0,1,65536,6554,1274700,0,0
sample,long,empty,clipping,0,0,2,65536,6554,1563800,0,0
sample,long,empty,clipping,0,0,3,65536,6554,5022300,0,0
sample,long,empty,clipping,0,0,4,65536,6554,1454500,0,0
summary,long,empty,clipping,19.450,23.862,82.689
sample,long,concave-u,relationship,8,2,0,1024,103,17123300,0,0
sample,long,concave-u,relationship,8,2,1,1024,103,16522500,0,0
sample,long,concave-u,relationship,8,2,2,1024,103,12518200,0,0
sample,long,concave-u,relationship,8,2,3,1024,103,17316700,0,0
sample,long,concave-u,relationship,8,2,4,1024,103,19807500,0,0
summary,long,concave-u,relationship,12224.805,16721.973,19343.262
sample,long,concave-u,clipping,8,2,0,64,7,13982100,2637824,0
sample,long,concave-u,clipping,8,2,1,64,7,9448000,2637824,0
sample,long,concave-u,clipping,8,2,2,64,7,5281700,2637824,0
sample,long,concave-u,clipping,8,2,3,64,7,12538900,2637824,0
sample,long,concave-u,clipping,8,2,4,64,7,16417700,2637824,0
summary,long,concave-u,clipping,82526.562,195920.312,256526.562
sample,long,hole,relationship,8,2,0,1024,103,17776800,0,0
sample,long,hole,relationship,8,2,1,1024,103,16660700,0,0
sample,long,hole,relationship,8,2,2,1024,103,17037800,0,0
sample,long,hole,relationship,8,2,3,1024,103,16393000,0,0
sample,long,hole,relationship,8,2,4,1024,103,12614700,0,0
summary,long,hole,relationship,12319.043,16270.215,17360.156
sample,long,hole,clipping,8,2,0,64,7,10828700,2637824,0
sample,long,hole,clipping,8,2,1,64,7,9773400,2637824,0
sample,long,hole,clipping,8,2,2,64,7,14254100,2637824,0
sample,long,hole,clipping,8,2,3,64,7,11696100,2637824,0
sample,long,hole,clipping,8,2,4,64,7,12600100,2637824,0
summary,long,hole,clipping,152709.375,182751.562,222720.312
sample,long,hole-reversed,relationship,8,2,0,1024,103,12759100,0,0
sample,long,hole-reversed,relationship,8,2,1,1024,103,14565200,0,0
sample,long,hole-reversed,relationship,8,2,2,1024,103,16701800,0,0
sample,long,hole-reversed,relationship,8,2,3,1024,103,18331800,0,0
sample,long,hole-reversed,relationship,8,2,4,1024,103,17200300,0,0
summary,long,hole-reversed,relationship,12460.059,16310.352,17902.148
sample,long,hole-reversed,clipping,8,2,0,64,7,12935400,2637824,0
sample,long,hole-reversed,clipping,8,2,1,64,7,9797500,2637824,0
sample,long,hole-reversed,clipping,8,2,2,64,7,5875600,2637824,0
sample,long,hole-reversed,clipping,8,2,3,64,7,5832900,2637824,0
sample,long,hole-reversed,clipping,8,2,4,64,7,5614900,2637824,0
summary,long,hole-reversed,clipping,87732.812,91806.250,202115.625
sample,long,rational-crossing,relationship,3,1,0,4096,410,13772500,0,0
sample,long,rational-crossing,relationship,3,1,1,4096,410,18857200,0,0
sample,long,rational-crossing,relationship,3,1,2,4096,410,17648800,0,0
sample,long,rational-crossing,relationship,3,1,3,4096,410,16586600,0,0
sample,long,rational-crossing,relationship,3,1,4,4096,410,21251800,0,0
summary,long,rational-crossing,relationship,3362.427,4308.789,5188.428
sample,long,rational-crossing,clipping,3,1,0,256,26,17458300,5287936,1
sample,long,rational-crossing,clipping,3,1,1,256,26,15316100,5287936,1
sample,long,rational-crossing,clipping,3,1,2,256,26,21828000,5287936,1
sample,long,rational-crossing,clipping,3,1,3,256,26,20764600,5287936,1
sample,long,rational-crossing,clipping,3,1,4,256,26,19893800,5287936,1
summary,long,rational-crossing,clipping,59828.516,77710.156,85265.625
sample,long,sparse-1,relationship,4,1,0,2048,205,11020900,0,0
sample,long,sparse-1,relationship,4,1,1,2048,205,10337300,0,0
sample,long,sparse-1,relationship,4,1,2,2048,205,14799700,0,0
sample,long,sparse-1,relationship,4,1,3,2048,205,15239300,0,0
sample,long,sparse-1,relationship,4,1,4,2048,205,10549200,0,0
summary,long,sparse-1,relationship,5047.510,5381.299,7441.064
sample,long,sparse-1,clipping,4,1,0,256,26,14853500,6336512,1
sample,long,sparse-1,clipping,4,1,1,256,26,20304400,6336512,1
sample,long,sparse-1,clipping,4,1,2,256,26,19792900,6336512,1
sample,long,sparse-1,clipping,4,1,3,256,26,19927300,6336512,1
sample,long,sparse-1,clipping,4,1,4,256,26,18933400,6336512,1
summary,long,sparse-1,clipping,58021.484,77316.016,79314.062
sample,long,sparse-4,relationship,16,1,0,512,52,11990300,0,0
sample,long,sparse-4,relationship,16,1,1,512,52,14084300,0,0
sample,long,sparse-4,relationship,16,1,2,512,52,13141800,0,0
sample,long,sparse-4,relationship,16,1,3,512,52,13953100,0,0
sample,long,sparse-4,relationship,16,1,4,512,52,11528600,0,0
summary,long,sparse-4,relationship,22516.797,25667.578,27508.398
sample,long,sparse-4,clipping,16,1,0,128,13,13304200,9459712,2
sample,long,sparse-4,clipping,16,1,1,128,13,11663700,9459712,2
sample,long,sparse-4,clipping,16,1,2,128,13,10870700,9459712,2
sample,long,sparse-4,clipping,16,1,3,128,13,10931800,9459712,2
sample,long,sparse-4,clipping,16,1,4,128,13,16107800,9459712,2
summary,long,sparse-4,clipping,84927.344,91122.656,125842.188
sample,long,sparse-16,relationship,64,1,0,128,13,16793700,0,0
sample,long,sparse-16,relationship,64,1,1,128,13,16168300,0,0
sample,long,sparse-16,relationship,64,1,2,128,13,16302400,0,0
sample,long,sparse-16,relationship,64,1,3,128,13,16183800,0,0
sample,long,sparse-16,relationship,64,1,4,128,13,15174000,0,0
summary,long,sparse-16,relationship,118546.875,126435.938,131200.781
sample,long,sparse-16,clipping,64,1,0,64,7,15691700,17837056,5
sample,long,sparse-16,clipping,64,1,1,64,7,15643600,17837056,5
sample,long,sparse-16,clipping,64,1,2,64,7,12178700,17837056,5
sample,long,sparse-16,clipping,64,1,3,64,7,13735100,17837056,5
sample,long,sparse-16,clipping,64,1,4,64,7,15436500,17837056,5
summary,long,sparse-16,clipping,190292.188,241195.312,245182.812
sample,long,sparse-64,relationship,256,1,0,32,4,16421900,0,0
sample,long,sparse-64,relationship,256,1,1,32,4,11416700,0,0
sample,long,sparse-64,relationship,256,1,2,32,4,11239300,0,0
sample,long,sparse-64,relationship,256,1,3,32,4,11125500,0,0
sample,long,sparse-64,relationship,256,1,4,32,4,15342600,0,0
summary,long,sparse-64,relationship,347671.875,356771.875,513184.375
sample,long,sparse-64,clipping,256,1,0,16,2,22094100,17500928,2
sample,long,sparse-64,clipping,256,1,1,16,2,16700400,17500928,2
sample,long,sparse-64,clipping,256,1,2,16,2,16534400,17500928,2
sample,long,sparse-64,clipping,256,1,3,16,2,14208300,17500928,2
sample,long,sparse-64,clipping,256,1,4,16,2,19583300,17500928,2
summary,long,sparse-64,clipping,888018.750,1043775.000,1380881.250
sample,long,dense-1,relationship,4,1,0,2048,205,12219800,0,0
sample,long,dense-1,relationship,4,1,1,2048,205,10755900,0,0
sample,long,dense-1,relationship,4,1,2,2048,205,6732300,0,0
sample,long,dense-1,relationship,4,1,3,2048,205,10994100,0,0
sample,long,dense-1,relationship,4,1,4,2048,205,14472100,0,0
summary,long,dense-1,relationship,3287.256,5368.213,7066.455
sample,long,dense-1,clipping,4,1,0,256,26,18359700,6336512,1
sample,long,dense-1,clipping,4,1,1,256,26,21716600,6336512,1
sample,long,dense-1,clipping,4,1,2,256,26,18407400,6336512,1
sample,long,dense-1,clipping,4,1,3,256,26,21729100,6336512,1
sample,long,dense-1,clipping,4,1,4,256,26,13191800,6336512,1
summary,long,dense-1,clipping,51530.469,71903.906,84879.297
sample,long,dense-4,relationship,16,4,0,512,52,18383100,0,0
sample,long,dense-4,relationship,16,4,1,512,52,12927400,0,0
sample,long,dense-4,relationship,16,4,2,512,52,27521700,0,0
sample,long,dense-4,relationship,16,4,3,512,52,15309400,0,0
sample,long,dense-4,relationship,16,4,4,512,52,17423600,0,0
summary,long,dense-4,relationship,25248.828,34030.469,53753.320
sample,long,dense-4,clipping,16,4,0,32,4,15540500,2372096,0
sample,long,dense-4,clipping,16,4,1,32,4,14721200,2372096,0
sample,long,dense-4,clipping,16,4,2,32,4,9911500,2372096,0
sample,long,dense-4,clipping,16,4,3,32,4,9956000,2372096,0
sample,long,dense-4,clipping,16,4,4,32,4,10202600,2372096,0
summary,long,dense-4,clipping,309734.375,318831.250,485640.625
sample,long,dense-16,relationship,64,16,0,64,7,4718600,0,0
sample,long,dense-16,relationship,64,16,1,64,7,4894700,0,0
sample,long,dense-16,relationship,64,16,2,64,7,8806700,0,0
sample,long,dense-16,relationship,64,16,3,64,7,9021300,0,0
sample,long,dense-16,relationship,64,16,4,64,7,9443100,0,0
summary,long,dense-16,relationship,73728.125,137604.688,147548.438
sample,long,dense-16,clipping,64,16,0,8,1,12046600,2241408,0
sample,long,dense-16,clipping,64,16,1,8,1,11621400,2241408,0
sample,long,dense-16,clipping,64,16,2,8,1,15746100,2241408,0
sample,long,dense-16,clipping,64,16,3,8,1,15284500,2241408,0
sample,long,dense-16,clipping,64,16,4,8,1,15599300,2241408,0
summary,long,dense-16,clipping,1452675.000,1910562.500,1968262.500
sample,long,dense-64,relationship,256,64,0,16,2,8725600,0,0
sample,long,dense-64,relationship,256,64,1,16,2,4701800,0,0
sample,long,dense-64,relationship,256,64,2,16,2,9103600,0,0
sample,long,dense-64,relationship,256,64,3,16,2,9383800,0,0
sample,long,dense-64,relationship,256,64,4,16,2,4862700,0,0
summary,long,dense-64,relationship,293862.500,545350.000,586487.500
sample,long,dense-64,clipping,256,64,0,1,1,8263200,1100800,0
sample,long,dense-64,clipping,256,64,1,1,1,4112600,1100800,0
sample,long,dense-64,clipping,256,64,2,1,1,8105000,1100800,0
sample,long,dense-64,clipping,256,64,3,1,1,7212300,1100800,0
sample,long,dense-64,clipping,256,64,4,1,1,9504300,1100800,0
summary,long,dense-64,clipping,4112600.000,8105000.000,9504300.000
sample,long,wide-integral,relationship,4,1,0,2048,205,15251000,0,0
sample,long,wide-integral,relationship,4,1,1,2048,205,10830000,0,0
sample,long,wide-integral,relationship,4,1,2,2048,205,10195300,0,0
sample,long,wide-integral,relationship,4,1,3,2048,205,14371600,0,0
sample,long,wide-integral,relationship,4,1,4,2048,205,10405700,0,0
summary,long,wide-integral,relationship,4978.174,5288.086,7446.777
sample,long,wide-integral,clipping,4,1,0,128,13,5130000,3168256,0
sample,long,wide-integral,clipping,4,1,1,128,13,5791100,3168256,0
sample,long,wide-integral,clipping,4,1,2,128,13,5057400,3168256,0
sample,long,wide-integral,clipping,4,1,3,128,13,10099100,3168256,0
sample,long,wide-integral,clipping,4,1,4,128,13,10309200,3168256,0
summary,long,wide-integral,clipping,39510.938,45242.969,80540.625
sample,long,endpoint-collapse,relationship,4,0,0,2048,205,19538700,0,0
sample,long,endpoint-collapse,relationship,4,0,1,2048,205,16943400,0,0
sample,long,endpoint-collapse,relationship,4,0,2,2048,205,14455900,0,0
sample,long,endpoint-collapse,relationship,4,0,3,2048,205,18016900,0,0
sample,long,endpoint-collapse,relationship,4,0,4,2048,205,13071600,0,0
summary,long,endpoint-collapse,relationship,6382.617,8273.145,9540.381
sample,long,endpoint-collapse,clipping,4,0,0,128,13,11111200,3164160,0
sample,long,endpoint-collapse,clipping,4,0,1,128,13,9095800,3164160,0
sample,long,endpoint-collapse,clipping,4,0,2,128,13,9925700,3164160,0
sample,long,endpoint-collapse,clipping,4,0,3,128,13,3783900,3164160,0
sample,long,endpoint-collapse,clipping,4,0,4,128,13,3649700,3164160,0
summary,long,endpoint-collapse,clipping,28513.281,71060.938,86806.250
sample,long,gap-collapse,relationship,8,0,0,1024,103,20590800,0,0
sample,long,gap-collapse,relationship,8,0,1,1024,103,17374500,0,0
sample,long,gap-collapse,relationship,8,0,2,1024,103,18433000,0,0
sample,long,gap-collapse,relationship,8,0,3,1024,103,19861200,0,0
sample,long,gap-collapse,relationship,8,0,4,1024,103,17588200,0,0
summary,long,gap-collapse,relationship,16967.285,18000.977,20108.203
sample,long,gap-collapse,clipping,8,0,0,64,7,9097700,2635776,0
sample,long,gap-collapse,clipping,8,0,1,64,7,9942100,2635776,0
sample,long,gap-collapse,clipping,8,0,2,64,7,6192100,2635776,0
sample,long,gap-collapse,clipping,8,0,3,64,7,8480900,2635776,0
sample,long,gap-collapse,clipping,8,0,4,64,7,9961400,2635776,0
summary,long,gap-collapse,clipping,96751.562,142151.562,155646.875
fixture,float,exterior,4,1,success,0
fixture,float,interior,4,4,success,1
fixture,float,crossing,4,7,success,1
fixture,float,boundary-only,4,10,success,1
fixture,float,boundary-overlap,4,11,success,1
fixture,float,isolated-tangent,4,3,success,0
fixture,float,degenerate-interior,4,4,success,0
fixture,float,degenerate-boundary,4,2,success,0
fixture,float,empty,0,1,success,0
fixture,float,concave-u,8,7,success,2
fixture,float,hole,8,7,success,2
fixture,float,hole-reversed,8,7,success,2
fixture,float,rational-crossing,3,7,success,1
fixture,float,sparse-1,4,7,success,1
fixture,float,sparse-4,16,7,success,1
fixture,float,sparse-16,64,7,success,1
fixture,float,sparse-64,256,7,success,1
fixture,float,dense-1,4,7,success,1
fixture,float,dense-4,16,7,success,4
fixture,float,dense-16,64,7,success,16
fixture,float,dense-64,256,7,success,64
fixture,float,subnormal,4,7,success,1
fixture,float,large-finite,4,7,success,1
preflight,float,23,PASS
sample,float,exterior,relationship,4,0,0,2048,205,7804200,0,0
sample,float,exterior,relationship,4,0,1,2048,205,9972800,0,0
sample,float,exterior,relationship,4,0,2,2048,205,14185000,0,0
sample,float,exterior,relationship,4,0,3,2048,205,10129600,0,0
sample,float,exterior,relationship,4,0,4,2048,205,11578300,0,0
summary,float,exterior,relationship,3810.645,4946.094,6926.270
sample,float,exterior,clipping,4,0,0,1024,103,18861800,25264128,6
sample,float,exterior,clipping,4,0,1,1024,103,10150200,25264128,6
sample,float,exterior,clipping,4,0,2,1024,103,15428200,25264128,6
sample,float,exterior,clipping,4,0,3,1024,103,14666700,25264128,6
sample,float,exterior,clipping,4,0,4,1024,103,15464300,25264128,6
summary,float,exterior,clipping,9912.305,15066.602,18419.727
sample,float,interior,relationship,4,1,0,2048,205,10155000,0,0
sample,float,interior,relationship,4,1,1,2048,205,14377400,0,0
sample,float,interior,relationship,4,1,2,2048,205,14267700,0,0
sample,float,interior,relationship,4,1,3,2048,205,10124300,0,0
sample,float,interior,relationship,4,1,4,2048,205,10520200,0,0
summary,float,interior,relationship,4943.506,5136.816,7020.215
sample,float,interior,clipping,4,1,0,512,52,19537900,12656640,3
sample,float,interior,clipping,4,1,1,512,52,18385600,12656640,3
sample,float,interior,clipping,4,1,2,512,52,14356900,12656640,3
sample,float,interior,clipping,4,1,3,512,52,12046300,12656640,3
sample,float,interior,clipping,4,1,4,512,52,14831100,12656640,3
summary,float,interior,clipping,23527.930,28966.992,38159.961
sample,float,crossing,relationship,4,1,0,2048,205,9890000,0,0
sample,float,crossing,relationship,4,1,1,2048,205,5925500,0,0
sample,float,crossing,relationship,4,1,2,2048,205,6007100,0,0
sample,float,crossing,relationship,4,1,3,2048,205,6404400,0,0
sample,float,crossing,relationship,4,1,4,2048,205,5913600,0,0
summary,float,crossing,relationship,2887.500,2933.154,4829.102
sample,float,crossing,clipping,4,1,0,128,13,8973400,3168256,0
sample,float,crossing,clipping,4,1,1,128,13,8793300,3168256,0
sample,float,crossing,clipping,4,1,2,128,13,4807200,3168256,0
sample,float,crossing,clipping,4,1,3,128,13,9244100,3168256,0
sample,float,crossing,clipping,4,1,4,128,13,10315100,3168256,0
summary,float,crossing,clipping,37556.250,70104.688,80586.719
sample,float,boundary-only,relationship,4,1,0,2048,205,10970500,0,0
sample,float,boundary-only,relationship,4,1,1,2048,205,6895100,0,0
sample,float,boundary-only,relationship,4,1,2,2048,205,10975000,0,0
sample,float,boundary-only,relationship,4,1,3,2048,205,7551000,0,0
sample,float,boundary-only,relationship,4,1,4,2048,205,10878600,0,0
summary,float,boundary-only,relationship,3366.748,5311.816,5358.887
sample,float,boundary-only,clipping,4,1,0,512,52,25042500,12656640,3
sample,float,boundary-only,clipping,4,1,1,512,52,30595400,12656640,3
sample,float,boundary-only,clipping,4,1,2,512,52,19718700,12656640,3
sample,float,boundary-only,clipping,4,1,3,512,52,24223100,12656640,3
sample,float,boundary-only,clipping,4,1,4,512,52,23942400,12656640,3
summary,float,boundary-only,clipping,38513.086,47310.742,59756.641
sample,float,boundary-overlap,relationship,4,1,0,2048,205,17059500,0,0
sample,float,boundary-overlap,relationship,4,1,1,2048,205,15673100,0,0
sample,float,boundary-overlap,relationship,4,1,2,2048,205,12483000,0,0
sample,float,boundary-overlap,relationship,4,1,3,2048,205,16302200,0,0
sample,float,boundary-overlap,relationship,4,1,4,2048,205,16572900,0,0
summary,float,boundary-overlap,relationship,6095.215,7960.059,8329.834
sample,float,boundary-overlap,clipping,4,1,0,256,26,10164600,6336512,1
sample,float,boundary-overlap,clipping,4,1,1,256,26,10247000,6336512,1
sample,float,boundary-overlap,clipping,4,1,2,256,26,14709400,6336512,1
sample,float,boundary-overlap,clipping,4,1,3,256,26,10743000,6336512,1
sample,float,boundary-overlap,clipping,4,1,4,256,26,14489800,6336512,1
summary,float,boundary-overlap,clipping,39705.469,41964.844,57458.594
sample,float,isolated-tangent,relationship,4,0,0,1024,103,8974200,0,0
sample,float,isolated-tangent,relationship,4,0,1,1024,103,8644500,0,0
sample,float,isolated-tangent,relationship,4,0,2,1024,103,4627900,0,0
sample,float,isolated-tangent,relationship,4,0,3,1024,103,8678700,0,0
sample,float,isolated-tangent,relationship,4,0,4,1024,103,8858500,0,0
summary,float,isolated-tangent,relationship,4519.434,8475.293,8763.867
sample,float,isolated-tangent,clipping,4,0,0,1024,103,23672100,25264128,6
sample,float,isolated-tangent,clipping,4,0,1,1024,103,27178800,25264128,6
sample,float,isolated-tangent,clipping,4,0,2,1024,103,24947600,25264128,6
sample,float,isolated-tangent,clipping,4,0,3,1024,103,25759400,25264128,6
sample,float,isolated-tangent,clipping,4,0,4,1024,103,24011900,25264128,6
summary,float,isolated-tangent,clipping,23117.285,24362.891,26541.797
sample,float,degenerate-interior,relationship,4,0,0,65536,6554,5100000,0,0
sample,float,degenerate-interior,relationship,4,0,1,65536,6554,8902500,0,0
sample,float,degenerate-interior,relationship,4,0,2,65536,6554,8908500,0,0
sample,float,degenerate-interior,relationship,4,0,3,65536,6554,10388500,0,0
sample,float,degenerate-interior,relationship,4,0,4,65536,6554,11486900,0,0
summary,float,degenerate-interior,relationship,77.820,135.933,175.276
sample,float,degenerate-interior,clipping,4,0,0,65536,6554,754900,0,0
sample,float,degenerate-interior,clipping,4,0,1,65536,6554,700400,0,0
sample,float,degenerate-interior,clipping,4,0,2,65536,6554,690700,0,0
sample,float,degenerate-interior,clipping,4,0,3,65536,6554,677400,0,0
sample,float,degenerate-interior,clipping,4,0,4,65536,6554,690400,0,0
summary,float,degenerate-interior,clipping,10.336,10.539,11.519
sample,float,degenerate-boundary,relationship,4,0,0,65536,6554,13875600,0,0
sample,float,degenerate-boundary,relationship,4,0,1,65536,6554,9012700,0,0
sample,float,degenerate-boundary,relationship,4,0,2,65536,6554,9039600,0,0
sample,float,degenerate-boundary,relationship,4,0,3,65536,6554,4870100,0,0
sample,float,degenerate-boundary,relationship,4,0,4,65536,6554,8977900,0,0
summary,float,degenerate-boundary,relationship,74.312,137.523,211.725
sample,float,degenerate-boundary,clipping,4,0,0,65536,6554,804600,0,0
sample,float,degenerate-boundary,clipping,4,0,1,65536,6554,710300,0,0
sample,float,degenerate-boundary,clipping,4,0,2,65536,6554,693200,0,0
sample,float,degenerate-boundary,clipping,4,0,3,65536,6554,677500,0,0
sample,float,degenerate-boundary,clipping,4,0,4,65536,6554,689100,0,0
summary,float,degenerate-boundary,clipping,10.338,10.577,12.277
sample,float,empty,relationship,0,0,0,65536,6554,1221600,0,0
sample,float,empty,relationship,0,0,1,65536,6554,1252500,0,0
sample,float,empty,relationship,0,0,2,65536,6554,1104500,0,0
sample,float,empty,relationship,0,0,3,65536,6554,1132900,0,0
sample,float,empty,relationship,0,0,4,65536,6554,1157900,0,0
summary,float,empty,relationship,16.853,17.668,19.112
sample,float,empty,clipping,0,0,0,65536,6554,914600,0,0
sample,float,empty,clipping,0,0,1,65536,6554,5093300,0,0
sample,float,empty,clipping,0,0,2,65536,6554,867900,0,0
sample,float,empty,clipping,0,0,3,65536,6554,956700,0,0
sample,float,empty,clipping,0,0,4,65536,6554,829700,0,0
summary,float,empty,clipping,12.660,13.956,77.718
sample,float,concave-u,relationship,8,2,0,1024,103,11469400,0,0
sample,float,concave-u,relationship,8,2,1,1024,103,15089700,0,0
sample,float,concave-u,relationship,8,2,2,1024,103,7644800,0,0
sample,float,concave-u,relationship,8,2,3,1024,103,11849900,0,0
sample,float,concave-u,relationship,8,2,4,1024,103,11749800,0,0
summary,float,concave-u,relationship,7465.625,11474.414,14736.035
sample,float,concave-u,clipping,8,2,0,64,7,5549400,2637824,0
sample,float,concave-u,clipping,8,2,1,64,7,13600400,2637824,0
sample,float,concave-u,clipping,8,2,2,64,7,9741200,2637824,0
sample,float,concave-u,clipping,8,2,3,64,7,5487600,2637824,0
sample,float,concave-u,clipping,8,2,4,64,7,12557400,2637824,0
summary,float,concave-u,clipping,85743.750,152206.250,212506.250
sample,float,hole,relationship,8,2,0,1024,103,12922000,0,0
sample,float,hole,relationship,8,2,1,1024,103,16007000,0,0
sample,float,hole,relationship,8,2,2,1024,103,17316300,0,0
sample,float,hole,relationship,8,2,3,1024,103,15809200,0,0
sample,float,hole,relationship,8,2,4,1024,103,15716600,0,0
summary,float,hole,relationship,12619.141,15438.672,16910.449
sample,float,hole,clipping,8,2,0,64,7,5587000,2637824,0
sample,float,hole,clipping,8,2,1,64,7,12655200,2637824,0
sample,float,hole,clipping,8,2,2,64,7,9589000,2637824,0
sample,float,hole,clipping,8,2,3,64,7,14016500,2637824,0
sample,float,hole,clipping,8,2,4,64,7,9898800,2637824,0
summary,float,hole,clipping,87296.875,154668.750,219007.812
sample,float,hole-reversed,relationship,8,2,0,1024,103,11917500,0,0
sample,float,hole-reversed,relationship,8,2,1,1024,103,11526000,0,0
sample,float,hole-reversed,relationship,8,2,2,1024,103,11801000,0,0
sample,float,hole-reversed,relationship,8,2,3,1024,103,11824200,0,0
sample,float,hole-reversed,relationship,8,2,4,1024,103,7547100,0,0
summary,float,hole-reversed,relationship,7370.215,11524.414,11638.184
sample,float,hole-reversed,clipping,8,2,0,64,7,10240000,2637824,0
sample,float,hole-reversed,clipping,8,2,1,64,7,14146800,2637824,0
sample,float,hole-reversed,clipping,8,2,2,64,7,9904500,2637824,0
sample,float,hole-reversed,clipping,8,2,3,64,7,10498900,2637824,0
sample,float,hole-reversed,clipping,8,2,4,64,7,5935900,2637824,0
summary,float,hole-reversed,clipping,92748.438,160000.000,221043.750
sample,float,rational-crossing,relationship,3,1,0,4096,410,13438400,0,0
sample,float,rational-crossing,relationship,3,1,1,4096,410,13649100,0,0
sample,float,rational-crossing,relationship,3,1,2,4096,410,12990100,0,0
sample,float,rational-crossing,relationship,3,1,3,4096,410,17984200,0,0
sample,float,rational-crossing,relationship,3,1,4,4096,410,16531500,0,0
summary,float,rational-crossing,relationship,3171.411,3332.300,4390.674
sample,float,rational-crossing,clipping,3,1,0,256,26,19528300,5287936,1
sample,float,rational-crossing,clipping,3,1,1,256,26,17766500,5287936,1
sample,float,rational-crossing,clipping,3,1,2,256,26,18118500,5287936,1
sample,float,rational-crossing,clipping,3,1,3,256,26,17868300,5287936,1
sample,float,rational-crossing,clipping,3,1,4,256,26,18357600,5287936,1
summary,float,rational-crossing,clipping,69400.391,70775.391,76282.422
sample,float,sparse-1,relationship,4,1,0,2048,205,13707100,0,0
sample,float,sparse-1,relationship,4,1,1,2048,205,10633800,0,0
sample,float,sparse-1,relationship,4,1,2,2048,205,10246700,0,0
sample,float,sparse-1,relationship,4,1,3,2048,205,10516300,0,0
sample,float,sparse-1,relationship,4,1,4,2048,205,9868800,0,0
summary,float,sparse-1,relationship,4818.750,5134.912,6692.920
sample,float,sparse-1,clipping,4,1,0,256,26,22475000,6336512,1
sample,float,sparse-1,clipping,4,1,1,256,26,18240600,6336512,1
sample,float,sparse-1,clipping,4,1,2,256,26,22542300,6336512,1
sample,float,sparse-1,clipping,4,1,3,256,26,18091100,6336512,1
sample,float,sparse-1,clipping,4,1,4,256,26,21680000,6336512,1
summary,float,sparse-1,clipping,70668.359,84687.500,88055.859
sample,float,sparse-4,relationship,16,1,0,512,52,10749700,0,0
sample,float,sparse-4,relationship,16,1,1,512,52,15047100,0,0
sample,float,sparse-4,relationship,16,1,2,512,52,16085400,0,0
sample,float,sparse-4,relationship,16,1,3,512,52,12675000,0,0
sample,float,sparse-4,relationship,16,1,4,512,52,10692700,0,0
summary,float,sparse-4,relationship,20884.180,24755.859,31416.797
sample,float,sparse-4,clipping,16,1,0,128,13,10629300,9459712,2
sample,float,sparse-4,clipping,16,1,1,128,13,18224300,9459712,2
sample,float,sparse-4,clipping,16,1,2,128,13,10883600,9459712,2
sample,float,sparse-4,clipping,16,1,3,128,13,17122900,9459712,2
sample,float,sparse-4,clipping,16,1,4,128,13,11977800,9459712,2
summary,float,sparse-4,clipping,83041.406,93576.562,142377.344
sample,float,sparse-16,relationship,64,1,0,128,13,14974600,0,0
sample,float,sparse-16,relationship,64,1,1,128,13,16391800,0,0
sample,float,sparse-16,relationship,64,1,2,128,13,10883000,0,0
sample,float,sparse-16,relationship,64,1,3,128,13,11689800,0,0
sample,float,sparse-16,relationship,64,1,4,128,13,11160900,0,0
summary,float,sparse-16,relationship,85023.438,91326.562,128060.938
sample,float,sparse-16,clipping,64,1,0,64,7,16012000,17837056,5
sample,float,sparse-16,clipping,64,1,1,64,7,13742800,17837056,5
sample,float,sparse-16,clipping,64,1,2,64,7,12320000,17837056,5
sample,float,sparse-16,clipping,64,1,3,64,7,19498500,17837056,5
sample,float,sparse-16,clipping,64,1,4,64,7,12337100,17837056,5
summary,float,sparse-16,clipping,192500.000,214731.250,304664.062
sample,float,sparse-64,relationship,256,1,0,32,4,11060800,0,0
sample,float,sparse-64,relationship,256,1,1,32,4,6969400,0,0
sample,float,sparse-64,relationship,256,1,2,32,4,10835400,0,0
sample,float,sparse-64,relationship,256,1,3,32,4,6806000,0,0
sample,float,sparse-64,relationship,256,1,4,32,4,10829800,0,0
summary,float,sparse-64,relationship,212687.500,338431.250,345650.000
sample,float,sparse-64,clipping,256,1,0,16,2,11890100,17500928,3
sample,float,sparse-64,clipping,256,1,1,16,2,15427500,17500928,1
sample,float,sparse-64,clipping,256,1,2,16,2,10614500,17500928,2
sample,float,sparse-64,clipping,256,1,3,16,2,16392500,17500928,1
sample,float,sparse-64,clipping,256,1,4,16,2,14504000,17500928,2
summary,float,sparse-64,clipping,663406.250,906500.000,1024531.250
sample,float,dense-1,relationship,4,1,0,2048,205,12785800,0,0
sample,float,dense-1,relationship,4,1,1,2048,205,10248300,0,0
sample,float,dense-1,relationship,4,1,2,2048,205,6112100,0,0
sample,float,dense-1,relationship,4,1,3,2048,205,10156300,0,0
sample,float,dense-1,relationship,4,1,4,2048,205,14330800,0,0
summary,float,dense-1,relationship,2984.424,5004.053,6997.461
sample,float,dense-1,clipping,4,1,0,256,26,21253000,6336512,1
sample,float,dense-1,clipping,4,1,1,256,26,20241300,6336512,1
sample,float,dense-1,clipping,4,1,2,256,26,18406000,6336512,1
sample,float,dense-1,clipping,4,1,3,256,26,22130800,6336512,1
sample,float,dense-1,clipping,4,1,4,256,26,17850600,6336512,1
summary,float,dense-1,clipping,69728.906,79067.578,86448.438
sample,float,dense-4,relationship,16,4,0,512,52,16790700,0,0
sample,float,dense-4,relationship,16,4,1,512,52,16370300,0,0
sample,float,dense-4,relationship,16,4,2,512,52,16494900,0,0
sample,float,dense-4,relationship,16,4,3,512,52,16727300,0,0
sample,float,dense-4,relationship,16,4,4,512,52,16403100,0,0
summary,float,dense-4,relationship,31973.242,32216.602,32794.336
sample,float,dense-4,clipping,16,4,0,32,4,14610400,2372096,0
sample,float,dense-4,clipping,16,4,1,32,4,11588500,2372096,0
sample,float,dense-4,clipping,16,4,2,32,4,6175800,2372096,0
sample,float,dense-4,clipping,16,4,3,32,4,10780500,2372096,0
sample,float,dense-4,clipping,16,4,4,32,4,10135700,2372096,0
summary,float,dense-4,clipping,192993.750,336890.625,456575.000
sample,float,dense-16,relationship,64,16,0,128,13,18604600,0,0
sample,float,dense-16,relationship,64,16,1,128,13,20193400,0,0
sample,float,dense-16,relationship,64,16,2,128,13,17370300,0,0
sample,float,dense-16,relationship,64,16,3,128,13,18259100,0,0
sample,float,dense-16,relationship,64,16,4,128,13,19863100,0,0
summary,float,dense-16,relationship,135705.469,145348.438,157760.938
sample,float,dense-16,clipping,64,16,0,8,1,11352800,2241408,0
sample,float,dense-16,clipping,64,16,1,8,1,13803300,2241408,0
sample,float,dense-16,clipping,64,16,2,8,1,16051300,2241408,0
sample,float,dense-16,clipping,64,16,3,8,1,15399200,2241408,0
sample,float,dense-16,clipping,64,16,4,8,1,15602900,2241408,0
summary,float,dense-16,clipping,1419100.000,1924900.000,2006412.500
sample,float,dense-64,relationship,256,64,0,32,4,17321100,0,0
sample,float,dense-64,relationship,256,64,1,32,4,21502300,0,0
sample,float,dense-64,relationship,256,64,2,32,4,17145700,0,0
sample,float,dense-64,relationship,256,64,3,32,4,17262500,0,0
sample,float,dense-64,relationship,256,64,4,32,4,21048400,0,0
summary,float,dense-64,relationship,535803.125,541284.375,671946.875
sample,float,dense-64,clipping,256,64,0,2,1,16524400,2201600,0
sample,float,dense-64,clipping,256,64,1,2,1,16941400,2201600,0
sample,float,dense-64,clipping,256,64,2,2,1,21640100,2201600,0
sample,float,dense-64,clipping,256,64,3,2,1,16651000,2201600,0
sample,float,dense-64,clipping,256,64,4,2,1,13305200,2201600,0
summary,float,dense-64,clipping,6652600.000,8325500.000,10820050.000
sample,float,subnormal,relationship,4,1,0,2048,205,6224000,0,0
sample,float,subnormal,relationship,4,1,1,2048,205,6074100,0,0
sample,float,subnormal,relationship,4,1,2,2048,205,10590800,0,0
sample,float,subnormal,relationship,4,1,3,2048,205,10457600,0,0
sample,float,subnormal,relationship,4,1,4,2048,205,6504000,0,0
summary,float,subnormal,relationship,2965.869,3175.781,5171.289
sample,float,subnormal,clipping,4,1,0,128,13,7844000,3168256,0
sample,float,subnormal,clipping,4,1,1,128,13,8892400,3168256,0
sample,float,subnormal,clipping,4,1,2,128,13,8728600,3168256,0
sample,float,subnormal,clipping,4,1,3,128,13,10891600,3168256,0
sample,float,subnormal,clipping,4,1,4,128,13,9822100,3168256,0
summary,float,subnormal,clipping,61281.250,69471.875,85090.625
sample,float,large-finite,relationship,4,1,0,2048,205,9926500,0,0
sample,float,large-finite,relationship,4,1,1,2048,205,14020600,0,0
sample,float,large-finite,relationship,4,1,2,2048,205,10162000,0,0
sample,float,large-finite,relationship,4,1,3,2048,205,10092500,0,0
sample,float,large-finite,relationship,4,1,4,2048,205,9875300,0,0
summary,float,large-finite,relationship,4821.924,4927.979,6845.996
sample,float,large-finite,clipping,4,1,0,128,13,9490800,3168256,0
sample,float,large-finite,clipping,4,1,1,128,13,10094100,3168256,0
sample,float,large-finite,clipping,4,1,2,128,13,9284100,3168256,0
sample,float,large-finite,clipping,4,1,3,128,13,15286100,3168256,0
sample,float,large-finite,clipping,4,1,4,128,13,9074300,3168256,0
summary,float,large-finite,clipping,70892.969,74146.875,119422.656
fixture,double,exterior,4,1,success,0
fixture,double,interior,4,4,success,1
fixture,double,crossing,4,7,success,1
fixture,double,boundary-only,4,10,success,1
fixture,double,boundary-overlap,4,11,success,1
fixture,double,isolated-tangent,4,3,success,0
fixture,double,degenerate-interior,4,4,success,0
fixture,double,degenerate-boundary,4,2,success,0
fixture,double,empty,0,1,success,0
fixture,double,concave-u,8,7,success,2
fixture,double,hole,8,7,success,2
fixture,double,hole-reversed,8,7,success,2
fixture,double,rational-crossing,3,7,success,1
fixture,double,sparse-1,4,7,success,1
fixture,double,sparse-4,16,7,success,1
fixture,double,sparse-16,64,7,success,1
fixture,double,sparse-64,256,7,success,1
fixture,double,dense-1,4,7,success,1
fixture,double,dense-4,16,7,success,4
fixture,double,dense-16,64,7,success,16
fixture,double,dense-64,256,7,success,64
fixture,double,subnormal,4,7,success,1
fixture,double,large-finite,4,7,success,1
preflight,double,23,PASS
sample,double,exterior,relationship,4,0,0,2048,205,6123500,0,0
sample,double,exterior,relationship,4,0,1,2048,205,6342000,0,0
sample,double,exterior,relationship,4,0,2,2048,205,9958900,0,0
sample,double,exterior,relationship,4,0,3,2048,205,13964700,0,0
sample,double,exterior,relationship,4,0,4,2048,205,9965400,0,0
summary,double,exterior,relationship,2989.990,4862.744,6818.701
sample,double,exterior,clipping,4,0,0,1024,103,14998100,25264128,6
sample,double,exterior,clipping,4,0,1,1024,103,15049800,25264128,6
sample,double,exterior,clipping,4,0,2,1024,103,11784500,25264128,6
sample,double,exterior,clipping,4,0,3,1024,103,19122300,25264128,6
sample,double,exterior,clipping,4,0,4,1024,103,14140900,25264128,6
summary,double,exterior,clipping,11508.301,14646.582,18674.121
sample,double,interior,relationship,4,1,0,4096,410,24178100,0,0
sample,double,interior,relationship,4,1,1,4096,410,23956200,0,0
sample,double,interior,relationship,4,1,2,4096,410,25290600,0,0
sample,double,interior,relationship,4,1,3,4096,410,23969000,0,0
sample,double,interior,relationship,4,1,4,4096,410,23840400,0,0
summary,double,interior,relationship,5820.410,5851.807,6174.463
sample,double,interior,clipping,4,1,0,512,52,16028900,12656640,3
sample,double,interior,clipping,4,1,1,512,52,16051300,12656640,3
sample,double,interior,clipping,4,1,2,512,52,16071800,12656640,3
sample,double,interior,clipping,4,1,3,512,52,14246000,12656640,3
sample,double,interior,clipping,4,1,4,512,52,19132300,12656640,3
summary,double,interior,clipping,27824.219,31350.195,37367.773
sample,double,crossing,relationship,4,1,0,4096,410,22032700,0,0
sample,double,crossing,relationship,4,1,1,4096,410,24101800,0,0
sample,double,crossing,relationship,4,1,2,4096,410,33411000,0,0
sample,double,crossing,relationship,4,1,3,4096,410,23989800,0,0
sample,double,crossing,relationship,4,1,4,4096,410,24511700,0,0
summary,double,crossing,relationship,5379.077,5884.229,8156.982
sample,double,crossing,clipping,4,1,0,128,13,8783600,3168256,0
sample,double,crossing,clipping,4,1,1,128,13,8778900,3168256,0
sample,double,crossing,clipping,4,1,2,128,13,9179300,3168256,0
sample,double,crossing,clipping,4,1,3,128,13,7937400,3168256,0
sample,double,crossing,clipping,4,1,4,128,13,8656200,3168256,0
summary,double,crossing,clipping,62010.938,68585.156,71713.281
sample,double,boundary-only,relationship,4,1,0,2048,205,6765100,0,0
sample,double,boundary-only,relationship,4,1,1,2048,205,10819300,0,0
sample,double,boundary-only,relationship,4,1,2,2048,205,14953200,0,0
sample,double,boundary-only,relationship,4,1,3,2048,205,15090900,0,0
sample,double,boundary-only,relationship,4,1,4,2048,205,15128200,0,0
summary,double,boundary-only,relationship,3303.271,7301.367,7386.816
sample,double,boundary-only,clipping,4,1,0,256,26,9648800,6328320,1
sample,double,boundary-only,clipping,4,1,1,256,26,11489500,6328320,1
sample,double,boundary-only,clipping,4,1,2,256,26,9797800,6328320,1
sample,double,boundary-only,clipping,4,1,3,256,26,10007700,6328320,1
sample,double,boundary-only,clipping,4,1,4,256,26,18701100,6328320,1
summary,double,boundary-only,clipping,37690.625,39092.578,73051.172
sample,double,boundary-overlap,relationship,4,1,0,512,52,2070900,0,0
sample,double,boundary-overlap,relationship,4,1,1,512,52,5490500,0,0
sample,double,boundary-overlap,relationship,4,1,2,512,52,2154000,0,0
sample,double,boundary-overlap,relationship,4,1,3,512,52,2322500,0,0
sample,double,boundary-overlap,relationship,4,1,4,512,52,2187600,0,0
summary,double,boundary-overlap,relationship,4044.727,4272.656,10723.633
sample,double,boundary-overlap,clipping,4,1,0,128,13,7505400,3168256,0
sample,double,boundary-overlap,clipping,4,1,1,128,13,2934700,3168256,0
sample,double,boundary-overlap,clipping,4,1,2,128,13,2905500,3168256,0
sample,double,boundary-overlap,clipping,4,1,3,128,13,2868400,3168256,0
sample,double,boundary-overlap,clipping,4,1,4,128,13,3027800,3168256,0
summary,double,boundary-overlap,clipping,22409.375,22927.344,58635.938
sample,double,isolated-tangent,relationship,4,0,0,2048,205,13384600,0,0
sample,double,isolated-tangent,relationship,4,0,1,2048,205,20447100,0,0
sample,double,isolated-tangent,relationship,4,0,2,2048,205,17230100,0,0
sample,double,isolated-tangent,relationship,4,0,3,2048,205,14003000,0,0
sample,double,isolated-tangent,relationship,4,0,4,2048,205,20224000,0,0
summary,double,isolated-tangent,relationship,6535.449,8413.135,9983.936
sample,double,isolated-tangent,clipping,4,0,0,512,52,16751100,12632064,3
sample,double,isolated-tangent,clipping,4,0,1,512,52,10501400,12632064,3
sample,double,isolated-tangent,clipping,4,0,2,512,52,13052900,12632064,3
sample,double,isolated-tangent,clipping,4,0,3,512,52,11682200,12632064,3
sample,double,isolated-tangent,clipping,4,0,4,512,52,13731100,12632064,3
summary,double,isolated-tangent,clipping,20510.547,25493.945,32716.992
sample,double,degenerate-interior,relationship,4,0,0,65536,6554,11052000,0,0
sample,double,degenerate-interior,relationship,4,0,1,65536,6554,11514800,0,0
sample,double,degenerate-interior,relationship,4,0,2,65536,6554,9408400,0,0
sample,double,degenerate-interior,relationship,4,0,3,65536,6554,9361300,0,0
sample,double,degenerate-interior,relationship,4,0,4,65536,6554,10279000,0,0
summary,double,degenerate-interior,relationship,142.842,156.845,175.702
sample,double,degenerate-interior,clipping,4,0,0,65536,6554,740000,0,0
sample,double,degenerate-interior,clipping,4,0,1,65536,6554,766500,0,0
sample,double,degenerate-interior,clipping,4,0,2,65536,6554,738000,0,0
sample,double,degenerate-interior,clipping,4,0,3,65536,6554,746200,0,0
sample,double,degenerate-interior,clipping,4,0,4,65536,6554,741700,0,0
summary,double,degenerate-interior,clipping,11.261,11.317,11.696
sample,double,degenerate-boundary,relationship,4,0,0,65536,6554,7758800,0,0
sample,double,degenerate-boundary,relationship,4,0,1,65536,6554,8836400,0,0
sample,double,degenerate-boundary,relationship,4,0,2,65536,6554,9586400,0,0
sample,double,degenerate-boundary,relationship,4,0,3,65536,6554,9206900,0,0
sample,double,degenerate-boundary,relationship,4,0,4,65536,6554,8099100,0,0
summary,double,degenerate-boundary,relationship,118.390,134.833,146.277
sample,double,degenerate-boundary,clipping,4,0,0,65536,6554,750600,0,0
sample,double,degenerate-boundary,clipping,4,0,1,65536,6554,6079600,0,0
sample,double,degenerate-boundary,clipping,4,0,2,65536,6554,736300,0,0
sample,double,degenerate-boundary,clipping,4,0,3,65536,6554,723200,0,0
sample,double,degenerate-boundary,clipping,4,0,4,65536,6554,1279700,0,0
summary,double,degenerate-boundary,clipping,11.035,11.453,92.767
sample,double,empty,relationship,0,0,0,65536,6554,1272000,0,0
sample,double,empty,relationship,0,0,1,65536,6554,1220400,0,0
sample,double,empty,relationship,0,0,2,65536,6554,1303800,0,0
sample,double,empty,relationship,0,0,3,65536,6554,1321800,0,0
sample,double,empty,relationship,0,0,4,65536,6554,1196400,0,0
summary,double,empty,relationship,18.256,19.409,20.169
sample,double,empty,clipping,0,0,0,65536,6554,926900,0,0
sample,double,empty,clipping,0,0,1,65536,6554,949300,0,0
sample,double,empty,clipping,0,0,2,65536,6554,924100,0,0
sample,double,empty,clipping,0,0,3,65536,6554,954700,0,0
sample,double,empty,clipping,0,0,4,65536,6554,939700,0,0
summary,double,empty,clipping,14.101,14.339,14.568
sample,double,concave-u,relationship,8,2,0,1024,103,7456300,0,0
sample,double,concave-u,relationship,8,2,1,1024,103,11840000,0,0
sample,double,concave-u,relationship,8,2,2,1024,103,11530100,0,0
sample,double,concave-u,relationship,8,2,3,1024,103,14981600,0,0
sample,double,concave-u,relationship,8,2,4,1024,103,7416800,0,0
summary,double,concave-u,relationship,7242.969,11259.863,14630.469
sample,double,concave-u,clipping,8,2,0,64,7,5910400,2637824,0
sample,double,concave-u,clipping,8,2,1,64,7,9590800,2637824,0
sample,double,concave-u,clipping,8,2,2,64,7,10912900,2637824,0
sample,double,concave-u,clipping,8,2,3,64,7,11923500,2637824,0
sample,double,concave-u,clipping,8,2,4,64,7,12707600,2637824,0
summary,double,concave-u,clipping,92350.000,170514.062,198556.250
sample,double,hole,relationship,8,2,0,1024,103,12044700,0,0
sample,double,hole,relationship,8,2,1,1024,103,14632900,0,0
sample,double,hole,relationship,8,2,2,1024,103,7764500,0,0
sample,double,hole,relationship,8,2,3,1024,103,15973400,0,0
sample,double,hole,relationship,8,2,4,1024,103,11782400,0,0
summary,double,hole,relationship,7582.520,11762.402,15599.023
sample,double,hole,clipping,8,2,0,64,7,5752000,2637824,0
sample,double,hole,clipping,8,2,1,64,7,13682000,2637824,0
sample,double,hole,clipping,8,2,2,64,7,9708400,2637824,0
sample,double,hole,clipping,8,2,3,64,7,11002100,2637824,0
sample,double,hole,clipping,8,2,4,64,7,10511400,2637824,0
summary,double,hole,clipping,89875.000,164240.625,213781.250
sample,double,hole-reversed,relationship,8,2,0,1024,103,17099900,0,0
sample,double,hole-reversed,relationship,8,2,1,1024,103,16648000,0,0
sample,double,hole-reversed,relationship,8,2,2,1024,103,15897100,0,0
sample,double,hole-reversed,relationship,8,2,3,1024,103,15742600,0,0
sample,double,hole-reversed,relationship,8,2,4,1024,103,15949400,0,0
summary,double,hole-reversed,relationship,15373.633,15575.586,16699.121
sample,double,hole-reversed,clipping,8,2,0,128,13,22451400,5275648,1
sample,double,hole-reversed,clipping,8,2,1,128,13,20292200,5275648,1
sample,double,hole-reversed,clipping,8,2,2,128,13,22504200,5275648,1
sample,double,hole-reversed,clipping,8,2,3,128,13,21003100,5275648,1
sample,double,hole-reversed,clipping,8,2,4,128,13,22637800,5275648,1
summary,double,hole-reversed,clipping,158532.812,175401.562,176857.812
sample,double,rational-crossing,relationship,3,1,0,4096,410,12800100,0,0
sample,double,rational-crossing,relationship,3,1,1,4096,410,16360400,0,0
sample,double,rational-crossing,relationship,3,1,2,4096,410,16500000,0,0
sample,double,rational-crossing,relationship,3,1,3,4096,410,16752600,0,0
sample,double,rational-crossing,relationship,3,1,4,4096,410,16751900,0,0
summary,double,rational-crossing,relationship,3125.024,4028.320,4089.990
sample,double,rational-crossing,clipping,3,1,0,128,13,13934300,2643968,0
sample,double,rational-crossing,clipping,3,1,1,128,13,8780100,2643968,0
sample,double,rational-crossing,clipping,3,1,2,128,13,8799400,2643968,0
sample,double,rational-crossing,clipping,3,1,3,128,13,5025300,2643968,0
sample,double,rational-crossing,clipping,3,1,4,128,13,8936300,2643968,0
summary,double,rational-crossing,clipping,39260.156,68745.312,108861.719
sample,double,sparse-1,relationship,4,1,0,2048,205,11251100,0,0
sample,double,sparse-1,relationship,4,1,1,2048,205,12522700,0,0
sample,double,sparse-1,relationship,4,1,2,2048,205,6476600,0,0
sample,double,sparse-1,relationship,4,1,3,2048,205,6073500,0,0
sample,double,sparse-1,relationship,4,1,4,2048,205,6046000,0,0
summary,double,sparse-1,relationship,2952.148,3162.402,6114.600
sample,double,sparse-1,clipping,4,1,0,128,13,9628700,3168256,0
sample,double,sparse-1,clipping,4,1,1,128,13,4938600,3168256,0
sample,double,sparse-1,clipping,4,1,2,128,13,10667200,3168256,0
sample,double,sparse-1,clipping,4,1,3,128,13,8757400,3168256,0
sample,double,sparse-1,clipping,4,1,4,128,13,11486600,3168256,0
summary,double,sparse-1,clipping,38582.812,75224.219,89739.062
sample,double,sparse-4,relationship,16,1,0,512,52,6790900,0,0
sample,double,sparse-4,relationship,16,1,1,512,52,10670500,0,0
sample,double,sparse-4,relationship,16,1,2,512,52,15153500,0,0
sample,double,sparse-4,relationship,16,1,3,512,52,15069800,0,0
sample,double,sparse-4,relationship,16,1,4,512,52,14793600,0,0
summary,double,sparse-4,relationship,13263.477,28893.750,29596.680
sample,double,sparse-4,clipping,16,1,0,128,13,12630400,9459712,2
sample,double,sparse-4,clipping,16,1,1,128,13,11969000,9459712,2
sample,double,sparse-4,clipping,16,1,2,128,13,22133600,9459712,2
sample,double,sparse-4,clipping,16,1,3,128,13,10686200,9459712,2
sample,double,sparse-4,clipping,16,1,4,128,13,16362200,9459712,2
summary,double,sparse-4,clipping,83485.938,98675.000,172918.750
sample,double,sparse-16,relationship,64,1,0,128,13,10643200,0,0
sample,double,sparse-16,relationship,64,1,1,128,13,6703100,0,0
sample,double,sparse-16,relationship,64,1,2,128,13,7818300,0,0
sample,double,sparse-16,relationship,64,1,3,128,13,11040600,0,0
sample,double,sparse-16,relationship,64,1,4,128,13,14551800,0,0
summary,double,sparse-16,relationship,52367.969,83150.000,113685.938
sample,double,sparse-16,clipping,64,1,0,64,7,10741200,17837056,5
sample,double,sparse-16,clipping,64,1,1,64,7,11515800,17837056,5
sample,double,sparse-16,clipping,64,1,2,64,7,13559200,17837056,5
sample,double,sparse-16,clipping,64,1,3,64,7,18761800,17837056,5
sample,double,sparse-16,clipping,64,1,4,64,7,11965200,17837056,5
summary,double,sparse-16,clipping,167831.250,186956.250,293153.125
sample,double,sparse-64,relationship,256,1,0,32,4,11713000,0,0
sample,double,sparse-64,relationship,256,1,1,32,4,11943400,0,0
sample,double,sparse-64,relationship,256,1,2,32,4,16419300,0,0
sample,double,sparse-64,relationship,256,1,3,32,4,15471800,0,0
sample,double,sparse-64,relationship,256,1,4,32,4,11227500,0,0
summary,double,sparse-64,relationship,350859.375,373231.250,513103.125
sample,double,sparse-64,clipping,256,1,0,8,1,2596200,8750464,0
sample,double,sparse-64,clipping,256,1,1,8,1,2542700,8750464,0
sample,double,sparse-64,clipping,256,1,2,8,1,6625900,8750464,0
sample,double,sparse-64,clipping,256,1,3,8,1,2513300,8750464,0
sample,double,sparse-64,clipping,256,1,4,8,1,2874700,8750464,0
summary,double,sparse-64,clipping,314162.500,324525.000,828237.500
sample,double,dense-1,relationship,4,1,0,2048,205,10813200,0,0
sample,double,dense-1,relationship,4,1,1,2048,205,14668400,0,0
sample,double,dense-1,relationship,4,1,2,2048,205,10117200,0,0
sample,double,dense-1,relationship,4,1,3,2048,205,13091700,0,0
sample,double,dense-1,relationship,4,1,4,2048,205,15077900,0,0
summary,double,dense-1,relationship,4940.039,6392.432,7362.256
sample,double,dense-1,clipping,4,1,0,128,13,9363500,3168256,0
sample,double,dense-1,clipping,4,1,1,128,13,9751500,3168256,0
sample,double,dense-1,clipping,4,1,2,128,13,13422900,3168256,0
sample,double,dense-1,clipping,4,1,3,128,13,10675700,3168256,0
sample,double,dense-1,clipping,4,1,4,128,13,9438200,3168256,0
summary,double,dense-1,clipping,73152.344,76183.594,104866.406
sample,double,dense-4,relationship,16,4,0,512,52,14238200,0,0
sample,double,dense-4,relationship,16,4,1,512,52,17087200,0,0
sample,double,dense-4,relationship,16,4,2,512,52,14450700,0,0
sample,double,dense-4,relationship,16,4,3,512,52,17309500,0,0
sample,double,dense-4,relationship,16,4,4,512,52,13449000,0,0
summary,double,dense-4,relationship,26267.578,28224.023,33807.617
sample,double,dense-4,clipping,16,4,0,32,4,12363200,2372096,0
sample,double,dense-4,clipping,16,4,1,32,4,12856100,2372096,0
sample,double,dense-4,clipping,16,4,2,32,4,11462000,2372096,0
sample,double,dense-4,clipping,16,4,3,32,4,5983800,2372096,0
sample,double,dense-4,clipping,16,4,4,32,4,10850200,2372096,0
summary,double,dense-4,clipping,186993.750,358187.500,401753.125
sample,double,dense-16,relationship,64,16,0,128,13,17300700,0,0
sample,double,dense-16,relationship,64,16,1,128,13,17791700,0,0
sample,double,dense-16,relationship,64,16,2,128,13,20861600,0,0
sample,double,dense-16,relationship,64,16,3,128,13,16956800,0,0
sample,double,dense-16,relationship,64,16,4,128,13,17760800,0,0
summary,double,dense-16,relationship,132475.000,138756.250,162981.250
sample,double,dense-16,clipping,64,16,0,8,1,15384700,2241408,0
sample,double,dense-16,clipping,64,16,1,8,1,15207500,2241408,0
sample,double,dense-16,clipping,64,16,2,8,1,11148600,2241408,0
sample,double,dense-16,clipping,64,16,3,8,1,11085200,2241408,0
sample,double,dense-16,clipping,64,16,4,8,1,15653700,2241408,0
summary,double,dense-16,clipping,1385650.000,1900937.500,1956712.500
sample,double,dense-64,relationship,256,64,0,32,4,14070200,0,0
sample,double,dense-64,relationship,256,64,1,32,4,15785200,0,0
sample,double,dense-64,relationship,256,64,2,32,4,17005700,0,0
sample,double,dense-64,relationship,256,64,3,32,4,16926200,0,0
sample,double,dense-64,relationship,256,64,4,32,4,13749400,0,0
summary,double,dense-64,relationship,429668.750,493287.500,531428.125
sample,double,dense-64,clipping,256,64,0,2,1,13276700,2201600,0
sample,double,dense-64,clipping,256,64,1,2,1,12275800,2201600,0
sample,double,dense-64,clipping,256,64,2,2,1,16386100,2201600,0
sample,double,dense-64,clipping,256,64,3,2,1,16239600,2201600,0
sample,double,dense-64,clipping,256,64,4,2,1,16264300,2201600,0
summary,double,dense-64,clipping,6137900.000,8119800.000,8193050.000
sample,double,subnormal,relationship,4,1,0,512,52,14296100,0,0
sample,double,subnormal,relationship,4,1,1,512,52,17690500,0,0
sample,double,subnormal,relationship,4,1,2,512,52,21489000,0,0
sample,double,subnormal,relationship,4,1,3,512,52,18813500,0,0
sample,double,subnormal,relationship,4,1,4,512,52,14650100,0,0
summary,double,subnormal,relationship,27922.070,34551.758,41970.703
sample,double,subnormal,clipping,4,1,0,128,13,16155700,3168256,0
sample,double,subnormal,clipping,4,1,1,128,13,13541100,3168256,0
sample,double,subnormal,clipping,4,1,2,128,13,12264100,3168256,0
sample,double,subnormal,clipping,4,1,3,128,13,16267200,3168256,0
sample,double,subnormal,clipping,4,1,4,128,13,16112600,3168256,0
summary,double,subnormal,clipping,95813.281,125879.688,127087.500
sample,double,large-finite,relationship,4,1,0,512,52,19501900,0,0
sample,double,large-finite,relationship,4,1,1,512,52,18406000,0,0
sample,double,large-finite,relationship,4,1,2,512,52,19111100,0,0
sample,double,large-finite,relationship,4,1,3,512,52,14418600,0,0
sample,double,large-finite,relationship,4,1,4,512,52,18350900,0,0
summary,double,large-finite,relationship,28161.328,35949.219,38089.648
sample,double,large-finite,clipping,4,1,0,64,7,13523300,1584128,0
sample,double,large-finite,clipping,4,1,1,64,7,8935800,1584128,0
sample,double,large-finite,clipping,4,1,2,64,7,4410000,1584128,0
sample,double,large-finite,clipping,4,1,3,64,7,8456800,1584128,0
sample,double,large-finite,clipping,4,1,4,64,7,8508600,1584128,0
summary,double,large-finite,clipping,68906.250,132946.875,211301.562
sink,12692697841076489474
