fixture_header,scalar,case,edges,expected_fact_bits,expected_status,expected_components
sample_header,scalar,case,operation,edges,expected_components,round,iterations,warmup,elapsed_ns,gc_bytes,gc_collections
summary_header,scalar,case,operation,min_ns_per_op,median_ns_per_op,max_ns_per_op
fixture,int,exterior,4,1,success,0
fixture,int,interior,4,4,success,1
fixture,int,crossing,4,7,success,1
fixture,int,boundary-only,4,10,success,1
fixture,int,boundary-overlap,4,11,success,1
fixture,int,isolated-tangent,4,3,success,0
fixture,int,degenerate-interior,4,4,success,0
fixture,int,degenerate-boundary,4,2,success,0
fixture,int,empty,0,1,success,0
fixture,int,concave-u,8,7,success,2
fixture,int,hole,8,7,success,2
fixture,int,hole-reversed,8,7,success,2
fixture,int,rational-crossing,3,7,success,1
fixture,int,sparse-1,4,7,success,1
fixture,int,sparse-4,16,7,success,1
fixture,int,sparse-16,64,7,success,1
fixture,int,sparse-64,256,7,success,1
fixture,int,dense-1,4,7,success,1
fixture,int,dense-4,16,7,success,4
fixture,int,dense-16,64,7,success,16
fixture,int,dense-64,256,7,success,64
fixture,int,wide-integral,4,7,success,1
preflight,int,22,PASS
sample,int,exterior,relationship,4,0,0,1024,103,6688800,0,0
sample,int,exterior,relationship,4,0,1,1024,103,4879700,0,0
sample,int,exterior,relationship,4,0,2,1024,103,4733900,0,0
summary,int,exterior,relationship,4622.949,4765.332,6532.031
sample,int,exterior,clipping,4,0,0,512,52,5961900,4243456,1
sample,int,exterior,clipping,4,0,1,512,52,5666800,4243456,1
sample,int,exterior,clipping,4,0,2,512,52,5881900,4243456,1
summary,int,exterior,clipping,11067.969,11488.086,11644.336
sample,int,interior,relationship,4,1,0,1024,103,4926700,0,0
sample,int,interior,relationship,4,1,1,1024,103,5666500,0,0
sample,int,interior,relationship,4,1,2,1024,103,6854000,0,0
summary,int,interior,relationship,4811.230,5533.691,6693.359
sample,int,interior,clipping,4,1,0,256,26,7252900,2134016,0
sample,int,interior,clipping,4,1,1,256,26,5887200,2134016,0
sample,int,interior,clipping,4,1,2,256,26,5682800,2134016,0
summary,int,interior,clipping,22198.438,22996.875,28331.641
sample,int,crossing,relationship,4,1,0,2048,205,14160000,0,0
sample,int,crossing,relationship,4,1,1,2048,205,10423800,0,0
sample,int,crossing,relationship,4,1,2,2048,205,10925900,0,0
summary,int,crossing,relationship,5089.746,5334.912,6914.062
sample,int,crossing,clipping,4,1,0,128,13,9262800,2119680,0
sample,int,crossing,clipping,4,1,1,128,13,9452800,2119680,0
sample,int,crossing,clipping,4,1,2,128,13,8028000,2119680,0
summary,int,crossing,clipping,62718.750,72365.625,73850.000
sample,int,boundary-only,relationship,4,1,0,1024,103,6406500,0,0
sample,int,boundary-only,relationship,4,1,1,1024,103,6778600,0,0
sample,int,boundary-only,relationship,4,1,2,1024,103,6099800,0,0
summary,int,boundary-only,relationship,5956.836,6256.348,6619.727
sample,int,boundary-only,clipping,4,1,0,256,26,9931700,5279744,1
sample,int,boundary-only,clipping,4,1,1,256,26,11075500,5279744,1
sample,int,boundary-only,clipping,4,1,2,256,26,12585900,5279744,1
summary,int,boundary-only,clipping,38795.703,43263.672,49163.672
sample,int,boundary-overlap,relationship,4,1,0,1024,103,13923200,0,0
sample,int,boundary-overlap,relationship,4,1,1,1024,103,8455900,0,0
sample,int,boundary-overlap,relationship,4,1,2,1024,103,8222500,0,0
summary,int,boundary-overlap,relationship,8029.785,8257.715,13596.875
sample,int,boundary-overlap,clipping,4,1,0,64,7,7245400,1321984,0
sample,int,boundary-overlap,clipping,4,1,1,64,7,2871500,1321984,0
sample,int,boundary-overlap,clipping,4,1,2,64,7,3078700,1321984,0
summary,int,boundary-overlap,clipping,44867.188,48104.688,113209.375
sample,int,isolated-tangent,relationship,4,0,0,1024,103,8996800,0,0
sample,int,isolated-tangent,relationship,4,0,1,1024,103,11352200,0,0
sample,int,isolated-tangent,relationship,4,0,2,1024,103,7408700,0,0
summary,int,isolated-tangent,relationship,7235.059,8785.938,11086.133
sample,int,isolated-tangent,clipping,4,0,0,256,26,4967200,4218880,1
sample,int,isolated-tangent,clipping,4,0,1,256,26,4720500,4218880,1
sample,int,isolated-tangent,clipping,4,0,2,256,26,4697300,4218880,1
summary,int,isolated-tangent,clipping,18348.828,18439.453,19403.125
sample,int,degenerate-interior,relationship,4,0,0,65536,6554,13249100,0,0
sample,int,degenerate-interior,relationship,4,0,1,65536,6554,10007900,0,0
sample,int,degenerate-interior,relationship,4,0,2,65536,6554,11364500,0,0
summary,int,degenerate-interior,relationship,152.708,173.409,202.165
sample,int,degenerate-interior,clipping,4,0,0,65536,6554,1909700,0,0
sample,int,degenerate-interior,clipping,4,0,1,65536,6554,1700600,0,0
sample,int,degenerate-interior,clipping,4,0,2,65536,6554,1551200,0,0
summary,int,degenerate-interior,clipping,23.669,25.949,29.140
sample,int,degenerate-boundary,relationship,4,0,0,65536,6554,9453400,0,0
sample,int,degenerate-boundary,relationship,4,0,1,65536,6554,16359700,0,0
sample,int,degenerate-boundary,relationship,4,0,2,65536,6554,12462000,0,0
summary,int,degenerate-boundary,relationship,144.247,190.155,249.629
sample,int,degenerate-boundary,clipping,4,0,0,65536,6554,2898600,0,0
sample,int,degenerate-boundary,clipping,4,0,1,65536,6554,1920300,0,0
sample,int,degenerate-boundary,clipping,4,0,2,65536,6554,2540600,0,0
summary,int,degenerate-boundary,clipping,29.301,38.766,44.229
sample,int,empty,relationship,0,0,0,65536,6554,1796800,0,0
sample,int,empty,relationship,0,0,1,65536,6554,2176700,0,0
sample,int,empty,relationship,0,0,2,65536,6554,2920800,0,0
summary,int,empty,relationship,27.417,33.214,44.568
sample,int,empty,clipping,0,0,0,65536,6554,2115700,0,0
sample,int,empty,clipping,0,0,1,65536,6554,2018700,0,0
sample,int,empty,clipping,0,0,2,65536,6554,2137800,0,0
summary,int,empty,clipping,30.803,32.283,32.620
sample,int,concave-u,relationship,8,2,0,512,52,6749300,0,0
sample,int,concave-u,relationship,8,2,1,512,52,6726200,0,0
sample,int,concave-u,relationship,8,2,2,512,52,7246400,0,0
summary,int,concave-u,relationship,13137.109,13182.227,14153.125
sample,int,concave-u,clipping,8,2,0,32,4,5164500,794624,0
sample,int,concave-u,clipping,8,2,1,32,4,4324900,794624,0
sample,int,concave-u,clipping,8,2,2,32,4,4224200,794624,0
summary,int,concave-u,clipping,132006.250,135153.125,161390.625
sample,int,hole,relationship,8,2,0,512,52,7318900,0,0
sample,int,hole,relationship,8,2,1,512,52,7410400,0,0
sample,int,hole,relationship,8,2,2,512,52,7937700,0,0
summary,int,hole,relationship,14294.727,14473.438,15503.320
sample,int,hole,clipping,8,2,0,64,7,9106700,1589248,0
sample,int,hole,clipping,8,2,1,64,7,9612600,1589248,0
sample,int,hole,clipping,8,2,2,64,7,9144900,1589248,0
summary,int,hole,clipping,142292.188,142889.062,150196.875
sample,int,hole-reversed,relationship,8,2,0,512,52,8487600,0,0
sample,int,hole-reversed,relationship,8,2,1,512,52,8497900,0,0
sample,int,hole-reversed,relationship,8,2,2,512,52,7492000,0,0
summary,int,hole-reversed,relationship,14632.812,16577.344,16597.461
sample,int,hole-reversed,clipping,8,2,0,32,4,5519200,794624,0
sample,int,hole-reversed,clipping,8,2,1,32,4,4693500,794624,0
sample,int,hole-reversed,clipping,8,2,2,32,4,4313400,794624,0
summary,int,hole-reversed,clipping,134793.750,146671.875,172475.000
sample,int,rational-crossing,relationship,3,1,0,1024,103,5691300,0,0
sample,int,rational-crossing,relationship,3,1,1,1024,103,6257000,0,0
sample,int,rational-crossing,relationship,3,1,2,1024,103,3836700,0,0
summary,int,rational-crossing,relationship,3746.777,5557.910,6110.352
sample,int,rational-crossing,clipping,3,1,0,128,13,8112300,2119680,0
sample,int,rational-crossing,clipping,3,1,1,128,13,7989400,2119680,0
sample,int,rational-crossing,clipping,3,1,2,128,13,7510400,2119680,0
summary,int,rational-crossing,clipping,58675.000,62417.188,63377.344
sample,int,sparse-1,relationship,4,1,0,1024,103,7875500,0,0
sample,int,sparse-1,relationship,4,1,1,1024,103,5135700,0,0
sample,int,sparse-1,relationship,4,1,2,1024,103,5231600,0,0
summary,int,sparse-1,relationship,5015.332,5108.984,7690.918
sample,int,sparse-1,clipping,4,1,0,128,13,8983000,2119680,0
sample,int,sparse-1,clipping,4,1,1,128,13,9348700,2119680,0
sample,int,sparse-1,clipping,4,1,2,128,13,8191600,2119680,0
summary,int,sparse-1,clipping,63996.875,70179.688,73036.719
sample,int,sparse-4,relationship,16,1,0,256,26,6709700,0,0
sample,int,sparse-4,relationship,16,1,1,256,26,5978200,0,0
sample,int,sparse-4,relationship,16,1,2,256,26,7067900,0,0
summary,int,sparse-4,relationship,23352.344,26209.766,27608.984
sample,int,sparse-4,clipping,16,1,0,64,7,6950400,1059840,0
sample,int,sparse-4,clipping,16,1,1,64,7,5748900,1059840,0
sample,int,sparse-4,clipping,16,1,2,64,7,5272700,1059840,0
summary,int,sparse-4,clipping,82385.938,89826.562,108600.000
sample,int,sparse-16,relationship,64,1,0,64,7,6279700,0,0
sample,int,sparse-16,relationship,64,1,1,64,7,5985400,0,0
sample,int,sparse-16,relationship,64,1,2,64,7,6755600,0,0
summary,int,sparse-16,relationship,93521.875,98120.312,105556.250
sample,int,sparse-16,clipping,64,1,0,32,4,5458900,529920,0
sample,int,sparse-16,clipping,64,1,1,32,4,6998700,529920,0
sample,int,sparse-16,clipping,64,1,2,32,4,6754500,529920,0
summary,int,sparse-16,clipping,170590.625,211078.125,218709.375
sample,int,sparse-64,relationship,256,1,0,8,1,3389200,0,0
sample,int,sparse-64,relationship,256,1,1,8,1,3931200,0,0
sample,int,sparse-64,relationship,256,1,2,8,1,4747000,0,0
summary,int,sparse-64,relationship,423650.000,491400.000,593375.000
sample,int,sparse-64,clipping,256,1,0,8,1,4070000,132480,0
sample,int,sparse-64,clipping,256,1,1,8,1,3881800,132480,0
sample,int,sparse-64,clipping,256,1,2,8,1,3933000,132480,0
summary,int,sparse-64,clipping,485225.000,491625.000,508750.000
sample,int,dense-1,relationship,4,1,0,2048,205,9790300,0,0
sample,int,dense-1,relationship,4,1,1,2048,205,11459700,0,0
sample,int,dense-1,relationship,4,1,2,2048,205,9680800,0,0
summary,int,dense-1,relationship,4726.953,4780.420,5595.557
sample,int,dense-1,clipping,4,1,0,128,13,9487600,2119680,0
sample,int,dense-1,clipping,4,1,1,128,13,7541100,2119680,0
sample,int,dense-1,clipping,4,1,2,128,13,7962000,2119680,0
summary,int,dense-1,clipping,58914.844,62203.125,74121.875
sample,int,dense-4,relationship,16,4,0,256,26,7892400,0,0
sample,int,dense-4,relationship,16,4,1,256,26,7829100,0,0
sample,int,dense-4,relationship,16,4,2,256,26,7408700,0,0
summary,int,dense-4,relationship,28940.234,30582.422,30829.688
sample,int,dense-4,clipping,16,4,0,32,4,12927800,1323520,0
sample,int,dense-4,clipping,16,4,1,32,4,13914600,1323520,0
sample,int,dense-4,clipping,16,4,2,32,4,12165000,1323520,0
summary,int,dense-4,clipping,380156.250,403993.750,434831.250
sample,int,dense-16,relationship,64,16,0,64,7,12312600,0,0
sample,int,dense-16,relationship,64,16,1,64,7,8548400,0,0
sample,int,dense-16,relationship,64,16,2,64,7,11630100,0,0
summary,int,dense-16,relationship,133568.750,181720.312,192384.375
sample,int,dense-16,clipping,64,16,0,2,1,4312500,290016,0
sample,int,dense-16,clipping,64,16,1,2,1,3910600,290016,0
sample,int,dense-16,clipping,64,16,2,2,1,4228700,290016,0
summary,int,dense-16,clipping,1955300.000,2114350.000,2156250.000
sample,int,dense-64,relationship,256,64,0,16,2,8599200,0,0
sample,int,dense-64,relationship,256,64,1,16,2,8552200,0,0
sample,int,dense-64,relationship,256,64,2,16,2,8947600,0,0
summary,int,dense-64,relationship,534512.500,537450.000,559225.000
sample,int,dense-64,clipping,256,64,0,1,1,7105400,556032,0
sample,int,dense-64,clipping,256,64,1,1,1,7749400,556032,0
sample,int,dense-64,clipping,256,64,2,1,1,7864500,556032,0
summary,int,dense-64,clipping,7105400.000,7749400.000,7864500.000
sample,int,wide-integral,relationship,4,1,0,1024,103,5563000,0,0
sample,int,wide-integral,relationship,4,1,1,1024,103,4649700,0,0
sample,int,wide-integral,relationship,4,1,2,1024,103,5147700,0,0
summary,int,wide-integral,relationship,4540.723,5027.051,5432.617
sample,int,wide-integral,clipping,4,1,0,64,7,3754300,1059840,0
sample,int,wide-integral,clipping,4,1,1,64,7,3723500,1059840,0
sample,int,wide-integral,clipping,4,1,2,64,7,3652400,1059840,0
summary,int,wide-integral,clipping,57068.750,58179.688,58660.938
fixture,long,exterior,4,1,success,0
fixture,long,interior,4,4,success,1
fixture,long,crossing,4,7,success,1
fixture,long,boundary-only,4,10,success,1
fixture,long,boundary-overlap,4,11,success,1
fixture,long,isolated-tangent,4,3,success,0
fixture,long,degenerate-interior,4,4,success,0
fixture,long,degenerate-boundary,4,2,success,0
fixture,long,empty,0,1,success,0
fixture,long,concave-u,8,7,success,2
fixture,long,hole,8,7,success,2
fixture,long,hole-reversed,8,7,success,2
fixture,long,rational-crossing,3,7,success,1
fixture,long,sparse-1,4,7,success,1
fixture,long,sparse-4,16,7,success,1
fixture,long,sparse-16,64,7,success,1
fixture,long,sparse-64,256,7,success,1
fixture,long,dense-1,4,7,success,1
fixture,long,dense-4,16,7,success,4
fixture,long,dense-16,64,7,success,16
fixture,long,dense-64,256,7,success,64
fixture,long,wide-integral,4,7,success,1
fixture,long,endpoint-collapse,4,6,unrepresentableConstruction,0
fixture,long,gap-collapse,8,7,unrepresentableConstruction,0
preflight,long,24,PASS
sample,long,exterior,relationship,4,0,0,1024,103,5490800,0,0
sample,long,exterior,relationship,4,0,1,1024,103,5931500,0,0
sample,long,exterior,relationship,4,0,2,1024,103,5645900,0,0
summary,long,exterior,relationship,5362.109,5513.574,5792.480
sample,long,exterior,clipping,4,0,0,512,52,5400100,4243456,1
sample,long,exterior,clipping,4,0,1,512,52,5737700,4243456,1
sample,long,exterior,clipping,4,0,2,512,52,5156500,4243456,1
summary,long,exterior,clipping,10071.289,10547.070,11206.445
sample,long,interior,relationship,4,1,0,2048,205,9301700,0,0
sample,long,interior,relationship,4,1,1,2048,205,9592600,0,0
sample,long,interior,relationship,4,1,2,2048,205,9937200,0,0
summary,long,interior,relationship,4541.846,4683.887,4852.148
sample,long,interior,clipping,4,1,0,256,26,6285600,2134016,0
sample,long,interior,clipping,4,1,1,256,26,7094700,2134016,0
sample,long,interior,clipping,4,1,2,256,26,5758600,2134016,0
summary,long,interior,clipping,22494.531,24553.125,27713.672
sample,long,crossing,relationship,4,1,0,2048,205,10181900,0,0
sample,long,crossing,relationship,4,1,1,2048,205,9979700,0,0
sample,long,crossing,relationship,4,1,2,2048,205,10427800,0,0
summary,long,crossing,relationship,4872.900,4971.631,5091.699
sample,long,crossing,clipping,4,1,0,128,13,8162700,2119680,0
sample,long,crossing,clipping,4,1,1,128,13,11645900,2119680,0
sample,long,crossing,clipping,4,1,2,128,13,16131200,2119680,0
summary,long,crossing,clipping,63771.094,90983.594,126025.000
sample,long,boundary-only,relationship,4,1,0,1024,103,8331600,0,0
sample,long,boundary-only,relationship,4,1,1,1024,103,6663600,0,0
sample,long,boundary-only,relationship,4,1,2,1024,103,6606000,0,0
summary,long,boundary-only,relationship,6451.172,6507.422,8136.328
sample,long,boundary-only,clipping,4,1,0,256,26,10327300,5279744,1
sample,long,boundary-only,clipping,4,1,1,256,26,13425000,5279744,1
sample,long,boundary-only,clipping,4,1,2,256,26,12465700,5279744,1
summary,long,boundary-only,clipping,40341.016,48694.141,52441.406
sample,long,boundary-overlap,relationship,4,1,0,1024,103,8249700,0,0
sample,long,boundary-overlap,relationship,4,1,1,1024,103,8342700,0,0
sample,long,boundary-overlap,relationship,4,1,2,1024,103,8518700,0,0
summary,long,boundary-overlap,relationship,8056.348,8147.168,8319.043
sample,long,boundary-overlap,clipping,4,1,0,128,13,5633100,2643968,0
sample,long,boundary-overlap,clipping,4,1,1,128,13,5823700,2643968,0
sample,long,boundary-overlap,clipping,4,1,2,128,13,5420100,2643968,0
summary,long,boundary-overlap,clipping,42344.531,44008.594,45497.656
sample,long,isolated-tangent,relationship,4,0,0,512,52,4615000,0,0
sample,long,isolated-tangent,relationship,4,0,1,512,52,4211000,0,0
sample,long,isolated-tangent,relationship,4,0,2,512,52,4533000,0,0
summary,long,isolated-tangent,relationship,8224.609,8853.516,9013.672
sample,long,isolated-tangent,clipping,4,0,0,512,52,8436500,8437760,2
sample,long,isolated-tangent,clipping,4,0,1,512,52,9019000,8437760,2
sample,long,isolated-tangent,clipping,4,0,2,512,52,10057900,8437760,2
summary,long,isolated-tangent,clipping,16477.539,17615.234,19644.336
sample,long,degenerate-interior,relationship,4,0,0,65536,6554,9371200,0,0
sample,long,degenerate-interior,relationship,4,0,1,65536,6554,11379100,0,0
sample,long,degenerate-interior,relationship,4,0,2,65536,6554,8642500,0,0
summary,long,degenerate-interior,relationship,131.874,142.993,173.631
sample,long,degenerate-interior,clipping,4,0,0,65536,6554,1998600,0,0
sample,long,degenerate-interior,clipping,4,0,1,65536,6554,1727900,0,0
sample,long,degenerate-interior,clipping,4,0,2,65536,6554,1735400,0,0
summary,long,degenerate-interior,clipping,26.366,26.480,30.496
sample,long,degenerate-boundary,relationship,4,0,0,65536,6554,7517900,0,0
sample,long,degenerate-boundary,relationship,4,0,1,65536,6554,7626700,0,0
sample,long,degenerate-boundary,relationship,4,0,2,65536,6554,8298300,0,0
summary,long,degenerate-boundary,relationship,114.714,116.374,126.622
sample,long,degenerate-boundary,clipping,4,0,0,65536,6554,1626900,0,0
sample,long,degenerate-boundary,clipping,4,0,1,65536,6554,1597000,0,0
sample,long,degenerate-boundary,clipping,4,0,2,65536,6554,1753400,0,0
summary,long,degenerate-boundary,clipping,24.368,24.825,26.755
sample,long,empty,relationship,0,0,0,65536,6554,1989000,0,0
sample,long,empty,relationship,0,0,1,65536,6554,3921300,0,0
sample,long,empty,relationship,0,0,2,65536,6554,2040200,0,0
summary,long,empty,relationship,30.350,31.131,59.834
sample,long,empty,clipping,0,0,0,65536,6554,1778000,0,0
sample,long,empty,clipping,0,0,1,65536,6554,1659100,0,0
sample,long,empty,clipping,0,0,2,65536,6554,1783900,0,0
summary,long,empty,clipping,25.316,27.130,27.220
sample,long,concave-u,relationship,8,2,0,512,52,7782700,0,0
sample,long,concave-u,relationship,8,2,1,512,52,6633400,0,0
sample,long,concave-u,relationship,8,2,2,512,52,6717400,0,0
summary,long,concave-u,relationship,12955.859,13119.922,15200.586
sample,long,concave-u,clipping,8,2,0,64,7,10697800,1589248,0
sample,long,concave-u,clipping,8,2,1,64,7,11954900,1589248,0
sample,long,concave-u,clipping,8,2,2,64,7,9416700,1589248,0
summary,long,concave-u,clipping,147135.938,167153.125,186795.312
sample,long,hole,relationship,8,2,0,512,52,7559500,0,0
sample,long,hole,relationship,8,2,1,512,52,8580500,0,0
sample,long,hole,relationship,8,2,2,512,52,7989800,0,0
summary,long,hole,relationship,14764.648,15605.078,16758.789
sample,long,hole,clipping,8,2,0,64,7,10360700,1589248,0
sample,long,hole,clipping,8,2,1,64,7,9637700,1589248,0
sample,long,hole,clipping,8,2,2,64,7,8840400,1589248,0
summary,long,hole,clipping,138131.250,150589.062,161885.938
sample,long,hole-reversed,relationship,8,2,0,512,52,6422100,0,0
sample,long,hole-reversed,relationship,8,2,1,512,52,10102500,0,0
sample,long,hole-reversed,relationship,8,2,2,512,52,11325600,0,0
summary,long,hole-reversed,relationship,12543.164,19731.445,22120.312
sample,long,hole-reversed,clipping,8,2,0,64,7,9162200,1589248,0
sample,long,hole-reversed,clipping,8,2,1,64,7,11530300,1589248,0
sample,long,hole-reversed,clipping,8,2,2,64,7,9214200,1589248,0
summary,long,hole-reversed,clipping,143159.375,143971.875,180160.938
sample,long,rational-crossing,relationship,3,1,0,2048,205,6857900,0,0
sample,long,rational-crossing,relationship,3,1,1,2048,205,6795100,0,0
sample,long,rational-crossing,relationship,3,1,2,2048,205,8301700,0,0
summary,long,rational-crossing,relationship,3317.920,3348.584,4053.564
sample,long,rational-crossing,clipping,3,1,0,64,7,4840500,1059840,0
sample,long,rational-crossing,clipping,3,1,1,64,7,4324400,1059840,0
sample,long,rational-crossing,clipping,3,1,2,64,7,4277200,1059840,0
summary,long,rational-crossing,clipping,66831.250,67568.750,75632.812
sample,long,sparse-1,relationship,4,1,0,2048,205,9232400,0,0
sample,long,sparse-1,relationship,4,1,1,2048,205,11477200,0,0
sample,long,sparse-1,relationship,4,1,2,2048,205,9805700,0,0
summary,long,sparse-1,relationship,4508.008,4787.939,5604.102
sample,long,sparse-1,clipping,4,1,0,64,7,4941100,1059840,0
sample,long,sparse-1,clipping,4,1,1,64,7,5217900,1059840,0
sample,long,sparse-1,clipping,4,1,2,64,7,4093400,1059840,0
summary,long,sparse-1,clipping,63959.375,77204.688,81529.688
sample,long,sparse-4,relationship,16,1,0,256,26,5841500,0,0
sample,long,sparse-4,relationship,16,1,1,256,26,5640000,0,0
sample,long,sparse-4,relationship,16,1,2,256,26,5604100,0,0
summary,long,sparse-4,relationship,21891.016,22031.250,22818.359
sample,long,sparse-4,clipping,16,1,0,64,7,5379700,1059840,0
sample,long,sparse-4,clipping,16,1,1,64,7,5197400,1059840,0
sample,long,sparse-4,clipping,16,1,2,64,7,5460300,1059840,0
summary,long,sparse-4,clipping,81209.375,84057.812,85317.188
sample,long,sparse-16,relationship,64,1,0,64,7,5810800,0,0
sample,long,sparse-16,relationship,64,1,1,64,7,5752500,0,0
sample,long,sparse-16,relationship,64,1,2,64,7,5759800,0,0
summary,long,sparse-16,relationship,89882.812,89996.875,90793.750
sample,long,sparse-16,clipping,64,1,0,32,4,5902600,529920,0
sample,long,sparse-16,clipping,64,1,1,32,4,6604100,529920,0
sample,long,sparse-16,clipping,64,1,2,32,4,5274300,529920,0
summary,long,sparse-16,clipping,164821.875,184456.250,206378.125
sample,long,sparse-64,relationship,256,1,0,16,2,5586700,0,0
sample,long,sparse-64,relationship,256,1,1,16,2,5650000,0,0
sample,long,sparse-64,relationship,256,1,2,16,2,6607400,0,0
summary,long,sparse-64,relationship,349168.750,353125.000,412962.500
sample,long,sparse-64,clipping,256,1,0,16,2,7954700,264960,0
sample,long,sparse-64,clipping,256,1,1,16,2,12972500,264960,0
sample,long,sparse-64,clipping,256,1,2,16,2,8743600,264960,0
summary,long,sparse-64,clipping,497168.750,546475.000,810781.250
sample,long,dense-1,relationship,4,1,0,1024,103,7276000,0,0
sample,long,dense-1,relationship,4,1,1,1024,103,4904500,0,0
sample,long,dense-1,relationship,4,1,2,1024,103,6575700,0,0
summary,long,dense-1,relationship,4789.551,6421.582,7105.469
sample,long,dense-1,clipping,4,1,0,64,7,5887700,1059840,0
sample,long,dense-1,clipping,4,1,1,64,7,3958300,1059840,0
sample,long,dense-1,clipping,4,1,2,64,7,3737400,1059840,0
summary,long,dense-1,clipping,58396.875,61848.438,91995.312
sample,long,dense-4,relationship,16,4,0,256,26,10763700,0,0
sample,long,dense-4,relationship,16,4,1,256,26,7428100,0,0
sample,long,dense-4,relationship,16,4,2,256,26,8094900,0,0
summary,long,dense-4,relationship,29016.016,31620.703,42045.703
sample,long,dense-4,clipping,16,4,0,16,2,6144100,661760,0
sample,long,dense-4,clipping,16,4,1,16,2,5715000,661760,0
sample,long,dense-4,clipping,16,4,2,16,2,4932400,661760,0
summary,long,dense-4,clipping,308275.000,357187.500,384006.250
sample,long,dense-16,relationship,64,16,0,32,4,5618800,0,0
sample,long,dense-16,relationship,64,16,1,32,4,4311500,0,0
sample,long,dense-16,relationship,64,16,2,32,4,3974200,0,0
summary,long,dense-16,relationship,124193.750,134734.375,175587.500
sample,long,dense-16,clipping,64,16,0,4,1,7619300,580032,0
sample,long,dense-16,clipping,64,16,1,4,1,5897700,580032,0
sample,long,dense-16,clipping,64,16,2,4,1,5869500,580032,0
summary,long,dense-16,clipping,1467375.000,1474425.000,1904825.000
sample,long,dense-64,relationship,256,64,0,8,1,10895700,0,0
sample,long,dense-64,relationship,256,64,1,8,1,8234300,0,0
sample,long,dense-64,relationship,256,64,2,8,1,4744600,0,0
summary,long,dense-64,relationship,593075.000,1029287.500,1361962.500
sample,long,dense-64,clipping,256,64,0,1,1,7142000,556032,0
sample,long,dense-64,clipping,256,64,1,1,1,6579400,556032,0
sample,long,dense-64,clipping,256,64,2,1,1,7165200,556032,0
summary,long,dense-64,clipping,6579400.000,7142000.000,7165200.000
sample,long,wide-integral,relationship,4,1,0,1024,103,4920400,0,0
sample,long,wide-integral,relationship,4,1,1,1024,103,5143600,0,0
sample,long,wide-integral,relationship,4,1,2,1024,103,13574900,0,0
summary,long,wide-integral,relationship,4805.078,5023.047,13256.738
sample,long,wide-integral,clipping,4,1,0,128,13,8789700,2119680,0
sample,long,wide-integral,clipping,4,1,1,128,13,9242400,2119680,0
sample,long,wide-integral,clipping,4,1,2,128,13,8266700,2119680,0
summary,long,wide-integral,clipping,64583.594,68669.531,72206.250
sample,long,endpoint-collapse,relationship,4,0,0,1024,103,7088600,0,0
sample,long,endpoint-collapse,relationship,4,0,1,1024,103,7463500,0,0
sample,long,endpoint-collapse,relationship,4,0,2,1024,103,7046700,0,0
summary,long,endpoint-collapse,relationship,6881.543,6922.461,7288.574
sample,long,endpoint-collapse,clipping,4,0,0,128,13,6417500,2115584,0
sample,long,endpoint-collapse,clipping,4,0,1,128,13,6604600,2115584,0
sample,long,endpoint-collapse,clipping,4,0,2,128,13,6935600,2115584,0
summary,long,endpoint-collapse,clipping,50136.719,51598.438,54184.375
sample,long,gap-collapse,relationship,8,0,0,512,52,8043700,0,0
sample,long,gap-collapse,relationship,8,0,1,512,52,8562200,0,0
sample,long,gap-collapse,relationship,8,0,2,512,52,7918300,0,0
summary,long,gap-collapse,relationship,15465.430,15710.352,16723.047
sample,long,gap-collapse,clipping,8,0,0,64,7,8309700,1587200,0
sample,long,gap-collapse,clipping,8,0,1,64,7,8885800,1587200,0
sample,long,gap-collapse,clipping,8,0,2,64,7,9876400,1587200,0
summary,long,gap-collapse,clipping,129839.062,138840.625,154318.750
fixture,float,exterior,4,1,success,0
fixture,float,interior,4,4,success,1
fixture,float,crossing,4,7,success,1
fixture,float,boundary-only,4,10,success,1
fixture,float,boundary-overlap,4,11,success,1
fixture,float,isolated-tangent,4,3,success,0
fixture,float,degenerate-interior,4,4,success,0
fixture,float,degenerate-boundary,4,2,success,0
fixture,float,empty,0,1,success,0
fixture,float,concave-u,8,7,success,2
fixture,float,hole,8,7,success,2
fixture,float,hole-reversed,8,7,success,2
fixture,float,rational-crossing,3,7,success,1
fixture,float,sparse-1,4,7,success,1
fixture,float,sparse-4,16,7,success,1
fixture,float,sparse-16,64,7,success,1
fixture,float,sparse-64,256,7,success,1
fixture,float,dense-1,4,7,success,1
fixture,float,dense-4,16,7,success,4
fixture,float,dense-16,64,7,success,16
fixture,float,dense-64,256,7,success,64
fixture,float,subnormal,4,7,success,1
fixture,float,large-finite,4,7,success,1
preflight,float,23,PASS
sample,float,exterior,relationship,4,0,0,1024,103,5508900,0,0
sample,float,exterior,relationship,4,0,1,1024,103,4520500,0,0
sample,float,exterior,relationship,4,0,2,1024,103,4941400,0,0
summary,float,exterior,relationship,4414.551,4825.586,5379.785
sample,float,exterior,clipping,4,0,0,512,52,5405800,4243456,1
sample,float,exterior,clipping,4,0,1,512,52,5573700,4243456,1
sample,float,exterior,clipping,4,0,2,512,52,5066200,4243456,1
summary,float,exterior,clipping,9894.922,10558.203,10886.133
sample,float,interior,relationship,4,1,0,2048,205,12182900,0,0
sample,float,interior,relationship,4,1,1,2048,205,14530000,0,0
sample,float,interior,relationship,4,1,2,2048,205,9285500,0,0
summary,float,interior,relationship,4533.936,5948.682,7094.727
sample,float,interior,clipping,4,1,0,256,26,6378400,2134016,0
sample,float,interior,clipping,4,1,1,256,26,6146800,2134016,0
sample,float,interior,clipping,4,1,2,256,26,5891700,2134016,0
summary,float,interior,clipping,23014.453,24010.938,24915.625
sample,float,crossing,relationship,4,1,0,2048,205,9415500,0,0
sample,float,crossing,relationship,4,1,1,2048,205,13923200,0,0
sample,float,crossing,relationship,4,1,2,2048,205,9586000,0,0
summary,float,crossing,relationship,4597.412,4680.664,6798.438
sample,float,crossing,clipping,4,1,0,128,13,7606400,2119680,0
sample,float,crossing,clipping,4,1,1,128,13,7603500,2119680,0
sample,float,crossing,clipping,4,1,2,128,13,8459100,2119680,0
summary,float,crossing,clipping,59402.344,59425.000,66086.719
sample,float,boundary-only,relationship,4,1,0,2048,205,12224900,0,0
sample,float,boundary-only,relationship,4,1,1,2048,205,10914200,0,0
sample,float,boundary-only,relationship,4,1,2,2048,205,10505800,0,0
summary,float,boundary-only,relationship,5129.785,5329.199,5969.189
sample,float,boundary-only,clipping,4,1,0,128,13,5489300,2639872,0
sample,float,boundary-only,clipping,4,1,1,128,13,4958000,2639872,0
sample,float,boundary-only,clipping,4,1,2,128,13,3991800,2639872,0
summary,float,boundary-only,clipping,31185.938,38734.375,42885.156
sample,float,boundary-overlap,relationship,4,1,0,1024,103,5314500,0,0
sample,float,boundary-overlap,relationship,4,1,1,1024,103,5483200,0,0
sample,float,boundary-overlap,relationship,4,1,2,1024,103,5374600,0,0
summary,float,boundary-overlap,relationship,5189.941,5248.633,5354.688
sample,float,boundary-overlap,clipping,4,1,0,256,26,9611600,5287936,1
sample,float,boundary-overlap,clipping,4,1,1,256,26,10660700,5287936,1
sample,float,boundary-overlap,clipping,4,1,2,256,26,9006800,5287936,1
summary,float,boundary-overlap,clipping,35182.812,37545.312,41643.359
sample,float,isolated-tangent,relationship,4,0,0,1024,103,6817500,0,0
sample,float,isolated-tangent,relationship,4,0,1,1024,103,6658300,0,0
sample,float,isolated-tangent,relationship,4,0,2,1024,103,6537300,0,0
summary,float,isolated-tangent,relationship,6384.082,6502.246,6657.715
sample,float,isolated-tangent,clipping,4,0,0,512,52,10452500,8437760,2
sample,float,isolated-tangent,clipping,4,0,1,512,52,11423100,8437760,2
sample,float,isolated-tangent,clipping,4,0,2,512,52,13641300,8437760,2
summary,float,isolated-tangent,clipping,20415.039,22310.742,26643.164
sample,float,degenerate-interior,relationship,4,0,0,65536,6554,12754100,0,0
sample,float,degenerate-interior,relationship,4,0,1,65536,6554,8063700,0,0
sample,float,degenerate-interior,relationship,4,0,2,65536,6554,8085900,0,0
summary,float,degenerate-interior,relationship,123.042,123.381,194.612
sample,float,degenerate-interior,clipping,4,0,0,65536,6554,628600,0,0
sample,float,degenerate-interior,clipping,4,0,1,65536,6554,697900,0,0
sample,float,degenerate-interior,clipping,4,0,2,65536,6554,560400,0,0
summary,float,degenerate-interior,clipping,8.551,9.592,10.649
sample,float,degenerate-boundary,relationship,4,0,0,65536,6554,6603300,0,0
sample,float,degenerate-boundary,relationship,4,0,1,65536,6554,5972100,0,0
sample,float,degenerate-boundary,relationship,4,0,2,65536,6554,6491300,0,0
summary,float,degenerate-boundary,relationship,91.127,99.049,100.758
sample,float,degenerate-boundary,clipping,4,0,0,65536,6554,628900,0,0
sample,float,degenerate-boundary,clipping,4,0,1,65536,6554,627400,0,0
sample,float,degenerate-boundary,clipping,4,0,2,65536,6554,918200,0,0
summary,float,degenerate-boundary,clipping,9.573,9.596,14.011
sample,float,empty,relationship,0,0,0,65536,6554,1149900,0,0
sample,float,empty,relationship,0,0,1,65536,6554,997700,0,0
sample,float,empty,relationship,0,0,2,65536,6554,1091200,0,0
summary,float,empty,relationship,15.224,16.650,17.546
sample,float,empty,clipping,0,0,0,65536,6554,661600,0,0
sample,float,empty,clipping,0,0,1,65536,6554,888300,0,0
sample,float,empty,clipping,0,0,2,65536,6554,952100,0,0
summary,float,empty,clipping,10.095,13.554,14.528
sample,float,concave-u,relationship,8,2,0,512,52,7298100,0,0
sample,float,concave-u,relationship,8,2,1,512,52,6900700,0,0
sample,float,concave-u,relationship,8,2,2,512,52,6624000,0,0
summary,float,concave-u,relationship,12937.500,13477.930,14254.102
sample,float,concave-u,clipping,8,2,0,64,7,10074800,1589248,0
sample,float,concave-u,clipping,8,2,1,64,7,10135800,1589248,0
sample,float,concave-u,clipping,8,2,2,64,7,16437700,1589248,0
summary,float,concave-u,clipping,157418.750,158371.875,256839.062
sample,float,hole,relationship,8,2,0,512,52,6027100,0,0
sample,float,hole,relationship,8,2,1,512,52,9269100,0,0
sample,float,hole,relationship,8,2,2,512,52,7086400,0,0
summary,float,hole,relationship,11771.680,13840.625,18103.711
sample,float,hole,clipping,8,2,0,32,4,5771600,794624,0
sample,float,hole,clipping,8,2,1,32,4,5031200,794624,0
sample,float,hole,clipping,8,2,2,32,4,4654100,794624,0
summary,float,hole,clipping,145440.625,157225.000,180362.500
sample,float,hole-reversed,relationship,8,2,0,512,52,8680400,0,0
sample,float,hole-reversed,relationship,8,2,1,512,52,7115300,0,0
sample,float,hole-reversed,relationship,8,2,2,512,52,7235600,0,0
summary,float,hole-reversed,relationship,13897.070,14132.031,16953.906
sample,float,hole-reversed,clipping,8,2,0,64,7,11193600,1589248,0
sample,float,hole-reversed,clipping,8,2,1,64,7,10189800,1589248,0
sample,float,hole-reversed,clipping,8,2,2,64,7,9359500,1589248,0
summary,float,hole-reversed,clipping,146242.188,159215.625,174900.000
sample,float,rational-crossing,relationship,3,1,0,2048,205,5934900,0,0
sample,float,rational-crossing,relationship,3,1,1,2048,205,5802300,0,0
sample,float,rational-crossing,relationship,3,1,2,2048,205,6414100,0,0
summary,float,rational-crossing,relationship,2833.154,2897.900,3131.885
sample,float,rational-crossing,clipping,3,1,0,128,13,11816100,2119680,0
sample,float,rational-crossing,clipping,3,1,1,128,13,7622500,2119680,0
sample,float,rational-crossing,clipping,3,1,2,128,13,7510100,2119680,0
summary,float,rational-crossing,clipping,58672.656,59550.781,92313.281
sample,float,sparse-1,relationship,4,1,0,2048,205,8558200,0,0
sample,float,sparse-1,relationship,4,1,1,2048,205,10278300,0,0
sample,float,sparse-1,relationship,4,1,2,2048,205,11738800,0,0
summary,float,sparse-1,relationship,4178.809,5018.701,5731.836
sample,float,sparse-1,clipping,4,1,0,128,13,11769500,2119680,0
sample,float,sparse-1,clipping,4,1,1,128,13,7932700,2119680,0
sample,float,sparse-1,clipping,4,1,2,128,13,9621900,2119680,0
summary,float,sparse-1,clipping,61974.219,75171.094,91949.219
sample,float,sparse-4,relationship,16,1,0,256,26,5845700,0,0
sample,float,sparse-4,relationship,16,1,1,256,26,9038000,0,0
sample,float,sparse-4,relationship,16,1,2,256,26,5548900,0,0
summary,float,sparse-4,relationship,21675.391,22834.766,35304.688
sample,float,sparse-4,clipping,16,1,0,64,7,5131900,1059840,0
sample,float,sparse-4,clipping,16,1,1,64,7,5476500,1059840,0
sample,float,sparse-4,clipping,16,1,2,64,7,5887000,1059840,0
summary,float,sparse-4,clipping,80185.938,85570.312,91984.375
sample,float,sparse-16,relationship,64,1,0,64,7,6895700,0,0
sample,float,sparse-16,relationship,64,1,1,64,7,5692500,0,0
sample,float,sparse-16,relationship,64,1,2,64,7,7726100,0,0
summary,float,sparse-16,relationship,88945.312,107745.312,120720.312
sample,float,sparse-16,clipping,64,1,0,64,7,9649700,1059840,0
sample,float,sparse-16,clipping,64,1,1,64,7,13744200,1059840,0
sample,float,sparse-16,clipping,64,1,2,64,7,19602900,1059840,0
summary,float,sparse-16,clipping,150776.562,214753.125,306295.312
sample,float,sparse-64,relationship,256,1,0,16,2,7082100,0,0
sample,float,sparse-64,relationship,256,1,1,16,2,5549700,0,0
sample,float,sparse-64,relationship,256,1,2,16,2,5669800,0,0
summary,float,sparse-64,relationship,346856.250,354362.500,442631.250
sample,float,sparse-64,clipping,256,1,0,16,2,7594500,264960,0
sample,float,sparse-64,clipping,256,1,1,16,2,11983400,264960,0
sample,float,sparse-64,clipping,256,1,2,16,2,8467800,264960,0
summary,float,sparse-64,clipping,474656.250,529237.500,748962.500
sample,float,dense-1,relationship,4,1,0,2048,205,11184900,0,0
sample,float,dense-1,relationship,4,1,1,2048,205,9097100,0,0
sample,float,dense-1,relationship,4,1,2,2048,205,10243900,0,0
summary,float,dense-1,relationship,4441.943,5001.904,5461.377
sample,float,dense-1,clipping,4,1,0,64,7,4238000,1059840,0
sample,float,dense-1,clipping,4,1,1,64,7,3908600,1059840,0
sample,float,dense-1,clipping,4,1,2,64,7,4454100,1059840,0
summary,float,dense-1,clipping,61071.875,66218.750,69595.312
sample,float,dense-4,relationship,16,4,0,256,26,6780000,0,0
sample,float,dense-4,relationship,16,4,1,256,26,7110600,0,0
sample,float,dense-4,relationship,16,4,2,256,26,8277800,0,0
summary,float,dense-4,relationship,26484.375,27775.781,32335.156
sample,float,dense-4,clipping,16,4,0,16,2,5651500,661760,0
sample,float,dense-4,clipping,16,4,1,16,2,5017800,661760,0
sample,float,dense-4,clipping,16,4,2,16,2,5429700,661760,0
summary,float,dense-4,clipping,313612.500,339356.250,353218.750
sample,float,dense-16,relationship,64,16,0,64,7,7435900,0,0
sample,float,dense-16,relationship,64,16,1,64,7,7318400,0,0
sample,float,dense-16,relationship,64,16,2,64,7,8677800,0,0
summary,float,dense-16,relationship,114350.000,116185.938,135590.625
sample,float,dense-16,clipping,64,16,0,4,1,5859900,580032,0
sample,float,dense-16,clipping,64,16,1,4,1,5475300,580032,0
sample,float,dense-16,clipping,64,16,2,4,1,6010500,580032,0
summary,float,dense-16,clipping,1368825.000,1464975.000,1502625.000
sample,float,dense-64,relationship,256,64,0,16,2,9665700,0,0
sample,float,dense-64,relationship,256,64,1,16,2,11360900,0,0
sample,float,dense-64,relationship,256,64,2,16,2,8002600,0,0
summary,float,dense-64,relationship,500162.500,604106.250,710056.250
sample,float,dense-64,clipping,256,64,0,1,1,6783300,556032,0
sample,float,dense-64,clipping,256,64,1,1,1,8429900,556032,0
sample,float,dense-64,clipping,256,64,2,1,1,9811000,556032,0
summary,float,dense-64,clipping,6783300.000,8429900.000,9811000.000
sample,float,subnormal,relationship,4,1,0,1024,103,6933400,0,0
sample,float,subnormal,relationship,4,1,1,1024,103,5169600,0,0
sample,float,subnormal,relationship,4,1,2,1024,103,4856800,0,0
summary,float,subnormal,relationship,4742.969,5048.438,6770.898
sample,float,subnormal,clipping,4,1,0,128,13,8015300,2119680,0
sample,float,subnormal,clipping,4,1,1,128,13,8551100,2119680,0
sample,float,subnormal,clipping,4,1,2,128,13,9647400,2119680,0
summary,float,subnormal,clipping,62619.531,66805.469,75370.312
sample,float,large-finite,relationship,4,1,0,2048,205,12260800,0,0
sample,float,large-finite,relationship,4,1,1,2048,205,21646900,0,0
sample,float,large-finite,relationship,4,1,2,2048,205,12058600,0,0
summary,float,large-finite,relationship,5887.988,5986.719,10569.775
sample,float,large-finite,clipping,4,1,0,128,13,10508500,2119680,0
sample,float,large-finite,clipping,4,1,1,128,13,12424000,2119680,0
sample,float,large-finite,clipping,4,1,2,128,13,11147300,2119680,0
summary,float,large-finite,clipping,82097.656,87088.281,97062.500
fixture,double,exterior,4,1,success,0
fixture,double,interior,4,4,success,1
fixture,double,crossing,4,7,success,1
fixture,double,boundary-only,4,10,success,1
fixture,double,boundary-overlap,4,11,success,1
fixture,double,isolated-tangent,4,3,success,0
fixture,double,degenerate-interior,4,4,success,0
fixture,double,degenerate-boundary,4,2,success,0
fixture,double,empty,0,1,success,0
fixture,double,concave-u,8,7,success,2
fixture,double,hole,8,7,success,2
fixture,double,hole-reversed,8,7,success,2
fixture,double,rational-crossing,3,7,success,1
fixture,double,sparse-1,4,7,success,1
fixture,double,sparse-4,16,7,success,1
fixture,double,sparse-16,64,7,success,1
fixture,double,sparse-64,256,7,success,1
fixture,double,dense-1,4,7,success,1
fixture,double,dense-4,16,7,success,4
fixture,double,dense-16,64,7,success,16
fixture,double,dense-64,256,7,success,64
fixture,double,subnormal,4,7,success,1
fixture,double,large-finite,4,7,success,1
preflight,double,23,PASS
sample,double,exterior,relationship,4,0,0,2048,205,8769100,0,0
sample,double,exterior,relationship,4,0,1,2048,205,8704900,0,0
sample,double,exterior,relationship,4,0,2,2048,205,8702600,0,0
summary,double,exterior,relationship,4249.316,4250.439,4281.787
sample,double,exterior,clipping,4,0,0,512,52,5837500,4243456,1
sample,double,exterior,clipping,4,0,1,512,52,5440300,4243456,1
sample,double,exterior,clipping,4,0,2,512,52,5352000,4243456,1
summary,double,exterior,clipping,10453.125,10625.586,11401.367
sample,double,interior,relationship,4,1,0,2048,205,9673000,0,0
sample,double,interior,relationship,4,1,1,2048,205,9435400,0,0
sample,double,interior,relationship,4,1,2,2048,205,10110800,0,0
summary,double,interior,relationship,4607.129,4723.145,4936.914
sample,double,interior,clipping,4,1,0,256,26,5650400,2134016,0
sample,double,interior,clipping,4,1,1,256,26,5872000,2134016,0
sample,double,interior,clipping,4,1,2,256,26,6375400,2134016,0
summary,double,interior,clipping,22071.875,22937.500,24903.906
sample,double,crossing,relationship,4,1,0,2048,205,8607700,0,0
sample,double,crossing,relationship,4,1,1,2048,205,8503500,0,0
sample,double,crossing,relationship,4,1,2,2048,205,8961000,0,0
summary,double,crossing,relationship,4152.100,4202.979,4375.488
sample,double,crossing,clipping,4,1,0,128,13,7233300,2119680,0
sample,double,crossing,clipping,4,1,1,128,13,10271200,2119680,0
sample,double,crossing,clipping,4,1,2,128,13,13294300,2119680,0
summary,double,crossing,clipping,56510.156,80243.750,103861.719
sample,double,boundary-only,relationship,4,1,0,2048,205,10005700,0,0
sample,double,boundary-only,relationship,4,1,1,2048,205,9872500,0,0
sample,double,boundary-only,relationship,4,1,2,2048,205,10012800,0,0
summary,double,boundary-only,relationship,4820.557,4885.596,4889.062
sample,double,boundary-only,clipping,4,1,0,256,26,9583900,5279744,1
sample,double,boundary-only,clipping,4,1,1,256,26,10820400,5279744,1
sample,double,boundary-only,clipping,4,1,2,256,26,11891500,5279744,1
summary,double,boundary-only,clipping,37437.109,42267.188,46451.172
sample,double,boundary-overlap,relationship,4,1,0,1024,103,5425500,0,0
sample,double,boundary-overlap,relationship,4,1,1,1024,103,5698300,0,0
sample,double,boundary-overlap,relationship,4,1,2,1024,103,5450000,0,0
summary,double,boundary-overlap,relationship,5298.340,5322.266,5564.746
sample,double,boundary-overlap,clipping,4,1,0,128,13,6330500,2643968,0
sample,double,boundary-overlap,clipping,4,1,1,128,13,8733800,2643968,0
sample,double,boundary-overlap,clipping,4,1,2,128,13,6606100,2643968,0
summary,double,boundary-overlap,clipping,49457.031,51610.156,68232.812
sample,double,isolated-tangent,relationship,4,0,0,1024,103,9157200,0,0
sample,double,isolated-tangent,relationship,4,0,1,1024,103,7128700,0,0
sample,double,isolated-tangent,relationship,4,0,2,1024,103,7085000,0,0
summary,double,isolated-tangent,relationship,6918.945,6961.621,8942.578
sample,double,isolated-tangent,clipping,4,0,0,256,26,5267600,4218880,1
sample,double,isolated-tangent,clipping,4,0,1,256,26,4835400,4218880,1
sample,double,isolated-tangent,clipping,4,0,2,256,26,5387100,4218880,1
summary,double,isolated-tangent,clipping,18888.281,20576.562,21043.359
sample,double,degenerate-interior,relationship,4,0,0,65536,6554,5992700,0,0
sample,double,degenerate-interior,relationship,4,0,1,65536,6554,8312200,0,0
sample,double,degenerate-interior,relationship,4,0,2,65536,6554,7054600,0,0
summary,double,degenerate-interior,relationship,91.441,107.645,126.834
sample,double,degenerate-interior,clipping,4,0,0,65536,6554,673300,0,0
sample,double,degenerate-interior,clipping,4,0,1,65536,6554,869000,0,0
sample,double,degenerate-interior,clipping,4,0,2,65536,6554,726100,0,0
summary,double,degenerate-interior,clipping,10.274,11.079,13.260
sample,double,degenerate-boundary,relationship,4,0,0,65536,6554,5401000,0,0
sample,double,degenerate-boundary,relationship,4,0,1,65536,6554,5478900,0,0
sample,double,degenerate-boundary,relationship,4,0,2,65536,6554,5593500,0,0
summary,double,degenerate-boundary,relationship,82.413,83.601,85.350
sample,double,degenerate-boundary,clipping,4,0,0,65536,6554,595200,0,0
sample,double,degenerate-boundary,clipping,4,0,1,65536,6554,796300,0,0
sample,double,degenerate-boundary,clipping,4,0,2,65536,6554,1128500,0,0
summary,double,degenerate-boundary,clipping,9.082,12.151,17.220
sample,double,empty,relationship,0,0,0,65536,6554,1113400,0,0
sample,double,empty,relationship,0,0,1,65536,6554,1121800,0,0
sample,double,empty,relationship,0,0,2,65536,6554,1073900,0,0
summary,double,empty,relationship,16.386,16.989,17.117
sample,double,empty,clipping,0,0,0,65536,6554,803000,0,0
sample,double,empty,clipping,0,0,1,65536,6554,815200,0,0
sample,double,empty,clipping,0,0,2,65536,6554,624700,0,0
summary,double,empty,clipping,9.532,12.253,12.439
sample,double,concave-u,relationship,8,2,0,512,52,9340500,0,0
sample,double,concave-u,relationship,8,2,1,512,52,5918100,0,0
sample,double,concave-u,relationship,8,2,2,512,52,6292500,0,0
summary,double,concave-u,relationship,11558.789,12290.039,18243.164
sample,double,concave-u,clipping,8,2,0,32,4,6243900,794624,0
sample,double,concave-u,clipping,8,2,1,32,4,5440100,794624,0
sample,double,concave-u,clipping,8,2,2,32,4,8660800,794624,0
summary,double,concave-u,clipping,170003.125,195121.875,270650.000
sample,double,hole,relationship,8,2,0,512,52,6736800,0,0
sample,double,hole,relationship,8,2,1,512,52,6156700,0,0
sample,double,hole,relationship,8,2,2,512,52,6169100,0,0
summary,double,hole,relationship,12024.805,12049.023,13157.812
sample,double,hole,clipping,8,2,0,64,7,9349800,1589248,0
sample,double,hole,clipping,8,2,1,64,7,10615200,1589248,0
sample,double,hole,clipping,8,2,2,64,7,13163300,1589248,0
summary,double,hole,clipping,146090.625,165862.500,205676.562
sample,double,hole-reversed,relationship,8,2,0,512,52,7368700,0,0
sample,double,hole-reversed,relationship,8,2,1,512,52,7469100,0,0
sample,double,hole-reversed,relationship,8,2,2,512,52,8316800,0,0
summary,double,hole-reversed,relationship,14391.992,14588.086,16243.750
sample,double,hole-reversed,clipping,8,2,0,64,7,10686900,1589248,0
sample,double,hole-reversed,clipping,8,2,1,64,7,10784300,1589248,0
sample,double,hole-reversed,clipping,8,2,2,64,7,9935300,1589248,0
summary,double,hole-reversed,clipping,155239.062,166982.812,168504.688
sample,double,rational-crossing,relationship,3,1,0,2048,205,5688000,0,0
sample,double,rational-crossing,relationship,3,1,1,2048,205,5710600,0,0
sample,double,rational-crossing,relationship,3,1,2,2048,205,9273500,0,0
summary,double,rational-crossing,relationship,2777.344,2788.379,4528.076
sample,double,rational-crossing,clipping,3,1,0,128,13,10131400,2119680,0
sample,double,rational-crossing,clipping,3,1,1,128,13,8490300,2119680,0
sample,double,rational-crossing,clipping,3,1,2,128,13,7945900,2119680,0
summary,double,rational-crossing,clipping,62077.344,66330.469,79151.562
sample,double,sparse-1,relationship,4,1,0,2048,205,11119700,0,0
sample,double,sparse-1,relationship,4,1,1,2048,205,10526100,0,0
sample,double,sparse-1,relationship,4,1,2,2048,205,11760100,0,0
summary,double,sparse-1,relationship,5139.697,5429.541,5742.236
sample,double,sparse-1,clipping,4,1,0,128,13,10536100,2119680,0
sample,double,sparse-1,clipping,4,1,1,128,13,7765600,2119680,0
sample,double,sparse-1,clipping,4,1,2,128,13,11836000,2119680,0
summary,double,sparse-1,clipping,60668.750,82313.281,92468.750
sample,double,sparse-4,relationship,16,1,0,256,26,6298800,0,0
sample,double,sparse-4,relationship,16,1,1,256,26,6853600,0,0
sample,double,sparse-4,relationship,16,1,2,256,26,5223100,0,0
summary,double,sparse-4,relationship,20402.734,24604.688,26771.875
sample,double,sparse-4,clipping,16,1,0,64,7,5026500,1059840,0
sample,double,sparse-4,clipping,16,1,1,64,7,4923400,1059840,0
sample,double,sparse-4,clipping,16,1,2,64,7,6150100,1059840,0
summary,double,sparse-4,clipping,76928.125,78539.062,96095.312
sample,double,sparse-16,relationship,64,1,0,64,7,5707800,0,0
sample,double,sparse-16,relationship,64,1,1,64,7,5183200,0,0
sample,double,sparse-16,relationship,64,1,2,64,7,5726900,0,0
summary,double,sparse-16,relationship,80987.500,89184.375,89482.812
sample,double,sparse-16,clipping,64,1,0,64,7,10190500,1059840,0
sample,double,sparse-16,clipping,64,1,1,64,7,11418700,1059840,0
sample,double,sparse-16,clipping,64,1,2,64,7,9339400,1059840,0
summary,double,sparse-16,clipping,145928.125,159226.562,178417.188
sample,double,sparse-64,relationship,256,1,0,16,2,6184000,0,0
sample,double,sparse-64,relationship,256,1,1,16,2,5380000,0,0
sample,double,sparse-64,relationship,256,1,2,16,2,5368300,0,0
summary,double,sparse-64,relationship,335518.750,336250.000,386500.000
sample,double,sparse-64,clipping,256,1,0,16,2,7107200,264960,0
sample,double,sparse-64,clipping,256,1,1,16,2,7089300,264960,0
sample,double,sparse-64,clipping,256,1,2,16,2,7045100,264960,0
summary,double,sparse-64,clipping,440318.750,443081.250,444200.000
sample,double,dense-1,relationship,4,1,0,1024,103,5970900,0,0
sample,double,dense-1,relationship,4,1,1,1024,103,6345700,0,0
sample,double,dense-1,relationship,4,1,2,1024,103,4378500,0,0
summary,double,dense-1,relationship,4275.879,5830.957,6196.973
sample,double,dense-1,clipping,4,1,0,128,13,10551700,2119680,0
sample,double,dense-1,clipping,4,1,1,128,13,8693300,2119680,0
sample,double,dense-1,clipping,4,1,2,128,13,8275900,2119680,0
summary,double,dense-1,clipping,64655.469,67916.406,82435.156
sample,double,dense-4,relationship,16,4,0,256,26,10803300,0,0
sample,double,dense-4,relationship,16,4,1,256,26,8240800,0,0
sample,double,dense-4,relationship,16,4,2,256,26,7502700,0,0
summary,double,dense-4,relationship,29307.422,32190.625,42200.391
sample,double,dense-4,clipping,16,4,0,16,2,4909200,661760,0
sample,double,dense-4,clipping,16,4,1,16,2,4629600,661760,0
sample,double,dense-4,clipping,16,4,2,16,2,4927000,661760,0
summary,double,dense-4,clipping,289350.000,306825.000,307937.500
sample,double,dense-16,relationship,64,16,0,64,7,13195800,0,0
sample,double,dense-16,relationship,64,16,1,64,7,8391200,0,0
sample,double,dense-16,relationship,64,16,2,64,7,7409000,0,0
summary,double,dense-16,relationship,115765.625,131112.500,206184.375
sample,double,dense-16,clipping,64,16,0,4,1,6858100,580032,0
sample,double,dense-16,clipping,64,16,1,4,1,6209300,580032,0
sample,double,dense-16,clipping,64,16,2,4,1,7248200,580032,0
summary,double,dense-16,clipping,1552325.000,1714525.000,1812050.000
sample,double,dense-64,relationship,256,64,0,16,2,7737500,0,0
sample,double,dense-64,relationship,256,64,1,16,2,7873100,0,0
sample,double,dense-64,relationship,256,64,2,16,2,8234500,0,0
summary,double,dense-64,relationship,483593.750,492068.750,514656.250
sample,double,dense-64,clipping,256,64,0,1,1,6979200,556032,0
sample,double,dense-64,clipping,256,64,1,1,1,10025900,556032,0
sample,double,dense-64,clipping,256,64,2,1,1,11632400,556032,0
summary,double,dense-64,clipping,6979200.000,10025900.000,11632400.000
sample,double,subnormal,relationship,4,1,0,256,26,9034400,0,0
sample,double,subnormal,relationship,4,1,1,256,26,8909600,0,0
sample,double,subnormal,relationship,4,1,2,256,26,8590200,0,0
summary,double,subnormal,relationship,33555.469,34803.125,35290.625
sample,double,subnormal,clipping,4,1,0,32,4,3430300,529920,0
sample,double,subnormal,clipping,4,1,1,32,4,3505800,529920,0
sample,double,subnormal,clipping,4,1,2,32,4,3558700,529920,0
summary,double,subnormal,clipping,107196.875,109556.250,111209.375
sample,double,large-finite,relationship,4,1,0,256,26,7960900,0,0
sample,double,large-finite,relationship,4,1,1,256,26,8036400,0,0
sample,double,large-finite,relationship,4,1,2,256,26,8297300,0,0
summary,double,large-finite,relationship,31097.266,31392.188,32411.328
sample,double,large-finite,clipping,4,1,0,64,7,8275300,1059840,0
sample,double,large-finite,clipping,4,1,1,64,7,7033600,1059840,0
sample,double,large-finite,clipping,4,1,2,64,7,8281800,1059840,0
summary,double,large-finite,clipping,109900.000,129301.562,129403.125
sink,11096495437867771223
