fixture_header,scalar,case,edges,expected_fact_bits,expected_status,expected_components
sample_header,scalar,case,operation,edges,expected_components,round,iterations,warmup,elapsed_ns,gc_bytes,gc_collections
summary_header,scalar,case,operation,min_ns_per_op,median_ns_per_op,max_ns_per_op
fixture,int,exterior,4,1,success,0
fixture,int,interior,4,4,success,1
fixture,int,crossing,4,7,success,1
fixture,int,boundary-only,4,10,success,1
fixture,int,boundary-overlap,4,11,success,1
fixture,int,isolated-tangent,4,3,success,0
fixture,int,degenerate-interior,4,4,success,0
fixture,int,degenerate-boundary,4,2,success,0
fixture,int,empty,0,1,success,0
fixture,int,concave-u,8,7,success,2
fixture,int,hole,8,7,success,2
fixture,int,hole-reversed,8,7,success,2
fixture,int,rational-crossing,3,7,success,1
fixture,int,sparse-1,4,7,success,1
fixture,int,sparse-4,16,7,success,1
fixture,int,sparse-16,64,7,success,1
fixture,int,sparse-64,256,7,success,1
fixture,int,dense-1,4,7,success,1
fixture,int,dense-4,16,7,success,4
fixture,int,dense-16,64,7,success,16
fixture,int,dense-64,256,7,success,64
fixture,int,wide-integral,4,7,success,1
preflight,int,22,PASS
sample,int,exterior,relationship,4,0,0,8192,820,7721500,0,0
sample,int,exterior,relationship,4,0,1,8192,820,9310600,0,0
sample,int,exterior,relationship,4,0,2,8192,820,7799100,0,0
summary,int,exterior,relationship,942.566,952.039,1136.548
sample,int,exterior,clipping,4,0,0,2048,205,5632000,50528256,12
sample,int,exterior,clipping,4,0,1,2048,205,6404800,50528256,12
sample,int,exterior,clipping,4,0,2,2048,205,8005900,50528256,12
summary,int,exterior,clipping,2750.000,3127.344,3909.131
sample,int,interior,relationship,4,1,0,8192,820,11100400,0,0
sample,int,interior,relationship,4,1,1,8192,820,7263900,0,0
sample,int,interior,relationship,4,1,2,8192,820,7272700,0,0
summary,int,interior,relationship,886.707,887.781,1355.029
sample,int,interior,clipping,4,1,0,1024,103,6546300,25313280,6
sample,int,interior,clipping,4,1,1,1024,103,7155700,25313280,6
sample,int,interior,clipping,4,1,2,1024,103,6731600,25313280,6
summary,int,interior,clipping,6392.871,6573.828,6987.988
sample,int,crossing,relationship,4,1,0,8192,820,8233400,0,0
sample,int,crossing,relationship,4,1,1,8192,820,8051400,0,0
sample,int,crossing,relationship,4,1,2,8192,820,14484300,0,0
summary,int,crossing,relationship,982.837,1005.054,1768.103
sample,int,crossing,clipping,4,1,0,256,26,5915700,6336512,1
sample,int,crossing,clipping,4,1,1,256,26,4648900,6336512,1
sample,int,crossing,clipping,4,1,2,256,26,4945900,6336512,1
summary,int,crossing,clipping,18159.766,19319.922,23108.203
sample,int,boundary-only,relationship,4,1,0,4096,410,4320100,0,0
sample,int,boundary-only,relationship,4,1,1,4096,410,7397400,0,0
sample,int,boundary-only,relationship,4,1,2,4096,410,6775100,0,0
summary,int,boundary-only,relationship,1054.712,1654.077,1806.006
sample,int,boundary-only,clipping,4,1,0,256,26,2510300,6328320,1
sample,int,boundary-only,clipping,4,1,1,256,26,2437200,6328320,1
sample,int,boundary-only,clipping,4,1,2,256,26,5527900,6328320,1
summary,int,boundary-only,clipping,9520.312,9805.859,21593.359
sample,int,boundary-overlap,relationship,4,1,0,4096,410,6320300,0,0
sample,int,boundary-overlap,relationship,4,1,1,4096,410,4242800,0,0
sample,int,boundary-overlap,relationship,4,1,2,4096,410,4217900,0,0
summary,int,boundary-overlap,relationship,1029.761,1035.840,1543.042
sample,int,boundary-overlap,clipping,4,1,0,512,52,7496600,12673024,3
sample,int,boundary-overlap,clipping,4,1,1,512,52,8294500,12673024,3
sample,int,boundary-overlap,clipping,4,1,2,512,52,6511900,12673024,3
summary,int,boundary-overlap,clipping,12718.555,14641.797,16200.195
sample,int,isolated-tangent,relationship,4,0,0,8192,820,9150200,0,0
sample,int,isolated-tangent,relationship,4,0,1,8192,820,8416500,0,0
sample,int,isolated-tangent,relationship,4,0,2,8192,820,10201100,0,0
summary,int,isolated-tangent,relationship,1027.405,1116.968,1245.251
sample,int,isolated-tangent,clipping,4,0,0,2048,205,10408800,50528256,12
sample,int,isolated-tangent,clipping,4,0,1,2048,205,13772500,50528256,12
sample,int,isolated-tangent,clipping,4,0,2,2048,205,10179600,50528256,12
summary,int,isolated-tangent,clipping,4970.508,5082.422,6724.854
sample,int,degenerate-interior,relationship,4,0,0,65536,6554,1796400,0,0
sample,int,degenerate-interior,relationship,4,0,1,65536,6554,1387500,0,0
sample,int,degenerate-interior,relationship,4,0,2,65536,6554,1296700,0,0
summary,int,degenerate-interior,relationship,19.786,21.172,27.411
sample,int,degenerate-interior,clipping,4,0,0,65536,6554,267400,0,0
sample,int,degenerate-interior,clipping,4,0,1,65536,6554,239600,0,0
sample,int,degenerate-interior,clipping,4,0,2,65536,6554,243700,0,0
summary,int,degenerate-interior,clipping,3.656,3.719,4.080
sample,int,degenerate-boundary,relationship,4,0,0,65536,6554,1191200,0,0
sample,int,degenerate-boundary,relationship,4,0,1,65536,6554,1191500,0,0
sample,int,degenerate-boundary,relationship,4,0,2,65536,6554,1190400,0,0
summary,int,degenerate-boundary,relationship,18.164,18.176,18.181
sample,int,degenerate-boundary,clipping,4,0,0,65536,6554,257600,0,0
sample,int,degenerate-boundary,clipping,4,0,1,65536,6554,240400,0,0
sample,int,degenerate-boundary,clipping,4,0,2,65536,6554,240300,0,0
summary,int,degenerate-boundary,clipping,3.667,3.668,3.931
sample,int,empty,relationship,0,0,0,65536,6554,320400,0,0
sample,int,empty,relationship,0,0,1,65536,6554,350500,0,0
sample,int,empty,relationship,0,0,2,65536,6554,409100,0,0
summary,int,empty,relationship,4.889,5.348,6.242
sample,int,empty,clipping,0,0,0,65536,6554,246800,0,0
sample,int,empty,clipping,0,0,1,65536,6554,240200,0,0
sample,int,empty,clipping,0,0,2,65536,6554,248100,0,0
summary,int,empty,clipping,3.665,3.766,3.786
sample,int,concave-u,relationship,8,2,0,2048,205,6872300,0,0
sample,int,concave-u,relationship,8,2,1,2048,205,6689400,0,0
sample,int,concave-u,relationship,8,2,2,2048,205,5003700,0,0
summary,int,concave-u,relationship,2443.213,3266.309,3355.615
sample,int,concave-u,clipping,8,2,0,256,26,8963800,10551296,2
sample,int,concave-u,clipping,8,2,1,256,26,10495000,10551296,2
sample,int,concave-u,clipping,8,2,2,256,26,11827200,10551296,2
summary,int,concave-u,clipping,35014.844,40996.094,46200.000
sample,int,hole,relationship,8,2,0,4096,410,10198900,0,0
sample,int,hole,relationship,8,2,1,4096,410,9251200,0,0
sample,int,hole,relationship,8,2,2,4096,410,9704600,0,0
summary,int,hole,relationship,2258.594,2369.287,2489.966
sample,int,hole,clipping,8,2,0,256,26,11143000,10551296,2
sample,int,hole,clipping,8,2,1,256,26,9378200,10551296,2
sample,int,hole,clipping,8,2,2,256,26,10507100,10551296,2
summary,int,hole,clipping,36633.594,41043.359,43527.344
sample,int,hole-reversed,relationship,8,2,0,2048,205,5014400,0,0
sample,int,hole-reversed,relationship,8,2,1,2048,205,5296600,0,0
sample,int,hole-reversed,relationship,8,2,2,2048,205,4674000,0,0
summary,int,hole-reversed,relationship,2282.227,2448.438,2586.230
sample,int,hole-reversed,clipping,8,2,0,256,26,9293000,10551296,2
sample,int,hole-reversed,clipping,8,2,1,256,26,9702700,10551296,2
sample,int,hole-reversed,clipping,8,2,2,256,26,9701700,10551296,2
summary,int,hole-reversed,clipping,36300.781,37897.266,37901.172
sample,int,rational-crossing,relationship,3,1,0,8192,820,5350300,0,0
sample,int,rational-crossing,relationship,3,1,1,8192,820,4993800,0,0
sample,int,rational-crossing,relationship,3,1,2,8192,820,5371700,0,0
summary,int,rational-crossing,relationship,609.595,653.113,655.725
sample,int,rational-crossing,clipping,3,1,0,512,52,8494400,10575872,2
sample,int,rational-crossing,clipping,3,1,1,512,52,8321900,10575872,2
sample,int,rational-crossing,clipping,3,1,2,512,52,9852900,10575872,2
summary,int,rational-crossing,clipping,16253.711,16590.625,19243.945
sample,int,sparse-1,relationship,4,1,0,8192,820,7153000,0,0
sample,int,sparse-1,relationship,4,1,1,8192,820,8811400,0,0
sample,int,sparse-1,relationship,4,1,2,8192,820,7825900,0,0
summary,int,sparse-1,relationship,873.169,955.310,1075.610
sample,int,sparse-1,clipping,4,1,0,512,52,8733400,12673024,3
sample,int,sparse-1,clipping,4,1,1,512,52,8124700,12673024,3
sample,int,sparse-1,clipping,4,1,2,512,52,8658400,12673024,3
summary,int,sparse-1,clipping,15868.555,16910.938,17057.422
sample,int,sparse-4,relationship,16,1,0,1024,103,4302100,0,0
sample,int,sparse-4,relationship,16,1,1,1024,103,4054500,0,0
sample,int,sparse-4,relationship,16,1,2,1024,103,4051300,0,0
summary,int,sparse-4,relationship,3956.348,3959.473,4201.270
sample,int,sparse-4,clipping,16,1,0,256,26,5300700,18919424,4
sample,int,sparse-4,clipping,16,1,1,256,26,5769700,18919424,4
sample,int,sparse-4,clipping,16,1,2,256,26,5648700,18919424,4
summary,int,sparse-4,clipping,20705.859,22065.234,22537.891
sample,int,sparse-16,relationship,64,1,0,512,52,8703600,0,0
sample,int,sparse-16,relationship,64,1,1,512,52,8631800,0,0
sample,int,sparse-16,relationship,64,1,2,512,52,8452500,0,0
summary,int,sparse-16,relationship,16508.789,16858.984,16999.219
sample,int,sparse-16,clipping,64,1,0,128,13,5538500,35674112,9
sample,int,sparse-16,clipping,64,1,1,128,13,5151400,35674112,9
sample,int,sparse-16,clipping,64,1,2,128,13,5705500,35674112,9
summary,int,sparse-16,clipping,40245.312,43269.531,44574.219
sample,int,sparse-64,relationship,256,1,0,128,13,9238200,0,0
sample,int,sparse-64,relationship,256,1,1,128,13,10131900,0,0
sample,int,sparse-64,relationship,256,1,2,128,13,8973300,0,0
summary,int,sparse-64,relationship,70103.906,72173.438,79155.469
sample,int,sparse-64,clipping,256,1,0,64,7,8030800,70003712,31
sample,int,sparse-64,clipping,256,1,1,64,7,9200500,70003712,31
sample,int,sparse-64,clipping,256,1,2,64,7,8055000,70003712,31
summary,int,sparse-64,clipping,125481.250,125859.375,143757.812
sample,int,dense-1,relationship,4,1,0,8192,820,7418000,0,0
sample,int,dense-1,relationship,4,1,1,8192,820,7062200,0,0
sample,int,dense-1,relationship,4,1,2,8192,820,7108200,0,0
summary,int,dense-1,relationship,862.085,867.700,905.518
sample,int,dense-1,clipping,4,1,0,512,52,8386200,12673024,3
sample,int,dense-1,clipping,4,1,1,512,52,8496600,12673024,3
sample,int,dense-1,clipping,4,1,2,512,52,8341700,12673024,3
summary,int,dense-1,clipping,16292.383,16379.297,16594.922
sample,int,dense-4,relationship,16,4,0,1024,103,5453500,0,0
sample,int,dense-4,relationship,16,4,1,1024,103,5489600,0,0
sample,int,dense-4,relationship,16,4,2,1024,103,5642900,0,0
summary,int,dense-4,relationship,5325.684,5360.938,5510.645
sample,int,dense-4,clipping,16,4,0,64,7,5270900,4744192,1
sample,int,dense-4,clipping,16,4,1,64,7,6334700,4744192,1
sample,int,dense-4,clipping,16,4,2,64,7,5084000,4744192,1
summary,int,dense-4,clipping,79437.500,82357.812,98979.688
sample,int,dense-16,relationship,64,16,0,256,26,6290300,0,0
sample,int,dense-16,relationship,64,16,1,256,26,6171700,0,0
sample,int,dense-16,relationship,64,16,2,256,26,5851100,0,0
summary,int,dense-16,relationship,22855.859,24108.203,24571.484
sample,int,dense-16,clipping,64,16,0,16,2,6770300,4482816,1
sample,int,dense-16,clipping,64,16,1,16,2,6222100,4482816,1
sample,int,dense-16,clipping,64,16,2,16,2,10196100,4482816,1
summary,int,dense-16,clipping,388881.250,423143.750,637256.250
sample,int,dense-64,relationship,256,64,0,64,7,6467300,0,0
sample,int,dense-64,relationship,256,64,1,64,7,6100300,0,0
sample,int,dense-64,relationship,256,64,2,64,7,5967000,0,0
summary,int,dense-64,relationship,93234.375,95317.188,101051.562
sample,int,dense-64,clipping,256,64,0,4,1,7807800,4403200,1
sample,int,dense-64,clipping,256,64,1,4,1,7482500,4403200,1
sample,int,dense-64,clipping,256,64,2,4,1,7677200,4403200,1
summary,int,dense-64,clipping,1870625.000,1919300.000,1951950.000
sample,int,wide-integral,relationship,4,1,0,8192,820,6895400,0,0
sample,int,wide-integral,relationship,4,1,1,8192,820,7194200,0,0
sample,int,wide-integral,relationship,4,1,2,8192,820,6870500,0,0
summary,int,wide-integral,relationship,838.684,841.724,878.198
sample,int,wide-integral,clipping,4,1,0,256,26,4350900,6336512,1
sample,int,wide-integral,clipping,4,1,1,256,26,4340100,6336512,1
sample,int,wide-integral,clipping,4,1,2,256,26,6311000,6336512,1
summary,int,wide-integral,clipping,16953.516,16995.703,24652.344
fixture,long,exterior,4,1,success,0
fixture,long,interior,4,4,success,1
fixture,long,crossing,4,7,success,1
fixture,long,boundary-only,4,10,success,1
fixture,long,boundary-overlap,4,11,success,1
fixture,long,isolated-tangent,4,3,success,0
fixture,long,degenerate-interior,4,4,success,0
fixture,long,degenerate-boundary,4,2,success,0
fixture,long,empty,0,1,success,0
fixture,long,concave-u,8,7,success,2
fixture,long,hole,8,7,success,2
fixture,long,hole-reversed,8,7,success,2
fixture,long,rational-crossing,3,7,success,1
fixture,long,sparse-1,4,7,success,1
fixture,long,sparse-4,16,7,success,1
fixture,long,sparse-16,64,7,success,1
fixture,long,sparse-64,256,7,success,1
fixture,long,dense-1,4,7,success,1
fixture,long,dense-4,16,7,success,4
fixture,long,dense-16,64,7,success,16
fixture,long,dense-64,256,7,success,64
fixture,long,wide-integral,4,7,success,1
fixture,long,endpoint-collapse,4,6,unrepresentableConstruction,0
fixture,long,gap-collapse,8,7,unrepresentableConstruction,0
preflight,long,24,PASS
sample,long,exterior,relationship,4,0,0,8192,820,8663700,0,0
sample,long,exterior,relationship,4,0,1,8192,820,11386700,0,0
sample,long,exterior,relationship,4,0,2,8192,820,8638400,0,0
summary,long,exterior,relationship,1054.492,1057.581,1389.978
sample,long,exterior,clipping,4,0,0,2048,205,7650100,50528256,12
sample,long,exterior,clipping,4,0,1,2048,205,6504200,50528256,12
sample,long,exterior,clipping,4,0,2,2048,205,6444800,50528256,12
summary,long,exterior,clipping,3146.875,3175.879,3735.400
sample,long,interior,relationship,4,1,0,8192,820,8930800,0,0
sample,long,interior,relationship,4,1,1,8192,820,8896800,0,0
sample,long,interior,relationship,4,1,2,8192,820,8934600,0,0
summary,long,interior,relationship,1086.035,1090.186,1090.649
sample,long,interior,clipping,4,1,0,1024,103,8734500,25313280,6
sample,long,interior,clipping,4,1,1,1024,103,6505000,25313280,6
sample,long,interior,clipping,4,1,2,1024,103,6683200,25313280,6
summary,long,interior,clipping,6352.539,6526.562,8529.785
sample,long,crossing,relationship,4,1,0,8192,820,8362700,0,0
sample,long,crossing,relationship,4,1,1,8192,820,8337200,0,0
sample,long,crossing,relationship,4,1,2,8192,820,8234400,0,0
summary,long,crossing,relationship,1005.176,1017.725,1020.837
sample,long,crossing,clipping,4,1,0,256,26,5782700,6336512,1
sample,long,crossing,clipping,4,1,1,256,26,4161400,6336512,1
sample,long,crossing,clipping,4,1,2,256,26,4243100,6336512,1
summary,long,crossing,clipping,16255.469,16574.609,22588.672
sample,long,boundary-only,relationship,4,1,0,4096,410,5138100,0,0
sample,long,boundary-only,relationship,4,1,1,4096,410,5092200,0,0
sample,long,boundary-only,relationship,4,1,2,4096,410,5074200,0,0
summary,long,boundary-only,relationship,1238.818,1243.213,1254.419
sample,long,boundary-only,clipping,4,1,0,512,52,5571100,12656640,3
sample,long,boundary-only,clipping,4,1,1,512,52,5588900,12656640,3
sample,long,boundary-only,clipping,4,1,2,512,52,5408000,12656640,3
summary,long,boundary-only,clipping,10562.500,10881.055,10915.820
sample,long,boundary-overlap,relationship,4,1,0,4096,410,5936000,0,0
sample,long,boundary-overlap,relationship,4,1,1,4096,410,5978700,0,0
sample,long,boundary-overlap,relationship,4,1,2,4096,410,5922000,0,0
summary,long,boundary-overlap,relationship,1445.801,1449.219,1459.644
sample,long,boundary-overlap,clipping,4,1,0,512,52,5919400,12673024,3
sample,long,boundary-overlap,clipping,4,1,1,512,52,5837300,12673024,3
sample,long,boundary-overlap,clipping,4,1,2,512,52,5816100,12673024,3
summary,long,boundary-overlap,clipping,11359.570,11400.977,11561.328
sample,long,isolated-tangent,relationship,4,0,0,4096,410,5547600,0,0
sample,long,isolated-tangent,relationship,4,0,1,4096,410,5563800,0,0
sample,long,isolated-tangent,relationship,4,0,2,4096,410,5497500,0,0
summary,long,isolated-tangent,relationship,1342.163,1354.395,1358.350
sample,long,isolated-tangent,clipping,4,0,0,1024,103,5354100,25264128,6
sample,long,isolated-tangent,clipping,4,0,1,1024,103,5462100,25264128,6
sample,long,isolated-tangent,clipping,4,0,2,1024,103,5535400,25264128,6
summary,long,isolated-tangent,clipping,5228.613,5334.082,5405.664
sample,long,degenerate-interior,relationship,4,0,0,65536,6554,1565800,0,0
sample,long,degenerate-interior,relationship,4,0,1,65536,6554,1425600,0,0
sample,long,degenerate-interior,relationship,4,0,2,65536,6554,1475800,0,0
summary,long,degenerate-interior,relationship,21.753,22.519,23.892
sample,long,degenerate-interior,clipping,4,0,0,65536,6554,278600,0,0
sample,long,degenerate-interior,clipping,4,0,1,65536,6554,266100,0,0
sample,long,degenerate-interior,clipping,4,0,2,65536,6554,266200,0,0
summary,long,degenerate-interior,clipping,4.060,4.062,4.251
sample,long,degenerate-boundary,relationship,4,0,0,65536,6554,1525400,0,0
sample,long,degenerate-boundary,relationship,4,0,1,65536,6554,1484000,0,0
sample,long,degenerate-boundary,relationship,4,0,2,65536,6554,1534100,0,0
summary,long,degenerate-boundary,relationship,22.644,23.276,23.409
sample,long,degenerate-boundary,clipping,4,0,0,65536,6554,277400,0,0
sample,long,degenerate-boundary,clipping,4,0,1,65536,6554,266100,0,0
sample,long,degenerate-boundary,clipping,4,0,2,65536,6554,266100,0,0
summary,long,degenerate-boundary,clipping,4.060,4.060,4.233
sample,long,empty,relationship,0,0,0,65536,6554,938800,0,0
sample,long,empty,relationship,0,0,1,65536,6554,964400,0,0
sample,long,empty,relationship,0,0,2,65536,6554,935100,0,0
summary,long,empty,relationship,14.268,14.325,14.716
sample,long,empty,clipping,0,0,0,65536,6554,300600,0,0
sample,long,empty,clipping,0,0,1,65536,6554,266200,0,0
sample,long,empty,clipping,0,0,2,65536,6554,266100,0,0
summary,long,empty,clipping,4.060,4.062,4.587
sample,long,concave-u,relationship,8,2,0,2048,205,5564000,0,0
sample,long,concave-u,relationship,8,2,1,2048,205,5572700,0,0
sample,long,concave-u,relationship,8,2,2,2048,205,5576600,0,0
summary,long,concave-u,relationship,2716.797,2721.045,2722.949
sample,long,concave-u,clipping,8,2,0,256,26,8958200,10551296,2
sample,long,concave-u,clipping,8,2,1,256,26,8921900,10551296,2
sample,long,concave-u,clipping,8,2,2,256,26,9353700,10551296,2
summary,long,concave-u,clipping,34851.172,34992.969,36537.891
sample,long,hole,relationship,8,2,0,2048,205,5632100,0,0
sample,long,hole,relationship,8,2,1,2048,205,5620500,0,0
sample,long,hole,relationship,8,2,2,2048,205,5686600,0,0
summary,long,hole,relationship,2744.385,2750.049,2776.660
sample,long,hole,clipping,8,2,0,256,26,8987400,10551296,2
sample,long,hole,clipping,8,2,1,256,26,8997000,10551296,2
sample,long,hole,clipping,8,2,2,256,26,9100100,10551296,2
summary,long,hole,clipping,35107.031,35144.531,35547.266
sample,long,hole-reversed,relationship,8,2,0,2048,205,5623200,0,0
sample,long,hole-reversed,relationship,8,2,1,2048,205,5605700,0,0
sample,long,hole-reversed,relationship,8,2,2,2048,205,5572000,0,0
summary,long,hole-reversed,relationship,2720.703,2737.158,2745.703
sample,long,hole-reversed,clipping,8,2,0,256,26,8981900,10551296,2
sample,long,hole-reversed,clipping,8,2,1,256,26,8978400,10551296,2
sample,long,hole-reversed,clipping,8,2,2,256,26,8975100,10551296,2
summary,long,hole-reversed,clipping,35058.984,35071.875,35085.547
sample,long,rational-crossing,relationship,3,1,0,8192,820,5841400,0,0
sample,long,rational-crossing,relationship,3,1,1,8192,820,6197300,0,0
sample,long,rational-crossing,relationship,3,1,2,8192,820,5863200,0,0
summary,long,rational-crossing,relationship,713.062,715.723,756.506
sample,long,rational-crossing,clipping,3,1,0,512,52,8123900,10575872,2
sample,long,rational-crossing,clipping,3,1,1,512,52,8100300,10575872,2
sample,long,rational-crossing,clipping,3,1,2,512,52,7997700,10575872,2
summary,long,rational-crossing,clipping,15620.508,15820.898,15866.992
sample,long,sparse-1,relationship,4,1,0,8192,820,8309100,0,0
sample,long,sparse-1,relationship,4,1,1,8192,820,8264200,0,0
sample,long,sparse-1,relationship,4,1,2,8192,820,8275100,0,0
summary,long,sparse-1,relationship,1008.813,1010.144,1014.294
sample,long,sparse-1,clipping,4,1,0,512,52,8522700,12673024,3
sample,long,sparse-1,clipping,4,1,1,512,52,8283500,12673024,3
sample,long,sparse-1,clipping,4,1,2,512,52,8783100,12673024,3
summary,long,sparse-1,clipping,16178.711,16645.898,17154.492
sample,long,sparse-4,relationship,16,1,0,1024,103,4925200,0,0
sample,long,sparse-4,relationship,16,1,1,1024,103,4907400,0,0
sample,long,sparse-4,relationship,16,1,2,1024,103,4864800,0,0
summary,long,sparse-4,relationship,4750.781,4792.383,4809.766
sample,long,sparse-4,clipping,16,1,0,256,26,5671000,18919424,4
sample,long,sparse-4,clipping,16,1,1,256,26,5636300,18919424,4
sample,long,sparse-4,clipping,16,1,2,256,26,5476700,18919424,4
summary,long,sparse-4,clipping,21393.359,22016.797,22152.344
sample,long,sparse-16,relationship,64,1,0,256,26,5037800,0,0
sample,long,sparse-16,relationship,64,1,1,256,26,4995200,0,0
sample,long,sparse-16,relationship,64,1,2,256,26,4925200,0,0
summary,long,sparse-16,relationship,19239.062,19512.500,19678.906
sample,long,sparse-16,clipping,64,1,0,128,13,5412500,35674112,10
sample,long,sparse-16,clipping,64,1,1,128,13,5561600,35674112,10
sample,long,sparse-16,clipping,64,1,2,128,13,5950900,35674112,10
summary,long,sparse-16,clipping,42285.156,43450.000,46491.406
sample,long,sparse-64,relationship,256,1,0,64,7,4987600,0,0
sample,long,sparse-64,relationship,256,1,1,64,7,5007200,0,0
sample,long,sparse-64,relationship,256,1,2,64,7,5039000,0,0
summary,long,sparse-64,relationship,77931.250,78237.500,78734.375
sample,long,sparse-64,clipping,256,1,0,32,4,7666700,35001856,4
sample,long,sparse-64,clipping,256,1,1,32,4,7650500,35001856,4
sample,long,sparse-64,clipping,256,1,2,32,4,7530900,35001856,4
summary,long,sparse-64,clipping,235340.625,239078.125,239584.375
sample,long,dense-1,relationship,4,1,0,8192,820,8341000,0,0
sample,long,dense-1,relationship,4,1,1,8192,820,8541200,0,0
sample,long,dense-1,relationship,4,1,2,8192,820,8257300,0,0
summary,long,dense-1,relationship,1007.971,1018.188,1042.627
sample,long,dense-1,clipping,4,1,0,512,52,8046400,12673024,3
sample,long,dense-1,clipping,4,1,1,512,52,8036500,12673024,3
sample,long,dense-1,clipping,4,1,2,512,52,8084100,12673024,3
summary,long,dense-1,clipping,15696.289,15715.625,15789.258
sample,long,dense-4,relationship,16,4,0,1024,103,6223500,0,0
sample,long,dense-4,relationship,16,4,1,1024,103,6233600,0,0
sample,long,dense-4,relationship,16,4,2,1024,103,6220200,0,0
summary,long,dense-4,relationship,6074.414,6077.637,6087.500
sample,long,dense-4,clipping,16,4,0,128,13,9849500,9488384,2
sample,long,dense-4,clipping,16,4,1,128,13,9764900,9488384,2
sample,long,dense-4,clipping,16,4,2,128,13,9787500,9488384,2
summary,long,dense-4,clipping,76288.281,76464.844,76949.219
sample,long,dense-16,relationship,64,16,0,256,26,7212600,0,0
sample,long,dense-16,relationship,64,16,1,256,26,6844500,0,0
sample,long,dense-16,relationship,64,16,2,256,26,6780500,0,0
summary,long,dense-16,relationship,26486.328,26736.328,28174.219
sample,long,dense-16,clipping,64,16,0,16,2,6067300,4482816,1
sample,long,dense-16,clipping,64,16,1,16,2,5874900,4482816,1
sample,long,dense-16,clipping,64,16,2,16,2,5927900,4482816,1
summary,long,dense-16,clipping,367181.250,370493.750,379206.250
sample,long,dense-64,relationship,256,64,0,32,4,3612700,0,0
sample,long,dense-64,relationship,256,64,1,32,4,3579200,0,0
sample,long,dense-64,relationship,256,64,2,32,4,3491800,0,0
summary,long,dense-64,relationship,109118.750,111850.000,112896.875
sample,long,dense-64,clipping,256,64,0,4,1,6854400,4403200,0
sample,long,dense-64,clipping,256,64,1,4,1,6861200,4403200,0
sample,long,dense-64,clipping,256,64,2,4,1,6899000,4403200,0
summary,long,dense-64,clipping,1713600.000,1715300.000,1724750.000
sample,long,wide-integral,relationship,4,1,0,8192,820,8658800,0,0
sample,long,wide-integral,relationship,4,1,1,8192,820,8550100,0,0
sample,long,wide-integral,relationship,4,1,2,8192,820,8780300,0,0
summary,long,wide-integral,relationship,1043.713,1056.982,1071.814
sample,long,wide-integral,clipping,4,1,0,256,26,5097900,6336512,1
sample,long,wide-integral,clipping,4,1,1,256,26,5012700,6336512,1
sample,long,wide-integral,clipping,4,1,2,256,26,5220300,6336512,1
summary,long,wide-integral,clipping,19580.859,19913.672,20391.797
sample,long,endpoint-collapse,relationship,4,0,0,4096,410,5799400,0,0
sample,long,endpoint-collapse,relationship,4,0,1,4096,410,5795400,0,0
sample,long,endpoint-collapse,relationship,4,0,2,4096,410,5745700,0,0
summary,long,endpoint-collapse,relationship,1402.759,1414.893,1415.869
sample,long,endpoint-collapse,clipping,4,0,0,512,52,6453300,12656640,3
sample,long,endpoint-collapse,clipping,4,0,1,512,52,6334400,12656640,3
sample,long,endpoint-collapse,clipping,4,0,2,512,52,6278000,12656640,3
summary,long,endpoint-collapse,clipping,12261.719,12371.875,12604.102
sample,long,gap-collapse,relationship,8,0,0,2048,205,6337300,0,0
sample,long,gap-collapse,relationship,8,0,1,2048,205,6146100,0,0
sample,long,gap-collapse,relationship,8,0,2,2048,205,6100700,0,0
summary,long,gap-collapse,relationship,2978.857,3001.025,3094.385
sample,long,gap-collapse,clipping,8,0,0,256,26,8623600,10543104,2
sample,long,gap-collapse,clipping,8,0,1,256,26,8299600,10543104,2
sample,long,gap-collapse,clipping,8,0,2,256,26,8308200,10543104,2
summary,long,gap-collapse,clipping,32420.312,32453.906,33685.938
fixture,float,exterior,4,1,success,0
fixture,float,interior,4,4,success,1
fixture,float,crossing,4,7,success,1
fixture,float,boundary-only,4,10,success,1
fixture,float,boundary-overlap,4,11,success,1
fixture,float,isolated-tangent,4,3,success,0
fixture,float,degenerate-interior,4,4,success,0
fixture,float,degenerate-boundary,4,2,success,0
fixture,float,empty,0,1,success,0
fixture,float,concave-u,8,7,success,2
fixture,float,hole,8,7,success,2
fixture,float,hole-reversed,8,7,success,2
fixture,float,rational-crossing,3,7,success,1
fixture,float,sparse-1,4,7,success,1
fixture,float,sparse-4,16,7,success,1
fixture,float,sparse-16,64,7,success,1
fixture,float,sparse-64,256,7,success,1
fixture,float,dense-1,4,7,success,1
fixture,float,dense-4,16,7,success,4
fixture,float,dense-16,64,7,success,16
fixture,float,dense-64,256,7,success,64
fixture,float,subnormal,4,7,success,1
fixture,float,large-finite,4,7,success,1
preflight,float,23,PASS
sample,float,exterior,relationship,4,0,0,8192,820,9617200,0,0
sample,float,exterior,relationship,4,0,1,8192,820,9636300,0,0
sample,float,exterior,relationship,4,0,2,8192,820,9355500,0,0
summary,float,exterior,relationship,1142.029,1173.975,1176.306
sample,float,exterior,clipping,4,0,0,2048,205,7336300,50528256,12
sample,float,exterior,clipping,4,0,1,2048,205,7205700,50528256,12
sample,float,exterior,clipping,4,0,2,2048,205,6881700,50528256,12
summary,float,exterior,clipping,3360.205,3518.408,3582.178
sample,float,interior,relationship,4,1,0,8192,820,9074900,0,0
sample,float,interior,relationship,4,1,1,8192,820,9567500,0,0
sample,float,interior,relationship,4,1,2,8192,820,9493700,0,0
summary,float,interior,relationship,1107.776,1158.899,1167.908
sample,float,interior,clipping,4,1,0,1024,103,6838900,25313280,6
sample,float,interior,clipping,4,1,1,1024,103,6808000,25313280,6
sample,float,interior,clipping,4,1,2,1024,103,7110200,25313280,6
summary,float,interior,clipping,6648.438,6678.613,6943.555
sample,float,crossing,relationship,4,1,0,8192,820,9049000,0,0
sample,float,crossing,relationship,4,1,1,8192,820,9335100,0,0
sample,float,crossing,relationship,4,1,2,8192,820,9027200,0,0
summary,float,crossing,relationship,1101.953,1104.614,1139.539
sample,float,crossing,clipping,4,1,0,512,52,8311800,12673024,3
sample,float,crossing,clipping,4,1,1,512,52,8453500,12673024,3
sample,float,crossing,clipping,4,1,2,512,52,8389400,12673024,3
summary,float,crossing,clipping,16233.984,16385.547,16510.742
sample,float,boundary-only,relationship,4,1,0,4096,410,6103500,0,0
sample,float,boundary-only,relationship,4,1,1,4096,410,5473600,0,0
sample,float,boundary-only,relationship,4,1,2,4096,410,6104400,0,0
summary,float,boundary-only,relationship,1336.328,1490.112,1490.332
sample,float,boundary-only,clipping,4,1,0,512,52,5841600,12656640,3
sample,float,boundary-only,clipping,4,1,1,512,52,5836300,12656640,3
sample,float,boundary-only,clipping,4,1,2,512,52,7951900,12656640,3
summary,float,boundary-only,clipping,11399.023,11409.375,15531.055
sample,float,boundary-overlap,relationship,4,1,0,4096,410,6574000,0,0
sample,float,boundary-overlap,relationship,4,1,1,4096,410,6413700,0,0
sample,float,boundary-overlap,relationship,4,1,2,4096,410,6492000,0,0
summary,float,boundary-overlap,relationship,1565.845,1584.961,1604.980
sample,float,boundary-overlap,clipping,4,1,0,512,52,6693000,12673024,3
sample,float,boundary-overlap,clipping,4,1,1,512,52,6101000,12673024,3
sample,float,boundary-overlap,clipping,4,1,2,512,52,6114000,12673024,3
summary,float,boundary-overlap,clipping,11916.016,11941.406,13072.266
sample,float,isolated-tangent,relationship,4,0,0,4096,410,7283500,0,0
sample,float,isolated-tangent,relationship,4,0,1,4096,410,7201800,0,0
sample,float,isolated-tangent,relationship,4,0,2,4096,410,7557000,0,0
summary,float,isolated-tangent,relationship,1758.252,1778.198,1844.971
sample,float,isolated-tangent,clipping,4,0,0,1024,103,6342500,25264128,6
sample,float,isolated-tangent,clipping,4,0,1,1024,103,6339900,25264128,6
sample,float,isolated-tangent,clipping,4,0,2,1024,103,6343400,25264128,6
summary,float,isolated-tangent,clipping,6191.309,6193.848,6194.727
sample,float,degenerate-interior,relationship,4,0,0,65536,6554,2699100,0,0
sample,float,degenerate-interior,relationship,4,0,1,65536,6554,2700500,0,0
sample,float,degenerate-interior,relationship,4,0,2,65536,6554,2647200,0,0
summary,float,degenerate-interior,relationship,40.393,41.185,41.206
sample,float,degenerate-interior,clipping,4,0,0,65536,6554,301600,0,0
sample,float,degenerate-interior,clipping,4,0,1,65536,6554,266100,0,0
sample,float,degenerate-interior,clipping,4,0,2,65536,6554,282400,0,0
summary,float,degenerate-interior,clipping,4.060,4.309,4.602
sample,float,degenerate-boundary,relationship,4,0,0,65536,6554,2691800,0,0
sample,float,degenerate-boundary,relationship,4,0,1,65536,6554,2679000,0,0
sample,float,degenerate-boundary,relationship,4,0,2,65536,6554,2971100,0,0
summary,float,degenerate-boundary,relationship,40.878,41.074,45.335
sample,float,degenerate-boundary,clipping,4,0,0,65536,6554,266100,0,0
sample,float,degenerate-boundary,clipping,4,0,1,65536,6554,281600,0,0
sample,float,degenerate-boundary,clipping,4,0,2,65536,6554,266100,0,0
summary,float,degenerate-boundary,clipping,4.060,4.060,4.297
sample,float,empty,relationship,0,0,0,65536,6554,848000,0,0
sample,float,empty,relationship,0,0,1,65536,6554,874300,0,0
sample,float,empty,relationship,0,0,2,65536,6554,848800,0,0
summary,float,empty,relationship,12.939,12.952,13.341
sample,float,empty,clipping,0,0,0,65536,6554,266100,0,0
sample,float,empty,clipping,0,0,1,65536,6554,282000,0,0
sample,float,empty,clipping,0,0,2,65536,6554,266100,0,0
summary,float,empty,clipping,4.060,4.060,4.303
sample,float,concave-u,relationship,8,2,0,2048,205,5580200,0,0
sample,float,concave-u,relationship,8,2,1,2048,205,5628900,0,0
sample,float,concave-u,relationship,8,2,2,2048,205,5682000,0,0
summary,float,concave-u,relationship,2724.707,2748.486,2774.414
sample,float,concave-u,clipping,8,2,0,256,26,9325900,10551296,2
sample,float,concave-u,clipping,8,2,1,256,26,9688500,10551296,2
sample,float,concave-u,clipping,8,2,2,256,26,9850000,10551296,2
summary,float,concave-u,clipping,36429.297,37845.703,38476.562
sample,float,hole,relationship,8,2,0,2048,205,5625000,0,0
sample,float,hole,relationship,8,2,1,2048,205,5770400,0,0
sample,float,hole,relationship,8,2,2,2048,205,6089500,0,0
summary,float,hole,relationship,2746.582,2817.578,2973.389
sample,float,hole,clipping,8,2,0,256,26,9321700,10551296,2
sample,float,hole,clipping,8,2,1,256,26,9359300,10551296,2
sample,float,hole,clipping,8,2,2,256,26,9342400,10551296,2
summary,float,hole,clipping,36412.891,36493.750,36559.766
sample,float,hole-reversed,relationship,8,2,0,2048,205,6009600,0,0
sample,float,hole-reversed,relationship,8,2,1,2048,205,5851400,0,0
sample,float,hole-reversed,relationship,8,2,2,2048,205,5995500,0,0
summary,float,hole-reversed,relationship,2857.129,2927.490,2934.375
sample,float,hole-reversed,clipping,8,2,0,256,26,9497800,10551296,2
sample,float,hole-reversed,clipping,8,2,1,256,26,9316600,10551296,2
sample,float,hole-reversed,clipping,8,2,2,256,26,9525100,10551296,2
summary,float,hole-reversed,clipping,36392.969,37100.781,37207.422
sample,float,rational-crossing,relationship,3,1,0,8192,820,6303300,0,0
sample,float,rational-crossing,relationship,3,1,1,8192,820,6402200,0,0
sample,float,rational-crossing,relationship,3,1,2,8192,820,6533100,0,0
summary,float,rational-crossing,relationship,769.446,781.519,797.498
sample,float,rational-crossing,clipping,3,1,0,512,52,8771900,10575872,2
sample,float,rational-crossing,clipping,3,1,1,512,52,8552300,10575872,2
sample,float,rational-crossing,clipping,3,1,2,512,52,8581400,10575872,2
summary,float,rational-crossing,clipping,16703.711,16760.547,17132.617
sample,float,sparse-1,relationship,4,1,0,8192,820,9142500,0,0
sample,float,sparse-1,relationship,4,1,1,8192,820,9348800,0,0
sample,float,sparse-1,relationship,4,1,2,8192,820,11004400,0,0
summary,float,sparse-1,relationship,1116.028,1141.211,1343.311
sample,float,sparse-1,clipping,4,1,0,512,52,8889200,12673024,3
sample,float,sparse-1,clipping,4,1,1,512,52,8746200,12673024,3
sample,float,sparse-1,clipping,4,1,2,512,52,8510800,12673024,3
summary,float,sparse-1,clipping,16622.656,17082.422,17361.719
sample,float,sparse-4,relationship,16,1,0,1024,103,4927300,0,0
sample,float,sparse-4,relationship,16,1,1,1024,103,4949900,0,0
sample,float,sparse-4,relationship,16,1,2,1024,103,4853500,0,0
summary,float,sparse-4,relationship,4739.746,4811.816,4833.887
sample,float,sparse-4,clipping,16,1,0,256,26,5737500,18919424,4
sample,float,sparse-4,clipping,16,1,1,256,26,5864100,18919424,4
sample,float,sparse-4,clipping,16,1,2,256,26,5809400,18919424,4
summary,float,sparse-4,clipping,22412.109,22692.969,22906.641
sample,float,sparse-16,relationship,64,1,0,512,52,9902500,0,0
sample,float,sparse-16,relationship,64,1,1,512,52,9866900,0,0
sample,float,sparse-16,relationship,64,1,2,512,52,9874900,0,0
summary,float,sparse-16,relationship,19271.289,19286.914,19340.820
sample,float,sparse-16,clipping,64,1,0,128,13,5974500,35674112,10
sample,float,sparse-16,clipping,64,1,1,128,13,5954300,35674112,10
sample,float,sparse-16,clipping,64,1,2,128,13,5932200,35674112,10
summary,float,sparse-16,clipping,46345.312,46517.969,46675.781
sample,float,sparse-64,relationship,256,1,0,128,13,10694500,0,0
sample,float,sparse-64,relationship,256,1,1,128,13,10058500,0,0
sample,float,sparse-64,relationship,256,1,2,128,13,10416600,0,0
summary,float,sparse-64,relationship,78582.031,81379.688,83550.781
sample,float,sparse-64,clipping,256,1,0,32,4,10033200,35001856,4
sample,float,sparse-64,clipping,256,1,1,32,4,8312800,35001856,4
sample,float,sparse-64,clipping,256,1,2,32,4,8141400,35001856,4
summary,float,sparse-64,clipping,254418.750,259775.000,313537.500
sample,float,dense-1,relationship,4,1,0,8192,820,8924100,0,0
sample,float,dense-1,relationship,4,1,1,8192,820,9940000,0,0
sample,float,dense-1,relationship,4,1,2,8192,820,8875100,0,0
summary,float,dense-1,relationship,1083.386,1089.368,1213.379
sample,float,dense-1,clipping,4,1,0,512,52,8473600,12673024,3
sample,float,dense-1,clipping,4,1,1,512,52,8335900,12673024,3
sample,float,dense-1,clipping,4,1,2,512,52,9066200,12673024,3
summary,float,dense-1,clipping,16281.055,16550.000,17707.422
sample,float,dense-4,relationship,16,4,0,1024,103,6478200,0,0
sample,float,dense-4,relationship,16,4,1,1024,103,6146900,0,0
sample,float,dense-4,relationship,16,4,2,1024,103,6164900,0,0
summary,float,dense-4,relationship,6002.832,6020.410,6326.367
sample,float,dense-4,clipping,16,4,0,64,7,5166400,4744192,1
sample,float,dense-4,clipping,16,4,1,64,7,5152000,4744192,1
sample,float,dense-4,clipping,16,4,2,64,7,5125600,4744192,1
summary,float,dense-4,clipping,80087.500,80500.000,80725.000
sample,float,dense-16,relationship,64,16,0,256,26,6653900,0,0
sample,float,dense-16,relationship,64,16,1,256,26,6679700,0,0
sample,float,dense-16,relationship,64,16,2,256,26,6838100,0,0
summary,float,dense-16,relationship,25991.797,26092.578,26711.328
sample,float,dense-16,clipping,64,16,0,8,1,3883200,2241408,0
sample,float,dense-16,clipping,64,16,1,8,1,3780200,2241408,0
sample,float,dense-16,clipping,64,16,2,8,1,3283800,2241408,0
summary,float,dense-16,clipping,410475.000,472525.000,485400.000
sample,float,dense-64,relationship,256,64,0,64,7,6677100,0,0
sample,float,dense-64,relationship,256,64,1,64,7,6685500,0,0
sample,float,dense-64,relationship,256,64,2,64,7,6670400,0,0
summary,float,dense-64,relationship,104225.000,104329.688,104460.938
sample,float,dense-64,clipping,256,64,0,4,1,7241000,4403200,0
sample,float,dense-64,clipping,256,64,1,4,1,7288500,4403200,0
sample,float,dense-64,clipping,256,64,2,4,1,7899100,4403200,0
summary,float,dense-64,clipping,1810250.000,1822125.000,1974775.000
sample,float,subnormal,relationship,4,1,0,8192,820,8938200,0,0
sample,float,subnormal,relationship,4,1,1,8192,820,8996600,0,0
sample,float,subnormal,relationship,4,1,2,8192,820,8933600,0,0
summary,float,subnormal,relationship,1090.527,1091.089,1098.218
sample,float,subnormal,clipping,4,1,0,512,52,8232000,12673024,3
sample,float,subnormal,clipping,4,1,1,512,52,8423900,12673024,3
sample,float,subnormal,clipping,4,1,2,512,52,8256500,12673024,3
summary,float,subnormal,clipping,16078.125,16125.977,16452.930
sample,float,large-finite,relationship,4,1,0,8192,820,9000600,0,0
sample,float,large-finite,relationship,4,1,1,8192,820,8995700,0,0
sample,float,large-finite,relationship,4,1,2,8192,820,8983200,0,0
summary,float,large-finite,relationship,1096.582,1098.108,1098.706
sample,float,large-finite,clipping,4,1,0,512,52,8817400,12673024,3
sample,float,large-finite,clipping,4,1,1,512,52,8809100,12673024,3
sample,float,large-finite,clipping,4,1,2,512,52,8789300,12673024,3
summary,float,large-finite,clipping,17166.602,17205.273,17221.484
fixture,double,exterior,4,1,success,0
fixture,double,interior,4,4,success,1
fixture,double,crossing,4,7,success,1
fixture,double,boundary-only,4,10,success,1
fixture,double,boundary-overlap,4,11,success,1
fixture,double,isolated-tangent,4,3,success,0
fixture,double,degenerate-interior,4,4,success,0
fixture,double,degenerate-boundary,4,2,success,0
fixture,double,empty,0,1,success,0
fixture,double,concave-u,8,7,success,2
fixture,double,hole,8,7,success,2
fixture,double,hole-reversed,8,7,success,2
fixture,double,rational-crossing,3,7,success,1
fixture,double,sparse-1,4,7,success,1
fixture,double,sparse-4,16,7,success,1
fixture,double,sparse-16,64,7,success,1
fixture,double,sparse-64,256,7,success,1
fixture,double,dense-1,4,7,success,1
fixture,double,dense-4,16,7,success,4
fixture,double,dense-16,64,7,success,16
fixture,double,dense-64,256,7,success,64
fixture,double,subnormal,4,7,success,1
fixture,double,large-finite,4,7,success,1
preflight,double,23,PASS
sample,double,exterior,relationship,4,0,0,8192,820,9096800,0,0
sample,double,exterior,relationship,4,0,1,8192,820,9157600,0,0
sample,double,exterior,relationship,4,0,2,8192,820,9212000,0,0
summary,double,exterior,relationship,1110.449,1117.871,1124.512
sample,double,exterior,clipping,4,0,0,2048,205,7033300,50528256,12
sample,double,exterior,clipping,4,0,1,2048,205,7054000,50528256,12
sample,double,exterior,clipping,4,0,2,2048,205,7385000,50528256,12
summary,double,exterior,clipping,3434.229,3444.336,3605.957
sample,double,interior,relationship,4,1,0,8192,820,10059600,0,0
sample,double,interior,relationship,4,1,1,8192,820,9178100,0,0
sample,double,interior,relationship,4,1,2,8192,820,9102000,0,0
summary,double,interior,relationship,1111.084,1120.374,1227.979
sample,double,interior,clipping,4,1,0,1024,103,6961400,25313280,6
sample,double,interior,clipping,4,1,1,1024,103,6962900,25313280,6
sample,double,interior,clipping,4,1,2,1024,103,7229200,25313280,6
summary,double,interior,clipping,6798.242,6799.707,7059.766
sample,double,crossing,relationship,4,1,0,8192,820,8981800,0,0
sample,double,crossing,relationship,4,1,1,8192,820,8987300,0,0
sample,double,crossing,relationship,4,1,2,8192,820,8953200,0,0
summary,double,crossing,relationship,1092.920,1096.411,1097.083
sample,double,crossing,clipping,4,1,0,512,52,8465700,12673024,3
sample,double,crossing,clipping,4,1,1,512,52,8677200,12673024,3
sample,double,crossing,clipping,4,1,2,512,52,9486000,12673024,3
summary,double,crossing,clipping,16534.570,16947.656,18527.344
sample,double,boundary-only,relationship,4,1,0,4096,410,5283400,0,0
sample,double,boundary-only,relationship,4,1,1,4096,410,5154500,0,0
sample,double,boundary-only,relationship,4,1,2,4096,410,5145200,0,0
summary,double,boundary-only,relationship,1256.152,1258.423,1289.893
sample,double,boundary-only,clipping,4,1,0,512,52,5827300,12656640,3
sample,double,boundary-only,clipping,4,1,1,512,52,5684200,12656640,3
sample,double,boundary-only,clipping,4,1,2,512,52,5923400,12656640,3
summary,double,boundary-only,clipping,11101.953,11381.445,11569.141
sample,double,boundary-overlap,relationship,4,1,0,4096,410,6933300,0,0
sample,double,boundary-overlap,relationship,4,1,1,4096,410,6684600,0,0
sample,double,boundary-overlap,relationship,4,1,2,4096,410,6430600,0,0
summary,double,boundary-overlap,relationship,1569.971,1631.982,1692.700
sample,double,boundary-overlap,clipping,4,1,0,512,52,6185500,12673024,3
sample,double,boundary-overlap,clipping,4,1,1,512,52,6078800,12673024,3
sample,double,boundary-overlap,clipping,4,1,2,512,52,6303800,12673024,3
summary,double,boundary-overlap,clipping,11872.656,12081.055,12312.109
sample,double,isolated-tangent,relationship,4,0,0,4096,410,7535100,0,0
sample,double,isolated-tangent,relationship,4,0,1,4096,410,7711500,0,0
sample,double,isolated-tangent,relationship,4,0,2,4096,410,7636000,0,0
summary,double,isolated-tangent,relationship,1839.624,1864.258,1882.690
sample,double,isolated-tangent,clipping,4,0,0,1024,103,6563600,25264128,6
sample,double,isolated-tangent,clipping,4,0,1,1024,103,6578600,25264128,6
sample,double,isolated-tangent,clipping,4,0,2,1024,103,6634000,25264128,6
summary,double,isolated-tangent,clipping,6409.766,6424.414,6478.516
sample,double,degenerate-interior,relationship,4,0,0,65536,6554,2300000,0,0
sample,double,degenerate-interior,relationship,4,0,1,65536,6554,2429800,0,0
sample,double,degenerate-interior,relationship,4,0,2,65536,6554,2306300,0,0
summary,double,degenerate-interior,relationship,35.095,35.191,37.076
sample,double,degenerate-interior,clipping,4,0,0,65536,6554,261600,0,0
sample,double,degenerate-interior,clipping,4,0,1,65536,6554,252800,0,0
sample,double,degenerate-interior,clipping,4,0,2,65536,6554,257300,0,0
summary,double,degenerate-interior,clipping,3.857,3.926,3.992
sample,double,degenerate-boundary,relationship,4,0,0,65536,6554,2271900,0,0
sample,double,degenerate-boundary,relationship,4,0,1,65536,6554,2207100,0,0
sample,double,degenerate-boundary,relationship,4,0,2,65536,6554,2326400,0,0
summary,double,degenerate-boundary,relationship,33.678,34.666,35.498
sample,double,degenerate-boundary,clipping,4,0,0,65536,6554,257500,0,0
sample,double,degenerate-boundary,clipping,4,0,1,65536,6554,253900,0,0
sample,double,degenerate-boundary,clipping,4,0,2,65536,6554,268400,0,0
summary,double,degenerate-boundary,clipping,3.874,3.929,4.095
sample,double,empty,relationship,0,0,0,65536,6554,880700,0,0
sample,double,empty,relationship,0,0,1,65536,6554,886000,0,0
sample,double,empty,relationship,0,0,2,65536,6554,871200,0,0
summary,double,empty,relationship,13.293,13.438,13.519
sample,double,empty,clipping,0,0,0,65536,6554,253400,0,0
sample,double,empty,clipping,0,0,1,65536,6554,269700,0,0
sample,double,empty,clipping,0,0,2,65536,6554,281800,0,0
summary,double,empty,clipping,3.867,4.115,4.300
sample,double,concave-u,relationship,8,2,0,2048,205,5879600,0,0
sample,double,concave-u,relationship,8,2,1,2048,205,5934100,0,0
sample,double,concave-u,relationship,8,2,2,2048,205,6023300,0,0
summary,double,concave-u,relationship,2870.898,2897.510,2941.064
sample,double,concave-u,clipping,8,2,0,256,26,9816600,10551296,2
sample,double,concave-u,clipping,8,2,1,256,26,9711900,10551296,2
sample,double,concave-u,clipping,8,2,2,256,26,9609400,10551296,2
summary,double,concave-u,clipping,37536.719,37937.109,38346.094
sample,double,hole,relationship,8,2,0,2048,205,5831600,0,0
sample,double,hole,relationship,8,2,1,2048,205,5999800,0,0
sample,double,hole,relationship,8,2,2,2048,205,5882600,0,0
summary,double,hole,relationship,2847.461,2872.363,2929.590
sample,double,hole,clipping,8,2,0,256,26,9817800,10551296,2
sample,double,hole,clipping,8,2,1,256,26,10133900,10551296,2
sample,double,hole,clipping,8,2,2,256,26,10226300,10551296,2
summary,double,hole,clipping,38350.781,39585.547,39946.484
sample,double,hole-reversed,relationship,8,2,0,2048,205,6863800,0,0
sample,double,hole-reversed,relationship,8,2,1,2048,205,5888600,0,0
sample,double,hole-reversed,relationship,8,2,2,2048,205,5777200,0,0
summary,double,hole-reversed,relationship,2820.898,2875.293,3351.465
sample,double,hole-reversed,clipping,8,2,0,256,26,10110800,10551296,2
sample,double,hole-reversed,clipping,8,2,1,256,26,10031900,10551296,2
sample,double,hole-reversed,clipping,8,2,2,256,26,9883500,10551296,2
summary,double,hole-reversed,clipping,38607.422,39187.109,39495.312
sample,double,rational-crossing,relationship,3,1,0,8192,820,6515400,0,0
sample,double,rational-crossing,relationship,3,1,1,8192,820,6483800,0,0
sample,double,rational-crossing,relationship,3,1,2,8192,820,6370300,0,0
summary,double,rational-crossing,relationship,777.625,791.479,795.337
sample,double,rational-crossing,clipping,3,1,0,512,52,8314400,10575872,2
sample,double,rational-crossing,clipping,3,1,1,512,52,8328600,10575872,2
sample,double,rational-crossing,clipping,3,1,2,512,52,8351300,10575872,2
summary,double,rational-crossing,clipping,16239.062,16266.797,16311.133
sample,double,sparse-1,relationship,4,1,0,8192,820,10015200,0,0
sample,double,sparse-1,relationship,4,1,1,8192,820,9194000,0,0
sample,double,sparse-1,relationship,4,1,2,8192,820,8886600,0,0
summary,double,sparse-1,relationship,1084.790,1122.314,1222.559
sample,double,sparse-1,clipping,4,1,0,512,52,8488800,12673024,3
sample,double,sparse-1,clipping,4,1,1,512,52,8484100,12673024,3
sample,double,sparse-1,clipping,4,1,2,512,52,9168500,12673024,3
summary,double,sparse-1,clipping,16570.508,16579.688,17907.227
sample,double,sparse-4,relationship,16,1,0,1024,103,5001300,0,0
sample,double,sparse-4,relationship,16,1,1,1024,103,5445700,0,0
sample,double,sparse-4,relationship,16,1,2,1024,103,5074700,0,0
summary,double,sparse-4,relationship,4884.082,4955.762,5318.066
sample,double,sparse-4,clipping,16,1,0,256,26,6085200,18919424,4
sample,double,sparse-4,clipping,16,1,1,256,26,5998300,18919424,4
sample,double,sparse-4,clipping,16,1,2,256,26,6027400,18919424,4
summary,double,sparse-4,clipping,23430.859,23544.531,23770.312
sample,double,sparse-16,relationship,64,1,0,256,26,5145900,0,0
sample,double,sparse-16,relationship,64,1,1,256,26,5224900,0,0
sample,double,sparse-16,relationship,64,1,2,256,26,5047600,0,0
summary,double,sparse-16,relationship,19717.188,20101.172,20409.766
sample,double,sparse-16,clipping,64,1,0,128,13,6246500,35674112,9
sample,double,sparse-16,clipping,64,1,1,128,13,6139900,35674112,9
sample,double,sparse-16,clipping,64,1,2,128,13,6136000,35674112,9
summary,double,sparse-16,clipping,47937.500,47967.969,48800.781
sample,double,sparse-64,relationship,256,1,0,64,7,5211600,0,0
sample,double,sparse-64,relationship,256,1,1,64,7,5143100,0,0
sample,double,sparse-64,relationship,256,1,2,64,7,5175200,0,0
summary,double,sparse-64,relationship,80360.938,80862.500,81431.250
sample,double,sparse-64,clipping,256,1,0,64,7,9353000,70003712,31
sample,double,sparse-64,clipping,256,1,1,64,7,9554800,70003712,31
sample,double,sparse-64,clipping,256,1,2,64,7,9386700,70003712,31
summary,double,sparse-64,clipping,146140.625,146667.188,149293.750
sample,double,dense-1,relationship,4,1,0,8192,820,9392300,0,0
sample,double,dense-1,relationship,4,1,1,8192,820,9103200,0,0
sample,double,dense-1,relationship,4,1,2,8192,820,9016900,0,0
summary,double,dense-1,relationship,1100.696,1111.230,1146.521
sample,double,dense-1,clipping,4,1,0,512,52,8887300,12673024,3
sample,double,dense-1,clipping,4,1,1,512,52,8717200,12673024,3
sample,double,dense-1,clipping,4,1,2,512,52,8594900,12673024,3
summary,double,dense-1,clipping,16786.914,17025.781,17358.008
sample,double,dense-4,relationship,16,4,0,1024,103,6291600,0,0
sample,double,dense-4,relationship,16,4,1,1024,103,6355900,0,0
sample,double,dense-4,relationship,16,4,2,1024,103,6533400,0,0
summary,double,dense-4,relationship,6144.141,6206.934,6380.273
sample,double,dense-4,clipping,16,4,0,64,7,5394300,4744192,1
sample,double,dense-4,clipping,16,4,1,64,7,5151300,4744192,1
sample,double,dense-4,clipping,16,4,2,64,7,5328400,4744192,1
summary,double,dense-4,clipping,80489.062,83256.250,84285.938
sample,double,dense-16,relationship,64,16,0,256,26,7206200,0,0
sample,double,dense-16,relationship,64,16,1,256,26,8209600,0,0
sample,double,dense-16,relationship,64,16,2,256,26,6585100,0,0
summary,double,dense-16,relationship,25723.047,28149.219,32068.750
sample,double,dense-16,clipping,64,16,0,16,2,6524400,4482816,1
sample,double,dense-16,clipping,64,16,1,16,2,6350100,4482816,1
sample,double,dense-16,clipping,64,16,2,16,2,6392500,4482816,1
summary,double,dense-16,clipping,396881.250,399531.250,407775.000
sample,double,dense-64,relationship,256,64,0,64,7,6746300,0,0
sample,double,dense-64,relationship,256,64,1,64,7,6786500,0,0
sample,double,dense-64,relationship,256,64,2,64,7,6649000,0,0
summary,double,dense-64,relationship,103890.625,105410.938,106039.062
sample,double,dense-64,clipping,256,64,0,4,1,7459100,4403200,1
sample,double,dense-64,clipping,256,64,1,4,1,7268200,4403200,1
sample,double,dense-64,clipping,256,64,2,4,1,7509700,4403200,1
summary,double,dense-64,clipping,1817050.000,1864775.000,1877425.000
sample,double,subnormal,relationship,4,1,0,1024,103,6417000,0,0
sample,double,subnormal,relationship,4,1,1,1024,103,6367100,0,0
sample,double,subnormal,relationship,4,1,2,1024,103,6604900,0,0
summary,double,subnormal,relationship,6217.871,6266.602,6450.098
sample,double,subnormal,clipping,4,1,0,256,26,6296300,6336512,1
sample,double,subnormal,clipping,4,1,1,256,26,6202200,6336512,1
sample,double,subnormal,clipping,4,1,2,256,26,6195600,6336512,1
summary,double,subnormal,clipping,24201.562,24227.344,24594.922
sample,double,large-finite,relationship,4,1,0,1024,103,6477200,0,0
sample,double,large-finite,relationship,4,1,1,1024,103,6519900,0,0
sample,double,large-finite,relationship,4,1,2,1024,103,6558100,0,0
summary,double,large-finite,relationship,6325.391,6367.090,6404.395
sample,double,large-finite,clipping,4,1,0,256,26,7558500,6336512,1
sample,double,large-finite,clipping,4,1,1,256,26,7545800,6336512,1
sample,double,large-finite,clipping,4,1,2,256,26,7873200,6336512,1
summary,double,large-finite,clipping,29475.781,29525.391,30754.688
sink,12263474633320566272
