fixture_header,scalar,case,edges,expected_fact_bits,expected_status,expected_components
sample_header,scalar,case,operation,edges,expected_components,round,iterations,warmup,elapsed_ns,gc_bytes,gc_collections
summary_header,scalar,case,operation,min_ns_per_op,median_ns_per_op,max_ns_per_op
fixture,int,exterior,4,1,success,0
fixture,int,interior,4,4,success,1
fixture,int,crossing,4,7,success,1
fixture,int,boundary-only,4,10,success,1
fixture,int,boundary-overlap,4,11,success,1
fixture,int,isolated-tangent,4,3,success,0
fixture,int,degenerate-interior,4,4,success,0
fixture,int,degenerate-boundary,4,2,success,0
fixture,int,empty,0,1,success,0
fixture,int,concave-u,8,7,success,2
fixture,int,hole,8,7,success,2
fixture,int,hole-reversed,8,7,success,2
fixture,int,rational-crossing,3,7,success,1
fixture,int,sparse-1,4,7,success,1
fixture,int,sparse-4,16,7,success,1
fixture,int,sparse-16,64,7,success,1
fixture,int,sparse-64,256,7,success,1
fixture,int,dense-1,4,7,success,1
fixture,int,dense-4,16,7,success,4
fixture,int,dense-16,64,7,success,16
fixture,int,dense-64,256,7,success,64
fixture,int,wide-integral,4,7,success,1
preflight,int,22,PASS
sample,int,exterior,relationship,4,0,0,8192,820,8602800,0,0
sample,int,exterior,relationship,4,0,1,8192,820,11426300,0,0
sample,int,exterior,relationship,4,0,2,8192,820,12376100,0,0
summary,int,exterior,relationship,1050.146,1394.812,1510.754
sample,int,exterior,clipping,4,0,0,1024,103,3397400,8486912,2
sample,int,exterior,clipping,4,0,1,1024,103,3862800,8486912,2
sample,int,exterior,clipping,4,0,2,1024,103,3151800,8486912,2
summary,int,exterior,clipping,3077.930,3317.773,3772.266
sample,int,interior,relationship,4,1,0,8192,820,8449900,0,0
sample,int,interior,relationship,4,1,1,8192,820,7668200,0,0
sample,int,interior,relationship,4,1,2,8192,820,7435800,0,0
summary,int,interior,relationship,907.690,936.060,1031.482
sample,int,interior,clipping,4,1,0,512,52,4294400,4268032,1
sample,int,interior,clipping,4,1,1,512,52,3782900,4268032,1
sample,int,interior,clipping,4,1,2,512,52,4069400,4268032,1
summary,int,interior,clipping,7388.477,7948.047,8387.500
sample,int,crossing,relationship,4,1,0,8192,820,9711700,0,0
sample,int,crossing,relationship,4,1,1,8192,820,7533800,0,0
sample,int,crossing,relationship,4,1,2,8192,820,8042600,0,0
summary,int,crossing,relationship,919.653,981.763,1185.510
sample,int,crossing,clipping,4,1,0,256,26,5413600,4239360,1
sample,int,crossing,clipping,4,1,1,256,26,5101600,4239360,1
sample,int,crossing,clipping,4,1,2,256,26,5473600,4239360,1
summary,int,crossing,clipping,19928.125,21146.875,21381.250
sample,int,boundary-only,relationship,4,1,0,8192,820,9533600,0,0
sample,int,boundary-only,relationship,4,1,1,8192,820,8877500,0,0
sample,int,boundary-only,relationship,4,1,2,8192,820,17708100,0,0
summary,int,boundary-only,relationship,1083.679,1163.770,2161.633
sample,int,boundary-only,clipping,4,1,0,512,52,9836400,10559488,2
sample,int,boundary-only,clipping,4,1,1,512,52,7370800,10559488,2
sample,int,boundary-only,clipping,4,1,2,512,52,7509300,10559488,2
summary,int,boundary-only,clipping,14396.094,14666.602,19211.719
sample,int,boundary-overlap,relationship,4,1,0,4096,410,5671100,0,0
sample,int,boundary-overlap,relationship,4,1,1,4096,410,5684600,0,0
sample,int,boundary-overlap,relationship,4,1,2,4096,410,6092000,0,0
summary,int,boundary-overlap,relationship,1384.546,1387.842,1487.305
sample,int,boundary-overlap,clipping,4,1,0,512,52,9142700,10575872,2
sample,int,boundary-overlap,clipping,4,1,1,512,52,8764500,10575872,2
sample,int,boundary-overlap,clipping,4,1,2,512,52,10620600,10575872,2
summary,int,boundary-overlap,clipping,17118.164,17856.836,20743.359
sample,int,isolated-tangent,relationship,4,0,0,4096,410,5772400,0,0
sample,int,isolated-tangent,relationship,4,0,1,4096,410,6010700,0,0
sample,int,isolated-tangent,relationship,4,0,2,4096,410,6009700,0,0
summary,int,isolated-tangent,relationship,1409.277,1467.212,1467.456
sample,int,isolated-tangent,clipping,4,0,0,1024,103,8338400,16875520,4
sample,int,isolated-tangent,clipping,4,0,1,1024,103,8284500,16875520,4
sample,int,isolated-tangent,clipping,4,0,2,1024,103,7081700,16875520,4
summary,int,isolated-tangent,clipping,6915.723,8090.332,8142.969
sample,int,degenerate-interior,relationship,4,0,0,65536,6554,1732400,0,0
sample,int,degenerate-interior,relationship,4,0,1,65536,6554,1963000,0,0
sample,int,degenerate-interior,relationship,4,0,2,65536,6554,1964000,0,0
summary,int,degenerate-interior,relationship,26.434,29.953,29.968
sample,int,degenerate-interior,clipping,4,0,0,65536,6554,284200,0,0
sample,int,degenerate-interior,clipping,4,0,1,65536,6554,262500,0,0
sample,int,degenerate-interior,clipping,4,0,2,65536,6554,369100,0,0
summary,int,degenerate-interior,clipping,4.005,4.337,5.632
sample,int,degenerate-boundary,relationship,4,0,0,65536,6554,2050500,0,0
sample,int,degenerate-boundary,relationship,4,0,1,65536,6554,2352900,0,0
sample,int,degenerate-boundary,relationship,4,0,2,65536,6554,2007900,0,0
summary,int,degenerate-boundary,relationship,30.638,31.288,35.902
sample,int,degenerate-boundary,clipping,4,0,0,65536,6554,399700,0,0
sample,int,degenerate-boundary,clipping,4,0,1,65536,6554,262100,0,0
sample,int,degenerate-boundary,clipping,4,0,2,65536,6554,240700,0,0
summary,int,degenerate-boundary,clipping,3.673,3.999,6.099
sample,int,empty,relationship,0,0,0,65536,6554,296000,0,0
sample,int,empty,relationship,0,0,1,65536,6554,309300,0,0
sample,int,empty,relationship,0,0,2,65536,6554,292300,0,0
summary,int,empty,relationship,4.460,4.517,4.720
sample,int,empty,clipping,0,0,0,65536,6554,292000,0,0
sample,int,empty,clipping,0,0,1,65536,6554,330100,0,0
sample,int,empty,clipping,0,0,2,65536,6554,262500,0,0
summary,int,empty,clipping,4.005,4.456,5.037
sample,int,concave-u,relationship,8,2,0,2048,205,5230000,0,0
sample,int,concave-u,relationship,8,2,1,2048,205,5114400,0,0
sample,int,concave-u,relationship,8,2,2,2048,205,6446400,0,0
summary,int,concave-u,relationship,2497.266,2553.711,3147.656
sample,int,concave-u,clipping,8,2,0,128,13,5375700,3178496,0
sample,int,concave-u,clipping,8,2,1,128,13,5407200,3178496,0
sample,int,concave-u,clipping,8,2,2,128,13,5632000,3178496,0
summary,int,concave-u,clipping,41997.656,42243.750,44000.000
sample,int,hole,relationship,8,2,0,2048,205,5344200,0,0
sample,int,hole,relationship,8,2,1,2048,205,5665800,0,0
sample,int,hole,relationship,8,2,2,2048,205,5603800,0,0
summary,int,hole,relationship,2609.473,2736.230,2766.504
sample,int,hole,clipping,8,2,0,128,13,6892600,3178496,0
sample,int,hole,clipping,8,2,1,128,13,7293900,3178496,0
sample,int,hole,clipping,8,2,2,128,13,5952100,3178496,0
summary,int,hole,clipping,46500.781,53848.438,56983.594
sample,int,hole-reversed,relationship,8,2,0,2048,205,5529900,0,0
sample,int,hole-reversed,relationship,8,2,1,2048,205,5374100,0,0
sample,int,hole-reversed,relationship,8,2,2,2048,205,5568800,0,0
summary,int,hole-reversed,relationship,2624.072,2700.146,2719.141
sample,int,hole-reversed,clipping,8,2,0,128,13,10035000,3178496,0
sample,int,hole-reversed,clipping,8,2,1,128,13,5715400,3178496,0
sample,int,hole-reversed,clipping,8,2,2,128,13,6499100,3178496,0
summary,int,hole-reversed,clipping,44651.562,50774.219,78398.438
sample,int,rational-crossing,relationship,3,1,0,8192,820,7527300,0,0
sample,int,rational-crossing,relationship,3,1,1,8192,820,11217300,0,0
sample,int,rational-crossing,relationship,3,1,2,8192,820,6935500,0,0
summary,int,rational-crossing,relationship,846.619,918.860,1369.299
sample,int,rational-crossing,clipping,3,1,0,256,26,4923300,4239360,1
sample,int,rational-crossing,clipping,3,1,1,256,26,15341100,4239360,1
sample,int,rational-crossing,clipping,3,1,2,256,26,5659900,4239360,1
summary,int,rational-crossing,clipping,19231.641,22108.984,59926.172
sample,int,sparse-1,relationship,4,1,0,8192,820,8088800,0,0
sample,int,sparse-1,relationship,4,1,1,8192,820,7321500,0,0
sample,int,sparse-1,relationship,4,1,2,8192,820,7528800,0,0
summary,int,sparse-1,relationship,893.738,919.043,987.402
sample,int,sparse-1,clipping,4,1,0,256,26,5440100,4239360,1
sample,int,sparse-1,clipping,4,1,1,256,26,4667800,4239360,1
sample,int,sparse-1,clipping,4,1,2,256,26,5363000,4239360,1
summary,int,sparse-1,clipping,18233.594,20949.219,21250.391
sample,int,sparse-4,relationship,16,1,0,2048,205,9299800,0,0
sample,int,sparse-4,relationship,16,1,1,2048,205,8649200,0,0
sample,int,sparse-4,relationship,16,1,2,2048,205,8362600,0,0
summary,int,sparse-4,relationship,4083.301,4223.242,4540.918
sample,int,sparse-4,clipping,16,1,0,256,26,6615800,4239360,1
sample,int,sparse-4,clipping,16,1,1,256,26,6070700,4239360,1
sample,int,sparse-4,clipping,16,1,2,256,26,6643600,4239360,1
summary,int,sparse-4,clipping,23713.672,25842.969,25951.562
sample,int,sparse-16,relationship,64,1,0,512,52,10351200,0,0
sample,int,sparse-16,relationship,64,1,1,512,52,16151600,0,0
sample,int,sparse-16,relationship,64,1,2,512,52,11106800,0,0
summary,int,sparse-16,relationship,20217.188,21692.969,31546.094
sample,int,sparse-16,clipping,64,1,0,128,13,5297800,2119680,0
sample,int,sparse-16,clipping,64,1,1,128,13,5544000,2119680,0
sample,int,sparse-16,clipping,64,1,2,128,13,5645600,2119680,0
summary,int,sparse-16,clipping,41389.062,43312.500,44106.250
sample,int,sparse-64,relationship,256,1,0,128,13,9430300,0,0
sample,int,sparse-64,relationship,256,1,1,128,13,8487000,0,0
sample,int,sparse-64,relationship,256,1,2,128,13,9056500,0,0
summary,int,sparse-64,relationship,66304.688,70753.906,73674.219
sample,int,sparse-64,clipping,256,1,0,64,7,8314400,1059840,0
sample,int,sparse-64,clipping,256,1,1,64,7,9556600,1059840,0
sample,int,sparse-64,clipping,256,1,2,64,7,6982800,1059840,0
summary,int,sparse-64,clipping,109106.250,129912.500,149321.875
sample,int,dense-1,relationship,4,1,0,8192,820,7706100,0,0
sample,int,dense-1,relationship,4,1,1,8192,820,7565300,0,0
sample,int,dense-1,relationship,4,1,2,8192,820,7800700,0,0
summary,int,dense-1,relationship,923.499,940.686,952.234
sample,int,dense-1,clipping,4,1,0,512,52,10679400,8478720,2
sample,int,dense-1,clipping,4,1,1,512,52,12285600,8478720,2
sample,int,dense-1,clipping,4,1,2,512,52,12110700,8478720,2
summary,int,dense-1,clipping,20858.203,23653.711,23995.312
sample,int,dense-4,relationship,16,4,0,1024,103,5661000,0,0
sample,int,dense-4,relationship,16,4,1,1024,103,6432100,0,0
sample,int,dense-4,relationship,16,4,2,1024,103,6463200,0,0
summary,int,dense-4,relationship,5528.320,6281.348,6311.719
sample,int,dense-4,clipping,16,4,0,64,7,6065400,2647040,0
sample,int,dense-4,clipping,16,4,1,64,7,5816500,2647040,0
sample,int,dense-4,clipping,16,4,2,64,7,5757200,2647040,0
summary,int,dense-4,clipping,89956.250,90882.812,94771.875
sample,int,dense-16,relationship,64,16,0,256,26,5944000,0,0
sample,int,dense-16,relationship,64,16,1,256,26,6065000,0,0
sample,int,dense-16,relationship,64,16,2,256,26,7051500,0,0
summary,int,dense-16,relationship,23218.750,23691.406,27544.922
sample,int,dense-16,clipping,64,16,0,16,2,6682300,2320128,0
sample,int,dense-16,clipping,64,16,1,16,2,6695700,2320128,0
sample,int,dense-16,clipping,64,16,2,16,2,7260200,2320128,0
summary,int,dense-16,clipping,417643.750,418481.250,453762.500
sample,int,dense-64,relationship,256,64,0,64,7,7197000,0,0
sample,int,dense-64,relationship,256,64,1,64,7,6087700,0,0
sample,int,dense-64,relationship,256,64,2,64,7,6492500,0,0
summary,int,dense-64,relationship,95120.312,101445.312,112453.125
sample,int,dense-64,clipping,256,64,0,2,1,4843600,1112064,0
sample,int,dense-64,clipping,256,64,1,2,1,4011000,1112064,0
sample,int,dense-64,clipping,256,64,2,2,1,3899500,1112064,0
summary,int,dense-64,clipping,1949750.000,2005500.000,2421800.000
sample,int,wide-integral,relationship,4,1,0,8192,820,10001800,0,0
sample,int,wide-integral,relationship,4,1,1,8192,820,9015500,0,0
sample,int,wide-integral,relationship,4,1,2,8192,820,10084500,0,0
summary,int,wide-integral,relationship,1100.525,1220.923,1231.018
sample,int,wide-integral,clipping,4,1,0,256,26,4963000,4239360,1
sample,int,wide-integral,clipping,4,1,1,256,26,8399900,4239360,1
sample,int,wide-integral,clipping,4,1,2,256,26,8429800,4239360,1
summary,int,wide-integral,clipping,19386.719,32812.109,32928.906
fixture,long,exterior,4,1,success,0
fixture,long,interior,4,4,success,1
fixture,long,crossing,4,7,success,1
fixture,long,boundary-only,4,10,success,1
fixture,long,boundary-overlap,4,11,success,1
fixture,long,isolated-tangent,4,3,success,0
fixture,long,degenerate-interior,4,4,success,0
fixture,long,degenerate-boundary,4,2,success,0
fixture,long,empty,0,1,success,0
fixture,long,concave-u,8,7,success,2
fixture,long,hole,8,7,success,2
fixture,long,hole-reversed,8,7,success,2
fixture,long,rational-crossing,3,7,success,1
fixture,long,sparse-1,4,7,success,1
fixture,long,sparse-4,16,7,success,1
fixture,long,sparse-16,64,7,success,1
fixture,long,sparse-64,256,7,success,1
fixture,long,dense-1,4,7,success,1
fixture,long,dense-4,16,7,success,4
fixture,long,dense-16,64,7,success,16
fixture,long,dense-64,256,7,success,64
fixture,long,wide-integral,4,7,success,1
fixture,long,endpoint-collapse,4,6,unrepresentableConstruction,0
fixture,long,gap-collapse,8,7,unrepresentableConstruction,0
preflight,long,24,PASS
sample,long,exterior,relationship,4,0,0,8192,820,8789100,0,0
sample,long,exterior,relationship,4,0,1,8192,820,9521600,0,0
sample,long,exterior,relationship,4,0,2,8192,820,10609300,0,0
summary,long,exterior,relationship,1072.888,1162.305,1295.081
sample,long,exterior,clipping,4,0,0,1024,103,4867800,8486912,2
sample,long,exterior,clipping,4,0,1,1024,103,6194700,8486912,2
sample,long,exterior,clipping,4,0,2,1024,103,4459900,8486912,2
summary,long,exterior,clipping,4355.371,4753.711,6049.512
sample,long,interior,relationship,4,1,0,4096,410,7470500,0,0
sample,long,interior,relationship,4,1,1,4096,410,5745100,0,0
sample,long,interior,relationship,4,1,2,4096,410,8224900,0,0
summary,long,interior,relationship,1402.612,1823.853,2008.032
sample,long,interior,clipping,4,1,0,1024,103,9179700,8536064,2
sample,long,interior,clipping,4,1,1,1024,103,8110300,8536064,2
sample,long,interior,clipping,4,1,2,1024,103,9773400,8536064,2
summary,long,interior,clipping,7920.215,8964.551,9544.336
sample,long,crossing,relationship,4,1,0,8192,820,9224100,0,0
sample,long,crossing,relationship,4,1,1,8192,820,8314900,0,0
sample,long,crossing,relationship,4,1,2,8192,820,9105000,0,0
summary,long,crossing,relationship,1015.002,1111.450,1125.989
sample,long,crossing,clipping,4,1,0,128,13,5691800,2119680,0
sample,long,crossing,clipping,4,1,1,128,13,11122100,2119680,0
sample,long,crossing,clipping,4,1,2,128,13,6341600,2119680,0
summary,long,crossing,clipping,44467.188,49543.750,86891.406
sample,long,boundary-only,relationship,4,1,0,2048,205,3323800,0,0
sample,long,boundary-only,relationship,4,1,1,2048,205,4994400,0,0
sample,long,boundary-only,relationship,4,1,2,2048,205,3071600,0,0
summary,long,boundary-only,relationship,1499.805,1622.949,2438.672
sample,long,boundary-only,clipping,4,1,0,512,52,10642700,10559488,2
sample,long,boundary-only,clipping,4,1,1,512,52,10291800,10559488,2
sample,long,boundary-only,clipping,4,1,2,512,52,10912400,10559488,2
summary,long,boundary-only,clipping,20101.172,20786.523,21313.281
sample,long,boundary-overlap,relationship,4,1,0,4096,410,11319500,0,0
sample,long,boundary-overlap,relationship,4,1,1,4096,410,7754600,0,0
sample,long,boundary-overlap,relationship,4,1,2,4096,410,7677500,0,0
summary,long,boundary-overlap,relationship,1874.390,1893.213,2763.550
sample,long,boundary-overlap,clipping,4,1,0,512,52,8279400,10575872,2
sample,long,boundary-overlap,clipping,4,1,1,512,52,8510100,10575872,2
sample,long,boundary-overlap,clipping,4,1,2,512,52,7874200,10575872,2
summary,long,boundary-overlap,clipping,15379.297,16170.703,16621.289
sample,long,isolated-tangent,relationship,4,0,0,4096,410,6719800,0,0
sample,long,isolated-tangent,relationship,4,0,1,4096,410,6331300,0,0
sample,long,isolated-tangent,relationship,4,0,2,4096,410,7020300,0,0
summary,long,isolated-tangent,relationship,1545.728,1640.576,1713.940
sample,long,isolated-tangent,clipping,4,0,0,1024,103,8251000,16875520,4
sample,long,isolated-tangent,clipping,4,0,1,1024,103,9637900,16875520,4
sample,long,isolated-tangent,clipping,4,0,2,1024,103,6821400,16875520,4
summary,long,isolated-tangent,clipping,6661.523,8057.617,9412.012
sample,long,degenerate-interior,relationship,4,0,0,65536,6554,6385800,0,0
sample,long,degenerate-interior,relationship,4,0,1,65536,6554,2376700,0,0
sample,long,degenerate-interior,relationship,4,0,2,65536,6554,2252800,0,0
summary,long,degenerate-interior,relationship,34.375,36.266,97.440
sample,long,degenerate-interior,clipping,4,0,0,65536,6554,249000,0,0
sample,long,degenerate-interior,clipping,4,0,1,65536,6554,293600,0,0
sample,long,degenerate-interior,clipping,4,0,2,65536,6554,271500,0,0
summary,long,degenerate-interior,clipping,3.799,4.143,4.480
sample,long,degenerate-boundary,relationship,4,0,0,65536,6554,2128500,0,0
sample,long,degenerate-boundary,relationship,4,0,1,65536,6554,2895700,0,0
sample,long,degenerate-boundary,relationship,4,0,2,65536,6554,2780700,0,0
summary,long,degenerate-boundary,relationship,32.478,42.430,44.185
sample,long,degenerate-boundary,clipping,4,0,0,65536,6554,268000,0,0
sample,long,degenerate-boundary,clipping,4,0,1,65536,6554,1318400,0,0
sample,long,degenerate-boundary,clipping,4,0,2,65536,6554,297200,0,0
summary,long,degenerate-boundary,clipping,4.089,4.535,20.117
sample,long,empty,relationship,0,0,0,65536,6554,1804300,0,0
sample,long,empty,relationship,0,0,1,65536,6554,2535400,0,0
sample,long,empty,relationship,0,0,2,65536,6554,1288500,0,0
summary,long,empty,relationship,19.661,27.531,38.687
sample,long,empty,clipping,0,0,0,65536,6554,257300,0,0
sample,long,empty,clipping,0,0,1,65536,6554,285000,0,0
sample,long,empty,clipping,0,0,2,65536,6554,248900,0,0
summary,long,empty,clipping,3.798,3.926,4.349
sample,long,concave-u,relationship,8,2,0,2048,205,5380500,0,0
sample,long,concave-u,relationship,8,2,1,2048,205,6224600,0,0
sample,long,concave-u,relationship,8,2,2,2048,205,6534500,0,0
summary,long,concave-u,relationship,2627.197,3039.355,3190.674
sample,long,concave-u,clipping,8,2,0,64,7,2926800,1589248,0
sample,long,concave-u,clipping,8,2,1,64,7,2843400,1589248,0
sample,long,concave-u,clipping,8,2,2,64,7,2676400,1589248,0
summary,long,concave-u,clipping,41818.750,44428.125,45731.250
sample,long,hole,relationship,8,2,0,2048,205,5810300,0,0
sample,long,hole,relationship,8,2,1,2048,205,5904700,0,0
sample,long,hole,relationship,8,2,2,2048,205,5542700,0,0
summary,long,hole,relationship,2706.396,2837.061,2883.154
sample,long,hole,clipping,8,2,0,128,13,8940900,3178496,0
sample,long,hole,clipping,8,2,1,128,13,5408000,3178496,0
sample,long,hole,clipping,8,2,2,128,13,5585600,3178496,0
summary,long,hole,clipping,42250.000,43637.500,69850.781
sample,long,hole-reversed,relationship,8,2,0,2048,205,12564200,0,0
sample,long,hole-reversed,relationship,8,2,1,2048,205,6514400,0,0
sample,long,hole-reversed,relationship,8,2,2,2048,205,8741700,0,0
summary,long,hole-reversed,relationship,3180.859,4268.408,6134.863
sample,long,hole-reversed,clipping,8,2,0,128,13,5293900,3178496,0
sample,long,hole-reversed,clipping,8,2,1,128,13,5874700,3178496,0
sample,long,hole-reversed,clipping,8,2,2,128,13,6150500,3178496,0
summary,long,hole-reversed,clipping,41358.594,45896.094,48050.781
sample,long,rational-crossing,relationship,3,1,0,8192,820,7934100,0,0
sample,long,rational-crossing,relationship,3,1,1,8192,820,15723000,0,0
sample,long,rational-crossing,relationship,3,1,2,8192,820,6420500,0,0
summary,long,rational-crossing,relationship,783.752,968.518,1919.312
sample,long,rational-crossing,clipping,3,1,0,256,26,4688600,4239360,1
sample,long,rational-crossing,clipping,3,1,1,256,26,4615300,4239360,1
sample,long,rational-crossing,clipping,3,1,2,256,26,4735500,4239360,1
summary,long,rational-crossing,clipping,18028.516,18314.844,18498.047
sample,long,sparse-1,relationship,4,1,0,8192,820,9005800,0,0
sample,long,sparse-1,relationship,4,1,1,8192,820,9872400,0,0
sample,long,sparse-1,relationship,4,1,2,8192,820,12339800,0,0
summary,long,sparse-1,relationship,1099.341,1205.127,1506.323
sample,long,sparse-1,clipping,4,1,0,512,52,10649400,8478720,2
sample,long,sparse-1,clipping,4,1,1,512,52,10277800,8478720,2
sample,long,sparse-1,clipping,4,1,2,512,52,10077500,8478720,2
summary,long,sparse-1,clipping,19682.617,20073.828,20799.609
sample,long,sparse-4,relationship,16,1,0,1024,103,4710400,0,0
sample,long,sparse-4,relationship,16,1,1,1024,103,4629500,0,0
sample,long,sparse-4,relationship,16,1,2,1024,103,5195100,0,0
summary,long,sparse-4,relationship,4520.996,4600.000,5073.340
sample,long,sparse-4,clipping,16,1,0,256,26,7470800,4239360,1
sample,long,sparse-4,clipping,16,1,1,256,26,5813600,4239360,1
sample,long,sparse-4,clipping,16,1,2,256,26,6196100,4239360,1
summary,long,sparse-4,clipping,22709.375,24203.516,29182.812
sample,long,sparse-16,relationship,64,1,0,256,26,5675400,0,0
sample,long,sparse-16,relationship,64,1,1,256,26,6034600,0,0
sample,long,sparse-16,relationship,64,1,2,256,26,4894600,0,0
summary,long,sparse-16,relationship,19119.531,22169.531,23572.656
sample,long,sparse-16,clipping,64,1,0,128,13,5527700,2119680,0
sample,long,sparse-16,clipping,64,1,1,128,13,5383100,2119680,0
sample,long,sparse-16,clipping,64,1,2,128,13,6094900,2119680,0
summary,long,sparse-16,clipping,42055.469,43185.156,47616.406
sample,long,sparse-64,relationship,256,1,0,64,7,7374300,0,0
sample,long,sparse-64,relationship,256,1,1,64,7,5475400,0,0
sample,long,sparse-64,relationship,256,1,2,64,7,5121800,0,0
summary,long,sparse-64,relationship,80028.125,85553.125,115223.438
sample,long,sparse-64,clipping,256,1,0,64,7,9098300,1059840,0
sample,long,sparse-64,clipping,256,1,1,64,7,7434400,1059840,0
sample,long,sparse-64,clipping,256,1,2,64,7,7740400,1059840,0
summary,long,sparse-64,clipping,116162.500,120943.750,142160.938
sample,long,dense-1,relationship,4,1,0,4096,410,4197900,0,0
sample,long,dense-1,relationship,4,1,1,4096,410,4167300,0,0
sample,long,dense-1,relationship,4,1,2,4096,410,4320100,0,0
summary,long,dense-1,relationship,1017.407,1024.878,1054.712
sample,long,dense-1,clipping,4,1,0,256,26,6629200,4239360,1
sample,long,dense-1,clipping,4,1,1,256,26,5355700,4239360,1
sample,long,dense-1,clipping,4,1,2,256,26,5003600,4239360,1
summary,long,dense-1,clipping,19545.312,20920.703,25895.312
sample,long,dense-4,relationship,16,4,0,1024,103,5918400,0,0
sample,long,dense-4,relationship,16,4,1,1024,103,6087200,0,0
sample,long,dense-4,relationship,16,4,2,1024,103,6451200,0,0
summary,long,dense-4,relationship,5779.688,5944.531,6300.000
sample,long,dense-4,clipping,16,4,0,64,7,5972700,2647040,0
sample,long,dense-4,clipping,16,4,1,64,7,5847100,2647040,0
sample,long,dense-4,clipping,16,4,2,64,7,5683500,2647040,0
summary,long,dense-4,clipping,88804.688,91360.938,93323.438
sample,long,dense-16,relationship,64,16,0,256,26,6944300,0,0
sample,long,dense-16,relationship,64,16,1,256,26,6859000,0,0
sample,long,dense-16,relationship,64,16,2,256,26,6699600,0,0
summary,long,dense-16,relationship,26170.312,26792.969,27126.172
sample,long,dense-16,clipping,64,16,0,16,2,6500400,2320128,0
sample,long,dense-16,clipping,64,16,1,16,2,12781900,2320128,0
sample,long,dense-16,clipping,64,16,2,16,2,12305800,2320128,0
summary,long,dense-16,clipping,406275.000,769112.500,798868.750
sample,long,dense-64,relationship,256,64,0,64,7,6795700,0,0
sample,long,dense-64,relationship,256,64,1,64,7,8035900,0,0
sample,long,dense-64,relationship,256,64,2,64,7,11576800,0,0
summary,long,dense-64,relationship,106182.812,125560.938,180887.500
sample,long,dense-64,clipping,256,64,0,4,1,8484900,2224128,0
sample,long,dense-64,clipping,256,64,1,4,1,7985500,2224128,0
sample,long,dense-64,clipping,256,64,2,4,1,9485600,2224128,0
summary,long,dense-64,clipping,1996375.000,2121225.000,2371400.000
sample,long,wide-integral,relationship,4,1,0,8192,820,22344500,0,0
sample,long,wide-integral,relationship,4,1,1,8192,820,11455000,0,0
sample,long,wide-integral,relationship,4,1,2,8192,820,9652100,0,0
summary,long,wide-integral,relationship,1178.235,1398.315,2727.600
sample,long,wide-integral,clipping,4,1,0,256,26,5140100,4239360,1
sample,long,wide-integral,clipping,4,1,1,256,26,5228400,4239360,1
sample,long,wide-integral,clipping,4,1,2,256,26,7854800,4239360,1
summary,long,wide-integral,clipping,20078.516,20423.438,30682.812
sample,long,endpoint-collapse,relationship,4,0,0,4096,410,6051700,0,0
sample,long,endpoint-collapse,relationship,4,0,1,4096,410,5931000,0,0
sample,long,endpoint-collapse,relationship,4,0,2,4096,410,10937600,0,0
summary,long,endpoint-collapse,relationship,1447.998,1477.466,2670.312
sample,long,endpoint-collapse,clipping,4,0,0,512,52,8265100,8462336,2
sample,long,endpoint-collapse,clipping,4,0,1,512,52,8039800,8462336,2
sample,long,endpoint-collapse,clipping,4,0,2,512,52,11898400,8462336,2
summary,long,endpoint-collapse,clipping,15702.734,16142.773,23239.062
sample,long,gap-collapse,relationship,8,0,0,2048,205,9497300,0,0
sample,long,gap-collapse,relationship,8,0,1,2048,205,7256800,0,0
sample,long,gap-collapse,relationship,8,0,2,2048,205,6514000,0,0
summary,long,gap-collapse,relationship,3180.664,3543.359,4637.354
sample,long,gap-collapse,clipping,8,0,0,128,13,4966300,3174400,0
sample,long,gap-collapse,clipping,8,0,1,128,13,4978200,3174400,0
sample,long,gap-collapse,clipping,8,0,2,128,13,5399800,3174400,0
summary,long,gap-collapse,clipping,38799.219,38892.188,42185.938
fixture,float,exterior,4,1,success,0
fixture,float,interior,4,4,success,1
fixture,float,crossing,4,7,success,1
fixture,float,boundary-only,4,10,success,1
fixture,float,boundary-overlap,4,11,success,1
fixture,float,isolated-tangent,4,3,success,0
fixture,float,degenerate-interior,4,4,success,0
fixture,float,degenerate-boundary,4,2,success,0
fixture,float,empty,0,1,success,0
fixture,float,concave-u,8,7,success,2
fixture,float,hole,8,7,success,2
fixture,float,hole-reversed,8,7,success,2
fixture,float,rational-crossing,3,7,success,1
fixture,float,sparse-1,4,7,success,1
fixture,float,sparse-4,16,7,success,1
fixture,float,sparse-16,64,7,success,1
fixture,float,sparse-64,256,7,success,1
fixture,float,dense-1,4,7,success,1
fixture,float,dense-4,16,7,success,4
fixture,float,dense-16,64,7,success,16
fixture,float,dense-64,256,7,success,64
fixture,float,subnormal,4,7,success,1
fixture,float,large-finite,4,7,success,1
preflight,float,23,PASS
sample,float,exterior,relationship,4,0,0,1024,103,5599400,0,0
sample,float,exterior,relationship,4,0,1,1024,103,2466800,0,0
sample,float,exterior,relationship,4,0,2,1024,103,3743600,0,0
summary,float,exterior,relationship,2408.984,3655.859,5468.164
sample,float,exterior,clipping,4,0,0,1024,103,4225900,8486912,2
sample,float,exterior,clipping,4,0,1,1024,103,4273400,8486912,2
sample,float,exterior,clipping,4,0,2,1024,103,4216200,8486912,2
summary,float,exterior,clipping,4117.383,4126.855,4173.242
sample,float,interior,relationship,4,1,0,4096,410,5645000,0,0
sample,float,interior,relationship,4,1,1,4096,410,4991400,0,0
sample,float,interior,relationship,4,1,2,4096,410,7780000,0,0
summary,float,interior,relationship,1218.604,1378.174,1899.414
sample,float,interior,clipping,4,1,0,1024,103,12370300,8536064,2
sample,float,interior,clipping,4,1,1,1024,103,9414700,8536064,2
sample,float,interior,clipping,4,1,2,1024,103,8582000,8536064,2
summary,float,interior,clipping,8380.859,9194.043,12080.371
sample,float,crossing,relationship,4,1,0,4096,410,5395900,0,0
sample,float,crossing,relationship,4,1,1,4096,410,5219400,0,0
sample,float,crossing,relationship,4,1,2,4096,410,5112400,0,0
summary,float,crossing,relationship,1248.145,1274.268,1317.358
sample,float,crossing,clipping,4,1,0,256,26,5033700,4239360,1
sample,float,crossing,clipping,4,1,1,256,26,5748900,4239360,1
sample,float,crossing,clipping,4,1,2,256,26,5794200,4239360,1
summary,float,crossing,clipping,19662.891,22456.641,22633.594
sample,float,boundary-only,relationship,4,1,0,4096,410,5993100,0,0
sample,float,boundary-only,relationship,4,1,1,4096,410,8389300,0,0
sample,float,boundary-only,relationship,4,1,2,4096,410,6239800,0,0
summary,float,boundary-only,relationship,1463.159,1523.389,2048.169
sample,float,boundary-only,clipping,4,1,0,512,52,8498600,10559488,2
sample,float,boundary-only,clipping,4,1,1,512,52,15629000,10559488,2
sample,float,boundary-only,clipping,4,1,2,512,52,8987500,10559488,2
summary,float,boundary-only,clipping,16598.828,17553.711,30525.391
sample,float,boundary-overlap,relationship,4,1,0,4096,410,8286800,0,0
sample,float,boundary-overlap,relationship,4,1,1,4096,410,9246900,0,0
sample,float,boundary-overlap,relationship,4,1,2,4096,410,10358800,0,0
summary,float,boundary-overlap,relationship,2023.145,2257.544,2529.004
sample,float,boundary-overlap,clipping,4,1,0,512,52,11990400,10575872,2
sample,float,boundary-overlap,clipping,4,1,1,512,52,9734400,10575872,2
sample,float,boundary-overlap,clipping,4,1,2,512,52,8974500,10575872,2
summary,float,boundary-overlap,clipping,17528.320,19012.500,23418.750
sample,float,isolated-tangent,relationship,4,0,0,4096,410,10362300,0,0
sample,float,isolated-tangent,relationship,4,0,1,4096,410,12251500,0,0
sample,float,isolated-tangent,relationship,4,0,2,4096,410,10347000,0,0
summary,float,isolated-tangent,relationship,2526.123,2529.858,2991.089
sample,float,isolated-tangent,clipping,4,0,0,1024,103,8096200,16875520,4
sample,float,isolated-tangent,clipping,4,0,1,1024,103,8032500,16875520,4
sample,float,isolated-tangent,clipping,4,0,2,1024,103,7959300,16875520,4
summary,float,isolated-tangent,clipping,7772.754,7844.238,7906.445
sample,float,degenerate-interior,relationship,4,0,0,65536,6554,3841600,0,0
sample,float,degenerate-interior,relationship,4,0,1,65536,6554,3756600,0,0
sample,float,degenerate-interior,relationship,4,0,2,65536,6554,3811900,0,0
summary,float,degenerate-interior,relationship,57.321,58.165,58.618
sample,float,degenerate-interior,clipping,4,0,0,65536,6554,262500,0,0
sample,float,degenerate-interior,clipping,4,0,1,65536,6554,278000,0,0
sample,float,degenerate-interior,clipping,4,0,2,65536,6554,279700,0,0
summary,float,degenerate-interior,clipping,4.005,4.242,4.268
sample,float,degenerate-boundary,relationship,4,0,0,65536,6554,3850000,0,0
sample,float,degenerate-boundary,relationship,4,0,1,65536,6554,3525700,0,0
sample,float,degenerate-boundary,relationship,4,0,2,65536,6554,4710800,0,0
summary,float,degenerate-boundary,relationship,53.798,58.746,71.881
sample,float,degenerate-boundary,clipping,4,0,0,65536,6554,678600,0,0
sample,float,degenerate-boundary,clipping,4,0,1,65536,6554,1872100,0,0
sample,float,degenerate-boundary,clipping,4,0,2,65536,6554,2170500,0,0
summary,float,degenerate-boundary,clipping,10.355,28.566,33.119
sample,float,empty,relationship,0,0,0,65536,6554,769600,0,0
sample,float,empty,relationship,0,0,1,65536,6554,792500,0,0
sample,float,empty,relationship,0,0,2,65536,6554,1021400,0,0
summary,float,empty,relationship,11.743,12.093,15.585
sample,float,empty,clipping,0,0,0,65536,6554,262500,0,0
sample,float,empty,clipping,0,0,1,65536,6554,278400,0,0
sample,float,empty,clipping,0,0,2,65536,6554,258900,0,0
summary,float,empty,clipping,3.951,4.005,4.248
sample,float,concave-u,relationship,8,2,0,2048,205,7876300,0,0
sample,float,concave-u,relationship,8,2,1,2048,205,6301600,0,0
sample,float,concave-u,relationship,8,2,2,2048,205,8800300,0,0
summary,float,concave-u,relationship,3076.953,3845.850,4297.021
sample,float,concave-u,clipping,8,2,0,128,13,7362500,3178496,0
sample,float,concave-u,clipping,8,2,1,128,13,5825200,3178496,0
sample,float,concave-u,clipping,8,2,2,128,13,5658400,3178496,0
summary,float,concave-u,clipping,44206.250,45509.375,57519.531
sample,float,hole,relationship,8,2,0,2048,205,7924500,0,0
sample,float,hole,relationship,8,2,1,2048,205,7200000,0,0
sample,float,hole,relationship,8,2,2,2048,205,6985800,0,0
summary,float,hole,relationship,3411.035,3515.625,3869.385
sample,float,hole,clipping,8,2,0,128,13,5671400,3178496,0
sample,float,hole,clipping,8,2,1,128,13,5663900,3178496,0
sample,float,hole,clipping,8,2,2,128,13,6139300,3178496,0
summary,float,hole,clipping,44249.219,44307.812,47963.281
sample,float,hole-reversed,relationship,8,2,0,2048,205,7612000,0,0
sample,float,hole-reversed,relationship,8,2,1,2048,205,6959500,0,0
sample,float,hole-reversed,relationship,8,2,2,2048,205,8174000,0,0
summary,float,hole-reversed,relationship,3398.193,3716.797,3991.211
sample,float,hole-reversed,clipping,8,2,0,128,13,9427000,3178496,0
sample,float,hole-reversed,clipping,8,2,1,128,13,6174100,3178496,0
sample,float,hole-reversed,clipping,8,2,2,128,13,5654000,3178496,0
summary,float,hole-reversed,clipping,44171.875,48235.156,73648.438
sample,float,rational-crossing,relationship,3,1,0,8192,820,14345500,0,0
sample,float,rational-crossing,relationship,3,1,1,8192,820,8645100,0,0
sample,float,rational-crossing,relationship,3,1,2,8192,820,7102000,0,0
summary,float,rational-crossing,relationship,866.943,1055.310,1751.160
sample,float,rational-crossing,clipping,3,1,0,256,26,6201800,4239360,1
sample,float,rational-crossing,clipping,3,1,1,256,26,5465300,4239360,1
sample,float,rational-crossing,clipping,3,1,2,256,26,4971100,4239360,1
summary,float,rational-crossing,clipping,19418.359,21348.828,24225.781
sample,float,sparse-1,relationship,4,1,0,8192,820,9825600,0,0
sample,float,sparse-1,relationship,4,1,1,8192,820,11676700,0,0
sample,float,sparse-1,relationship,4,1,2,8192,820,10803300,0,0
summary,float,sparse-1,relationship,1199.414,1318.762,1425.378
sample,float,sparse-1,clipping,4,1,0,256,26,5361600,4239360,1
sample,float,sparse-1,clipping,4,1,1,256,26,6920000,4239360,1
sample,float,sparse-1,clipping,4,1,2,256,26,6568200,4239360,1
summary,float,sparse-1,clipping,20943.750,25657.031,27031.250
sample,float,sparse-4,relationship,16,1,0,1024,103,5642600,0,0
sample,float,sparse-4,relationship,16,1,1,1024,103,5969300,0,0
sample,float,sparse-4,relationship,16,1,2,1024,103,5631100,0,0
summary,float,sparse-4,relationship,5499.121,5510.352,5829.395
sample,float,sparse-4,clipping,16,1,0,256,26,6511300,4239360,1
sample,float,sparse-4,clipping,16,1,1,256,26,6607700,4239360,1
sample,float,sparse-4,clipping,16,1,2,256,26,6935300,4239360,1
summary,float,sparse-4,clipping,25434.766,25811.328,27091.016
sample,float,sparse-16,relationship,64,1,0,256,26,5854400,0,0
sample,float,sparse-16,relationship,64,1,1,256,26,10473100,0,0
sample,float,sparse-16,relationship,64,1,2,256,26,9112600,0,0
summary,float,sparse-16,relationship,22868.750,35596.094,40910.547
sample,float,sparse-16,clipping,64,1,0,128,13,7894900,2119680,0
sample,float,sparse-16,clipping,64,1,1,128,13,5799700,2119680,0
sample,float,sparse-16,clipping,64,1,2,128,13,5804400,2119680,0
summary,float,sparse-16,clipping,45310.156,45346.875,61678.906
sample,float,sparse-64,relationship,256,1,0,64,7,6086600,0,0
sample,float,sparse-64,relationship,256,1,1,64,7,5668500,0,0
sample,float,sparse-64,relationship,256,1,2,64,7,5816300,0,0
summary,float,sparse-64,relationship,88570.312,90879.688,95103.125
sample,float,sparse-64,clipping,256,1,0,64,7,10767900,1059840,0
sample,float,sparse-64,clipping,256,1,1,64,7,9504000,1059840,0
sample,float,sparse-64,clipping,256,1,2,64,7,10602900,1059840,0
summary,float,sparse-64,clipping,148500.000,165670.312,168248.438
sample,float,dense-1,relationship,4,1,0,4096,410,5185000,0,0
sample,float,dense-1,relationship,4,1,1,4096,410,5129800,0,0
sample,float,dense-1,relationship,4,1,2,4096,410,5015100,0,0
summary,float,dense-1,relationship,1224.390,1252.393,1265.869
sample,float,dense-1,clipping,4,1,0,256,26,6006500,4239360,1
sample,float,dense-1,clipping,4,1,1,256,26,6156900,4239360,1
sample,float,dense-1,clipping,4,1,2,256,26,5416600,4239360,1
summary,float,dense-1,clipping,21158.594,23462.891,24050.391
sample,float,dense-4,relationship,16,4,0,1024,103,9765700,0,0
sample,float,dense-4,relationship,16,4,1,1024,103,7241000,0,0
sample,float,dense-4,relationship,16,4,2,1024,103,6993700,0,0
summary,float,dense-4,relationship,6829.785,7071.289,9536.816
sample,float,dense-4,clipping,16,4,0,64,7,5871100,2647040,0
sample,float,dense-4,clipping,16,4,1,64,7,8576300,2647040,0
sample,float,dense-4,clipping,16,4,2,64,7,8858600,2647040,0
summary,float,dense-4,clipping,91735.938,134004.688,138415.625
sample,float,dense-16,relationship,64,16,0,256,26,11242000,0,0
sample,float,dense-16,relationship,64,16,1,256,26,11512500,0,0
sample,float,dense-16,relationship,64,16,2,256,26,10155000,0,0
summary,float,dense-16,relationship,39667.969,43914.062,44970.703
sample,float,dense-16,clipping,64,16,0,16,2,7087700,2320128,0
sample,float,dense-16,clipping,64,16,1,16,2,7992500,2320128,0
sample,float,dense-16,clipping,64,16,2,16,2,7308200,2320128,0
summary,float,dense-16,clipping,442981.250,456762.500,499531.250
sample,float,dense-64,relationship,256,64,0,64,7,9116600,0,0
sample,float,dense-64,relationship,256,64,1,64,7,8068100,0,0
sample,float,dense-64,relationship,256,64,2,64,7,8184000,0,0
summary,float,dense-64,relationship,126064.062,127875.000,142446.875
sample,float,dense-64,clipping,256,64,0,4,1,8663800,2224128,0
sample,float,dense-64,clipping,256,64,1,4,1,8114200,2224128,0
sample,float,dense-64,clipping,256,64,2,4,1,11339000,2224128,0
summary,float,dense-64,clipping,2028550.000,2165950.000,2834750.000
sample,float,subnormal,relationship,4,1,0,8192,820,9773100,0,0
sample,float,subnormal,relationship,4,1,1,8192,820,9970700,0,0
sample,float,subnormal,relationship,4,1,2,8192,820,9671300,0,0
summary,float,subnormal,relationship,1180.579,1193.005,1217.126
sample,float,subnormal,clipping,4,1,0,256,26,7032800,4239360,1
sample,float,subnormal,clipping,4,1,1,256,26,6169700,4239360,1
sample,float,subnormal,clipping,4,1,2,256,26,4995600,4239360,1
summary,float,subnormal,clipping,19514.062,24100.391,27471.875
sample,float,large-finite,relationship,4,1,0,4096,410,6083500,0,0
sample,float,large-finite,relationship,4,1,1,4096,410,5033800,0,0
sample,float,large-finite,relationship,4,1,2,4096,410,4696100,0,0
summary,float,large-finite,relationship,1146.509,1228.955,1485.229
sample,float,large-finite,clipping,4,1,0,256,26,7469500,4239360,1
sample,float,large-finite,clipping,4,1,1,256,26,5869000,4239360,1
sample,float,large-finite,clipping,4,1,2,256,26,5632800,4239360,1
summary,float,large-finite,clipping,22003.125,22925.781,29177.734
fixture,double,exterior,4,1,success,0
fixture,double,interior,4,4,success,1
fixture,double,crossing,4,7,success,1
fixture,double,boundary-only,4,10,success,1
fixture,double,boundary-overlap,4,11,success,1
fixture,double,isolated-tangent,4,3,success,0
fixture,double,degenerate-interior,4,4,success,0
fixture,double,degenerate-boundary,4,2,success,0
fixture,double,empty,0,1,success,0
fixture,double,concave-u,8,7,success,2
fixture,double,hole,8,7,success,2
fixture,double,hole-reversed,8,7,success,2
fixture,double,rational-crossing,3,7,success,1
fixture,double,sparse-1,4,7,success,1
fixture,double,sparse-4,16,7,success,1
fixture,double,sparse-16,64,7,success,1
fixture,double,sparse-64,256,7,success,1
fixture,double,dense-1,4,7,success,1
fixture,double,dense-4,16,7,success,4
fixture,double,dense-16,64,7,success,16
fixture,double,dense-64,256,7,success,64
fixture,double,subnormal,4,7,success,1
fixture,double,large-finite,4,7,success,1
preflight,double,23,PASS
sample,double,exterior,relationship,4,0,0,4096,410,5563000,0,0
sample,double,exterior,relationship,4,0,1,4096,410,5016800,0,0
sample,double,exterior,relationship,4,0,2,4096,410,4885600,0,0
summary,double,exterior,relationship,1192.773,1224.805,1358.154
sample,double,exterior,clipping,4,0,0,2048,205,9995600,16973824,4
sample,double,exterior,clipping,4,0,1,2048,205,8534600,16973824,4
sample,double,exterior,clipping,4,0,2,2048,205,8779300,16973824,4
summary,double,exterior,clipping,4167.285,4286.768,4880.664
sample,double,interior,relationship,4,1,0,4096,410,7198000,0,0
sample,double,interior,relationship,4,1,1,4096,410,5721300,0,0
sample,double,interior,relationship,4,1,2,4096,410,5533100,0,0
summary,double,interior,relationship,1350.854,1396.802,1757.324
sample,double,interior,clipping,4,1,0,512,52,4930300,4268032,1
sample,double,interior,clipping,4,1,1,512,52,5053600,4268032,1
sample,double,interior,clipping,4,1,2,512,52,5076500,4268032,1
summary,double,interior,clipping,9629.492,9870.312,9915.039
sample,double,crossing,relationship,4,1,0,4096,410,5127700,0,0
sample,double,crossing,relationship,4,1,1,4096,410,6059900,0,0
sample,double,crossing,relationship,4,1,2,4096,410,8627300,0,0
summary,double,crossing,relationship,1251.880,1479.468,2106.274
sample,double,crossing,clipping,4,1,0,256,26,8010000,4239360,1
sample,double,crossing,clipping,4,1,1,256,26,5214800,4239360,1
sample,double,crossing,clipping,4,1,2,256,26,5119800,4239360,1
summary,double,crossing,clipping,19999.219,20370.312,31289.062
sample,double,boundary-only,relationship,4,1,0,4096,410,7361200,0,0
sample,double,boundary-only,relationship,4,1,1,4096,410,5799300,0,0
sample,double,boundary-only,relationship,4,1,2,4096,410,5801300,0,0
summary,double,boundary-only,relationship,1415.845,1416.333,1797.168
sample,double,boundary-only,clipping,4,1,0,256,26,4030900,5279744,1
sample,double,boundary-only,clipping,4,1,1,256,26,4056000,5279744,1
sample,double,boundary-only,clipping,4,1,2,256,26,3782200,5279744,1
summary,double,boundary-only,clipping,14774.219,15745.703,15843.750
sample,double,boundary-overlap,relationship,4,1,0,4096,410,9392000,0,0
sample,double,boundary-overlap,relationship,4,1,1,4096,410,8924500,0,0
sample,double,boundary-overlap,relationship,4,1,2,4096,410,8059800,0,0
summary,double,boundary-overlap,relationship,1967.725,2178.833,2292.969
sample,double,boundary-overlap,clipping,4,1,0,512,52,9178000,10575872,2
sample,double,boundary-overlap,clipping,4,1,1,512,52,11086900,10575872,2
sample,double,boundary-overlap,clipping,4,1,2,512,52,18549500,10575872,2
summary,double,boundary-overlap,clipping,17925.781,21654.102,36229.492
sample,double,isolated-tangent,relationship,4,0,0,1024,103,2731800,0,0
sample,double,isolated-tangent,relationship,4,0,1,1024,103,2781500,0,0
sample,double,isolated-tangent,relationship,4,0,2,1024,103,3819300,0,0
summary,double,isolated-tangent,relationship,2667.773,2716.309,3729.785
sample,double,isolated-tangent,clipping,4,0,0,1024,103,11312000,16875520,4
sample,double,isolated-tangent,clipping,4,0,1,1024,103,9650400,16875520,4
sample,double,isolated-tangent,clipping,4,0,2,1024,103,15275800,16875520,4
summary,double,isolated-tangent,clipping,9424.219,11046.875,14917.773
sample,double,degenerate-interior,relationship,4,0,0,65536,6554,4440200,0,0
sample,double,degenerate-interior,relationship,4,0,1,65536,6554,6506800,0,0
sample,double,degenerate-interior,relationship,4,0,2,65536,6554,5288800,0,0
summary,double,degenerate-interior,relationship,67.752,80.701,99.286
sample,double,degenerate-interior,clipping,4,0,0,65536,6554,284400,0,0
sample,double,degenerate-interior,clipping,4,0,1,65536,6554,226100,0,0
sample,double,degenerate-interior,clipping,4,0,2,65536,6554,258100,0,0
summary,double,degenerate-interior,clipping,3.450,3.938,4.340
sample,double,degenerate-boundary,relationship,4,0,0,65536,6554,3259900,0,0
sample,double,degenerate-boundary,relationship,4,0,1,65536,6554,3210700,0,0
sample,double,degenerate-boundary,relationship,4,0,2,65536,6554,2967200,0,0
summary,double,degenerate-boundary,relationship,45.276,48.991,49.742
sample,double,degenerate-boundary,clipping,4,0,0,65536,6554,286000,0,0
sample,double,degenerate-boundary,clipping,4,0,1,65536,6554,265100,0,0
sample,double,degenerate-boundary,clipping,4,0,2,65536,6554,240600,0,0
summary,double,degenerate-boundary,clipping,3.671,4.045,4.364
sample,double,empty,relationship,0,0,0,65536,6554,759300,0,0
sample,double,empty,relationship,0,0,1,65536,6554,819700,0,0
sample,double,empty,relationship,0,0,2,65536,6554,1164300,0,0
summary,double,empty,relationship,11.586,12.508,17.766
sample,double,empty,clipping,0,0,0,65536,6554,251600,0,0
sample,double,empty,clipping,0,0,1,65536,6554,244800,0,0
sample,double,empty,clipping,0,0,2,65536,6554,226100,0,0
summary,double,empty,clipping,3.450,3.735,3.839
sample,double,concave-u,relationship,8,2,0,2048,205,11100600,0,0
sample,double,concave-u,relationship,8,2,1,2048,205,6746600,0,0
sample,double,concave-u,relationship,8,2,2,2048,205,6167700,0,0
summary,double,concave-u,relationship,3011.572,3294.238,5420.215
sample,double,concave-u,clipping,8,2,0,64,7,2950900,1589248,0
sample,double,concave-u,clipping,8,2,1,64,7,2917600,1589248,0
sample,double,concave-u,clipping,8,2,2,64,7,3008500,1589248,0
summary,double,concave-u,clipping,45587.500,46107.812,47007.812
sample,double,hole,relationship,8,2,0,2048,205,12479600,0,0
sample,double,hole,relationship,8,2,1,2048,205,7478100,0,0
sample,double,hole,relationship,8,2,2,2048,205,6278200,0,0
summary,double,hole,relationship,3065.527,3651.416,6093.555
sample,double,hole,clipping,8,2,0,128,13,6733900,3178496,0
sample,double,hole,clipping,8,2,1,128,13,6700600,3178496,0
sample,double,hole,clipping,8,2,2,128,13,9004100,3178496,0
summary,double,hole,clipping,52348.438,52608.594,70344.531
sample,double,hole-reversed,relationship,8,2,0,2048,205,9901900,0,0
sample,double,hole-reversed,relationship,8,2,1,2048,205,10826400,0,0
sample,double,hole-reversed,relationship,8,2,2,2048,205,6651500,0,0
summary,double,hole-reversed,relationship,3247.803,4834.912,5286.328
sample,double,hole-reversed,clipping,8,2,0,64,7,2993300,1589248,0
sample,double,hole-reversed,clipping,8,2,1,64,7,2928500,1589248,0
sample,double,hole-reversed,clipping,8,2,2,64,7,2981300,1589248,0
summary,double,hole-reversed,clipping,45757.812,46582.812,46770.312
sample,double,rational-crossing,relationship,3,1,0,8192,820,7103800,0,0
sample,double,rational-crossing,relationship,3,1,1,8192,820,6887200,0,0
sample,double,rational-crossing,relationship,3,1,2,8192,820,6720400,0,0
summary,double,rational-crossing,relationship,820.361,840.723,867.163
sample,double,rational-crossing,clipping,3,1,0,256,26,4999900,4239360,1
sample,double,rational-crossing,clipping,3,1,1,256,26,5155800,4239360,1
sample,double,rational-crossing,clipping,3,1,2,256,26,5122500,4239360,1
summary,double,rational-crossing,clipping,19530.859,20009.766,20139.844
sample,double,sparse-1,relationship,4,1,0,8192,820,9504800,0,0
sample,double,sparse-1,relationship,4,1,1,8192,820,9743800,0,0
sample,double,sparse-1,relationship,4,1,2,8192,820,18228200,0,0
summary,double,sparse-1,relationship,1160.254,1189.429,2225.122
sample,double,sparse-1,clipping,4,1,0,256,26,4945500,4239360,1
sample,double,sparse-1,clipping,4,1,1,256,26,4934700,4239360,1
sample,double,sparse-1,clipping,4,1,2,256,26,8091400,4239360,1
summary,double,sparse-1,clipping,19276.172,19318.359,31607.031
sample,double,sparse-4,relationship,16,1,0,1024,103,5557600,0,0
sample,double,sparse-4,relationship,16,1,1,1024,103,5800800,0,0
sample,double,sparse-4,relationship,16,1,2,1024,103,5259700,0,0
summary,double,sparse-4,relationship,5136.426,5427.344,5664.844
sample,double,sparse-4,clipping,16,1,0,256,26,6508400,4239360,1
sample,double,sparse-4,clipping,16,1,1,256,26,6546300,4239360,1
sample,double,sparse-4,clipping,16,1,2,256,26,8914600,4239360,1
summary,double,sparse-4,clipping,25423.438,25571.484,34822.656
sample,double,sparse-16,relationship,64,1,0,256,26,5436900,0,0
sample,double,sparse-16,relationship,64,1,1,256,26,11252500,0,0
sample,double,sparse-16,relationship,64,1,2,256,26,5523400,0,0
summary,double,sparse-16,relationship,21237.891,21575.781,43955.078
sample,double,sparse-16,clipping,64,1,0,128,13,5856200,2119680,0
sample,double,sparse-16,clipping,64,1,1,128,13,5787800,2119680,0
sample,double,sparse-16,clipping,64,1,2,128,13,7238500,2119680,0
summary,double,sparse-16,clipping,45217.188,45751.562,56550.781
sample,double,sparse-64,relationship,256,1,0,64,7,6631500,0,0
sample,double,sparse-64,relationship,256,1,1,64,7,8304600,0,0
sample,double,sparse-64,relationship,256,1,2,64,7,5577600,0,0
summary,double,sparse-64,relationship,87150.000,103617.188,129759.375
sample,double,sparse-64,clipping,256,1,0,64,7,8650600,1059840,0
sample,double,sparse-64,clipping,256,1,1,64,7,11903500,1059840,0
sample,double,sparse-64,clipping,256,1,2,64,7,13654500,1059840,0
summary,double,sparse-64,clipping,135165.625,185992.188,213351.562
sample,double,dense-1,relationship,4,1,0,8192,820,12307800,0,0
sample,double,dense-1,relationship,4,1,1,8192,820,14094300,0,0
sample,double,dense-1,relationship,4,1,2,8192,820,12501600,0,0
summary,double,dense-1,relationship,1502.417,1526.074,1720.496
sample,double,dense-1,clipping,4,1,0,256,26,6108700,4239360,1
sample,double,dense-1,clipping,4,1,1,256,26,7498600,4239360,1
sample,double,dense-1,clipping,4,1,2,256,26,5473500,4239360,1
summary,double,dense-1,clipping,21380.859,23862.109,29291.406
sample,double,dense-4,relationship,16,4,0,1024,103,8011200,0,0
sample,double,dense-4,relationship,16,4,1,1024,103,6704300,0,0
sample,double,dense-4,relationship,16,4,2,1024,103,7443700,0,0
summary,double,dense-4,relationship,6547.168,7269.238,7823.438
sample,double,dense-4,clipping,16,4,0,32,4,5032000,1323520,0
sample,double,dense-4,clipping,16,4,1,32,4,3393500,1323520,0
sample,double,dense-4,clipping,16,4,2,32,4,2977800,1323520,0
summary,double,dense-4,clipping,93056.250,106046.875,157250.000
sample,double,dense-16,relationship,64,16,0,256,26,7357500,0,0
sample,double,dense-16,relationship,64,16,1,256,26,7258100,0,0
sample,double,dense-16,relationship,64,16,2,256,26,7311500,0,0
summary,double,dense-16,relationship,28351.953,28560.547,28740.234
sample,double,dense-16,clipping,64,16,0,16,2,7645900,2320128,0
sample,double,dense-16,clipping,64,16,1,16,2,6976200,2320128,0
sample,double,dense-16,clipping,64,16,2,16,2,7195500,2320128,0
summary,double,dense-16,clipping,436012.500,449718.750,477868.750
sample,double,dense-64,relationship,256,64,0,16,2,2781800,0,0
sample,double,dense-64,relationship,256,64,1,16,2,2003600,0,0
sample,double,dense-64,relationship,256,64,2,16,2,1940300,0,0
summary,double,dense-64,relationship,121268.750,125225.000,173862.500
sample,double,dense-64,clipping,256,64,0,4,1,8608000,2224128,0
sample,double,dense-64,clipping,256,64,1,4,1,8911700,2224128,0
sample,double,dense-64,clipping,256,64,2,4,1,11201600,2224128,0
summary,double,dense-64,clipping,2152000.000,2227925.000,2800400.000
sample,double,subnormal,relationship,4,1,0,1024,103,6713000,0,0
sample,double,subnormal,relationship,4,1,1,1024,103,7152600,0,0
sample,double,subnormal,relationship,4,1,2,1024,103,8764500,0,0
summary,double,subnormal,relationship,6555.664,6984.961,8559.082
sample,double,subnormal,clipping,4,1,0,256,26,11967500,4239360,1
sample,double,subnormal,clipping,4,1,1,256,26,7057700,4239360,1
sample,double,subnormal,clipping,4,1,2,256,26,8550400,4239360,1
summary,double,subnormal,clipping,27569.141,33400.000,46748.047
sample,double,large-finite,relationship,4,1,0,1024,103,7834600,0,0
sample,double,large-finite,relationship,4,1,1,1024,103,7916100,0,0
sample,double,large-finite,relationship,4,1,2,1024,103,8056800,0,0
summary,double,large-finite,relationship,7650.977,7730.566,7867.969
sample,double,large-finite,clipping,4,1,0,128,13,5795300,2119680,0
sample,double,large-finite,clipping,4,1,1,128,13,5665600,2119680,0
sample,double,large-finite,clipping,4,1,2,128,13,4760000,2119680,0
summary,double,large-finite,clipping,37187.500,44262.500,45275.781
sink,2175319111884937382
