fixture_header,scalar,case,edges,expected_fact_bits,expected_status,expected_components
sample_header,scalar,case,operation,edges,expected_components,round,iterations,warmup,elapsed_ns,gc_bytes,gc_collections
summary_header,scalar,case,operation,min_ns_per_op,median_ns_per_op,max_ns_per_op
fixture,int,exterior,4,1,success,0
fixture,int,interior,4,4,success,1
fixture,int,crossing,4,7,success,1
fixture,int,boundary-only,4,10,success,1
fixture,int,boundary-overlap,4,11,success,1
fixture,int,isolated-tangent,4,3,success,0
fixture,int,degenerate-interior,4,4,success,0
fixture,int,degenerate-boundary,4,2,success,0
fixture,int,empty,0,1,success,0
fixture,int,concave-u,8,7,success,2
fixture,int,hole,8,7,success,2
fixture,int,hole-reversed,8,7,success,2
fixture,int,rational-crossing,3,7,success,1
fixture,int,sparse-1,4,7,success,1
fixture,int,sparse-4,16,7,success,1
fixture,int,sparse-16,64,7,success,1
fixture,int,sparse-64,256,7,success,1
fixture,int,dense-1,4,7,success,1
fixture,int,dense-4,16,7,success,4
fixture,int,dense-16,64,7,success,16
fixture,int,dense-64,256,7,success,64
fixture,int,wide-integral,4,7,success,1
preflight,int,22,PASS
sample,int,exterior,relationship,4,0,0,2048,205,9559500,0,0
sample,int,exterior,relationship,4,0,1,2048,205,10614600,0,0
sample,int,exterior,relationship,4,0,2,2048,205,9924400,0,0
summary,int,exterior,relationship,4667.725,4845.898,5182.910
sample,int,exterior,clipping,4,0,0,512,52,6774700,4243456,1
sample,int,exterior,clipping,4,0,1,512,52,7704400,4243456,1
sample,int,exterior,clipping,4,0,2,512,52,5775800,4243456,1
summary,int,exterior,clipping,11280.859,13231.836,15047.656
sample,int,interior,relationship,4,1,0,1024,103,4765000,0,0
sample,int,interior,relationship,4,1,1,1024,103,5084400,0,0
sample,int,interior,relationship,4,1,2,1024,103,4716300,0,0
summary,int,interior,relationship,4605.762,4653.320,4965.234
sample,int,interior,clipping,4,1,0,256,26,5892700,2134016,0
sample,int,interior,clipping,4,1,1,256,26,5671200,2134016,0
sample,int,interior,clipping,4,1,2,256,26,5827800,2134016,0
summary,int,interior,clipping,22153.125,22764.844,23018.359
sample,int,crossing,relationship,4,1,0,1024,103,4859600,0,0
sample,int,crossing,relationship,4,1,1,1024,103,8994400,0,0
sample,int,crossing,relationship,4,1,2,1024,103,4971700,0,0
summary,int,crossing,relationship,4745.703,4855.176,8783.594
sample,int,crossing,clipping,4,1,0,128,13,8829700,2119680,0
sample,int,crossing,clipping,4,1,1,128,13,9193500,2119680,0
sample,int,crossing,clipping,4,1,2,128,13,8248200,2119680,0
summary,int,crossing,clipping,64439.062,68982.031,71824.219
sample,int,boundary-only,relationship,4,1,0,1024,103,6722100,0,0
sample,int,boundary-only,relationship,4,1,1,1024,103,6961600,0,0
sample,int,boundary-only,relationship,4,1,2,1024,103,10699700,0,0
summary,int,boundary-only,relationship,6564.551,6798.438,10448.926
sample,int,boundary-only,clipping,4,1,0,256,26,10739200,5279744,1
sample,int,boundary-only,clipping,4,1,1,256,26,11703400,5279744,1
sample,int,boundary-only,clipping,4,1,2,256,26,11384000,5279744,1
summary,int,boundary-only,clipping,41950.000,44468.750,45716.406
sample,int,boundary-overlap,relationship,4,1,0,1024,103,7617800,0,0
sample,int,boundary-overlap,relationship,4,1,1,1024,103,8048900,0,0
sample,int,boundary-overlap,relationship,4,1,2,1024,103,8677300,0,0
summary,int,boundary-overlap,relationship,7439.258,7860.254,8473.926
sample,int,boundary-overlap,clipping,4,1,0,128,13,6946800,2643968,0
sample,int,boundary-overlap,clipping,4,1,1,128,13,8475600,2643968,0
sample,int,boundary-overlap,clipping,4,1,2,128,13,8520600,2643968,0
summary,int,boundary-overlap,clipping,54271.875,66215.625,66567.188
sample,int,isolated-tangent,relationship,4,0,0,1024,103,8682700,0,0
sample,int,isolated-tangent,relationship,4,0,1,1024,103,8198400,0,0
sample,int,isolated-tangent,relationship,4,0,2,1024,103,7521000,0,0
summary,int,isolated-tangent,relationship,7344.727,8006.250,8479.199
sample,int,isolated-tangent,clipping,4,0,0,256,26,5345400,4218880,1
sample,int,isolated-tangent,clipping,4,0,1,256,26,6177500,4218880,1
sample,int,isolated-tangent,clipping,4,0,2,256,26,5029100,4218880,1
summary,int,isolated-tangent,clipping,19644.922,20880.469,24130.859
sample,int,degenerate-interior,relationship,4,0,0,32768,3277,5707600,0,0
sample,int,degenerate-interior,relationship,4,0,1,32768,3277,5391900,0,0
sample,int,degenerate-interior,relationship,4,0,2,32768,3277,6439900,0,0
summary,int,degenerate-interior,relationship,164.548,174.182,196.530
sample,int,degenerate-interior,clipping,4,0,0,65536,6554,1994700,0,0
sample,int,degenerate-interior,clipping,4,0,1,65536,6554,1653000,0,0
sample,int,degenerate-interior,clipping,4,0,2,65536,6554,1695900,0,0
summary,int,degenerate-interior,clipping,25.223,25.877,30.437
sample,int,degenerate-boundary,relationship,4,0,0,65536,6554,10175400,0,0
sample,int,degenerate-boundary,relationship,4,0,1,65536,6554,9313400,0,0
sample,int,degenerate-boundary,relationship,4,0,2,65536,6554,11032100,0,0
summary,int,degenerate-boundary,relationship,142.111,155.264,168.336
sample,int,degenerate-boundary,clipping,4,0,0,65536,6554,1676300,0,0
sample,int,degenerate-boundary,clipping,4,0,1,65536,6554,2180000,0,0
sample,int,degenerate-boundary,clipping,4,0,2,65536,6554,1946400,0,0
summary,int,degenerate-boundary,clipping,25.578,29.700,33.264
sample,int,empty,relationship,0,0,0,65536,6554,1801900,0,0
sample,int,empty,relationship,0,0,1,65536,6554,1777900,0,0
sample,int,empty,relationship,0,0,2,65536,6554,1789400,0,0
summary,int,empty,relationship,27.129,27.304,27.495
sample,int,empty,clipping,0,0,0,65536,6554,1856400,0,0
sample,int,empty,clipping,0,0,1,65536,6554,1780000,0,0
sample,int,empty,clipping,0,0,2,65536,6554,1907400,0,0
summary,int,empty,clipping,27.161,28.326,29.105
sample,int,concave-u,relationship,8,2,0,512,52,6672600,0,0
sample,int,concave-u,relationship,8,2,1,512,52,6967300,0,0
sample,int,concave-u,relationship,8,2,2,512,52,6738200,0,0
summary,int,concave-u,relationship,13032.422,13160.547,13608.008
sample,int,concave-u,clipping,8,2,0,64,7,8694000,1589248,0
sample,int,concave-u,clipping,8,2,1,64,7,9508400,1589248,0
sample,int,concave-u,clipping,8,2,2,64,7,11621400,1589248,0
summary,int,concave-u,clipping,135843.750,148568.750,181584.375
sample,int,hole,relationship,8,2,0,512,52,7105200,0,0
sample,int,hole,relationship,8,2,1,512,52,7329200,0,0
sample,int,hole,relationship,8,2,2,512,52,8070000,0,0
summary,int,hole,relationship,13877.344,14314.844,15761.719
sample,int,hole,clipping,8,2,0,64,7,10461900,1589248,0
sample,int,hole,clipping,8,2,1,64,7,14323800,1589248,0
sample,int,hole,clipping,8,2,2,64,7,10141100,1589248,0
summary,int,hole,clipping,158454.688,163467.188,223809.375
sample,int,hole-reversed,relationship,8,2,0,512,52,7353500,0,0
sample,int,hole-reversed,relationship,8,2,1,512,52,7284400,0,0
sample,int,hole-reversed,relationship,8,2,2,512,52,8225600,0,0
summary,int,hole-reversed,relationship,14227.344,14362.305,16065.625
sample,int,hole-reversed,clipping,8,2,0,64,7,9463200,1589248,0
sample,int,hole-reversed,clipping,8,2,1,64,7,9012600,1589248,0
sample,int,hole-reversed,clipping,8,2,2,64,7,9458600,1589248,0
summary,int,hole-reversed,clipping,140821.875,147790.625,147862.500
sample,int,rational-crossing,relationship,3,1,0,2048,205,8562300,0,0
sample,int,rational-crossing,relationship,3,1,1,2048,205,6671000,0,0
sample,int,rational-crossing,relationship,3,1,2,2048,205,7938200,0,0
summary,int,rational-crossing,relationship,3257.324,3876.074,4180.811
sample,int,rational-crossing,clipping,3,1,0,128,13,7067500,2119680,0
sample,int,rational-crossing,clipping,3,1,1,128,13,7474900,2119680,0
sample,int,rational-crossing,clipping,3,1,2,128,13,8325500,2119680,0
summary,int,rational-crossing,clipping,55214.844,58397.656,65042.969
sample,int,sparse-1,relationship,4,1,0,512,52,2535700,0,0
sample,int,sparse-1,relationship,4,1,1,512,52,3288400,0,0
sample,int,sparse-1,relationship,4,1,2,512,52,3175800,0,0
summary,int,sparse-1,relationship,4952.539,6202.734,6422.656
sample,int,sparse-1,clipping,4,1,0,128,13,12141200,2119680,0
sample,int,sparse-1,clipping,4,1,1,128,13,8086100,2119680,0
sample,int,sparse-1,clipping,4,1,2,128,13,8946900,2119680,0
summary,int,sparse-1,clipping,63172.656,69897.656,94853.125
sample,int,sparse-4,relationship,16,1,0,256,26,5702500,0,0
sample,int,sparse-4,relationship,16,1,1,256,26,6065000,0,0
sample,int,sparse-4,relationship,16,1,2,256,26,5996000,0,0
summary,int,sparse-4,relationship,22275.391,23421.875,23691.406
sample,int,sparse-4,clipping,16,1,0,64,7,5071500,1059840,0
sample,int,sparse-4,clipping,16,1,1,64,7,5073800,1059840,0
sample,int,sparse-4,clipping,16,1,2,64,7,6916900,1059840,0
summary,int,sparse-4,clipping,79242.188,79278.125,108076.562
sample,int,sparse-16,relationship,64,1,0,64,7,6335500,0,0
sample,int,sparse-16,relationship,64,1,1,64,7,6237000,0,0
sample,int,sparse-16,relationship,64,1,2,64,7,6281100,0,0
summary,int,sparse-16,relationship,97453.125,98142.188,98992.188
sample,int,sparse-16,clipping,64,1,0,32,4,5451800,529920,0
sample,int,sparse-16,clipping,64,1,1,32,4,5527000,529920,0
sample,int,sparse-16,clipping,64,1,2,32,4,5513400,529920,0
summary,int,sparse-16,clipping,170368.750,172293.750,172718.750
sample,int,sparse-64,relationship,256,1,0,16,2,8217400,0,0
sample,int,sparse-64,relationship,256,1,1,16,2,7178200,0,0
sample,int,sparse-64,relationship,256,1,2,16,2,6570900,0,0
summary,int,sparse-64,relationship,410681.250,448637.500,513587.500
sample,int,sparse-64,clipping,256,1,0,16,2,9322700,264960,0
sample,int,sparse-64,clipping,256,1,1,16,2,8970300,264960,0
sample,int,sparse-64,clipping,256,1,2,16,2,8870100,264960,0
summary,int,sparse-64,clipping,554381.250,560643.750,582668.750
sample,int,dense-1,relationship,4,1,0,2048,205,15972200,0,0
sample,int,dense-1,relationship,4,1,1,2048,205,10990700,0,0
sample,int,dense-1,relationship,4,1,2,2048,205,10931600,0,0
summary,int,dense-1,relationship,5337.695,5366.553,7798.926
sample,int,dense-1,clipping,4,1,0,128,13,9636100,2119680,0
sample,int,dense-1,clipping,4,1,1,128,13,11080000,2119680,0
sample,int,dense-1,clipping,4,1,2,128,13,8879000,2119680,0
summary,int,dense-1,clipping,69367.188,75282.031,86562.500
sample,int,dense-4,relationship,16,4,0,256,26,8057800,0,0
sample,int,dense-4,relationship,16,4,1,256,26,9112700,0,0
sample,int,dense-4,relationship,16,4,2,256,26,8738700,0,0
summary,int,dense-4,relationship,31475.781,34135.547,35596.484
sample,int,dense-4,clipping,16,4,0,16,2,4929200,661760,0
sample,int,dense-4,clipping,16,4,1,16,2,4858900,661760,0
sample,int,dense-4,clipping,16,4,2,16,2,7169900,661760,0
summary,int,dense-4,clipping,303681.250,308075.000,448118.750
sample,int,dense-16,relationship,64,16,0,32,4,4693400,0,0
sample,int,dense-16,relationship,64,16,1,32,4,4314500,0,0
sample,int,dense-16,relationship,64,16,2,32,4,4141200,0,0
summary,int,dense-16,relationship,129412.500,134828.125,146668.750
sample,int,dense-16,clipping,64,16,0,4,1,5934600,580032,0
sample,int,dense-16,clipping,64,16,1,4,1,8237400,580032,0
sample,int,dense-16,clipping,64,16,2,4,1,6488600,580032,0
summary,int,dense-16,clipping,1483650.000,1622150.000,2059350.000
sample,int,dense-64,relationship,256,64,0,8,1,4514500,0,0
sample,int,dense-64,relationship,256,64,1,8,1,5082800,0,0
sample,int,dense-64,relationship,256,64,2,8,1,4978400,0,0
summary,int,dense-64,relationship,564312.500,622300.000,635350.000
sample,int,dense-64,clipping,256,64,0,1,1,7371200,556032,0
sample,int,dense-64,clipping,256,64,1,1,1,7790000,556032,0
sample,int,dense-64,clipping,256,64,2,1,1,6825600,556032,0
summary,int,dense-64,clipping,6825600.000,7371200.000,7790000.000
sample,int,wide-integral,relationship,4,1,0,2048,205,9788200,0,0
sample,int,wide-integral,relationship,4,1,1,2048,205,10425000,0,0
sample,int,wide-integral,relationship,4,1,2,2048,205,10868600,0,0
summary,int,wide-integral,relationship,4779.395,5090.332,5306.934
sample,int,wide-integral,clipping,4,1,0,128,13,8745700,2119680,0
sample,int,wide-integral,clipping,4,1,1,128,13,7525600,2119680,0
sample,int,wide-integral,clipping,4,1,2,128,13,8312400,2119680,0
summary,int,wide-integral,clipping,58793.750,64940.625,68325.781
fixture,long,exterior,4,1,success,0
fixture,long,interior,4,4,success,1
fixture,long,crossing,4,7,success,1
fixture,long,boundary-only,4,10,success,1
fixture,long,boundary-overlap,4,11,success,1
fixture,long,isolated-tangent,4,3,success,0
fixture,long,degenerate-interior,4,4,success,0
fixture,long,degenerate-boundary,4,2,success,0
fixture,long,empty,0,1,success,0
fixture,long,concave-u,8,7,success,2
fixture,long,hole,8,7,success,2
fixture,long,hole-reversed,8,7,success,2
fixture,long,rational-crossing,3,7,success,1
fixture,long,sparse-1,4,7,success,1
fixture,long,sparse-4,16,7,success,1
fixture,long,sparse-16,64,7,success,1
fixture,long,sparse-64,256,7,success,1
fixture,long,dense-1,4,7,success,1
fixture,long,dense-4,16,7,success,4
fixture,long,dense-16,64,7,success,16
fixture,long,dense-64,256,7,success,64
fixture,long,wide-integral,4,7,success,1
fixture,long,endpoint-collapse,4,6,unrepresentableConstruction,0
fixture,long,gap-collapse,8,7,unrepresentableConstruction,0
preflight,long,24,PASS
sample,long,exterior,relationship,4,0,0,1024,103,5542700,0,0
sample,long,exterior,relationship,4,0,1,1024,103,7370600,0,0
sample,long,exterior,relationship,4,0,2,1024,103,6602500,0,0
summary,long,exterior,relationship,5412.793,6447.754,7197.852
sample,long,exterior,clipping,4,0,0,512,52,5835800,4243456,1
sample,long,exterior,clipping,4,0,1,512,52,6116300,4243456,1
sample,long,exterior,clipping,4,0,2,512,52,12269700,4243456,1
summary,long,exterior,clipping,11398.047,11945.898,23964.258
sample,long,interior,relationship,4,1,0,1024,103,5373600,0,0
sample,long,interior,relationship,4,1,1,1024,103,6065800,0,0
sample,long,interior,relationship,4,1,2,1024,103,5936800,0,0
summary,long,interior,relationship,5247.656,5797.656,5923.633
sample,long,interior,clipping,4,1,0,256,26,6641700,2134016,0
sample,long,interior,clipping,4,1,1,256,26,7082200,2134016,0
sample,long,interior,clipping,4,1,2,256,26,5889700,2134016,0
summary,long,interior,clipping,23006.641,25944.141,27664.844
sample,long,crossing,relationship,4,1,0,2048,205,9839200,0,0
sample,long,crossing,relationship,4,1,1,2048,205,9310900,0,0
sample,long,crossing,relationship,4,1,2,2048,205,9834700,0,0
summary,long,crossing,relationship,4546.338,4802.100,4804.297
sample,long,crossing,clipping,4,1,0,128,13,8338400,2119680,0
sample,long,crossing,clipping,4,1,1,128,13,9217300,2119680,0
sample,long,crossing,clipping,4,1,2,128,13,9306800,2119680,0
summary,long,crossing,clipping,65143.750,72010.156,72709.375
sample,long,boundary-only,relationship,4,1,0,1024,103,8442500,0,0
sample,long,boundary-only,relationship,4,1,1,1024,103,7047300,0,0
sample,long,boundary-only,relationship,4,1,2,1024,103,6797000,0,0
summary,long,boundary-only,relationship,6637.695,6882.129,8244.629
sample,long,boundary-only,clipping,4,1,0,128,13,4816400,2639872,0
sample,long,boundary-only,clipping,4,1,1,128,13,5104600,2639872,0
sample,long,boundary-only,clipping,4,1,2,128,13,7370400,2639872,0
summary,long,boundary-only,clipping,37628.125,39879.688,57581.250
sample,long,boundary-overlap,relationship,4,1,0,1024,103,8695000,0,0
sample,long,boundary-overlap,relationship,4,1,1,1024,103,8907300,0,0
sample,long,boundary-overlap,relationship,4,1,2,1024,103,12011700,0,0
summary,long,boundary-overlap,relationship,8491.211,8698.535,11730.176
sample,long,boundary-overlap,clipping,4,1,0,128,13,4822100,2643968,0
sample,long,boundary-overlap,clipping,4,1,1,128,13,5731900,2643968,0
sample,long,boundary-overlap,clipping,4,1,2,128,13,4866700,2643968,0
summary,long,boundary-overlap,clipping,37672.656,38021.094,44780.469
sample,long,isolated-tangent,relationship,4,0,0,1024,103,6953700,0,0
sample,long,isolated-tangent,relationship,4,0,1,1024,103,6977400,0,0
sample,long,isolated-tangent,relationship,4,0,2,1024,103,7048100,0,0
summary,long,isolated-tangent,relationship,6790.723,6813.867,6882.910
sample,long,isolated-tangent,clipping,4,0,0,256,26,8010900,4218880,1
sample,long,isolated-tangent,clipping,4,0,1,256,26,5020800,4218880,1
sample,long,isolated-tangent,clipping,4,0,2,256,26,4809900,4218880,1
summary,long,isolated-tangent,clipping,18788.672,19612.500,31292.578
sample,long,degenerate-interior,relationship,4,0,0,65536,6554,7905900,0,0
sample,long,degenerate-interior,relationship,4,0,1,65536,6554,8182400,0,0
sample,long,degenerate-interior,relationship,4,0,2,65536,6554,7875600,0,0
summary,long,degenerate-interior,relationship,120.172,120.634,124.854
sample,long,degenerate-interior,clipping,4,0,0,65536,6554,3319600,0,0
sample,long,degenerate-interior,clipping,4,0,1,65536,6554,1760400,0,0
sample,long,degenerate-interior,clipping,4,0,2,65536,6554,1592500,0,0
summary,long,degenerate-interior,clipping,24.300,26.862,50.653
sample,long,degenerate-boundary,relationship,4,0,0,65536,6554,8470600,0,0
sample,long,degenerate-boundary,relationship,4,0,1,65536,6554,8553100,0,0
sample,long,degenerate-boundary,relationship,4,0,2,65536,6554,7903400,0,0
summary,long,degenerate-boundary,relationship,120.596,129.251,130.510
sample,long,degenerate-boundary,clipping,4,0,0,65536,6554,1864400,0,0
sample,long,degenerate-boundary,clipping,4,0,1,65536,6554,1961000,0,0
sample,long,degenerate-boundary,clipping,4,0,2,65536,6554,1697700,0,0
summary,long,degenerate-boundary,clipping,25.905,28.448,29.922
sample,long,empty,relationship,0,0,0,65536,6554,2972700,0,0
sample,long,empty,relationship,0,0,1,65536,6554,2392700,0,0
sample,long,empty,relationship,0,0,2,65536,6554,2491800,0,0
summary,long,empty,relationship,36.510,38.022,45.360
sample,long,empty,clipping,0,0,0,65536,6554,2374200,0,0
sample,long,empty,clipping,0,0,1,65536,6554,1655500,0,0
sample,long,empty,clipping,0,0,2,65536,6554,1795100,0,0
summary,long,empty,clipping,25.261,27.391,36.227
sample,long,concave-u,relationship,8,2,0,512,52,8865200,0,0
sample,long,concave-u,relationship,8,2,1,512,52,7269100,0,0
sample,long,concave-u,relationship,8,2,2,512,52,7663300,0,0
summary,long,concave-u,relationship,14197.461,14967.383,17314.844
sample,long,concave-u,clipping,8,2,0,64,7,9157300,1589248,0
sample,long,concave-u,clipping,8,2,1,64,7,9464100,1589248,0
sample,long,concave-u,clipping,8,2,2,64,7,9743000,1589248,0
summary,long,concave-u,clipping,143082.812,147876.562,152234.375
sample,long,hole,relationship,8,2,0,512,52,6542400,0,0
sample,long,hole,relationship,8,2,1,512,52,7778600,0,0
sample,long,hole,relationship,8,2,2,512,52,7430100,0,0
summary,long,hole,relationship,12778.125,14511.914,15192.578
sample,long,hole,clipping,8,2,0,64,7,10347500,1589248,0
sample,long,hole,clipping,8,2,1,64,7,10702400,1589248,0
sample,long,hole,clipping,8,2,2,64,7,9177900,1589248,0
summary,long,hole,clipping,143404.688,161679.688,167225.000
sample,long,hole-reversed,relationship,8,2,0,512,52,14114000,0,0
sample,long,hole-reversed,relationship,8,2,1,512,52,7746100,0,0
sample,long,hole-reversed,relationship,8,2,2,512,52,9638600,0,0
summary,long,hole-reversed,relationship,15129.102,18825.391,27566.406
sample,long,hole-reversed,clipping,8,2,0,64,7,11766700,1589248,0
sample,long,hole-reversed,clipping,8,2,1,64,7,11856200,1589248,0
sample,long,hole-reversed,clipping,8,2,2,64,7,10362700,1589248,0
summary,long,hole-reversed,clipping,161917.188,183854.688,185253.125
sample,long,rational-crossing,relationship,3,1,0,2048,205,6913300,0,0
sample,long,rational-crossing,relationship,3,1,1,2048,205,7246900,0,0
sample,long,rational-crossing,relationship,3,1,2,2048,205,8321300,0,0
summary,long,rational-crossing,relationship,3375.635,3538.525,4063.135
sample,long,rational-crossing,clipping,3,1,0,128,13,7441100,2119680,0
sample,long,rational-crossing,clipping,3,1,1,128,13,7783000,2119680,0
sample,long,rational-crossing,clipping,3,1,2,128,13,7881600,2119680,0
summary,long,rational-crossing,clipping,58133.594,60804.688,61575.000
sample,long,sparse-1,relationship,4,1,0,1024,103,4810200,0,0
sample,long,sparse-1,relationship,4,1,1,1024,103,4948400,0,0
sample,long,sparse-1,relationship,4,1,2,1024,103,6089800,0,0
summary,long,sparse-1,relationship,4697.461,4832.422,5947.070
sample,long,sparse-1,clipping,4,1,0,128,13,7866700,2119680,0
sample,long,sparse-1,clipping,4,1,1,128,13,8549400,2119680,0
sample,long,sparse-1,clipping,4,1,2,128,13,8426600,2119680,0
summary,long,sparse-1,clipping,61458.594,65832.812,66792.188
sample,long,sparse-4,relationship,16,1,0,256,26,6257600,0,0
sample,long,sparse-4,relationship,16,1,1,256,26,6154500,0,0
sample,long,sparse-4,relationship,16,1,2,256,26,6320700,0,0
summary,long,sparse-4,relationship,24041.016,24443.750,24690.234
sample,long,sparse-4,clipping,16,1,0,64,7,5705800,1059840,0
sample,long,sparse-4,clipping,16,1,1,64,7,5412000,1059840,0
sample,long,sparse-4,clipping,16,1,2,64,7,5393200,1059840,0
summary,long,sparse-4,clipping,84268.750,84562.500,89153.125
sample,long,sparse-16,relationship,64,1,0,64,7,6105500,0,0
sample,long,sparse-16,relationship,64,1,1,64,7,6002500,0,0
sample,long,sparse-16,relationship,64,1,2,64,7,8771800,0,0
summary,long,sparse-16,relationship,93789.062,95398.438,137059.375
sample,long,sparse-16,clipping,64,1,0,32,4,6074900,529920,0
sample,long,sparse-16,clipping,64,1,1,32,4,5706200,529920,0
sample,long,sparse-16,clipping,64,1,2,32,4,5377800,529920,0
summary,long,sparse-16,clipping,168056.250,178318.750,189840.625
sample,long,sparse-64,relationship,256,1,0,8,1,3097100,0,0
sample,long,sparse-64,relationship,256,1,1,8,1,2873000,0,0
sample,long,sparse-64,relationship,256,1,2,8,1,2828600,0,0
summary,long,sparse-64,relationship,353575.000,359125.000,387137.500
sample,long,sparse-64,clipping,256,1,0,16,2,7599400,264960,0
sample,long,sparse-64,clipping,256,1,1,16,2,8534100,264960,0
sample,long,sparse-64,clipping,256,1,2,16,2,7794800,264960,0
summary,long,sparse-64,clipping,474962.500,487175.000,533381.250
sample,long,dense-1,relationship,4,1,0,2048,205,10470100,0,0
sample,long,dense-1,relationship,4,1,1,2048,205,10223900,0,0
sample,long,dense-1,relationship,4,1,2,2048,205,10950800,0,0
summary,long,dense-1,relationship,4992.139,5112.354,5347.070
sample,long,dense-1,clipping,4,1,0,128,13,8468200,2119680,0
sample,long,dense-1,clipping,4,1,1,128,13,8392300,2119680,0
sample,long,dense-1,clipping,4,1,2,128,13,8668900,2119680,0
summary,long,dense-1,clipping,65564.844,66157.812,67725.781
sample,long,dense-4,relationship,16,4,0,256,26,10597000,0,0
sample,long,dense-4,relationship,16,4,1,256,26,9145800,0,0
sample,long,dense-4,relationship,16,4,2,256,26,8212300,0,0
summary,long,dense-4,relationship,32079.297,35725.781,41394.531
sample,long,dense-4,clipping,16,4,0,16,2,9426400,661760,0
sample,long,dense-4,clipping,16,4,1,16,2,5258300,661760,0
sample,long,dense-4,clipping,16,4,2,16,2,5205800,661760,0
summary,long,dense-4,clipping,325362.500,328643.750,589150.000
sample,long,dense-16,relationship,64,16,0,64,7,8433700,0,0
sample,long,dense-16,relationship,64,16,1,64,7,10682500,0,0
sample,long,dense-16,relationship,64,16,2,64,7,8395400,0,0
summary,long,dense-16,relationship,131178.125,131776.562,166914.062
sample,long,dense-16,clipping,64,16,0,4,1,5558000,580032,0
sample,long,dense-16,clipping,64,16,1,4,1,6679000,580032,0
sample,long,dense-16,clipping,64,16,2,4,1,5622900,580032,0
summary,long,dense-16,clipping,1389500.000,1405725.000,1669750.000
sample,long,dense-64,relationship,256,64,0,16,2,8722800,0,0
sample,long,dense-64,relationship,256,64,1,16,2,9649300,0,0
sample,long,dense-64,relationship,256,64,2,16,2,10889600,0,0
summary,long,dense-64,relationship,545175.000,603081.250,680600.000
sample,long,dense-64,clipping,256,64,0,1,1,6442600,556032,0
sample,long,dense-64,clipping,256,64,1,1,1,7079900,556032,0
sample,long,dense-64,clipping,256,64,2,1,1,8011600,556032,0
summary,long,dense-64,clipping,6442600.000,7079900.000,8011600.000
sample,long,wide-integral,relationship,4,1,0,1024,103,8477400,0,0
sample,long,wide-integral,relationship,4,1,1,1024,103,4976200,0,0
sample,long,wide-integral,relationship,4,1,2,1024,103,5307000,0,0
summary,long,wide-integral,relationship,4859.570,5182.617,8278.711
sample,long,wide-integral,clipping,4,1,0,128,13,13291200,2119680,0
sample,long,wide-integral,clipping,4,1,1,128,13,11487400,2119680,0
sample,long,wide-integral,clipping,4,1,2,128,13,12206600,2119680,0
summary,long,wide-integral,clipping,89745.312,95364.062,103837.500
sample,long,endpoint-collapse,relationship,4,0,0,1024,103,8017500,0,0
sample,long,endpoint-collapse,relationship,4,0,1,1024,103,7105500,0,0
sample,long,endpoint-collapse,relationship,4,0,2,1024,103,7914500,0,0
summary,long,endpoint-collapse,relationship,6938.965,7729.004,7829.590
sample,long,endpoint-collapse,clipping,4,0,0,128,13,6262800,2115584,0
sample,long,endpoint-collapse,clipping,4,0,1,128,13,6358200,2115584,0
sample,long,endpoint-collapse,clipping,4,0,2,128,13,6016100,2115584,0
summary,long,endpoint-collapse,clipping,47000.781,48928.125,49673.438
sample,long,gap-collapse,relationship,8,0,0,512,52,7569100,0,0
sample,long,gap-collapse,relationship,8,0,1,512,52,8367100,0,0
sample,long,gap-collapse,relationship,8,0,2,512,52,8571700,0,0
summary,long,gap-collapse,relationship,14783.398,16341.992,16741.602
sample,long,gap-collapse,clipping,8,0,0,32,4,4228000,793600,0
sample,long,gap-collapse,clipping,8,0,1,32,4,4133900,793600,0
sample,long,gap-collapse,clipping,8,0,2,32,4,4365700,793600,0
summary,long,gap-collapse,clipping,129184.375,132125.000,136428.125
fixture,float,exterior,4,1,success,0
fixture,float,interior,4,4,success,1
fixture,float,crossing,4,7,success,1
fixture,float,boundary-only,4,10,success,1
fixture,float,boundary-overlap,4,11,success,1
fixture,float,isolated-tangent,4,3,success,0
fixture,float,degenerate-interior,4,4,success,0
fixture,float,degenerate-boundary,4,2,success,0
fixture,float,empty,0,1,success,0
fixture,float,concave-u,8,7,success,2
fixture,float,hole,8,7,success,2
fixture,float,hole-reversed,8,7,success,2
fixture,float,rational-crossing,3,7,success,1
fixture,float,sparse-1,4,7,success,1
fixture,float,sparse-4,16,7,success,1
fixture,float,sparse-16,64,7,success,1
fixture,float,sparse-64,256,7,success,1
fixture,float,dense-1,4,7,success,1
fixture,float,dense-4,16,7,success,4
fixture,float,dense-16,64,7,success,16
fixture,float,dense-64,256,7,success,64
fixture,float,subnormal,4,7,success,1
fixture,float,large-finite,4,7,success,1
preflight,float,23,PASS
sample,float,exterior,relationship,4,0,0,2048,205,13282000,0,0
sample,float,exterior,relationship,4,0,1,2048,205,12116600,0,0
sample,float,exterior,relationship,4,0,2,2048,205,17271400,0,0
summary,float,exterior,relationship,5916.309,6485.352,8433.301
sample,float,exterior,clipping,4,0,0,512,52,5735400,4243456,1
sample,float,exterior,clipping,4,0,1,512,52,5250600,4243456,1
sample,float,exterior,clipping,4,0,2,512,52,5573600,4243456,1
summary,float,exterior,clipping,10255.078,10885.938,11201.953
sample,float,interior,relationship,4,1,0,1024,103,8437800,0,0
sample,float,interior,relationship,4,1,1,1024,103,4753300,0,0
sample,float,interior,relationship,4,1,2,1024,103,4492200,0,0
summary,float,interior,relationship,4386.914,4641.895,8240.039
sample,float,interior,clipping,4,1,0,256,26,6346300,2134016,0
sample,float,interior,clipping,4,1,1,256,26,7657800,2134016,0
sample,float,interior,clipping,4,1,2,256,26,5469100,2134016,0
summary,float,interior,clipping,21363.672,24790.234,29913.281
sample,float,crossing,relationship,4,1,0,1024,103,4964400,0,0
sample,float,crossing,relationship,4,1,1,1024,103,4733000,0,0
sample,float,crossing,relationship,4,1,2,1024,103,4516500,0,0
summary,float,crossing,relationship,4410.645,4622.070,4848.047
sample,float,crossing,clipping,4,1,0,128,13,16006900,2119680,0
sample,float,crossing,clipping,4,1,1,128,13,8160000,2119680,0
sample,float,crossing,clipping,4,1,2,128,13,9844000,2119680,0
summary,float,crossing,clipping,63750.000,76906.250,125053.906
sample,float,boundary-only,relationship,4,1,0,2048,205,9878400,0,0
sample,float,boundary-only,relationship,4,1,1,2048,205,10512400,0,0
sample,float,boundary-only,relationship,4,1,2,2048,205,12422200,0,0
summary,float,boundary-only,relationship,4823.438,5133.008,6065.527
sample,float,boundary-only,clipping,4,1,0,256,26,11865600,5279744,1
sample,float,boundary-only,clipping,4,1,1,256,26,11289200,5279744,1
sample,float,boundary-only,clipping,4,1,2,256,26,10889900,5279744,1
summary,float,boundary-only,clipping,42538.672,44098.438,46350.000
sample,float,boundary-overlap,relationship,4,1,0,1024,103,5460900,0,0
sample,float,boundary-overlap,relationship,4,1,1,1024,103,5957000,0,0
sample,float,boundary-overlap,relationship,4,1,2,1024,103,6222300,0,0
summary,float,boundary-overlap,relationship,5332.910,5817.383,6076.465
sample,float,boundary-overlap,clipping,4,1,0,256,26,12534600,5287936,1
sample,float,boundary-overlap,clipping,4,1,1,256,26,10908400,5287936,1
sample,float,boundary-overlap,clipping,4,1,2,256,26,10808500,5287936,1
summary,float,boundary-overlap,clipping,42220.703,42610.938,48963.281
sample,float,isolated-tangent,relationship,4,0,0,1024,103,8358300,0,0
sample,float,isolated-tangent,relationship,4,0,1,1024,103,6725400,0,0
sample,float,isolated-tangent,relationship,4,0,2,1024,103,6923300,0,0
summary,float,isolated-tangent,relationship,6567.773,6761.035,8162.402
sample,float,isolated-tangent,clipping,4,0,0,256,26,5113400,4218880,1
sample,float,isolated-tangent,clipping,4,0,1,256,26,4867300,4218880,1
sample,float,isolated-tangent,clipping,4,0,2,256,26,5060500,4218880,1
summary,float,isolated-tangent,clipping,19012.891,19767.578,19974.219
sample,float,degenerate-interior,relationship,4,0,0,65536,6554,6910500,0,0
sample,float,degenerate-interior,relationship,4,0,1,65536,6554,6390400,0,0
sample,float,degenerate-interior,relationship,4,0,2,65536,6554,9788900,0,0
summary,float,degenerate-interior,relationship,97.510,105.446,149.367
sample,float,degenerate-interior,clipping,4,0,0,65536,6554,602300,0,0
sample,float,degenerate-interior,clipping,4,0,1,65536,6554,848200,0,0
sample,float,degenerate-interior,clipping,4,0,2,65536,6554,1667800,0,0
summary,float,degenerate-interior,clipping,9.190,12.943,25.449
sample,float,degenerate-boundary,relationship,4,0,0,65536,6554,6789100,0,0
sample,float,degenerate-boundary,relationship,4,0,1,65536,6554,9443600,0,0
sample,float,degenerate-boundary,relationship,4,0,2,65536,6554,8472600,0,0
summary,float,degenerate-boundary,relationship,103.593,129.282,144.098
sample,float,degenerate-boundary,clipping,4,0,0,65536,6554,1195400,0,0
sample,float,degenerate-boundary,clipping,4,0,1,65536,6554,621500,0,0
sample,float,degenerate-boundary,clipping,4,0,2,65536,6554,776700,0,0
summary,float,degenerate-boundary,clipping,9.483,11.852,18.240
sample,float,empty,relationship,0,0,0,65536,6554,1081300,0,0
sample,float,empty,relationship,0,0,1,65536,6554,1004900,0,0
sample,float,empty,relationship,0,0,2,65536,6554,1014100,0,0
summary,float,empty,relationship,15.334,15.474,16.499
sample,float,empty,clipping,0,0,0,65536,6554,720300,0,0
sample,float,empty,clipping,0,0,1,65536,6554,723000,0,0
sample,float,empty,clipping,0,0,2,65536,6554,745600,0,0
summary,float,empty,clipping,10.991,11.032,11.377
sample,float,concave-u,relationship,8,2,0,512,52,6539800,0,0
sample,float,concave-u,relationship,8,2,1,512,52,6300700,0,0
sample,float,concave-u,relationship,8,2,2,512,52,6176800,0,0
summary,float,concave-u,relationship,12064.062,12306.055,12773.047
sample,float,concave-u,clipping,8,2,0,64,7,13568600,1589248,0
sample,float,concave-u,clipping,8,2,1,64,7,9451000,1589248,0
sample,float,concave-u,clipping,8,2,2,64,7,9596400,1589248,0
summary,float,concave-u,clipping,147671.875,149943.750,212009.375
sample,float,hole,relationship,8,2,0,512,52,6617300,0,0
sample,float,hole,relationship,8,2,1,512,52,8062100,0,0
sample,float,hole,relationship,8,2,2,512,52,9496100,0,0
summary,float,hole,relationship,12924.414,15746.289,18547.070
sample,float,hole,clipping,8,2,0,64,7,9741700,1589248,0
sample,float,hole,clipping,8,2,1,64,7,10684000,1589248,0
sample,float,hole,clipping,8,2,2,64,7,9986200,1589248,0
summary,float,hole,clipping,152214.062,156034.375,166937.500
sample,float,hole-reversed,relationship,8,2,0,512,52,7731400,0,0
sample,float,hole-reversed,relationship,8,2,1,512,52,8071900,0,0
sample,float,hole-reversed,relationship,8,2,2,512,52,6006600,0,0
summary,float,hole-reversed,relationship,11731.641,15100.391,15765.430
sample,float,hole-reversed,clipping,8,2,0,32,4,4973900,794624,0
sample,float,hole-reversed,clipping,8,2,1,32,4,4761500,794624,0
sample,float,hole-reversed,clipping,8,2,2,32,4,5935900,794624,0
summary,float,hole-reversed,clipping,148796.875,155434.375,185496.875
sample,float,rational-crossing,relationship,3,1,0,2048,205,11561300,0,0
sample,float,rational-crossing,relationship,3,1,1,2048,205,5811600,0,0
sample,float,rational-crossing,relationship,3,1,2,2048,205,6341300,0,0
summary,float,rational-crossing,relationship,2837.695,3096.338,5645.166
sample,float,rational-crossing,clipping,3,1,0,128,13,8393600,2119680,0
sample,float,rational-crossing,clipping,3,1,1,128,13,8145500,2119680,0
sample,float,rational-crossing,clipping,3,1,2,128,13,9724500,2119680,0
summary,float,rational-crossing,clipping,63636.719,65575.000,75972.656
sample,float,sparse-1,relationship,4,1,0,2048,205,9205700,0,0
sample,float,sparse-1,relationship,4,1,1,2048,205,9783200,0,0
sample,float,sparse-1,relationship,4,1,2,2048,205,8959300,0,0
summary,float,sparse-1,relationship,4374.658,4494.971,4776.953
sample,float,sparse-1,clipping,4,1,0,128,13,8657800,2119680,0
sample,float,sparse-1,clipping,4,1,1,128,13,8160000,2119680,0
sample,float,sparse-1,clipping,4,1,2,128,13,8558200,2119680,0
summary,float,sparse-1,clipping,63750.000,66860.938,67639.062
sample,float,sparse-4,relationship,16,1,0,256,26,9464400,0,0
sample,float,sparse-4,relationship,16,1,1,256,26,7384400,0,0
sample,float,sparse-4,relationship,16,1,2,256,26,8015800,0,0
summary,float,sparse-4,relationship,28845.312,31311.719,36970.312
sample,float,sparse-4,clipping,16,1,0,32,4,2752900,529920,0
sample,float,sparse-4,clipping,16,1,1,32,4,3417400,529920,0
sample,float,sparse-4,clipping,16,1,2,32,4,2645200,529920,0
summary,float,sparse-4,clipping,82662.500,86028.125,106793.750
sample,float,sparse-16,relationship,64,1,0,32,4,3402300,0,0
sample,float,sparse-16,relationship,64,1,1,32,4,3242400,0,0
sample,float,sparse-16,relationship,64,1,2,32,4,3152000,0,0
summary,float,sparse-16,relationship,98500.000,101325.000,106321.875
sample,float,sparse-16,clipping,64,1,0,32,4,6904500,529920,0
sample,float,sparse-16,clipping,64,1,1,32,4,7108200,529920,0
sample,float,sparse-16,clipping,64,1,2,32,4,5239500,529920,0
summary,float,sparse-16,clipping,163734.375,215765.625,222131.250
sample,float,sparse-64,relationship,256,1,0,16,2,7541100,0,0
sample,float,sparse-64,relationship,256,1,1,16,2,5975200,0,0
sample,float,sparse-64,relationship,256,1,2,16,2,5962400,0,0
summary,float,sparse-64,relationship,372650.000,373450.000,471318.750
sample,float,sparse-64,clipping,256,1,0,16,2,7406900,264960,0
sample,float,sparse-64,clipping,256,1,1,16,2,8774200,264960,0
sample,float,sparse-64,clipping,256,1,2,16,2,6938000,264960,0
summary,float,sparse-64,clipping,433625.000,462931.250,548387.500
sample,float,dense-1,relationship,4,1,0,2048,205,9111900,0,0
sample,float,dense-1,relationship,4,1,1,2048,205,10894000,0,0
sample,float,dense-1,relationship,4,1,2,2048,205,9534000,0,0
summary,float,dense-1,relationship,4449.170,4655.273,5319.336
sample,float,dense-1,clipping,4,1,0,128,13,9028100,2119680,0
sample,float,dense-1,clipping,4,1,1,128,13,8796500,2119680,0
sample,float,dense-1,clipping,4,1,2,128,13,8548700,2119680,0
summary,float,dense-1,clipping,66786.719,68722.656,70532.031
sample,float,dense-4,relationship,16,4,0,256,26,7323100,0,0
sample,float,dense-4,relationship,16,4,1,256,26,9776300,0,0
sample,float,dense-4,relationship,16,4,2,256,26,8989200,0,0
summary,float,dense-4,relationship,28605.859,35114.062,38188.672
sample,float,dense-4,clipping,16,4,0,16,2,5050000,661760,0
sample,float,dense-4,clipping,16,4,1,16,2,5174200,661760,0
sample,float,dense-4,clipping,16,4,2,16,2,5315100,661760,0
summary,float,dense-4,clipping,315625.000,323387.500,332193.750
sample,float,dense-16,relationship,64,16,0,64,7,7839700,0,0
sample,float,dense-16,relationship,64,16,1,64,7,7805600,0,0
sample,float,dense-16,relationship,64,16,2,64,7,7510200,0,0
summary,float,dense-16,relationship,117346.875,121962.500,122495.312
sample,float,dense-16,clipping,64,16,0,4,1,5680900,580032,0
sample,float,dense-16,clipping,64,16,1,4,1,5936400,580032,0
sample,float,dense-16,clipping,64,16,2,4,1,6079600,580032,0
summary,float,dense-16,clipping,1420225.000,1484100.000,1519900.000
sample,float,dense-64,relationship,256,64,0,16,2,8045600,0,0
sample,float,dense-64,relationship,256,64,1,16,2,12557100,0,0
sample,float,dense-64,relationship,256,64,2,16,2,7754400,0,0
summary,float,dense-64,relationship,484650.000,502850.000,784818.750
sample,float,dense-64,clipping,256,64,0,1,1,7134700,556032,0
sample,float,dense-64,clipping,256,64,1,1,1,7744300,556032,0
sample,float,dense-64,clipping,256,64,2,1,1,10124000,556032,0
summary,float,dense-64,clipping,7134700.000,7744300.000,10124000.000
sample,float,subnormal,relationship,4,1,0,2048,205,11052700,0,0
sample,float,subnormal,relationship,4,1,1,2048,205,10199200,0,0
sample,float,subnormal,relationship,4,1,2,2048,205,11261000,0,0
summary,float,subnormal,relationship,4980.078,5396.826,5498.535
sample,float,subnormal,clipping,4,1,0,64,7,3982800,1059840,0
sample,float,subnormal,clipping,4,1,1,64,7,4763800,1059840,0
sample,float,subnormal,clipping,4,1,2,64,7,4520300,1059840,0
summary,float,subnormal,clipping,62231.250,70629.688,74434.375
sample,float,large-finite,relationship,4,1,0,2048,205,8446600,0,0
sample,float,large-finite,relationship,4,1,1,2048,205,12220500,0,0
sample,float,large-finite,relationship,4,1,2,2048,205,9347500,0,0
summary,float,large-finite,relationship,4124.316,4564.209,5967.041
sample,float,large-finite,clipping,4,1,0,128,13,9469900,2119680,0
sample,float,large-finite,clipping,4,1,1,128,13,9343700,2119680,0
sample,float,large-finite,clipping,4,1,2,128,13,8827600,2119680,0
summary,float,large-finite,clipping,68965.625,72997.656,73983.594
fixture,double,exterior,4,1,success,0
fixture,double,interior,4,4,success,1
fixture,double,crossing,4,7,success,1
fixture,double,boundary-only,4,10,success,1
fixture,double,boundary-overlap,4,11,success,1
fixture,double,isolated-tangent,4,3,success,0
fixture,double,degenerate-interior,4,4,success,0
fixture,double,degenerate-boundary,4,2,success,0
fixture,double,empty,0,1,success,0
fixture,double,concave-u,8,7,success,2
fixture,double,hole,8,7,success,2
fixture,double,hole-reversed,8,7,success,2
fixture,double,rational-crossing,3,7,success,1
fixture,double,sparse-1,4,7,success,1
fixture,double,sparse-4,16,7,success,1
fixture,double,sparse-16,64,7,success,1
fixture,double,sparse-64,256,7,success,1
fixture,double,dense-1,4,7,success,1
fixture,double,dense-4,16,7,success,4
fixture,double,dense-16,64,7,success,16
fixture,double,dense-64,256,7,success,64
fixture,double,subnormal,4,7,success,1
fixture,double,large-finite,4,7,success,1
preflight,double,23,PASS
sample,double,exterior,relationship,4,0,0,2048,205,11277900,0,0
sample,double,exterior,relationship,4,0,1,2048,205,9595200,0,0
sample,double,exterior,relationship,4,0,2,2048,205,12852000,0,0
summary,double,exterior,relationship,4685.156,5506.787,6275.391
sample,double,exterior,clipping,4,0,0,512,52,5800200,4243456,1
sample,double,exterior,clipping,4,0,1,512,52,6376800,4243456,1
sample,double,exterior,clipping,4,0,2,512,52,5650400,4243456,1
summary,double,exterior,clipping,11035.938,11328.516,12454.688
sample,double,interior,relationship,4,1,0,2048,205,11936800,0,0
sample,double,interior,relationship,4,1,1,2048,205,9089000,0,0
sample,double,interior,relationship,4,1,2,2048,205,9727000,0,0
summary,double,interior,relationship,4437.988,4749.512,5828.516
sample,double,interior,clipping,4,1,0,256,26,6157100,2134016,0
sample,double,interior,clipping,4,1,1,256,26,8784500,2134016,0
sample,double,interior,clipping,4,1,2,256,26,6020500,2134016,0
summary,double,interior,clipping,23517.578,24051.172,34314.453
sample,double,crossing,relationship,4,1,0,2048,205,9239000,0,0
sample,double,crossing,relationship,4,1,1,2048,205,9011200,0,0
sample,double,crossing,relationship,4,1,2,2048,205,9056700,0,0
summary,double,crossing,relationship,4400.000,4422.217,4511.230
sample,double,crossing,clipping,4,1,0,128,13,10894900,2119680,0
sample,double,crossing,clipping,4,1,1,128,13,8930800,2119680,0
sample,double,crossing,clipping,4,1,2,128,13,7371500,2119680,0
summary,double,crossing,clipping,57589.844,69771.875,85116.406
sample,double,boundary-only,relationship,4,1,0,1024,103,4988700,0,0
sample,double,boundary-only,relationship,4,1,1,1024,103,5568800,0,0
sample,double,boundary-only,relationship,4,1,2,1024,103,9028000,0,0
summary,double,boundary-only,relationship,4871.777,5438.281,8816.406
sample,double,boundary-only,clipping,4,1,0,256,26,11576300,5279744,1
sample,double,boundary-only,clipping,4,1,1,256,26,13479400,5279744,1
sample,double,boundary-only,clipping,4,1,2,256,26,11753000,5279744,1
summary,double,boundary-only,clipping,45219.922,45910.156,52653.906
sample,double,boundary-overlap,relationship,4,1,0,1024,103,6713700,0,0
sample,double,boundary-overlap,relationship,4,1,1,1024,103,8674600,0,0
sample,double,boundary-overlap,relationship,4,1,2,1024,103,6637200,0,0
summary,double,boundary-overlap,relationship,6481.641,6556.348,8471.289
sample,double,boundary-overlap,clipping,4,1,0,256,26,9964300,5287936,1
sample,double,boundary-overlap,clipping,4,1,1,256,26,9141300,5287936,1
sample,double,boundary-overlap,clipping,4,1,2,256,26,18843300,5287936,1
summary,double,boundary-overlap,clipping,35708.203,38923.047,73606.641
sample,double,isolated-tangent,relationship,4,0,0,1024,103,9263700,0,0
sample,double,isolated-tangent,relationship,4,0,1,1024,103,7474700,0,0
sample,double,isolated-tangent,relationship,4,0,2,1024,103,6919300,0,0
summary,double,isolated-tangent,relationship,6757.129,7299.512,9046.582
sample,double,isolated-tangent,clipping,4,0,0,512,52,11457900,8437760,2
sample,double,isolated-tangent,clipping,4,0,1,512,52,10287500,8437760,2
sample,double,isolated-tangent,clipping,4,0,2,512,52,11900100,8437760,2
summary,double,isolated-tangent,clipping,20092.773,22378.711,23242.383
sample,double,degenerate-interior,relationship,4,0,0,65536,6554,5462200,0,0
sample,double,degenerate-interior,relationship,4,0,1,65536,6554,4624800,0,0
sample,double,degenerate-interior,relationship,4,0,2,65536,6554,5224600,0,0
summary,double,degenerate-interior,relationship,70.569,79.721,83.347
sample,double,degenerate-interior,clipping,4,0,0,65536,6554,575300,0,0
sample,double,degenerate-interior,clipping,4,0,1,65536,6554,610200,0,0
sample,double,degenerate-interior,clipping,4,0,2,65536,6554,546200,0,0
summary,double,degenerate-interior,clipping,8.334,8.778,9.311
sample,double,degenerate-boundary,relationship,4,0,0,65536,6554,6113400,0,0
sample,double,degenerate-boundary,relationship,4,0,1,65536,6554,4639300,0,0
sample,double,degenerate-boundary,relationship,4,0,2,65536,6554,4768600,0,0
summary,double,degenerate-boundary,relationship,70.790,72.763,93.283
sample,double,degenerate-boundary,clipping,4,0,0,65536,6554,674500,0,0
sample,double,degenerate-boundary,clipping,4,0,1,65536,6554,736700,0,0
sample,double,degenerate-boundary,clipping,4,0,2,65536,6554,605000,0,0
summary,double,degenerate-boundary,clipping,9.232,10.292,11.241
sample,double,empty,relationship,0,0,0,65536,6554,1144300,0,0
sample,double,empty,relationship,0,0,1,65536,6554,3438200,0,0
sample,double,empty,relationship,0,0,2,65536,6554,1083500,0,0
summary,double,empty,relationship,16.533,17.461,52.463
sample,double,empty,clipping,0,0,0,65536,6554,1168200,0,0
sample,double,empty,clipping,0,0,1,65536,6554,848700,0,0
sample,double,empty,clipping,0,0,2,65536,6554,1765200,0,0
summary,double,empty,clipping,12.950,17.825,26.935
sample,double,concave-u,relationship,8,2,0,512,52,7066200,0,0
sample,double,concave-u,relationship,8,2,1,512,52,6908200,0,0
sample,double,concave-u,relationship,8,2,2,512,52,6662800,0,0
summary,double,concave-u,relationship,13013.281,13492.578,13801.172
sample,double,concave-u,clipping,8,2,0,32,4,4966800,794624,0
sample,double,concave-u,clipping,8,2,1,32,4,4597100,794624,0
sample,double,concave-u,clipping,8,2,2,32,4,4832400,794624,0
summary,double,concave-u,clipping,143659.375,151012.500,155212.500
sample,double,hole,relationship,8,2,0,512,52,6110700,0,0
sample,double,hole,relationship,8,2,1,512,52,6265300,0,0
sample,double,hole,relationship,8,2,2,512,52,5927300,0,0
summary,double,hole,relationship,11576.758,11934.961,12236.914
sample,double,hole,clipping,8,2,0,64,7,9626400,1589248,0
sample,double,hole,clipping,8,2,1,64,7,9456500,1589248,0
sample,double,hole,clipping,8,2,2,64,7,10458300,1589248,0
summary,double,hole,clipping,147757.812,150412.500,163410.938
sample,double,hole-reversed,relationship,8,2,0,512,52,6424500,0,0
sample,double,hole-reversed,relationship,8,2,1,512,52,6952200,0,0
sample,double,hole-reversed,relationship,8,2,2,512,52,6768700,0,0
summary,double,hole-reversed,relationship,12547.852,13220.117,13578.516
sample,double,hole-reversed,clipping,8,2,0,32,4,4761400,794624,0
sample,double,hole-reversed,clipping,8,2,1,32,4,5151500,794624,0
sample,double,hole-reversed,clipping,8,2,2,32,4,4557200,794624,0
summary,double,hole-reversed,clipping,142412.500,148793.750,160984.375
sample,double,rational-crossing,relationship,3,1,0,2048,205,7010900,0,0
sample,double,rational-crossing,relationship,3,1,1,2048,205,6099700,0,0
sample,double,rational-crossing,relationship,3,1,2,2048,205,7324400,0,0
summary,double,rational-crossing,relationship,2978.369,3423.291,3576.367
sample,double,rational-crossing,clipping,3,1,0,64,7,7591200,1059840,0
sample,double,rational-crossing,clipping,3,1,1,64,7,4390900,1059840,0
sample,double,rational-crossing,clipping,3,1,2,64,7,4128400,1059840,0
summary,double,rational-crossing,clipping,64506.250,68607.812,118612.500
sample,double,sparse-1,relationship,4,1,0,2048,205,8380000,0,0
sample,double,sparse-1,relationship,4,1,1,2048,205,9127700,0,0
sample,double,sparse-1,relationship,4,1,2,2048,205,9077400,0,0
summary,double,sparse-1,relationship,4091.797,4432.324,4456.885
sample,double,sparse-1,clipping,4,1,0,128,13,8901100,2119680,0
sample,double,sparse-1,clipping,4,1,1,128,13,8896300,2119680,0
sample,double,sparse-1,clipping,4,1,2,128,13,10645300,2119680,0
summary,double,sparse-1,clipping,69502.344,69539.844,83166.406
sample,double,sparse-4,relationship,16,1,0,256,26,5515100,0,0
sample,double,sparse-4,relationship,16,1,1,256,26,5304300,0,0
sample,double,sparse-4,relationship,16,1,2,256,26,5272000,0,0
summary,double,sparse-4,relationship,20593.750,20719.922,21543.359
sample,double,sparse-4,clipping,16,1,0,64,7,5894000,1059840,0
sample,double,sparse-4,clipping,16,1,1,64,7,5330500,1059840,0
sample,double,sparse-4,clipping,16,1,2,64,7,6079100,1059840,0
summary,double,sparse-4,clipping,83289.062,92093.750,94985.938
sample,double,sparse-16,relationship,64,1,0,64,7,11126100,0,0
sample,double,sparse-16,relationship,64,1,1,64,7,7192500,0,0
sample,double,sparse-16,relationship,64,1,2,64,7,6045500,0,0
summary,double,sparse-16,relationship,94460.938,112382.812,173845.312
sample,double,sparse-16,clipping,64,1,0,32,4,4986500,529920,0
sample,double,sparse-16,clipping,64,1,1,32,4,5764700,529920,0
sample,double,sparse-16,clipping,64,1,2,32,4,4744400,529920,0
summary,double,sparse-16,clipping,148262.500,155828.125,180146.875
sample,double,sparse-64,relationship,256,1,0,16,2,9158200,0,0
sample,double,sparse-64,relationship,256,1,1,16,2,5713200,0,0
sample,double,sparse-64,relationship,256,1,2,16,2,10676600,0,0
summary,double,sparse-64,relationship,357075.000,572387.500,667287.500
sample,double,sparse-64,clipping,256,1,0,16,2,7656100,264960,0
sample,double,sparse-64,clipping,256,1,1,16,2,6841400,264960,0
sample,double,sparse-64,clipping,256,1,2,16,2,7600200,264960,0
summary,double,sparse-64,clipping,427587.500,475012.500,478506.250
sample,double,dense-1,relationship,4,1,0,2048,205,8746500,0,0
sample,double,dense-1,relationship,4,1,1,2048,205,9887800,0,0
sample,double,dense-1,relationship,4,1,2,2048,205,14421100,0,0
summary,double,dense-1,relationship,4270.752,4828.027,7041.553
sample,double,dense-1,clipping,4,1,0,128,13,8418100,2119680,0
sample,double,dense-1,clipping,4,1,1,128,13,8686700,2119680,0
sample,double,dense-1,clipping,4,1,2,128,13,7506400,2119680,0
summary,double,dense-1,clipping,58643.750,65766.406,67864.844
sample,double,dense-4,relationship,16,4,0,256,26,7755200,0,0
sample,double,dense-4,relationship,16,4,1,256,26,10271300,0,0
sample,double,dense-4,relationship,16,4,2,256,26,7584900,0,0
summary,double,dense-4,relationship,29628.516,30293.750,40122.266
sample,double,dense-4,clipping,16,4,0,32,4,12670500,1323520,0
sample,double,dense-4,clipping,16,4,1,32,4,10920300,1323520,0
sample,double,dense-4,clipping,16,4,2,32,4,19305600,1323520,0
summary,double,dense-4,clipping,341259.375,395953.125,603300.000
sample,double,dense-16,relationship,64,16,0,32,4,4065900,0,0
sample,double,dense-16,relationship,64,16,1,32,4,4324100,0,0
sample,double,dense-16,relationship,64,16,2,32,4,4112100,0,0
summary,double,dense-16,relationship,127059.375,128503.125,135128.125
sample,double,dense-16,clipping,64,16,0,4,1,5869900,580032,0
sample,double,dense-16,clipping,64,16,1,4,1,6486800,580032,0
sample,double,dense-16,clipping,64,16,2,4,1,6406200,580032,0
summary,double,dense-16,clipping,1467475.000,1601550.000,1621700.000
sample,double,dense-64,relationship,256,64,0,16,2,8032300,0,0
sample,double,dense-64,relationship,256,64,1,16,2,9484400,0,0
sample,double,dense-64,relationship,256,64,2,16,2,7902600,0,0
summary,double,dense-64,relationship,493912.500,502018.750,592775.000
sample,double,dense-64,clipping,256,64,0,1,1,6552200,556032,0
sample,double,dense-64,clipping,256,64,1,1,1,6771600,556032,0
sample,double,dense-64,clipping,256,64,2,1,1,7314800,556032,0
summary,double,dense-64,clipping,6552200.000,6771600.000,7314800.000
sample,double,subnormal,relationship,4,1,0,256,26,9466100,0,0
sample,double,subnormal,relationship,4,1,1,256,26,12445700,0,0
sample,double,subnormal,relationship,4,1,2,256,26,11820500,0,0
summary,double,subnormal,relationship,36976.953,46173.828,48616.016
sample,double,subnormal,clipping,4,1,0,64,7,8088100,1059840,0
sample,double,subnormal,clipping,4,1,1,64,7,8000500,1059840,0
sample,double,subnormal,clipping,4,1,2,64,7,6851200,1059840,0
summary,double,subnormal,clipping,107050.000,125007.812,126376.562
sample,double,large-finite,relationship,4,1,0,128,13,5954500,0,0
sample,double,large-finite,relationship,4,1,1,128,13,4011100,0,0
sample,double,large-finite,relationship,4,1,2,128,13,4566700,0,0
summary,double,large-finite,relationship,31336.719,35677.344,46519.531
sample,double,large-finite,clipping,4,1,0,64,7,7619400,1059840,0
sample,double,large-finite,clipping,4,1,1,64,7,8089200,1059840,0
sample,double,large-finite,clipping,4,1,2,64,7,6900600,1059840,0
summary,double,large-finite,clipping,107821.875,119053.125,126393.750
sink,9082944562195998707
