native_version,3.13.1-CAPI-1.19.2
fixture,int,exterior,4,0,PASS,query_valid,1,1
fixture,int,interior,4,1,PASS,query_valid,1,1
fixture,int,crossing,4,1,PASS,query_valid,1,1
fixture,int,boundary-only,4,1,PASS,query_valid,1,1
fixture,int,boundary-overlap,4,1,PASS,query_valid,1,1
fixture,int,isolated-tangent,4,0,PASS,query_valid,1,1
fixture,int,degenerate-interior,4,0,PASS,query_valid,0,0
fixture,int,degenerate-boundary,4,0,PASS,query_valid,0,0
fixture,int,empty,0,0,PASS,query_valid,1,1
fixture,int,concave-u,8,2,PASS,query_valid,1,1
fixture,int,hole,8,2,PASS,query_valid,1,1
fixture,int,hole-reversed,8,2,PASS,query_valid,1,1
fixture,int,rational-crossing,3,1,PASS,query_valid,1,1
fixture,int,sparse-1,4,1,PASS,query_valid,1,1
fixture,int,sparse-4,16,1,PASS,query_valid,1,1
fixture,int,sparse-16,64,1,PASS,query_valid,1,1
fixture,int,sparse-64,256,1,PASS,query_valid,1,1
fixture,int,dense-1,4,1,PASS,query_valid,1,1
fixture,int,dense-4,16,4,PASS,query_valid,1,1
fixture,int,dense-16,64,16,PASS,query_valid,1,1
fixture,int,dense-64,256,64,PASS,query_valid,1,1
fixture,int,wide-integral,4,1,PASS,query_valid,1,1
fixture,long,exterior,4,0,PASS,query_valid,1,1
fixture,long,interior,4,1,PASS,query_valid,1,1
fixture,long,crossing,4,1,PASS,query_valid,1,1
fixture,long,boundary-only,4,1,PASS,query_valid,1,1
fixture,long,boundary-overlap,4,1,PASS,query_valid,1,1
fixture,long,isolated-tangent,4,0,PASS,query_valid,1,1
fixture,long,degenerate-interior,4,0,PASS,query_valid,0,0
fixture,long,degenerate-boundary,4,0,PASS,query_valid,0,0
fixture,long,empty,0,0,PASS,query_valid,1,1
fixture,long,concave-u,8,2,PASS,query_valid,1,1
fixture,long,hole,8,2,PASS,query_valid,1,1
fixture,long,hole-reversed,8,2,PASS,query_valid,1,1
fixture,long,rational-crossing,3,1,PASS,query_valid,1,1
fixture,long,sparse-1,4,1,PASS,query_valid,1,1
fixture,long,sparse-4,16,1,PASS,query_valid,1,1
fixture,long,sparse-16,64,1,PASS,query_valid,1,1
fixture,long,sparse-64,256,1,PASS,query_valid,1,1
fixture,long,dense-1,4,1,PASS,query_valid,1,1
fixture,long,dense-4,16,4,PASS,query_valid,1,1
fixture,long,dense-16,64,16,PASS,query_valid,1,1
fixture,long,dense-64,256,64,PASS,query_valid,1,1
fixture,float,exterior,4,0,PASS,query_valid,1,1
fixture,float,interior,4,1,PASS,query_valid,1,1
fixture,float,crossing,4,1,PASS,query_valid,1,1
fixture,float,boundary-only,4,1,PASS,query_valid,1,1
fixture,float,boundary-overlap,4,1,PASS,query_valid,1,1
fixture,float,isolated-tangent,4,0,PASS,query_valid,1,1
fixture,float,degenerate-interior,4,0,PASS,query_valid,0,0
fixture,float,degenerate-boundary,4,0,PASS,query_valid,0,0
fixture,float,empty,0,0,PASS,query_valid,1,1
fixture,float,concave-u,8,2,PASS,query_valid,1,1
fixture,float,hole,8,2,PASS,query_valid,1,1
fixture,float,hole-reversed,8,2,PASS,query_valid,1,1
fixture,float,rational-crossing,3,1,PASS,query_valid,1,1
fixture,float,sparse-1,4,1,PASS,query_valid,1,1
fixture,float,sparse-4,16,1,PASS,query_valid,1,1
fixture,float,sparse-16,64,1,PASS,query_valid,1,1
fixture,float,sparse-64,256,1,PASS,query_valid,1,1
fixture,float,dense-1,4,1,PASS,query_valid,1,1
fixture,float,dense-4,16,4,PASS,query_valid,1,1
fixture,float,dense-16,64,16,PASS,query_valid,1,1
fixture,float,dense-64,256,64,PASS,query_valid,1,1
fixture,float,subnormal,4,1,PASS,query_valid,1,1
fixture,float,large-finite,4,1,PASS,query_valid,1,1
fixture,double,exterior,4,0,PASS,query_valid,1,1
fixture,double,interior,4,1,PASS,query_valid,1,1
fixture,double,crossing,4,1,PASS,query_valid,1,1
fixture,double,boundary-only,4,1,PASS,query_valid,1,1
fixture,double,boundary-overlap,4,1,PASS,query_valid,1,1
fixture,double,isolated-tangent,4,0,PASS,query_valid,1,1
fixture,double,degenerate-interior,4,0,PASS,query_valid,0,0
fixture,double,degenerate-boundary,4,0,PASS,query_valid,0,0
fixture,double,empty,0,0,PASS,query_valid,1,1
fixture,double,concave-u,8,2,PASS,query_valid,1,1
fixture,double,hole,8,2,PASS,query_valid,1,1
fixture,double,hole-reversed,8,2,PASS,query_valid,1,1
fixture,double,rational-crossing,3,1,PASS,query_valid,1,1
fixture,double,sparse-1,4,1,PASS,query_valid,1,1
fixture,double,sparse-4,16,1,PASS,query_valid,1,1
fixture,double,sparse-16,64,1,PASS,query_valid,1,1
fixture,double,sparse-64,256,1,PASS,query_valid,1,1
fixture,double,dense-1,4,1,PASS,query_valid,1,1
fixture,double,dense-4,16,4,PASS,query_valid,1,1
fixture,double,dense-16,64,16,PASS,query_valid,1,1
fixture,double,dense-64,256,64,PASS,query_valid,1,1
preflight,native,87,174,PASS
sample,int,exterior,clipping,4,0,0,65536,6554,8700636,NA,NA
sample,int,exterior,clipping,4,0,1,65536,6554,8974606,NA,NA
sample,int,exterior,clipping,4,0,2,65536,6554,8598316,NA,NA
sample,int,exterior,clipping,4,0,3,65536,6554,8794828,NA,NA
sample,int,exterior,clipping,4,0,4,65536,6554,8877649,NA,NA
sample,int,exterior,clipping,4,0,5,65536,6554,8773050,NA,NA
sample,int,exterior,clipping,4,0,6,65536,6554,8773654,NA,NA
summary,int,exterior,clipping,131.200,133.875,136.942
sample,int,interior,clipping,4,1,0,4096,410,22987292,NA,NA
sample,int,interior,clipping,4,1,1,4096,410,22850865,NA,NA
sample,int,interior,clipping,4,1,2,4096,410,24391816,NA,NA
sample,int,interior,clipping,4,1,3,4096,410,23803029,NA,NA
sample,int,interior,clipping,4,1,4,4096,410,23336514,NA,NA
sample,int,interior,clipping,4,1,5,4096,410,23282131,NA,NA
sample,int,interior,clipping,4,1,6,4096,410,23361091,NA,NA
summary,int,interior,clipping,5578.824,5697.391,5955.033
sample,int,crossing,clipping,4,1,0,4096,410,38174882,NA,NA
sample,int,crossing,clipping,4,1,1,4096,410,34631445,NA,NA
sample,int,crossing,clipping,4,1,2,4096,410,34813915,NA,NA
sample,int,crossing,clipping,4,1,3,4096,410,35061735,NA,NA
sample,int,crossing,clipping,4,1,4,4096,410,34795095,NA,NA
sample,int,crossing,clipping,4,1,5,4096,410,35112626,NA,NA
sample,int,crossing,clipping,4,1,6,4096,410,35180924,NA,NA
summary,int,crossing,clipping,8454.943,8559.994,9320.040
sample,int,boundary-only,clipping,4,1,0,4096,410,21031262,NA,NA
sample,int,boundary-only,clipping,4,1,1,4096,410,20848604,NA,NA
sample,int,boundary-only,clipping,4,1,2,4096,410,21065964,NA,NA
sample,int,boundary-only,clipping,4,1,3,4096,410,20757024,NA,NA
sample,int,boundary-only,clipping,4,1,4,4096,410,20498994,NA,NA
sample,int,boundary-only,clipping,4,1,5,4096,410,21152956,NA,NA
sample,int,boundary-only,clipping,4,1,6,4096,410,21879629,NA,NA
summary,int,boundary-only,clipping,5004.637,5134.585,5341.706
sample,int,boundary-overlap,clipping,4,1,0,4096,410,29699095,NA,NA
sample,int,boundary-overlap,clipping,4,1,1,4096,410,27673809,NA,NA
sample,int,boundary-overlap,clipping,4,1,2,4096,410,27415791,NA,NA
sample,int,boundary-overlap,clipping,4,1,3,4096,410,28302764,NA,NA
sample,int,boundary-overlap,clipping,4,1,4,4096,410,28729637,NA,NA
sample,int,boundary-overlap,clipping,4,1,5,4096,410,28321493,NA,NA
sample,int,boundary-overlap,clipping,4,1,6,4096,410,27937757,NA,NA
summary,int,boundary-overlap,clipping,6693.308,6909.854,7250.756
sample,int,isolated-tangent,clipping,4,0,0,4096,410,23954100,NA,NA
sample,int,isolated-tangent,clipping,4,0,1,4096,410,23869265,NA,NA
sample,int,isolated-tangent,clipping,4,0,2,4096,410,24563918,NA,NA
sample,int,isolated-tangent,clipping,4,0,3,4096,410,24786233,NA,NA
sample,int,isolated-tangent,clipping,4,0,4,4096,410,24025971,NA,NA
sample,int,isolated-tangent,clipping,4,0,5,4096,410,24049540,NA,NA
sample,int,isolated-tangent,clipping,4,0,6,4096,410,24169294,NA,NA
summary,int,isolated-tangent,clipping,5827.457,5871.470,6051.326
sample,int,degenerate-interior,clipping,4,0,0,16384,1639,21200621,NA,NA
sample,int,degenerate-interior,clipping,4,0,1,16384,1639,20830293,NA,NA
sample,int,degenerate-interior,clipping,4,0,2,16384,1639,31878325,NA,NA
sample,int,degenerate-interior,clipping,4,0,3,16384,1639,21129684,NA,NA
sample,int,degenerate-interior,clipping,4,0,4,16384,1639,21322098,NA,NA
sample,int,degenerate-interior,clipping,4,0,5,16384,1639,21351835,NA,NA
sample,int,degenerate-interior,clipping,4,0,6,16384,1639,21688785,NA,NA
summary,int,degenerate-interior,clipping,1271.380,1301.398,1945.699
sample,int,degenerate-boundary,clipping,4,0,0,8192,820,30078223,NA,NA
sample,int,degenerate-boundary,clipping,4,0,1,8192,820,30338500,NA,NA
sample,int,degenerate-boundary,clipping,4,0,2,8192,820,29118683,NA,NA
sample,int,degenerate-boundary,clipping,4,0,3,8192,820,29841717,NA,NA
sample,int,degenerate-boundary,clipping,4,0,4,8192,820,30176638,NA,NA
sample,int,degenerate-boundary,clipping,4,0,5,8192,820,30127183,NA,NA
sample,int,degenerate-boundary,clipping,4,0,6,8192,820,30187564,NA,NA
summary,int,degenerate-boundary,clipping,3554.527,3677.635,3703.430
sample,int,empty,clipping,0,0,0,65536,6554,8828634,NA,NA
sample,int,empty,clipping,0,0,1,65536,6554,9251328,NA,NA
sample,int,empty,clipping,0,0,2,65536,6554,8470163,NA,NA
sample,int,empty,clipping,0,0,3,65536,6554,8307941,NA,NA
sample,int,empty,clipping,0,0,4,65536,6554,8608547,NA,NA
sample,int,empty,clipping,0,0,5,65536,6554,8324658,NA,NA
sample,int,empty,clipping,0,0,6,65536,6554,8589064,NA,NA
summary,int,empty,clipping,126.769,131.059,141.164
sample,int,concave-u,clipping,8,2,0,2048,205,30608358,NA,NA
sample,int,concave-u,clipping,8,2,1,2048,205,30221087,NA,NA
sample,int,concave-u,clipping,8,2,2,2048,205,31843670,NA,NA
sample,int,concave-u,clipping,8,2,3,2048,205,30561205,NA,NA
sample,int,concave-u,clipping,8,2,4,2048,205,30407713,NA,NA
sample,int,concave-u,clipping,8,2,5,2048,205,30400766,NA,NA
sample,int,concave-u,clipping,8,2,6,2048,205,30290172,NA,NA
summary,int,concave-u,clipping,14756.390,14847.516,15548.667
sample,int,hole,clipping,8,2,0,2048,205,32854962,NA,NA
sample,int,hole,clipping,8,2,1,2048,205,32112078,NA,NA
sample,int,hole,clipping,8,2,2,2048,205,32410694,NA,NA
sample,int,hole,clipping,8,2,3,2048,205,32439306,NA,NA
sample,int,hole,clipping,8,2,4,2048,205,32322098,NA,NA
sample,int,hole,clipping,8,2,5,2048,205,32821920,NA,NA
sample,int,hole,clipping,8,2,6,2048,205,42760316,NA,NA
summary,int,hole,clipping,15679.726,15839.505,20879.061
sample,int,hole-reversed,clipping,8,2,0,2048,205,31568290,NA,NA
sample,int,hole-reversed,clipping,8,2,1,2048,205,31622807,NA,NA
sample,int,hole-reversed,clipping,8,2,2,2048,205,31868964,NA,NA
sample,int,hole-reversed,clipping,8,2,3,2048,205,32298923,NA,NA
sample,int,hole-reversed,clipping,8,2,4,2048,205,31326247,NA,NA
sample,int,hole-reversed,clipping,8,2,5,2048,205,31452692,NA,NA
sample,int,hole-reversed,clipping,8,2,6,2048,205,31405260,NA,NA
summary,int,hole-reversed,clipping,15296.019,15414.204,15770.958
sample,int,rational-crossing,clipping,3,1,0,4096,410,35366076,NA,NA
sample,int,rational-crossing,clipping,3,1,1,4096,410,34529024,NA,NA
sample,int,rational-crossing,clipping,3,1,2,4096,410,34803286,NA,NA
sample,int,rational-crossing,clipping,3,1,3,4096,410,35143684,NA,NA
sample,int,rational-crossing,clipping,3,1,4,4096,410,34779822,NA,NA
sample,int,rational-crossing,clipping,3,1,5,4096,410,35693541,NA,NA
sample,int,rational-crossing,clipping,3,1,6,4096,410,34286403,NA,NA
summary,int,rational-crossing,clipping,8370.704,8496.896,8714.243
sample,int,sparse-1,clipping,4,1,0,4096,410,34161376,NA,NA
sample,int,sparse-1,clipping,4,1,1,4096,410,33818759,NA,NA
sample,int,sparse-1,clipping,4,1,2,4096,410,37599776,NA,NA
sample,int,sparse-1,clipping,4,1,3,4096,410,34450120,NA,NA
sample,int,sparse-1,clipping,4,1,4,4096,410,34531753,NA,NA
sample,int,sparse-1,clipping,4,1,5,4096,410,34729714,NA,NA
sample,int,sparse-1,clipping,4,1,6,4096,410,34797617,NA,NA
summary,int,sparse-1,clipping,8256.533,8430.604,9179.633
sample,int,sparse-4,clipping,16,1,0,2048,205,31765284,NA,NA
sample,int,sparse-4,clipping,16,1,1,2048,205,21819995,NA,NA
sample,int,sparse-4,clipping,16,1,2,2048,205,22098471,NA,NA
sample,int,sparse-4,clipping,16,1,3,2048,205,22242144,NA,NA
sample,int,sparse-4,clipping,16,1,4,2048,205,22156624,NA,NA
sample,int,sparse-4,clipping,16,1,5,2048,205,22229325,NA,NA
sample,int,sparse-4,clipping,16,1,6,2048,205,22133259,NA,NA
summary,int,sparse-4,clipping,10654.294,10818.664,15510.393
sample,int,sparse-16,clipping,64,1,0,2048,205,29433870,NA,NA
sample,int,sparse-16,clipping,64,1,1,2048,205,29997626,NA,NA
sample,int,sparse-16,clipping,64,1,2,2048,205,29983568,NA,NA
sample,int,sparse-16,clipping,64,1,3,2048,205,30016944,NA,NA
sample,int,sparse-16,clipping,64,1,4,2048,205,30329650,NA,NA
sample,int,sparse-16,clipping,64,1,5,2048,205,30971288,NA,NA
sample,int,sparse-16,clipping,64,1,6,2048,205,29617989,NA,NA
summary,int,sparse-16,clipping,14372.007,14647.278,15122.699
sample,int,sparse-64,clipping,256,1,0,1024,103,28940570,NA,NA
sample,int,sparse-64,clipping,256,1,1,1024,103,28623329,NA,NA
sample,int,sparse-64,clipping,256,1,2,1024,103,29306443,NA,NA
sample,int,sparse-64,clipping,256,1,3,1024,103,29185981,NA,NA
sample,int,sparse-64,clipping,256,1,4,1024,103,28677176,NA,NA
sample,int,sparse-64,clipping,256,1,5,1024,103,28620688,NA,NA
sample,int,sparse-64,clipping,256,1,6,1024,103,28670365,NA,NA
summary,int,sparse-64,clipping,27949.891,28005.055,28619.573
sample,int,dense-1,clipping,4,1,0,4096,410,36576776,NA,NA
sample,int,dense-1,clipping,4,1,1,4096,410,35048778,NA,NA
sample,int,dense-1,clipping,4,1,2,4096,410,34881990,NA,NA
sample,int,dense-1,clipping,4,1,3,4096,410,35016660,NA,NA
sample,int,dense-1,clipping,4,1,4,4096,410,35027819,NA,NA
sample,int,dense-1,clipping,4,1,5,4096,410,35054464,NA,NA
sample,int,dense-1,clipping,4,1,6,4096,410,35346138,NA,NA
summary,int,dense-1,clipping,8516.111,8556.831,8929.877
sample,int,dense-4,clipping,16,4,0,1024,103,29439129,NA,NA
sample,int,dense-4,clipping,16,4,1,1024,103,29313823,NA,NA
sample,int,dense-4,clipping,16,4,2,1024,103,29819771,NA,NA
sample,int,dense-4,clipping,16,4,3,1024,103,30073022,NA,NA
sample,int,dense-4,clipping,16,4,4,1024,103,28762976,NA,NA
sample,int,dense-4,clipping,16,4,5,1024,103,29115110,NA,NA
sample,int,dense-4,clipping,16,4,6,1024,103,29325017,NA,NA
summary,int,dense-4,clipping,28088.844,28637.712,29368.186
sample,int,dense-16,clipping,64,16,0,256,26,38680089,NA,NA
sample,int,dense-16,clipping,64,16,1,256,26,37261996,NA,NA
sample,int,dense-16,clipping,64,16,2,256,26,37887320,NA,NA
sample,int,dense-16,clipping,64,16,3,256,26,37993065,NA,NA
sample,int,dense-16,clipping,64,16,4,256,26,37566613,NA,NA
sample,int,dense-16,clipping,64,16,5,256,26,39487671,NA,NA
sample,int,dense-16,clipping,64,16,6,256,26,37471088,NA,NA
summary,int,dense-16,clipping,145554.672,147997.344,154248.715
sample,int,dense-64,clipping,256,64,0,64,7,39703801,NA,NA
sample,int,dense-64,clipping,256,64,1,64,7,40910919,NA,NA
sample,int,dense-64,clipping,256,64,2,64,7,39812241,NA,NA
sample,int,dense-64,clipping,256,64,3,64,7,39867137,NA,NA
sample,int,dense-64,clipping,256,64,4,64,7,40069007,NA,NA
sample,int,dense-64,clipping,256,64,5,64,7,39814658,NA,NA
sample,int,dense-64,clipping,256,64,6,64,7,41334670,NA,NA
summary,int,dense-64,clipping,620371.891,622924.016,645854.219
sample,int,wide-integral,clipping,4,1,0,2048,205,20756253,NA,NA
sample,int,wide-integral,clipping,4,1,1,2048,205,17633539,NA,NA
sample,int,wide-integral,clipping,4,1,2,2048,205,17544998,NA,NA
sample,int,wide-integral,clipping,4,1,3,2048,205,17537855,NA,NA
sample,int,wide-integral,clipping,4,1,4,2048,205,17625225,NA,NA
sample,int,wide-integral,clipping,4,1,5,2048,205,17488620,NA,NA
sample,int,wide-integral,clipping,4,1,6,2048,205,17906872,NA,NA
summary,int,wide-integral,clipping,8539.365,8606.067,10134.889
sample,long,exterior,clipping,4,0,0,65536,6554,8977934,NA,NA
sample,long,exterior,clipping,4,0,1,65536,6554,8919925,NA,NA
sample,long,exterior,clipping,4,0,2,65536,6554,8871918,NA,NA
sample,long,exterior,clipping,4,0,3,65536,6554,8924880,NA,NA
sample,long,exterior,clipping,4,0,4,65536,6554,8980020,NA,NA
sample,long,exterior,clipping,4,0,5,65536,6554,8883879,NA,NA
sample,long,exterior,clipping,4,0,6,65536,6554,8962343,NA,NA
summary,long,exterior,clipping,135.375,136.183,137.024
sample,long,interior,clipping,4,1,0,4096,410,23515001,NA,NA
sample,long,interior,clipping,4,1,1,4096,410,23262681,NA,NA
sample,long,interior,clipping,4,1,2,4096,410,24156592,NA,NA
sample,long,interior,clipping,4,1,3,4096,410,23773032,NA,NA
sample,long,interior,clipping,4,1,4,4096,410,23061501,NA,NA
sample,long,interior,clipping,4,1,5,4096,410,23134545,NA,NA
sample,long,interior,clipping,4,1,6,4096,410,23451990,NA,NA
summary,long,interior,clipping,5630.249,5725.583,5897.605
sample,long,crossing,clipping,4,1,0,4096,410,35664620,NA,NA
sample,long,crossing,clipping,4,1,1,4096,410,35914398,NA,NA
sample,long,crossing,clipping,4,1,2,4096,410,35027471,NA,NA
sample,long,crossing,clipping,4,1,3,4096,410,34843387,NA,NA
sample,long,crossing,clipping,4,1,4,4096,410,35125439,NA,NA
sample,long,crossing,clipping,4,1,5,4096,410,35173200,NA,NA
sample,long,crossing,clipping,4,1,6,4096,410,35693175,NA,NA
summary,long,crossing,clipping,8506.686,8587.207,8768.164
sample,long,boundary-only,clipping,4,1,0,4096,410,21248184,NA,NA
sample,long,boundary-only,clipping,4,1,1,4096,410,21121203,NA,NA
sample,long,boundary-only,clipping,4,1,2,4096,410,21201713,NA,NA
sample,long,boundary-only,clipping,4,1,3,4096,410,21162245,NA,NA
sample,long,boundary-only,clipping,4,1,4,4096,410,21185989,NA,NA
sample,long,boundary-only,clipping,4,1,5,4096,410,21016093,NA,NA
sample,long,boundary-only,clipping,4,1,6,4096,410,21572713,NA,NA
summary,long,boundary-only,clipping,5130.882,5172.361,5266.776
sample,long,boundary-overlap,clipping,4,1,0,4096,410,37297435,NA,NA
sample,long,boundary-overlap,clipping,4,1,1,4096,410,28124071,NA,NA
sample,long,boundary-overlap,clipping,4,1,2,4096,410,28172348,NA,NA
sample,long,boundary-overlap,clipping,4,1,3,4096,410,27997315,NA,NA
sample,long,boundary-overlap,clipping,4,1,4,4096,410,29411078,NA,NA
sample,long,boundary-overlap,clipping,4,1,5,4096,410,27836899,NA,NA
sample,long,boundary-overlap,clipping,4,1,6,4096,410,27661983,NA,NA
summary,long,boundary-overlap,clipping,6753.414,6866.228,9105.819
sample,long,isolated-tangent,clipping,4,0,0,4096,410,23624311,NA,NA
sample,long,isolated-tangent,clipping,4,0,1,4096,410,23641037,NA,NA
sample,long,isolated-tangent,clipping,4,0,2,4096,410,23755112,NA,NA
sample,long,isolated-tangent,clipping,4,0,3,4096,410,25727525,NA,NA
sample,long,isolated-tangent,clipping,4,0,4,4096,410,24466513,NA,NA
sample,long,isolated-tangent,clipping,4,0,5,4096,410,24493805,NA,NA
sample,long,isolated-tangent,clipping,4,0,6,4096,410,24680630,NA,NA
summary,long,isolated-tangent,clipping,5767.654,5973.270,6281.134
sample,long,degenerate-interior,clipping,4,0,0,16384,1639,21988897,NA,NA
sample,long,degenerate-interior,clipping,4,0,1,16384,1639,21876069,NA,NA
sample,long,degenerate-interior,clipping,4,0,2,16384,1639,21808989,NA,NA
sample,long,degenerate-interior,clipping,4,0,3,16384,1639,22740221,NA,NA
sample,long,degenerate-interior,clipping,4,0,4,16384,1639,29160521,NA,NA
sample,long,degenerate-interior,clipping,4,0,5,16384,1639,22036059,NA,NA
sample,long,degenerate-interior,clipping,4,0,6,16384,1639,22193395,NA,NA
summary,long,degenerate-interior,clipping,1331.115,1344.974,1779.817
sample,long,degenerate-boundary,clipping,4,0,0,8192,820,31003689,NA,NA
sample,long,degenerate-boundary,clipping,4,0,1,8192,820,31336685,NA,NA
sample,long,degenerate-boundary,clipping,4,0,2,8192,820,29799644,NA,NA
sample,long,degenerate-boundary,clipping,4,0,3,8192,820,30341985,NA,NA
sample,long,degenerate-boundary,clipping,4,0,4,8192,820,30054257,NA,NA
sample,long,degenerate-boundary,clipping,4,0,5,8192,820,30388458,NA,NA
sample,long,degenerate-boundary,clipping,4,0,6,8192,820,30098871,NA,NA
summary,long,degenerate-boundary,clipping,3637.652,3703.856,3825.279
sample,long,empty,clipping,0,0,0,65536,6554,8701725,NA,NA
sample,long,empty,clipping,0,0,1,65536,6554,9196424,NA,NA
sample,long,empty,clipping,0,0,2,65536,6554,8572356,NA,NA
sample,long,empty,clipping,0,0,3,65536,6554,8588078,NA,NA
sample,long,empty,clipping,0,0,4,65536,6554,8564597,NA,NA
sample,long,empty,clipping,0,0,5,65536,6554,8673159,NA,NA
sample,long,empty,clipping,0,0,6,65536,6554,8557651,NA,NA
summary,long,empty,clipping,130.579,131.044,140.326
sample,long,concave-u,clipping,8,2,0,2048,205,30325141,NA,NA
sample,long,concave-u,clipping,8,2,1,2048,205,30483530,NA,NA
sample,long,concave-u,clipping,8,2,2,2048,205,31403473,NA,NA
sample,long,concave-u,clipping,8,2,3,2048,205,30313671,NA,NA
sample,long,concave-u,clipping,8,2,4,2048,205,30419978,NA,NA
sample,long,concave-u,clipping,8,2,5,2048,205,30185642,NA,NA
sample,long,concave-u,clipping,8,2,6,2048,205,30350504,NA,NA
summary,long,concave-u,clipping,14739.083,14819.582,15333.727
sample,long,hole,clipping,8,2,0,2048,205,32364748,NA,NA
sample,long,hole,clipping,8,2,1,2048,205,32376996,NA,NA
sample,long,hole,clipping,8,2,2,2048,205,32584997,NA,NA
sample,long,hole,clipping,8,2,3,2048,205,32601238,NA,NA
sample,long,hole,clipping,8,2,4,2048,205,32384312,NA,NA
sample,long,hole,clipping,8,2,5,2048,205,32977546,NA,NA
sample,long,hole,clipping,8,2,6,2048,205,33156055,NA,NA
summary,long,hole,clipping,15803.100,15910.643,16189.480
sample,long,hole-reversed,clipping,8,2,0,2048,205,31587028,NA,NA
sample,long,hole-reversed,clipping,8,2,1,2048,205,31762057,NA,NA
sample,long,hole-reversed,clipping,8,2,2,2048,205,32304726,NA,NA
sample,long,hole-reversed,clipping,8,2,3,2048,205,32542379,NA,NA
sample,long,hole-reversed,clipping,8,2,4,2048,205,31539662,NA,NA
sample,long,hole-reversed,clipping,8,2,5,2048,205,31679861,NA,NA
sample,long,hole-reversed,clipping,8,2,6,2048,205,31592868,NA,NA
summary,long,hole-reversed,clipping,15400.226,15468.682,15889.833
sample,long,rational-crossing,clipping,3,1,0,4096,410,35443562,NA,NA
sample,long,rational-crossing,clipping,3,1,1,4096,410,34904587,NA,NA
sample,long,rational-crossing,clipping,3,1,2,4096,410,41312793,NA,NA
sample,long,rational-crossing,clipping,3,1,3,4096,410,38032809,NA,NA
sample,long,rational-crossing,clipping,3,1,4,4096,410,35018291,NA,NA
sample,long,rational-crossing,clipping,3,1,5,4096,410,36367999,NA,NA
sample,long,rational-crossing,clipping,3,1,6,4096,410,34615445,NA,NA
summary,long,rational-crossing,clipping,8451.036,8653.213,10086.131
sample,long,sparse-1,clipping,4,1,0,4096,410,35114027,NA,NA
sample,long,sparse-1,clipping,4,1,1,4096,410,35274921,NA,NA
sample,long,sparse-1,clipping,4,1,2,4096,410,36104933,NA,NA
sample,long,sparse-1,clipping,4,1,3,4096,410,35439455,NA,NA
sample,long,sparse-1,clipping,4,1,4,4096,410,35238625,NA,NA
sample,long,sparse-1,clipping,4,1,5,4096,410,35145957,NA,NA
sample,long,sparse-1,clipping,4,1,6,4096,410,34682117,NA,NA
summary,long,sparse-1,clipping,8467.314,8603.180,8814.681
sample,long,sparse-4,clipping,16,1,0,2048,205,21780788,NA,NA
sample,long,sparse-4,clipping,16,1,1,2048,205,21990539,NA,NA
sample,long,sparse-4,clipping,16,1,2,2048,205,21984414,NA,NA
sample,long,sparse-4,clipping,16,1,3,2048,205,21942962,NA,NA
sample,long,sparse-4,clipping,16,1,4,2048,205,21780820,NA,NA
sample,long,sparse-4,clipping,16,1,5,2048,205,21965395,NA,NA
sample,long,sparse-4,clipping,16,1,6,2048,205,21767158,NA,NA
summary,long,sparse-4,clipping,10628.495,10714.337,10737.568
sample,long,sparse-16,clipping,64,1,0,2048,205,29517278,NA,NA
sample,long,sparse-16,clipping,64,1,1,2048,205,29974467,NA,NA
sample,long,sparse-16,clipping,64,1,2,2048,205,29964142,NA,NA
sample,long,sparse-16,clipping,64,1,3,2048,205,30079613,NA,NA
sample,long,sparse-16,clipping,64,1,4,2048,205,30389673,NA,NA
sample,long,sparse-16,clipping,64,1,5,2048,205,31975978,NA,NA
sample,long,sparse-16,clipping,64,1,6,2048,205,29820970,NA,NA
summary,long,sparse-16,clipping,14412.733,14635.970,15613.271
sample,long,sparse-64,clipping,256,1,0,1024,103,38110271,NA,NA
sample,long,sparse-64,clipping,256,1,1,1024,103,28713269,NA,NA
sample,long,sparse-64,clipping,256,1,2,1024,103,30426460,NA,NA
sample,long,sparse-64,clipping,256,1,3,1024,103,28324874,NA,NA
sample,long,sparse-64,clipping,256,1,4,1024,103,28614453,NA,NA
sample,long,sparse-64,clipping,256,1,5,1024,103,28629474,NA,NA
sample,long,sparse-64,clipping,256,1,6,1024,103,28792899,NA,NA
summary,long,sparse-64,clipping,27661.010,28040.302,37217.062
sample,long,dense-1,clipping,4,1,0,4096,410,35763616,NA,NA
sample,long,dense-1,clipping,4,1,1,4096,410,34691254,NA,NA
sample,long,dense-1,clipping,4,1,2,4096,410,35342945,NA,NA
sample,long,dense-1,clipping,4,1,3,4096,410,35366335,NA,NA
sample,long,dense-1,clipping,4,1,4,4096,410,35139084,NA,NA
sample,long,dense-1,clipping,4,1,5,4096,410,36231002,NA,NA
sample,long,dense-1,clipping,4,1,6,4096,410,35332137,NA,NA
summary,long,dense-1,clipping,8469.544,8628.649,8845.459
sample,long,dense-4,clipping,16,4,0,1024,103,29348755,NA,NA
sample,long,dense-4,clipping,16,4,1,1024,103,29298897,NA,NA
sample,long,dense-4,clipping,16,4,2,1024,103,29762451,NA,NA
sample,long,dense-4,clipping,16,4,3,1024,103,30072066,NA,NA
sample,long,dense-4,clipping,16,4,4,1024,103,29164698,NA,NA
sample,long,dense-4,clipping,16,4,5,1024,103,29533285,NA,NA
sample,long,dense-4,clipping,16,4,6,1024,103,29454422,NA,NA
summary,long,dense-4,clipping,28481.150,28764.084,29367.252
sample,long,dense-16,clipping,64,16,0,256,26,39626192,NA,NA
sample,long,dense-16,clipping,64,16,1,256,26,37481209,NA,NA
sample,long,dense-16,clipping,64,16,2,256,26,37970848,NA,NA
sample,long,dense-16,clipping,64,16,3,256,26,47414615,NA,NA
sample,long,dense-16,clipping,64,16,4,256,26,37892611,NA,NA
sample,long,dense-16,clipping,64,16,5,256,26,39110501,NA,NA
sample,long,dense-16,clipping,64,16,6,256,26,37698695,NA,NA
summary,long,dense-16,clipping,146410.973,148323.625,185213.340
sample,long,dense-64,clipping,256,64,0,32,4,20114353,NA,NA
sample,long,dense-64,clipping,256,64,1,32,4,20043893,NA,NA
sample,long,dense-64,clipping,256,64,2,32,4,19508292,NA,NA
sample,long,dense-64,clipping,256,64,3,32,4,20249939,NA,NA
sample,long,dense-64,clipping,256,64,4,32,4,20766239,NA,NA
sample,long,dense-64,clipping,256,64,5,32,4,20126917,NA,NA
sample,long,dense-64,clipping,256,64,6,32,4,19842976,NA,NA
summary,long,dense-64,clipping,609634.125,628573.531,648944.969
sample,float,exterior,clipping,4,0,0,65536,6554,9277012,NA,NA
sample,float,exterior,clipping,4,0,1,65536,6554,9184146,NA,NA
sample,float,exterior,clipping,4,0,2,65536,6554,9243288,NA,NA
sample,float,exterior,clipping,4,0,3,65536,6554,9127562,NA,NA
sample,float,exterior,clipping,4,0,4,65536,6554,9307708,NA,NA
sample,float,exterior,clipping,4,0,5,65536,6554,8876965,NA,NA
sample,float,exterior,clipping,4,0,6,65536,6554,8985930,NA,NA
summary,float,exterior,clipping,135.452,140.139,142.024
sample,float,interior,clipping,4,1,0,4096,410,23502413,NA,NA
sample,float,interior,clipping,4,1,1,4096,410,22902529,NA,NA
sample,float,interior,clipping,4,1,2,4096,410,22741169,NA,NA
sample,float,interior,clipping,4,1,3,4096,410,22785439,NA,NA
sample,float,interior,clipping,4,1,4,4096,410,23006211,NA,NA
sample,float,interior,clipping,4,1,5,4096,410,22723256,NA,NA
sample,float,interior,clipping,4,1,6,4096,410,22561881,NA,NA
summary,float,interior,clipping,5508.272,5562.851,5737.894
sample,float,crossing,clipping,4,1,0,4096,410,34265088,NA,NA
sample,float,crossing,clipping,4,1,1,4096,410,34735656,NA,NA
sample,float,crossing,clipping,4,1,2,4096,410,34688323,NA,NA
sample,float,crossing,clipping,4,1,3,4096,410,34672073,NA,NA
sample,float,crossing,clipping,4,1,4,4096,410,34332929,NA,NA
sample,float,crossing,clipping,4,1,5,4096,410,35128010,NA,NA
sample,float,crossing,clipping,4,1,6,4096,410,34476720,NA,NA
summary,float,crossing,clipping,8365.500,8464.862,8576.174
sample,float,boundary-only,clipping,4,1,0,4096,410,20899790,NA,NA
sample,float,boundary-only,clipping,4,1,1,4096,410,22669916,NA,NA
sample,float,boundary-only,clipping,4,1,2,4096,410,28226751,NA,NA
sample,float,boundary-only,clipping,4,1,3,4096,410,22229701,NA,NA
sample,float,boundary-only,clipping,4,1,4,4096,410,21470197,NA,NA
sample,float,boundary-only,clipping,4,1,5,4096,410,20553905,NA,NA
sample,float,boundary-only,clipping,4,1,6,4096,410,20496335,NA,NA
summary,float,boundary-only,clipping,5003.988,5241.747,6891.297
sample,float,boundary-overlap,clipping,4,1,0,4096,410,28046696,NA,NA
sample,float,boundary-overlap,clipping,4,1,1,4096,410,27551321,NA,NA
sample,float,boundary-overlap,clipping,4,1,2,4096,410,29201443,NA,NA
sample,float,boundary-overlap,clipping,4,1,3,4096,410,27646403,NA,NA
sample,float,boundary-overlap,clipping,4,1,4,4096,410,27512132,NA,NA
sample,float,boundary-overlap,clipping,4,1,5,4096,410,27979715,NA,NA
sample,float,boundary-overlap,clipping,4,1,6,4096,410,27936453,NA,NA
summary,float,boundary-overlap,clipping,6716.829,6820.423,7129.259
sample,float,isolated-tangent,clipping,4,0,0,4096,410,24047320,NA,NA
sample,float,isolated-tangent,clipping,4,0,1,4096,410,24738437,NA,NA
sample,float,isolated-tangent,clipping,4,0,2,4096,410,23599407,NA,NA
sample,float,isolated-tangent,clipping,4,0,3,4096,410,23612149,NA,NA
sample,float,isolated-tangent,clipping,4,0,4,4096,410,23630211,NA,NA
sample,float,isolated-tangent,clipping,4,0,5,4096,410,23612036,NA,NA
sample,float,isolated-tangent,clipping,4,0,6,4096,410,24348638,NA,NA
summary,float,isolated-tangent,clipping,5761.574,5769.094,6039.657
sample,float,degenerate-interior,clipping,4,0,0,16384,1639,22410242,NA,NA
sample,float,degenerate-interior,clipping,4,0,1,16384,1639,20957011,NA,NA
sample,float,degenerate-interior,clipping,4,0,2,16384,1639,21179913,NA,NA
sample,float,degenerate-interior,clipping,4,0,3,16384,1639,21361320,NA,NA
sample,float,degenerate-interior,clipping,4,0,4,16384,1639,21271014,NA,NA
sample,float,degenerate-interior,clipping,4,0,5,16384,1639,21070981,NA,NA
sample,float,degenerate-interior,clipping,4,0,6,16384,1639,21143432,NA,NA
summary,float,degenerate-interior,clipping,1279.114,1292.719,1367.813
sample,float,degenerate-boundary,clipping,4,0,0,8192,820,31080387,NA,NA
sample,float,degenerate-boundary,clipping,4,0,1,8192,820,29659567,NA,NA
sample,float,degenerate-boundary,clipping,4,0,2,8192,820,30388127,NA,NA
sample,float,degenerate-boundary,clipping,4,0,3,8192,820,29941945,NA,NA
sample,float,degenerate-boundary,clipping,4,0,4,8192,820,30142314,NA,NA
sample,float,degenerate-boundary,clipping,4,0,5,8192,820,39396583,NA,NA
sample,float,degenerate-boundary,clipping,4,0,6,8192,820,32142549,NA,NA
summary,float,degenerate-boundary,clipping,3620.553,3709.488,4809.153
sample,float,empty,clipping,0,0,0,65536,6554,8382808,NA,NA
sample,float,empty,clipping,0,0,1,65536,6554,8699953,NA,NA
sample,float,empty,clipping,0,0,2,65536,6554,8527470,NA,NA
sample,float,empty,clipping,0,0,3,65536,6554,8656553,NA,NA
sample,float,empty,clipping,0,0,4,65536,6554,8533731,NA,NA
sample,float,empty,clipping,0,0,5,65536,6554,8826159,NA,NA
sample,float,empty,clipping,0,0,6,65536,6554,8737624,NA,NA
summary,float,empty,clipping,127.911,132.089,134.676
sample,float,concave-u,clipping,8,2,0,2048,205,30316261,NA,NA
sample,float,concave-u,clipping,8,2,1,2048,205,31538829,NA,NA
sample,float,concave-u,clipping,8,2,2,2048,205,29932862,NA,NA
sample,float,concave-u,clipping,8,2,3,2048,205,30073012,NA,NA
sample,float,concave-u,clipping,8,2,4,2048,205,30506415,NA,NA
sample,float,concave-u,clipping,8,2,5,2048,205,30375431,NA,NA
sample,float,concave-u,clipping,8,2,6,2048,205,30197198,NA,NA
summary,float,concave-u,clipping,14615.655,14802.862,15399.819
sample,float,hole,clipping,8,2,0,2048,205,32447917,NA,NA
sample,float,hole,clipping,8,2,1,2048,205,32505767,NA,NA
sample,float,hole,clipping,8,2,2,2048,205,32363962,NA,NA
sample,float,hole,clipping,8,2,3,2048,205,32370216,NA,NA
sample,float,hole,clipping,8,2,4,2048,205,33567368,NA,NA
sample,float,hole,clipping,8,2,5,2048,205,31912742,NA,NA
sample,float,hole,clipping,8,2,6,2048,205,32018059,NA,NA
summary,float,hole,clipping,15582.394,15805.770,16390.316
sample,float,hole-reversed,clipping,8,2,0,2048,205,32042844,NA,NA
sample,float,hole-reversed,clipping,8,2,1,2048,205,31650696,NA,NA
sample,float,hole-reversed,clipping,8,2,2,2048,205,32845196,NA,NA
sample,float,hole-reversed,clipping,8,2,3,2048,205,31348247,NA,NA
sample,float,hole-reversed,clipping,8,2,4,2048,205,31868972,NA,NA
sample,float,hole-reversed,clipping,8,2,5,2048,205,31556111,NA,NA
sample,float,hole-reversed,clipping,8,2,6,2048,205,31876697,NA,NA
summary,float,hole-reversed,clipping,15306.761,15561.021,16037.693
sample,float,rational-crossing,clipping,3,1,0,2048,205,17425943,NA,NA
sample,float,rational-crossing,clipping,3,1,1,2048,205,17109704,NA,NA
sample,float,rational-crossing,clipping,3,1,2,2048,205,17124101,NA,NA
sample,float,rational-crossing,clipping,3,1,3,2048,205,17299256,NA,NA
sample,float,rational-crossing,clipping,3,1,4,2048,205,17413427,NA,NA
sample,float,rational-crossing,clipping,3,1,5,2048,205,17374173,NA,NA
sample,float,rational-crossing,clipping,3,1,6,2048,205,17310187,NA,NA
summary,float,rational-crossing,clipping,8354.348,8452.240,8508.761
sample,float,sparse-1,clipping,4,1,0,4096,410,34793668,NA,NA
sample,float,sparse-1,clipping,4,1,1,4096,410,34093885,NA,NA
sample,float,sparse-1,clipping,4,1,2,4096,410,34962811,NA,NA
sample,float,sparse-1,clipping,4,1,3,4096,410,34922470,NA,NA
sample,float,sparse-1,clipping,4,1,4,4096,410,35001987,NA,NA
sample,float,sparse-1,clipping,4,1,5,4096,410,35861986,NA,NA
sample,float,sparse-1,clipping,4,1,6,4096,410,34824470,NA,NA
summary,float,sparse-1,clipping,8323.702,8525.994,8755.368
sample,float,sparse-4,clipping,16,1,0,2048,205,22082317,NA,NA
sample,float,sparse-4,clipping,16,1,1,2048,205,22005761,NA,NA
sample,float,sparse-4,clipping,16,1,2,2048,205,22118742,NA,NA
sample,float,sparse-4,clipping,16,1,3,2048,205,21713194,NA,NA
sample,float,sparse-4,clipping,16,1,4,2048,205,23324121,NA,NA
sample,float,sparse-4,clipping,16,1,5,2048,205,21809368,NA,NA
sample,float,sparse-4,clipping,16,1,6,2048,205,21787997,NA,NA
summary,float,sparse-4,clipping,10602.146,10745.000,11388.731
sample,float,sparse-16,clipping,64,1,0,2048,205,29893909,NA,NA
sample,float,sparse-16,clipping,64,1,1,2048,205,29856638,NA,NA
sample,float,sparse-16,clipping,64,1,2,2048,205,30181734,NA,NA
sample,float,sparse-16,clipping,64,1,3,2048,205,29991244,NA,NA
sample,float,sparse-16,clipping,64,1,4,2048,205,29429660,NA,NA
sample,float,sparse-16,clipping,64,1,5,2048,205,29705232,NA,NA
sample,float,sparse-16,clipping,64,1,6,2048,205,29626146,NA,NA
summary,float,sparse-16,clipping,14369.951,14578.437,14737.175
sample,float,sparse-64,clipping,256,1,0,1024,103,39710287,NA,NA
sample,float,sparse-64,clipping,256,1,1,1024,103,28042503,NA,NA
sample,float,sparse-64,clipping,256,1,2,1024,103,28320823,NA,NA
sample,float,sparse-64,clipping,256,1,3,1024,103,28405632,NA,NA
sample,float,sparse-64,clipping,256,1,4,1024,103,28355927,NA,NA
sample,float,sparse-64,clipping,256,1,5,1024,103,28423733,NA,NA
sample,float,sparse-64,clipping,256,1,6,1024,103,28362020,NA,NA
summary,float,sparse-64,clipping,27385.257,27697.285,38779.577
sample,float,dense-1,clipping,4,1,0,4096,410,34431764,NA,NA
sample,float,dense-1,clipping,4,1,1,4096,410,35038887,NA,NA
sample,float,dense-1,clipping,4,1,2,4096,410,34326379,NA,NA
sample,float,dense-1,clipping,4,1,3,4096,410,35768060,NA,NA
sample,float,dense-1,clipping,4,1,4,4096,410,35026074,NA,NA
sample,float,dense-1,clipping,4,1,5,4096,410,34344297,NA,NA
sample,float,dense-1,clipping,4,1,6,4096,410,34611671,NA,NA
summary,float,dense-1,clipping,8380.464,8450.115,8732.437
sample,float,dense-4,clipping,16,4,0,1024,103,28917663,NA,NA
sample,float,dense-4,clipping,16,4,1,1024,103,30507562,NA,NA
sample,float,dense-4,clipping,16,4,2,1024,103,29303572,NA,NA
sample,float,dense-4,clipping,16,4,3,1024,103,29412836,NA,NA
sample,float,dense-4,clipping,16,4,4,1024,103,29230905,NA,NA
sample,float,dense-4,clipping,16,4,5,1024,103,29225837,NA,NA
sample,float,dense-4,clipping,16,4,6,1024,103,29093553,NA,NA
summary,float,dense-4,clipping,28239.905,28545.806,29792.541
sample,float,dense-16,clipping,64,16,0,128,13,18629379,NA,NA
sample,float,dense-16,clipping,64,16,1,128,13,18769233,NA,NA
sample,float,dense-16,clipping,64,16,2,128,13,18593036,NA,NA
sample,float,dense-16,clipping,64,16,3,128,13,18622315,NA,NA
sample,float,dense-16,clipping,64,16,4,128,13,18934427,NA,NA
sample,float,dense-16,clipping,64,16,5,128,13,18761518,NA,NA
sample,float,dense-16,clipping,64,16,6,128,13,18599753,NA,NA
summary,float,dense-16,clipping,145258.094,145542.023,147925.211
sample,float,dense-64,clipping,256,64,0,64,7,45406761,NA,NA
sample,float,dense-64,clipping,256,64,1,64,7,41195090,NA,NA
sample,float,dense-64,clipping,256,64,2,64,7,40978412,NA,NA
sample,float,dense-64,clipping,256,64,3,64,7,41626271,NA,NA
sample,float,dense-64,clipping,256,64,4,64,7,41039601,NA,NA
sample,float,dense-64,clipping,256,64,5,64,7,40409957,NA,NA
sample,float,dense-64,clipping,256,64,6,64,7,40304100,NA,NA
summary,float,dense-64,clipping,629751.562,641243.766,709480.641
sample,float,subnormal,clipping,4,1,0,4096,410,34874272,NA,NA
sample,float,subnormal,clipping,4,1,1,4096,410,34573403,NA,NA
sample,float,subnormal,clipping,4,1,2,4096,410,34504671,NA,NA
sample,float,subnormal,clipping,4,1,3,4096,410,34708471,NA,NA
sample,float,subnormal,clipping,4,1,4,4096,410,34443864,NA,NA
sample,float,subnormal,clipping,4,1,5,4096,410,35549881,NA,NA
sample,float,subnormal,clipping,4,1,6,4096,410,34079565,NA,NA
summary,float,subnormal,clipping,8320.206,8440.772,8679.170
sample,float,large-finite,clipping,4,1,0,4096,410,33969461,NA,NA
sample,float,large-finite,clipping,4,1,1,4096,410,34584547,NA,NA
sample,float,large-finite,clipping,4,1,2,4096,410,35563588,NA,NA
sample,float,large-finite,clipping,4,1,3,4096,410,34555503,NA,NA
sample,float,large-finite,clipping,4,1,4,4096,410,34930771,NA,NA
sample,float,large-finite,clipping,4,1,5,4096,410,35122555,NA,NA
sample,float,large-finite,clipping,4,1,6,4096,410,34691047,NA,NA
summary,float,large-finite,clipping,8293.325,8469.494,8682.517
sample,double,exterior,clipping,4,0,0,65536,6554,9352529,NA,NA
sample,double,exterior,clipping,4,0,1,65536,6554,9702176,NA,NA
sample,double,exterior,clipping,4,0,2,65536,6554,9350714,NA,NA
sample,double,exterior,clipping,4,0,3,65536,6554,8788157,NA,NA
sample,double,exterior,clipping,4,0,4,65536,6554,8860412,NA,NA
sample,double,exterior,clipping,4,0,5,65536,6554,8898984,NA,NA
sample,double,exterior,clipping,4,0,6,65536,6554,18271994,NA,NA
summary,double,exterior,clipping,134.097,142.681,278.809
sample,double,interior,clipping,4,1,0,4096,410,23230432,NA,NA
sample,double,interior,clipping,4,1,1,4096,410,23436176,NA,NA
sample,double,interior,clipping,4,1,2,4096,410,23063325,NA,NA
sample,double,interior,clipping,4,1,3,4096,410,23321503,NA,NA
sample,double,interior,clipping,4,1,4,4096,410,24580425,NA,NA
sample,double,interior,clipping,4,1,5,4096,410,22984576,NA,NA
sample,double,interior,clipping,4,1,6,4096,410,24737382,NA,NA
summary,double,interior,clipping,5611.469,5693.726,6039.400
sample,double,crossing,clipping,4,1,0,4096,410,34463497,NA,NA
sample,double,crossing,clipping,4,1,1,4096,410,35847422,NA,NA
sample,double,crossing,clipping,4,1,2,4096,410,34430451,NA,NA
sample,double,crossing,clipping,4,1,3,4096,410,34494868,NA,NA
sample,double,crossing,clipping,4,1,4,4096,410,34456123,NA,NA
sample,double,crossing,clipping,4,1,5,4096,410,34573218,NA,NA
sample,double,crossing,clipping,4,1,6,4096,410,34622292,NA,NA
summary,double,crossing,clipping,8405.872,8421.599,8751.812
sample,double,boundary-only,clipping,4,1,0,4096,410,20817073,NA,NA
sample,double,boundary-only,clipping,4,1,1,4096,410,20472109,NA,NA
sample,double,boundary-only,clipping,4,1,2,4096,410,20673050,NA,NA
sample,double,boundary-only,clipping,4,1,3,4096,410,20754317,NA,NA
sample,double,boundary-only,clipping,4,1,4,4096,410,20866397,NA,NA
sample,double,boundary-only,clipping,4,1,5,4096,410,20585898,NA,NA
sample,double,boundary-only,clipping,4,1,6,4096,410,20725344,NA,NA
summary,double,boundary-only,clipping,4998.073,5059.898,5094.335
sample,double,boundary-overlap,clipping,4,1,0,4096,410,27307860,NA,NA
sample,double,boundary-overlap,clipping,4,1,1,4096,410,28145281,NA,NA
sample,double,boundary-overlap,clipping,4,1,2,4096,410,28067011,NA,NA
sample,double,boundary-overlap,clipping,4,1,3,4096,410,27928889,NA,NA
sample,double,boundary-overlap,clipping,4,1,4,4096,410,27749074,NA,NA
sample,double,boundary-overlap,clipping,4,1,5,4096,410,29462009,NA,NA
sample,double,boundary-overlap,clipping,4,1,6,4096,410,27712682,NA,NA
summary,double,boundary-overlap,clipping,6666.958,6818.576,7192.873
sample,double,isolated-tangent,clipping,4,0,0,4096,410,24368093,NA,NA
sample,double,isolated-tangent,clipping,4,0,1,4096,410,24215664,NA,NA
sample,double,isolated-tangent,clipping,4,0,2,4096,410,24134482,NA,NA
sample,double,isolated-tangent,clipping,4,0,3,4096,410,24350865,NA,NA
sample,double,isolated-tangent,clipping,4,0,4,4096,410,24940854,NA,NA
sample,double,isolated-tangent,clipping,4,0,5,4096,410,23943096,NA,NA
sample,double,isolated-tangent,clipping,4,0,6,4096,410,23799060,NA,NA
summary,double,isolated-tangent,clipping,5810.317,5912.027,6089.076
sample,double,degenerate-interior,clipping,4,0,0,16384,1639,22689195,NA,NA
sample,double,degenerate-interior,clipping,4,0,1,16384,1639,22010997,NA,NA
sample,double,degenerate-interior,clipping,4,0,2,16384,1639,21068151,NA,NA
sample,double,degenerate-interior,clipping,4,0,3,16384,1639,21728044,NA,NA
sample,double,degenerate-interior,clipping,4,0,4,16384,1639,22518013,NA,NA
sample,double,degenerate-interior,clipping,4,0,5,16384,1639,21959652,NA,NA
sample,double,degenerate-interior,clipping,4,0,6,16384,1639,22065722,NA,NA
summary,double,degenerate-interior,clipping,1285.898,1343.445,1384.839
sample,double,degenerate-boundary,clipping,4,0,0,8192,820,29551759,NA,NA
sample,double,degenerate-boundary,clipping,4,0,1,8192,820,29125830,NA,NA
sample,double,degenerate-boundary,clipping,4,0,2,8192,820,31358188,NA,NA
sample,double,degenerate-boundary,clipping,4,0,3,8192,820,29337057,NA,NA
sample,double,degenerate-boundary,clipping,4,0,4,8192,820,29547963,NA,NA
sample,double,degenerate-boundary,clipping,4,0,5,8192,820,29231447,NA,NA
sample,double,degenerate-boundary,clipping,4,0,6,8192,820,28928617,NA,NA
summary,double,degenerate-boundary,clipping,3531.325,3581.184,3827.904
sample,double,empty,clipping,0,0,0,65536,6554,8469462,NA,NA
sample,double,empty,clipping,0,0,1,65536,6554,8381291,NA,NA
sample,double,empty,clipping,0,0,2,65536,6554,8495986,NA,NA
sample,double,empty,clipping,0,0,3,65536,6554,8476624,NA,NA
sample,double,empty,clipping,0,0,4,65536,6554,9089541,NA,NA
sample,double,empty,clipping,0,0,5,65536,6554,9170380,NA,NA
sample,double,empty,clipping,0,0,6,65536,6554,8977159,NA,NA
summary,double,empty,clipping,127.888,129.638,139.929
sample,double,concave-u,clipping,8,2,0,2048,205,30281828,NA,NA
sample,double,concave-u,clipping,8,2,1,2048,205,30336180,NA,NA
sample,double,concave-u,clipping,8,2,2,2048,205,30273556,NA,NA
sample,double,concave-u,clipping,8,2,3,2048,205,29985840,NA,NA
sample,double,concave-u,clipping,8,2,4,2048,205,31442651,NA,NA
sample,double,concave-u,clipping,8,2,5,2048,205,29925055,NA,NA
sample,double,concave-u,clipping,8,2,6,2048,205,39292874,NA,NA
summary,double,concave-u,clipping,14611.843,14786.049,19185.974
sample,double,hole,clipping,8,2,0,2048,205,32229121,NA,NA
sample,double,hole,clipping,8,2,1,2048,205,33118585,NA,NA
sample,double,hole,clipping,8,2,2,2048,205,31862055,NA,NA
sample,double,hole,clipping,8,2,3,2048,205,31853621,NA,NA
sample,double,hole,clipping,8,2,4,2048,205,32822697,NA,NA
sample,double,hole,clipping,8,2,5,2048,205,31697246,NA,NA
sample,double,hole,clipping,8,2,6,2048,205,32259255,NA,NA
summary,double,hole,clipping,15477.171,15736.875,16171.184
sample,double,hole-reversed,clipping,8,2,0,2048,205,31417225,NA,NA
sample,double,hole-reversed,clipping,8,2,1,2048,205,31612536,NA,NA
sample,double,hole-reversed,clipping,8,2,2,2048,205,31525381,NA,NA
sample,double,hole-reversed,clipping,8,2,3,2048,205,31249670,NA,NA
sample,double,hole-reversed,clipping,8,2,4,2048,205,33021341,NA,NA
sample,double,hole-reversed,clipping,8,2,5,2048,205,31764365,NA,NA
sample,double,hole-reversed,clipping,8,2,6,2048,205,31689764,NA,NA
summary,double,hole-reversed,clipping,15258.628,15435.809,16123.702
sample,double,rational-crossing,clipping,3,1,0,4096,410,34594692,NA,NA
sample,double,rational-crossing,clipping,3,1,1,4096,410,35812207,NA,NA
sample,double,rational-crossing,clipping,3,1,2,4096,410,34039656,NA,NA
sample,double,rational-crossing,clipping,3,1,3,4096,410,34020940,NA,NA
sample,double,rational-crossing,clipping,3,1,4,4096,410,33997659,NA,NA
sample,double,rational-crossing,clipping,3,1,5,4096,410,34260738,NA,NA
sample,double,rational-crossing,clipping,3,1,6,4096,410,34720511,NA,NA
summary,double,rational-crossing,clipping,8300.210,8364.438,8743.215
sample,double,sparse-1,clipping,4,1,0,4096,410,44580203,NA,NA
sample,double,sparse-1,clipping,4,1,1,4096,410,34776107,NA,NA
sample,double,sparse-1,clipping,4,1,2,4096,410,34547618,NA,NA
sample,double,sparse-1,clipping,4,1,3,4096,410,36384578,NA,NA
sample,double,sparse-1,clipping,4,1,4,4096,410,34312999,NA,NA
sample,double,sparse-1,clipping,4,1,5,4096,410,34455965,NA,NA
sample,double,sparse-1,clipping,4,1,6,4096,410,34985787,NA,NA
summary,double,sparse-1,clipping,8377.197,8490.260,10883.839
sample,double,sparse-4,clipping,16,1,0,2048,205,22223533,NA,NA
sample,double,sparse-4,clipping,16,1,1,2048,205,22756173,NA,NA
sample,double,sparse-4,clipping,16,1,2,2048,205,21952448,NA,NA
sample,double,sparse-4,clipping,16,1,3,2048,205,21818119,NA,NA
sample,double,sparse-4,clipping,16,1,4,2048,205,21897927,NA,NA
sample,double,sparse-4,clipping,16,1,5,2048,205,21940115,NA,NA
sample,double,sparse-4,clipping,16,1,6,2048,205,21842623,NA,NA
summary,double,sparse-4,clipping,10653.378,10712.947,11111.413
sample,double,sparse-16,clipping,64,1,0,2048,205,31697274,NA,NA
sample,double,sparse-16,clipping,64,1,1,2048,205,29716294,NA,NA
sample,double,sparse-16,clipping,64,1,2,2048,205,29807555,NA,NA
sample,double,sparse-16,clipping,64,1,3,2048,205,30163426,NA,NA
sample,double,sparse-16,clipping,64,1,4,2048,205,30046262,NA,NA
sample,double,sparse-16,clipping,64,1,5,2048,205,29975188,NA,NA
sample,double,sparse-16,clipping,64,1,6,2048,205,30011279,NA,NA
summary,double,sparse-16,clipping,14509.909,14653.945,15477.185
sample,double,sparse-64,clipping,256,1,0,1024,103,28438761,NA,NA
sample,double,sparse-64,clipping,256,1,1,1024,103,28402319,NA,NA
sample,double,sparse-64,clipping,256,1,2,1024,103,28866046,NA,NA
sample,double,sparse-64,clipping,256,1,3,1024,103,28822707,NA,NA
sample,double,sparse-64,clipping,256,1,4,1024,103,29021656,NA,NA
sample,double,sparse-64,clipping,256,1,5,1024,103,30030296,NA,NA
sample,double,sparse-64,clipping,256,1,6,1024,103,28463789,NA,NA
summary,double,sparse-64,clipping,27736.640,28147.175,29326.461
sample,double,dense-1,clipping,4,1,0,4096,410,35084884,NA,NA
sample,double,dense-1,clipping,4,1,1,4096,410,35969606,NA,NA
sample,double,dense-1,clipping,4,1,2,4096,410,34901193,NA,NA
sample,double,dense-1,clipping,4,1,3,4096,410,34769553,NA,NA
sample,double,dense-1,clipping,4,1,4,4096,410,35280913,NA,NA
sample,double,dense-1,clipping,4,1,5,4096,410,34825444,NA,NA
sample,double,dense-1,clipping,4,1,6,4096,410,35532238,NA,NA
summary,double,dense-1,clipping,8488.660,8565.646,8781.642
sample,double,dense-4,clipping,16,4,0,1024,103,28702872,NA,NA
sample,double,dense-4,clipping,16,4,1,1024,103,28644518,NA,NA
sample,double,dense-4,clipping,16,4,2,1024,103,28701204,NA,NA
sample,double,dense-4,clipping,16,4,3,1024,103,28471095,NA,NA
sample,double,dense-4,clipping,16,4,4,1024,103,29185837,NA,NA
sample,double,dense-4,clipping,16,4,5,1024,103,30336559,NA,NA
sample,double,dense-4,clipping,16,4,6,1024,103,29084893,NA,NA
summary,double,dense-4,clipping,27803.804,28030.148,29625.546
sample,double,dense-16,clipping,64,16,0,256,26,37757661,NA,NA
sample,double,dense-16,clipping,64,16,1,256,26,38350443,NA,NA
sample,double,dense-16,clipping,64,16,2,256,26,37353483,NA,NA
sample,double,dense-16,clipping,64,16,3,256,26,37057547,NA,NA
sample,double,dense-16,clipping,64,16,4,256,26,37317226,NA,NA
sample,double,dense-16,clipping,64,16,5,256,26,37070012,NA,NA
sample,double,dense-16,clipping,64,16,6,256,26,37238496,NA,NA
summary,double,dense-16,clipping,144756.043,145770.414,149806.418
sample,double,dense-64,clipping,256,64,0,32,4,19727084,NA,NA
sample,double,dense-64,clipping,256,64,1,32,4,19872516,NA,NA
sample,double,dense-64,clipping,256,64,2,32,4,20674015,NA,NA
sample,double,dense-64,clipping,256,64,3,32,4,20203606,NA,NA
sample,double,dense-64,clipping,256,64,4,32,4,29349495,NA,NA
sample,double,dense-64,clipping,256,64,5,32,4,20074535,NA,NA
sample,double,dense-64,clipping,256,64,6,32,4,20171834,NA,NA
summary,double,dense-64,clipping,616471.375,630369.812,917171.719
checksum,6996564152413548515
