native_version,3.13.1-CAPI-1.19.2
fixture,int,exterior,4,0,PASS,query_valid,1,1
fixture,int,interior,4,1,PASS,query_valid,1,1
fixture,int,crossing,4,1,PASS,query_valid,1,1
fixture,int,boundary-only,4,1,PASS,query_valid,1,1
fixture,int,boundary-overlap,4,1,PASS,query_valid,1,1
fixture,int,isolated-tangent,4,0,PASS,query_valid,1,1
fixture,int,degenerate-interior,4,0,PASS,query_valid,0,0
fixture,int,degenerate-boundary,4,0,PASS,query_valid,0,0
fixture,int,empty,0,0,PASS,query_valid,1,1
fixture,int,concave-u,8,2,PASS,query_valid,1,1
fixture,int,hole,8,2,PASS,query_valid,1,1
fixture,int,hole-reversed,8,2,PASS,query_valid,1,1
fixture,int,rational-crossing,3,1,PASS,query_valid,1,1
fixture,int,sparse-1,4,1,PASS,query_valid,1,1
fixture,int,sparse-4,16,1,PASS,query_valid,1,1
fixture,int,sparse-16,64,1,PASS,query_valid,1,1
fixture,int,sparse-64,256,1,PASS,query_valid,1,1
fixture,int,dense-1,4,1,PASS,query_valid,1,1
fixture,int,dense-4,16,4,PASS,query_valid,1,1
fixture,int,dense-16,64,16,PASS,query_valid,1,1
fixture,int,dense-64,256,64,PASS,query_valid,1,1
fixture,int,wide-integral,4,1,PASS,query_valid,1,1
fixture,long,exterior,4,0,PASS,query_valid,1,1
fixture,long,interior,4,1,PASS,query_valid,1,1
fixture,long,crossing,4,1,PASS,query_valid,1,1
fixture,long,boundary-only,4,1,PASS,query_valid,1,1
fixture,long,boundary-overlap,4,1,PASS,query_valid,1,1
fixture,long,isolated-tangent,4,0,PASS,query_valid,1,1
fixture,long,degenerate-interior,4,0,PASS,query_valid,0,0
fixture,long,degenerate-boundary,4,0,PASS,query_valid,0,0
fixture,long,empty,0,0,PASS,query_valid,1,1
fixture,long,concave-u,8,2,PASS,query_valid,1,1
fixture,long,hole,8,2,PASS,query_valid,1,1
fixture,long,hole-reversed,8,2,PASS,query_valid,1,1
fixture,long,rational-crossing,3,1,PASS,query_valid,1,1
fixture,long,sparse-1,4,1,PASS,query_valid,1,1
fixture,long,sparse-4,16,1,PASS,query_valid,1,1
fixture,long,sparse-16,64,1,PASS,query_valid,1,1
fixture,long,sparse-64,256,1,PASS,query_valid,1,1
fixture,long,dense-1,4,1,PASS,query_valid,1,1
fixture,long,dense-4,16,4,PASS,query_valid,1,1
fixture,long,dense-16,64,16,PASS,query_valid,1,1
fixture,long,dense-64,256,64,PASS,query_valid,1,1
fixture,float,exterior,4,0,PASS,query_valid,1,1
fixture,float,interior,4,1,PASS,query_valid,1,1
fixture,float,crossing,4,1,PASS,query_valid,1,1
fixture,float,boundary-only,4,1,PASS,query_valid,1,1
fixture,float,boundary-overlap,4,1,PASS,query_valid,1,1
fixture,float,isolated-tangent,4,0,PASS,query_valid,1,1
fixture,float,degenerate-interior,4,0,PASS,query_valid,0,0
fixture,float,degenerate-boundary,4,0,PASS,query_valid,0,0
fixture,float,empty,0,0,PASS,query_valid,1,1
fixture,float,concave-u,8,2,PASS,query_valid,1,1
fixture,float,hole,8,2,PASS,query_valid,1,1
fixture,float,hole-reversed,8,2,PASS,query_valid,1,1
fixture,float,rational-crossing,3,1,PASS,query_valid,1,1
fixture,float,sparse-1,4,1,PASS,query_valid,1,1
fixture,float,sparse-4,16,1,PASS,query_valid,1,1
fixture,float,sparse-16,64,1,PASS,query_valid,1,1
fixture,float,sparse-64,256,1,PASS,query_valid,1,1
fixture,float,dense-1,4,1,PASS,query_valid,1,1
fixture,float,dense-4,16,4,PASS,query_valid,1,1
fixture,float,dense-16,64,16,PASS,query_valid,1,1
fixture,float,dense-64,256,64,PASS,query_valid,1,1
fixture,float,subnormal,4,1,PASS,query_valid,1,1
fixture,float,large-finite,4,1,PASS,query_valid,1,1
fixture,double,exterior,4,0,PASS,query_valid,1,1
fixture,double,interior,4,1,PASS,query_valid,1,1
fixture,double,crossing,4,1,PASS,query_valid,1,1
fixture,double,boundary-only,4,1,PASS,query_valid,1,1
fixture,double,boundary-overlap,4,1,PASS,query_valid,1,1
fixture,double,isolated-tangent,4,0,PASS,query_valid,1,1
fixture,double,degenerate-interior,4,0,PASS,query_valid,0,0
fixture,double,degenerate-boundary,4,0,PASS,query_valid,0,0
fixture,double,empty,0,0,PASS,query_valid,1,1
fixture,double,concave-u,8,2,PASS,query_valid,1,1
fixture,double,hole,8,2,PASS,query_valid,1,1
fixture,double,hole-reversed,8,2,PASS,query_valid,1,1
fixture,double,rational-crossing,3,1,PASS,query_valid,1,1
fixture,double,sparse-1,4,1,PASS,query_valid,1,1
fixture,double,sparse-4,16,1,PASS,query_valid,1,1
fixture,double,sparse-16,64,1,PASS,query_valid,1,1
fixture,double,sparse-64,256,1,PASS,query_valid,1,1
fixture,double,dense-1,4,1,PASS,query_valid,1,1
fixture,double,dense-4,16,4,PASS,query_valid,1,1
fixture,double,dense-16,64,16,PASS,query_valid,1,1
fixture,double,dense-64,256,64,PASS,query_valid,1,1
preflight,native,87,174,PASS
sample,int,exterior,clipping,4,0,0,65536,6554,9311902,NA,NA
sample,int,exterior,clipping,4,0,1,65536,6554,9243571,NA,NA
sample,int,exterior,clipping,4,0,2,65536,6554,9320741,NA,NA
sample,int,exterior,clipping,4,0,3,65536,6554,9343922,NA,NA
sample,int,exterior,clipping,4,0,4,65536,6554,9234159,NA,NA
sample,int,exterior,clipping,4,0,5,65536,6554,9402560,NA,NA
sample,int,exterior,clipping,4,0,6,65536,6554,9257502,NA,NA
summary,int,exterior,clipping,140.902,142.088,143.472
sample,int,interior,clipping,4,1,0,4096,410,22266485,NA,NA
sample,int,interior,clipping,4,1,1,4096,410,22726677,NA,NA
sample,int,interior,clipping,4,1,2,4096,410,24284185,NA,NA
sample,int,interior,clipping,4,1,3,4096,410,22153681,NA,NA
sample,int,interior,clipping,4,1,4,4096,410,22146763,NA,NA
sample,int,interior,clipping,4,1,5,4096,410,22194270,NA,NA
sample,int,interior,clipping,4,1,6,4096,410,22827753,NA,NA
summary,int,interior,clipping,5406.925,5436.154,5928.756
sample,int,crossing,clipping,4,1,0,4096,410,34463516,NA,NA
sample,int,crossing,clipping,4,1,1,4096,410,33352794,NA,NA
sample,int,crossing,clipping,4,1,2,4096,410,33306900,NA,NA
sample,int,crossing,clipping,4,1,3,4096,410,33412102,NA,NA
sample,int,crossing,clipping,4,1,4,4096,410,33443512,NA,NA
sample,int,crossing,clipping,4,1,5,4096,410,33166478,NA,NA
sample,int,crossing,clipping,4,1,6,4096,410,34313971,NA,NA
summary,int,crossing,clipping,8097.285,8157.251,8413.944
sample,int,boundary-only,clipping,4,1,0,4096,410,20004653,NA,NA
sample,int,boundary-only,clipping,4,1,1,4096,410,28061621,NA,NA
sample,int,boundary-only,clipping,4,1,2,4096,410,21596868,NA,NA
sample,int,boundary-only,clipping,4,1,3,4096,410,19917125,NA,NA
sample,int,boundary-only,clipping,4,1,4,4096,410,19964287,NA,NA
sample,int,boundary-only,clipping,4,1,5,4096,410,19728210,NA,NA
sample,int,boundary-only,clipping,4,1,6,4096,410,20387073,NA,NA
summary,int,boundary-only,clipping,4816.458,4883.948,6850.982
sample,int,boundary-overlap,clipping,4,1,0,4096,410,26998316,NA,NA
sample,int,boundary-overlap,clipping,4,1,1,4096,410,27140090,NA,NA
sample,int,boundary-overlap,clipping,4,1,2,4096,410,27230158,NA,NA
sample,int,boundary-overlap,clipping,4,1,3,4096,410,27008589,NA,NA
sample,int,boundary-overlap,clipping,4,1,4,4096,410,27449448,NA,NA
sample,int,boundary-overlap,clipping,4,1,5,4096,410,27845834,NA,NA
sample,int,boundary-overlap,clipping,4,1,6,4096,410,26785167,NA,NA
summary,int,boundary-overlap,clipping,6539.347,6625.999,6798.299
sample,int,isolated-tangent,clipping,4,0,0,4096,410,23453245,NA,NA
sample,int,isolated-tangent,clipping,4,0,1,4096,410,23094316,NA,NA
sample,int,isolated-tangent,clipping,4,0,2,4096,410,23090765,NA,NA
sample,int,isolated-tangent,clipping,4,0,3,4096,410,23867458,NA,NA
sample,int,isolated-tangent,clipping,4,0,4,4096,410,24283946,NA,NA
sample,int,isolated-tangent,clipping,4,0,5,4096,410,23287315,NA,NA
sample,int,isolated-tangent,clipping,4,0,6,4096,410,23004479,NA,NA
summary,int,isolated-tangent,clipping,5616.328,5685.380,5928.698
sample,int,degenerate-interior,clipping,4,0,0,16384,1639,21110646,NA,NA
sample,int,degenerate-interior,clipping,4,0,1,16384,1639,21199125,NA,NA
sample,int,degenerate-interior,clipping,4,0,2,16384,1639,21666161,NA,NA
sample,int,degenerate-interior,clipping,4,0,3,16384,1639,22253245,NA,NA
sample,int,degenerate-interior,clipping,4,0,4,16384,1639,23070259,NA,NA
sample,int,degenerate-interior,clipping,4,0,5,16384,1639,22402581,NA,NA
sample,int,degenerate-interior,clipping,4,0,6,16384,1639,21138146,NA,NA
summary,int,degenerate-interior,clipping,1288.492,1322.398,1408.097
sample,int,degenerate-boundary,clipping,4,0,0,8192,820,29430326,NA,NA
sample,int,degenerate-boundary,clipping,4,0,1,8192,820,28301294,NA,NA
sample,int,degenerate-boundary,clipping,4,0,2,8192,820,30090802,NA,NA
sample,int,degenerate-boundary,clipping,4,0,3,8192,820,28803326,NA,NA
sample,int,degenerate-boundary,clipping,4,0,4,8192,820,28360249,NA,NA
sample,int,degenerate-boundary,clipping,4,0,5,8192,820,28475509,NA,NA
sample,int,degenerate-boundary,clipping,4,0,6,8192,820,38018857,NA,NA
summary,int,degenerate-boundary,clipping,3454.748,3516.031,4640.974
sample,int,empty,clipping,0,0,0,65536,6554,8675759,NA,NA
sample,int,empty,clipping,0,0,1,65536,6554,8589018,NA,NA
sample,int,empty,clipping,0,0,2,65536,6554,8738850,NA,NA
sample,int,empty,clipping,0,0,3,65536,6554,9342755,NA,NA
sample,int,empty,clipping,0,0,4,65536,6554,9455495,NA,NA
sample,int,empty,clipping,0,0,5,65536,6554,10087811,NA,NA
sample,int,empty,clipping,0,0,6,65536,6554,8994166,NA,NA
summary,int,empty,clipping,131.058,137.240,153.928
sample,int,concave-u,clipping,8,2,0,2048,205,29802833,NA,NA
sample,int,concave-u,clipping,8,2,1,2048,205,29749159,NA,NA
sample,int,concave-u,clipping,8,2,2,2048,205,29607817,NA,NA
sample,int,concave-u,clipping,8,2,3,2048,205,29740174,NA,NA
sample,int,concave-u,clipping,8,2,4,2048,205,30218132,NA,NA
sample,int,concave-u,clipping,8,2,5,2048,205,29138908,NA,NA
sample,int,concave-u,clipping,8,2,6,2048,205,29370790,NA,NA
summary,int,concave-u,clipping,14227.982,14521.569,14754.947
sample,int,hole,clipping,8,2,0,2048,205,31175980,NA,NA
sample,int,hole,clipping,8,2,1,2048,205,33018598,NA,NA
sample,int,hole,clipping,8,2,2,2048,205,31508868,NA,NA
sample,int,hole,clipping,8,2,3,2048,205,31644495,NA,NA
sample,int,hole,clipping,8,2,4,2048,205,32111464,NA,NA
sample,int,hole,clipping,8,2,5,2048,205,31808284,NA,NA
sample,int,hole,clipping,8,2,6,2048,205,31622168,NA,NA
summary,int,hole,clipping,15222.646,15451.414,16122.362
sample,int,hole-reversed,clipping,8,2,0,2048,205,31109317,NA,NA
sample,int,hole-reversed,clipping,8,2,1,2048,205,31689171,NA,NA
sample,int,hole-reversed,clipping,8,2,2,2048,205,31292950,NA,NA
sample,int,hole-reversed,clipping,8,2,3,2048,205,31153650,NA,NA
sample,int,hole-reversed,clipping,8,2,4,2048,205,31422313,NA,NA
sample,int,hole-reversed,clipping,8,2,5,2048,205,31961425,NA,NA
sample,int,hole-reversed,clipping,8,2,6,2048,205,30964347,NA,NA
summary,int,hole-reversed,clipping,15119.310,15279.761,15606.165
sample,int,rational-crossing,clipping,3,1,0,4096,410,33421889,NA,NA
sample,int,rational-crossing,clipping,3,1,1,4096,410,34549923,NA,NA
sample,int,rational-crossing,clipping,3,1,2,4096,410,33833415,NA,NA
sample,int,rational-crossing,clipping,3,1,3,4096,410,33495450,NA,NA
sample,int,rational-crossing,clipping,3,1,4,4096,410,33765551,NA,NA
sample,int,rational-crossing,clipping,3,1,5,4096,410,33648361,NA,NA
sample,int,rational-crossing,clipping,3,1,6,4096,410,33657767,NA,NA
summary,int,rational-crossing,clipping,8159.641,8217.228,8435.040
sample,int,sparse-1,clipping,4,1,0,4096,410,32992515,NA,NA
sample,int,sparse-1,clipping,4,1,1,4096,410,33307042,NA,NA
sample,int,sparse-1,clipping,4,1,2,4096,410,33583134,NA,NA
sample,int,sparse-1,clipping,4,1,3,4096,410,33244506,NA,NA
sample,int,sparse-1,clipping,4,1,4,4096,410,34355044,NA,NA
sample,int,sparse-1,clipping,4,1,5,4096,410,32819568,NA,NA
sample,int,sparse-1,clipping,4,1,6,4096,410,32766322,NA,NA
summary,int,sparse-1,clipping,7999.590,8116.334,8387.462
sample,int,sparse-4,clipping,16,1,0,2048,205,20912724,NA,NA
sample,int,sparse-4,clipping,16,1,1,2048,205,20894622,NA,NA
sample,int,sparse-4,clipping,16,1,2,2048,205,21419652,NA,NA
sample,int,sparse-4,clipping,16,1,3,2048,205,21970189,NA,NA
sample,int,sparse-4,clipping,16,1,4,2048,205,20952878,NA,NA
sample,int,sparse-4,clipping,16,1,5,2048,205,21218511,NA,NA
sample,int,sparse-4,clipping,16,1,6,2048,205,21011837,NA,NA
summary,int,sparse-4,clipping,10202.452,10259.686,10727.631
sample,int,sparse-16,clipping,64,1,0,2048,205,28605093,NA,NA
sample,int,sparse-16,clipping,64,1,1,2048,205,29119165,NA,NA
sample,int,sparse-16,clipping,64,1,2,2048,205,30137332,NA,NA
sample,int,sparse-16,clipping,64,1,3,2048,205,28624296,NA,NA
sample,int,sparse-16,clipping,64,1,4,2048,205,28962542,NA,NA
sample,int,sparse-16,clipping,64,1,5,2048,205,29800233,NA,NA
sample,int,sparse-16,clipping,64,1,6,2048,205,37586020,NA,NA
summary,int,sparse-16,clipping,13967.331,14218.342,18352.549
sample,int,sparse-64,clipping,256,1,0,1024,103,28343968,NA,NA
sample,int,sparse-64,clipping,256,1,1,1024,103,28174641,NA,NA
sample,int,sparse-64,clipping,256,1,2,1024,103,28388352,NA,NA
sample,int,sparse-64,clipping,256,1,3,1024,103,28559838,NA,NA
sample,int,sparse-64,clipping,256,1,4,1024,103,28411918,NA,NA
sample,int,sparse-64,clipping,256,1,5,1024,103,28163193,NA,NA
sample,int,sparse-64,clipping,256,1,6,1024,103,29127081,NA,NA
summary,int,sparse-64,clipping,27503.118,27723.000,28444.415
sample,int,dense-1,clipping,4,1,0,4096,410,32636571,NA,NA
sample,int,dense-1,clipping,4,1,1,4096,410,33102985,NA,NA
sample,int,dense-1,clipping,4,1,2,4096,410,32667331,NA,NA
sample,int,dense-1,clipping,4,1,3,4096,410,34412122,NA,NA
sample,int,dense-1,clipping,4,1,4,4096,410,32739709,NA,NA
sample,int,dense-1,clipping,4,1,5,4096,410,32988613,NA,NA
sample,int,dense-1,clipping,4,1,6,4096,410,33380685,NA,NA
summary,int,dense-1,clipping,7967.913,8053.861,8401.397
sample,int,dense-4,clipping,16,4,0,1024,103,28934772,NA,NA
sample,int,dense-4,clipping,16,4,1,1024,103,29628175,NA,NA
sample,int,dense-4,clipping,16,4,2,1024,103,28762017,NA,NA
sample,int,dense-4,clipping,16,4,3,1024,103,29044308,NA,NA
sample,int,dense-4,clipping,16,4,4,1024,103,28670281,NA,NA
sample,int,dense-4,clipping,16,4,5,1024,103,29006025,NA,NA
sample,int,dense-4,clipping,16,4,6,1024,103,28856631,NA,NA
summary,int,dense-4,clipping,27998.321,28256.613,28933.765
sample,int,dense-16,clipping,64,16,0,128,13,20005412,NA,NA
sample,int,dense-16,clipping,64,16,1,128,13,18925239,NA,NA
sample,int,dense-16,clipping,64,16,2,128,13,18893305,NA,NA
sample,int,dense-16,clipping,64,16,3,128,13,19267334,NA,NA
sample,int,dense-16,clipping,64,16,4,128,13,19740386,NA,NA
sample,int,dense-16,clipping,64,16,5,128,13,19202966,NA,NA
sample,int,dense-16,clipping,64,16,6,128,13,19214029,NA,NA
summary,int,dense-16,clipping,147603.945,150109.602,156292.281
sample,int,dense-64,clipping,256,64,0,32,4,20189882,NA,NA
sample,int,dense-64,clipping,256,64,1,32,4,19974895,NA,NA
sample,int,dense-64,clipping,256,64,2,32,4,20039466,NA,NA
sample,int,dense-64,clipping,256,64,3,32,4,19976344,NA,NA
sample,int,dense-64,clipping,256,64,4,32,4,20225613,NA,NA
sample,int,dense-64,clipping,256,64,5,32,4,19977228,NA,NA
sample,int,dense-64,clipping,256,64,6,32,4,19958489,NA,NA
summary,int,dense-64,clipping,623702.781,624288.375,632050.406
sample,int,wide-integral,clipping,4,1,0,4096,410,33558782,NA,NA
sample,int,wide-integral,clipping,4,1,1,4096,410,33859061,NA,NA
sample,int,wide-integral,clipping,4,1,2,4096,410,34043218,NA,NA
sample,int,wide-integral,clipping,4,1,3,4096,410,33885295,NA,NA
sample,int,wide-integral,clipping,4,1,4,4096,410,33866530,NA,NA
sample,int,wide-integral,clipping,4,1,5,4096,410,34758770,NA,NA
sample,int,wide-integral,clipping,4,1,6,4096,410,33626702,NA,NA
summary,int,wide-integral,clipping,8193.062,8268.196,8486.028
sample,long,exterior,clipping,4,0,0,65536,6554,9002842,NA,NA
sample,long,exterior,clipping,4,0,1,65536,6554,9191367,NA,NA
sample,long,exterior,clipping,4,0,2,65536,6554,9178157,NA,NA
sample,long,exterior,clipping,4,0,3,65536,6554,9283017,NA,NA
sample,long,exterior,clipping,4,0,4,65536,6554,9212918,NA,NA
sample,long,exterior,clipping,4,0,5,65536,6554,9190284,NA,NA
sample,long,exterior,clipping,4,0,6,65536,6554,9462146,NA,NA
summary,long,exterior,clipping,137.372,140.249,144.381
sample,long,interior,clipping,4,1,0,4096,410,23718700,NA,NA
sample,long,interior,clipping,4,1,1,4096,410,22217114,NA,NA
sample,long,interior,clipping,4,1,2,4096,410,22369715,NA,NA
sample,long,interior,clipping,4,1,3,4096,410,22157634,NA,NA
sample,long,interior,clipping,4,1,4,4096,410,22398110,NA,NA
sample,long,interior,clipping,4,1,5,4096,410,22372213,NA,NA
sample,long,interior,clipping,4,1,6,4096,410,22638650,NA,NA
summary,long,interior,clipping,5409.579,5461.966,5790.698
sample,long,crossing,clipping,4,1,0,4096,410,32976756,NA,NA
sample,long,crossing,clipping,4,1,1,4096,410,33286885,NA,NA
sample,long,crossing,clipping,4,1,2,4096,410,33580637,NA,NA
sample,long,crossing,clipping,4,1,3,4096,410,33594324,NA,NA
sample,long,crossing,clipping,4,1,4,4096,410,44052214,NA,NA
sample,long,crossing,clipping,4,1,5,4096,410,35242358,NA,NA
sample,long,crossing,clipping,4,1,6,4096,410,34389449,NA,NA
summary,long,crossing,clipping,8050.966,8201.739,10754.935
sample,long,boundary-only,clipping,4,1,0,4096,410,20383329,NA,NA
sample,long,boundary-only,clipping,4,1,1,4096,410,20282348,NA,NA
sample,long,boundary-only,clipping,4,1,2,4096,410,20247320,NA,NA
sample,long,boundary-only,clipping,4,1,3,4096,410,19803331,NA,NA
sample,long,boundary-only,clipping,4,1,4,4096,410,21603192,NA,NA
sample,long,boundary-only,clipping,4,1,5,4096,410,20274123,NA,NA
sample,long,boundary-only,clipping,4,1,6,4096,410,20002514,NA,NA
summary,long,boundary-only,clipping,4834.798,4949.737,5274.217
sample,long,boundary-overlap,clipping,4,1,0,4096,410,27211104,NA,NA
sample,long,boundary-overlap,clipping,4,1,1,4096,410,27205809,NA,NA
sample,long,boundary-overlap,clipping,4,1,2,4096,410,26998154,NA,NA
sample,long,boundary-overlap,clipping,4,1,3,4096,410,28230516,NA,NA
sample,long,boundary-overlap,clipping,4,1,4,4096,410,27217084,NA,NA
sample,long,boundary-overlap,clipping,4,1,5,4096,410,26944029,NA,NA
sample,long,boundary-overlap,clipping,4,1,6,4096,410,27549724,NA,NA
summary,long,boundary-overlap,clipping,6578.132,6643.336,6892.216
sample,long,isolated-tangent,clipping,4,0,0,4096,410,23825530,NA,NA
sample,long,isolated-tangent,clipping,4,0,1,4096,410,23808538,NA,NA
sample,long,isolated-tangent,clipping,4,0,2,4096,410,24341814,NA,NA
sample,long,isolated-tangent,clipping,4,0,3,4096,410,23644807,NA,NA
sample,long,isolated-tangent,clipping,4,0,4,4096,410,23355271,NA,NA
sample,long,isolated-tangent,clipping,4,0,5,4096,410,23733033,NA,NA
sample,long,isolated-tangent,clipping,4,0,6,4096,410,23552164,NA,NA
summary,long,isolated-tangent,clipping,5701.970,5794.198,5942.826
sample,long,degenerate-interior,clipping,4,0,0,16384,1639,21713175,NA,NA
sample,long,degenerate-interior,clipping,4,0,1,16384,1639,21498195,NA,NA
sample,long,degenerate-interior,clipping,4,0,2,16384,1639,22275292,NA,NA
sample,long,degenerate-interior,clipping,4,0,3,16384,1639,21316254,NA,NA
sample,long,degenerate-interior,clipping,4,0,4,16384,1639,21462439,NA,NA
sample,long,degenerate-interior,clipping,4,0,5,16384,1639,21477832,NA,NA
sample,long,degenerate-interior,clipping,4,0,6,16384,1639,21351973,NA,NA
summary,long,degenerate-interior,clipping,1301.041,1310.903,1359.576
sample,long,degenerate-boundary,clipping,4,0,0,8192,820,40697783,NA,NA
sample,long,degenerate-boundary,clipping,4,0,1,8192,820,30633067,NA,NA
sample,long,degenerate-boundary,clipping,4,0,2,8192,820,29990551,NA,NA
sample,long,degenerate-boundary,clipping,4,0,3,8192,820,30073657,NA,NA
sample,long,degenerate-boundary,clipping,4,0,4,8192,820,30557118,NA,NA
sample,long,degenerate-boundary,clipping,4,0,5,8192,820,30004166,NA,NA
sample,long,degenerate-boundary,clipping,4,0,6,8192,820,29061195,NA,NA
summary,long,degenerate-boundary,clipping,3547.509,3671.101,4967.991
sample,long,empty,clipping,0,0,0,65536,6554,9324096,NA,NA
sample,long,empty,clipping,0,0,1,65536,6554,9169813,NA,NA
sample,long,empty,clipping,0,0,2,65536,6554,9184052,NA,NA
sample,long,empty,clipping,0,0,3,65536,6554,9162953,NA,NA
sample,long,empty,clipping,0,0,4,65536,6554,9166161,NA,NA
sample,long,empty,clipping,0,0,5,65536,6554,9052002,NA,NA
sample,long,empty,clipping,0,0,6,65536,6554,8997266,NA,NA
summary,long,empty,clipping,137.287,139.865,142.274
sample,long,concave-u,clipping,8,2,0,2048,205,29615005,NA,NA
sample,long,concave-u,clipping,8,2,1,2048,205,29635435,NA,NA
sample,long,concave-u,clipping,8,2,2,2048,205,30612268,NA,NA
sample,long,concave-u,clipping,8,2,3,2048,205,29242158,NA,NA
sample,long,concave-u,clipping,8,2,4,2048,205,29581282,NA,NA
sample,long,concave-u,clipping,8,2,5,2048,205,29698359,NA,NA
sample,long,concave-u,clipping,8,2,6,2048,205,29700125,NA,NA
summary,long,concave-u,clipping,14278.397,14470.427,14947.396
sample,long,hole,clipping,8,2,0,2048,205,31809779,NA,NA
sample,long,hole,clipping,8,2,1,2048,205,32005983,NA,NA
sample,long,hole,clipping,8,2,2,2048,205,32304799,NA,NA
sample,long,hole,clipping,8,2,3,2048,205,32583056,NA,NA
sample,long,hole,clipping,8,2,4,2048,205,31909417,NA,NA
sample,long,hole,clipping,8,2,5,2048,205,33110982,NA,NA
sample,long,hole,clipping,8,2,6,2048,205,32001594,NA,NA
summary,long,hole,clipping,15532.119,15627.921,16167.472
sample,long,hole-reversed,clipping,8,2,0,2048,205,31382013,NA,NA
sample,long,hole-reversed,clipping,8,2,1,2048,205,31301785,NA,NA
sample,long,hole-reversed,clipping,8,2,2,2048,205,32449691,NA,NA
sample,long,hole-reversed,clipping,8,2,3,2048,205,41085825,NA,NA
sample,long,hole-reversed,clipping,8,2,4,2048,205,31042365,NA,NA
sample,long,hole-reversed,clipping,8,2,5,2048,205,31258526,NA,NA
sample,long,hole-reversed,clipping,8,2,6,2048,205,31816820,NA,NA
summary,long,hole-reversed,clipping,15157.405,15323.249,20061.438
sample,long,rational-crossing,clipping,3,1,0,4096,410,34307593,NA,NA
sample,long,rational-crossing,clipping,3,1,1,4096,410,33870556,NA,NA
sample,long,rational-crossing,clipping,3,1,2,4096,410,34114122,NA,NA
sample,long,rational-crossing,clipping,3,1,3,4096,410,34002582,NA,NA
sample,long,rational-crossing,clipping,3,1,4,4096,410,33558244,NA,NA
sample,long,rational-crossing,clipping,3,1,5,4096,410,35297757,NA,NA
sample,long,rational-crossing,clipping,3,1,6,4096,410,33890538,NA,NA
summary,long,rational-crossing,clipping,8192.931,8301.412,8617.616
sample,long,sparse-1,clipping,4,1,0,4096,410,33820897,NA,NA
sample,long,sparse-1,clipping,4,1,1,4096,410,33515223,NA,NA
sample,long,sparse-1,clipping,4,1,2,4096,410,34852211,NA,NA
sample,long,sparse-1,clipping,4,1,3,4096,410,33239315,NA,NA
sample,long,sparse-1,clipping,4,1,4,4096,410,33755243,NA,NA
sample,long,sparse-1,clipping,4,1,5,4096,410,33907356,NA,NA
sample,long,sparse-1,clipping,4,1,6,4096,410,33707270,NA,NA
summary,long,sparse-1,clipping,8115.067,8241.026,8508.841
sample,long,sparse-4,clipping,16,1,0,2048,205,21566460,NA,NA
sample,long,sparse-4,clipping,16,1,1,2048,205,21890411,NA,NA
sample,long,sparse-4,clipping,16,1,2,2048,205,21816121,NA,NA
sample,long,sparse-4,clipping,16,1,3,2048,205,21706245,NA,NA
sample,long,sparse-4,clipping,16,1,4,2048,205,21532200,NA,NA
sample,long,sparse-4,clipping,16,1,5,2048,205,21643424,NA,NA
sample,long,sparse-4,clipping,16,1,6,2048,205,21675279,NA,NA
summary,long,sparse-4,clipping,10513.770,10583.632,10688.677
sample,long,sparse-16,clipping,64,1,0,2048,205,39299930,NA,NA
sample,long,sparse-16,clipping,64,1,1,2048,205,29187439,NA,NA
sample,long,sparse-16,clipping,64,1,2,2048,205,29200896,NA,NA
sample,long,sparse-16,clipping,64,1,3,2048,205,29377558,NA,NA
sample,long,sparse-16,clipping,64,1,4,2048,205,29047316,NA,NA
sample,long,sparse-16,clipping,64,1,5,2048,205,30198308,NA,NA
sample,long,sparse-16,clipping,64,1,6,2048,205,29059303,NA,NA
summary,long,sparse-16,clipping,14183.260,14258.250,19189.419
sample,long,sparse-64,clipping,256,1,0,1024,103,28300489,NA,NA
sample,long,sparse-64,clipping,256,1,1,1024,103,28210417,NA,NA
sample,long,sparse-64,clipping,256,1,2,1024,103,28056376,NA,NA
sample,long,sparse-64,clipping,256,1,3,1024,103,29584951,NA,NA
sample,long,sparse-64,clipping,256,1,4,1024,103,28524830,NA,NA
sample,long,sparse-64,clipping,256,1,5,1024,103,28471125,NA,NA
sample,long,sparse-64,clipping,256,1,6,1024,103,28259446,NA,NA
summary,long,sparse-64,clipping,27398.805,27637.196,28891.554
sample,long,dense-1,clipping,4,1,0,4096,410,34072675,NA,NA
sample,long,dense-1,clipping,4,1,1,4096,410,34654748,NA,NA
sample,long,dense-1,clipping,4,1,2,4096,410,33409756,NA,NA
sample,long,dense-1,clipping,4,1,3,4096,410,33750206,NA,NA
sample,long,dense-1,clipping,4,1,4,4096,410,33748505,NA,NA
sample,long,dense-1,clipping,4,1,5,4096,410,33809067,NA,NA
sample,long,dense-1,clipping,4,1,6,4096,410,34568708,NA,NA
summary,long,dense-1,clipping,8156.679,8254.167,8460.632
sample,long,dense-4,clipping,16,4,0,1024,103,31385449,NA,NA
sample,long,dense-4,clipping,16,4,1,1024,103,31026713,NA,NA
sample,long,dense-4,clipping,16,4,2,1024,103,29094260,NA,NA
sample,long,dense-4,clipping,16,4,3,1024,103,28930539,NA,NA
sample,long,dense-4,clipping,16,4,4,1024,103,30706103,NA,NA
sample,long,dense-4,clipping,16,4,5,1024,103,30411430,NA,NA
sample,long,dense-4,clipping,16,4,6,1024,103,41734814,NA,NA
summary,long,dense-4,clipping,28252.479,29986.429,40756.654
sample,long,dense-16,clipping,64,16,0,256,26,38424603,NA,NA
sample,long,dense-16,clipping,64,16,1,256,26,37343427,NA,NA
sample,long,dense-16,clipping,64,16,2,256,26,37566928,NA,NA
sample,long,dense-16,clipping,64,16,3,256,26,38151988,NA,NA
sample,long,dense-16,clipping,64,16,4,256,26,37826958,NA,NA
sample,long,dense-16,clipping,64,16,5,256,26,37817862,NA,NA
sample,long,dense-16,clipping,64,16,6,256,26,38424593,NA,NA
summary,long,dense-16,clipping,145872.762,147761.555,150096.105
sample,long,dense-64,clipping,256,64,0,64,7,40100233,NA,NA
sample,long,dense-64,clipping,256,64,1,64,7,39884549,NA,NA
sample,long,dense-64,clipping,256,64,2,64,7,40267695,NA,NA
sample,long,dense-64,clipping,256,64,3,64,7,39406350,NA,NA
sample,long,dense-64,clipping,256,64,4,64,7,39306737,NA,NA
sample,long,dense-64,clipping,256,64,5,64,7,39982776,NA,NA
sample,long,dense-64,clipping,256,64,6,64,7,39584107,NA,NA
summary,long,dense-64,clipping,614167.766,623196.078,629182.734
sample,float,exterior,clipping,4,0,0,65536,6554,9574450,NA,NA
sample,float,exterior,clipping,4,0,1,65536,6554,9601083,NA,NA
sample,float,exterior,clipping,4,0,2,65536,6554,9217301,NA,NA
sample,float,exterior,clipping,4,0,3,65536,6554,9270010,NA,NA
sample,float,exterior,clipping,4,0,4,65536,6554,9138896,NA,NA
sample,float,exterior,clipping,4,0,5,65536,6554,9483214,NA,NA
sample,float,exterior,clipping,4,0,6,65536,6554,9281534,NA,NA
summary,float,exterior,clipping,139.448,141.625,146.501
sample,float,interior,clipping,4,1,0,4096,410,22421542,NA,NA
sample,float,interior,clipping,4,1,1,4096,410,22561277,NA,NA
sample,float,interior,clipping,4,1,2,4096,410,22767692,NA,NA
sample,float,interior,clipping,4,1,3,4096,410,23303408,NA,NA
sample,float,interior,clipping,4,1,4,4096,410,22407566,NA,NA
sample,float,interior,clipping,4,1,5,4096,410,22048776,NA,NA
sample,float,interior,clipping,4,1,6,4096,410,31717446,NA,NA
summary,float,interior,clipping,5383.002,5508.124,7743.517
sample,float,crossing,clipping,4,1,0,4096,410,33446074,NA,NA
sample,float,crossing,clipping,4,1,1,4096,410,34334139,NA,NA
sample,float,crossing,clipping,4,1,2,4096,410,32916054,NA,NA
sample,float,crossing,clipping,4,1,3,4096,410,33577623,NA,NA
sample,float,crossing,clipping,4,1,4,4096,410,33782287,NA,NA
sample,float,crossing,clipping,4,1,5,4096,410,33400930,NA,NA
sample,float,crossing,clipping,4,1,6,4096,410,34035348,NA,NA
summary,float,crossing,clipping,8036.146,8197.662,8382.358
sample,float,boundary-only,clipping,4,1,0,4096,410,20242036,NA,NA
sample,float,boundary-only,clipping,4,1,1,4096,410,20307121,NA,NA
sample,float,boundary-only,clipping,4,1,2,4096,410,20192206,NA,NA
sample,float,boundary-only,clipping,4,1,3,4096,410,20413386,NA,NA
sample,float,boundary-only,clipping,4,1,4,4096,410,20311544,NA,NA
sample,float,boundary-only,clipping,4,1,5,4096,410,20277166,NA,NA
sample,float,boundary-only,clipping,4,1,6,4096,410,20434509,NA,NA
summary,float,boundary-only,clipping,4929.738,4957.793,4988.894
sample,float,boundary-overlap,clipping,4,1,0,4096,410,27214209,NA,NA
sample,float,boundary-overlap,clipping,4,1,1,4096,410,27222192,NA,NA
sample,float,boundary-overlap,clipping,4,1,2,4096,410,27334692,NA,NA
sample,float,boundary-overlap,clipping,4,1,3,4096,410,27223987,NA,NA
sample,float,boundary-overlap,clipping,4,1,4,4096,410,27107225,NA,NA
sample,float,boundary-overlap,clipping,4,1,5,4096,410,28287208,NA,NA
sample,float,boundary-overlap,clipping,4,1,6,4096,410,27580258,NA,NA
summary,float,boundary-overlap,clipping,6617.975,6646.481,6906.057
sample,float,isolated-tangent,clipping,4,0,0,4096,410,23756264,NA,NA
sample,float,isolated-tangent,clipping,4,0,1,4096,410,23699005,NA,NA
sample,float,isolated-tangent,clipping,4,0,2,4096,410,23689797,NA,NA
sample,float,isolated-tangent,clipping,4,0,3,4096,410,24675148,NA,NA
sample,float,isolated-tangent,clipping,4,0,4,4096,410,24644172,NA,NA
sample,float,isolated-tangent,clipping,4,0,5,4096,410,24137473,NA,NA
sample,float,isolated-tangent,clipping,4,0,6,4096,410,23856507,NA,NA
summary,float,isolated-tangent,clipping,5783.642,5824.343,6024.206
sample,float,degenerate-interior,clipping,4,0,0,16384,1639,21100688,NA,NA
sample,float,degenerate-interior,clipping,4,0,1,16384,1639,22152048,NA,NA
sample,float,degenerate-interior,clipping,4,0,2,16384,1639,21184652,NA,NA
sample,float,degenerate-interior,clipping,4,0,3,16384,1639,21458461,NA,NA
sample,float,degenerate-interior,clipping,4,0,4,16384,1639,22367350,NA,NA
sample,float,degenerate-interior,clipping,4,0,5,16384,1639,21645181,NA,NA
sample,float,degenerate-interior,clipping,4,0,6,16384,1639,21361204,NA,NA
summary,float,degenerate-interior,clipping,1287.884,1309.721,1365.195
sample,float,degenerate-boundary,clipping,4,0,0,8192,820,28593214,NA,NA
sample,float,degenerate-boundary,clipping,4,0,1,8192,820,28502449,NA,NA
sample,float,degenerate-boundary,clipping,4,0,2,8192,820,29624997,NA,NA
sample,float,degenerate-boundary,clipping,4,0,3,8192,820,28709348,NA,NA
sample,float,degenerate-boundary,clipping,4,0,4,8192,820,28218972,NA,NA
sample,float,degenerate-boundary,clipping,4,0,5,8192,820,28645170,NA,NA
sample,float,degenerate-boundary,clipping,4,0,6,8192,820,28765903,NA,NA
summary,float,degenerate-boundary,clipping,3444.699,3496.725,3616.333
sample,float,empty,clipping,0,0,0,65536,6554,8708244,NA,NA
sample,float,empty,clipping,0,0,1,65536,6554,8934332,NA,NA
sample,float,empty,clipping,0,0,2,65536,6554,8993869,NA,NA
sample,float,empty,clipping,0,0,3,65536,6554,9045674,NA,NA
sample,float,empty,clipping,0,0,4,65536,6554,9235590,NA,NA
sample,float,empty,clipping,0,0,5,65536,6554,9362422,NA,NA
sample,float,empty,clipping,0,0,6,65536,6554,9669339,NA,NA
summary,float,empty,clipping,132.877,138.026,147.542
sample,float,concave-u,clipping,8,2,0,2048,205,29927850,NA,NA
sample,float,concave-u,clipping,8,2,1,2048,205,29942858,NA,NA
sample,float,concave-u,clipping,8,2,2,2048,205,31963997,NA,NA
sample,float,concave-u,clipping,8,2,3,2048,205,30215697,NA,NA
sample,float,concave-u,clipping,8,2,4,2048,205,30880738,NA,NA
sample,float,concave-u,clipping,8,2,5,2048,205,30384903,NA,NA
sample,float,concave-u,clipping,8,2,6,2048,205,30063635,NA,NA
summary,float,concave-u,clipping,14613.208,14753.758,15607.420
sample,float,hole,clipping,8,2,0,2048,205,31875081,NA,NA
sample,float,hole,clipping,8,2,1,2048,205,32983423,NA,NA
sample,float,hole,clipping,8,2,2,2048,205,31951726,NA,NA
sample,float,hole,clipping,8,2,3,2048,205,31771262,NA,NA
sample,float,hole,clipping,8,2,4,2048,205,41483669,NA,NA
sample,float,hole,clipping,8,2,5,2048,205,31959302,NA,NA
sample,float,hole,clipping,8,2,6,2048,205,31956987,NA,NA
summary,float,hole,clipping,15513.312,15603.998,20255.698
sample,float,hole-reversed,clipping,8,2,0,2048,205,31093870,NA,NA
sample,float,hole-reversed,clipping,8,2,1,2048,205,31220978,NA,NA
sample,float,hole-reversed,clipping,8,2,2,2048,205,31241023,NA,NA
sample,float,hole-reversed,clipping,8,2,3,2048,205,31064188,NA,NA
sample,float,hole-reversed,clipping,8,2,4,2048,205,32208843,NA,NA
sample,float,hole-reversed,clipping,8,2,5,2048,205,31171852,NA,NA
sample,float,hole-reversed,clipping,8,2,6,2048,205,30802201,NA,NA
summary,float,hole-reversed,clipping,15040.137,15220.631,15726.974
sample,float,rational-crossing,clipping,3,1,0,4096,410,33788348,NA,NA
sample,float,rational-crossing,clipping,3,1,1,4096,410,35137863,NA,NA
sample,float,rational-crossing,clipping,3,1,2,4096,410,34113529,NA,NA
sample,float,rational-crossing,clipping,3,1,3,4096,410,33548269,NA,NA
sample,float,rational-crossing,clipping,3,1,4,4096,410,34012057,NA,NA
sample,float,rational-crossing,clipping,3,1,5,4096,410,33961383,NA,NA
sample,float,rational-crossing,clipping,3,1,6,4096,410,33799887,NA,NA
summary,float,rational-crossing,clipping,8190.495,8291.353,8578.580
sample,float,sparse-1,clipping,4,1,0,4096,410,33434562,NA,NA
sample,float,sparse-1,clipping,4,1,1,4096,410,33707799,NA,NA
sample,float,sparse-1,clipping,4,1,2,4096,410,33740343,NA,NA
sample,float,sparse-1,clipping,4,1,3,4096,410,33121768,NA,NA
sample,float,sparse-1,clipping,4,1,4,4096,410,34485673,NA,NA
sample,float,sparse-1,clipping,4,1,5,4096,410,33423139,NA,NA
sample,float,sparse-1,clipping,4,1,6,4096,410,33355182,NA,NA
summary,float,sparse-1,clipping,8086.369,8162.735,8419.354
sample,float,sparse-4,clipping,16,1,0,2048,205,21299985,NA,NA
sample,float,sparse-4,clipping,16,1,1,2048,205,21084861,NA,NA
sample,float,sparse-4,clipping,16,1,2,2048,205,22893487,NA,NA
sample,float,sparse-4,clipping,16,1,3,2048,205,21574246,NA,NA
sample,float,sparse-4,clipping,16,1,4,2048,205,21224509,NA,NA
sample,float,sparse-4,clipping,16,1,5,2048,205,21305543,NA,NA
sample,float,sparse-4,clipping,16,1,6,2048,205,21385459,NA,NA
summary,float,sparse-4,clipping,10295.342,10403.097,11178.460
sample,float,sparse-16,clipping,64,1,0,2048,205,28889839,NA,NA
sample,float,sparse-16,clipping,64,1,1,2048,205,30482730,NA,NA
sample,float,sparse-16,clipping,64,1,2,2048,205,29202055,NA,NA
sample,float,sparse-16,clipping,64,1,3,2048,205,28944203,NA,NA
sample,float,sparse-16,clipping,64,1,4,2048,205,29320146,NA,NA
sample,float,sparse-16,clipping,64,1,5,2048,205,29525604,NA,NA
sample,float,sparse-16,clipping,64,1,6,2048,205,29290324,NA,NA
summary,float,sparse-16,clipping,14106.367,14301.916,14884.146
sample,float,sparse-64,clipping,256,1,0,1024,103,28144850,NA,NA
sample,float,sparse-64,clipping,256,1,1,1024,103,28357409,NA,NA
sample,float,sparse-64,clipping,256,1,2,1024,103,28279046,NA,NA
sample,float,sparse-64,clipping,256,1,3,1024,103,28212888,NA,NA
sample,float,sparse-64,clipping,256,1,4,1024,103,28432239,NA,NA
sample,float,sparse-64,clipping,256,1,5,1024,103,28303132,NA,NA
sample,float,sparse-64,clipping,256,1,6,1024,103,29149921,NA,NA
summary,float,sparse-64,clipping,27485.205,27639.777,28466.720
sample,float,dense-1,clipping,4,1,0,4096,410,33422105,NA,NA
sample,float,dense-1,clipping,4,1,1,4096,410,33457707,NA,NA
sample,float,dense-1,clipping,4,1,2,4096,410,33415044,NA,NA
sample,float,dense-1,clipping,4,1,3,4096,410,35168396,NA,NA
sample,float,dense-1,clipping,4,1,4,4096,410,33039085,NA,NA
sample,float,dense-1,clipping,4,1,5,4096,410,33354771,NA,NA
sample,float,dense-1,clipping,4,1,6,4096,410,33605482,NA,NA
summary,float,dense-1,clipping,8066.183,8159.694,8586.034
sample,float,dense-4,clipping,16,4,0,1024,103,30147805,NA,NA
sample,float,dense-4,clipping,16,4,1,1024,103,28730785,NA,NA
sample,float,dense-4,clipping,16,4,2,1024,103,28839000,NA,NA
sample,float,dense-4,clipping,16,4,3,1024,103,29073663,NA,NA
sample,float,dense-4,clipping,16,4,4,1024,103,29115935,NA,NA
sample,float,dense-4,clipping,16,4,5,1024,103,28841838,NA,NA
sample,float,dense-4,clipping,16,4,6,1024,103,29035830,NA,NA
summary,float,dense-4,clipping,28057.407,28355.303,29441.216
sample,float,dense-16,clipping,64,16,0,256,26,37781500,NA,NA
sample,float,dense-16,clipping,64,16,1,256,26,37806270,NA,NA
sample,float,dense-16,clipping,64,16,2,256,26,38002525,NA,NA
sample,float,dense-16,clipping,64,16,3,256,26,38320430,NA,NA
sample,float,dense-16,clipping,64,16,4,256,26,37283834,NA,NA
sample,float,dense-16,clipping,64,16,5,256,26,38245715,NA,NA
sample,float,dense-16,clipping,64,16,6,256,26,37924436,NA,NA
summary,float,dense-16,clipping,145639.977,148142.328,149689.180
sample,float,dense-64,clipping,256,64,0,64,7,39397110,NA,NA
sample,float,dense-64,clipping,256,64,1,64,7,39942581,NA,NA
sample,float,dense-64,clipping,256,64,2,64,7,39881738,NA,NA
sample,float,dense-64,clipping,256,64,3,64,7,39836256,NA,NA
sample,float,dense-64,clipping,256,64,4,64,7,40916533,NA,NA
sample,float,dense-64,clipping,256,64,5,64,7,39358744,NA,NA
sample,float,dense-64,clipping,256,64,6,64,7,39917912,NA,NA
summary,float,dense-64,clipping,614980.375,623152.156,639320.828
sample,float,subnormal,clipping,4,1,0,4096,410,34835338,NA,NA
sample,float,subnormal,clipping,4,1,1,4096,410,33273098,NA,NA
sample,float,subnormal,clipping,4,1,2,4096,410,33432141,NA,NA
sample,float,subnormal,clipping,4,1,3,4096,410,33453126,NA,NA
sample,float,subnormal,clipping,4,1,4,4096,410,33690329,NA,NA
sample,float,subnormal,clipping,4,1,5,4096,410,33266383,NA,NA
sample,float,subnormal,clipping,4,1,6,4096,410,34647714,NA,NA
summary,float,subnormal,clipping,8121.676,8167.267,8504.721
sample,float,large-finite,clipping,4,1,0,4096,410,33507748,NA,NA
sample,float,large-finite,clipping,4,1,1,4096,410,33588676,NA,NA
sample,float,large-finite,clipping,4,1,2,4096,410,33426902,NA,NA
sample,float,large-finite,clipping,4,1,3,4096,410,34149792,NA,NA
sample,float,large-finite,clipping,4,1,4,4096,410,33045398,NA,NA
sample,float,large-finite,clipping,4,1,5,4096,410,33706479,NA,NA
sample,float,large-finite,clipping,4,1,6,4096,410,33579252,NA,NA
summary,float,large-finite,clipping,8067.724,8198.060,8337.352
sample,double,exterior,clipping,4,0,0,65536,6554,9426108,NA,NA
sample,double,exterior,clipping,4,0,1,65536,6554,9314071,NA,NA
sample,double,exterior,clipping,4,0,2,65536,6554,9268631,NA,NA
sample,double,exterior,clipping,4,0,3,65536,6554,9211620,NA,NA
sample,double,exterior,clipping,4,0,4,65536,6554,9486559,NA,NA
sample,double,exterior,clipping,4,0,5,65536,6554,9333323,NA,NA
sample,double,exterior,clipping,4,0,6,65536,6554,10302889,NA,NA
summary,double,exterior,clipping,140.558,142.415,157.210
sample,double,interior,clipping,4,1,0,4096,410,22363297,NA,NA
sample,double,interior,clipping,4,1,1,4096,410,22598787,NA,NA
sample,double,interior,clipping,4,1,2,4096,410,22363940,NA,NA
sample,double,interior,clipping,4,1,3,4096,410,22536150,NA,NA
sample,double,interior,clipping,4,1,4,4096,410,22480483,NA,NA
sample,double,interior,clipping,4,1,5,4096,410,23266133,NA,NA
sample,double,interior,clipping,4,1,6,4096,410,23501663,NA,NA
summary,double,interior,clipping,5459.789,5501.990,5737.711
sample,double,crossing,clipping,4,1,0,4096,410,33447668,NA,NA
sample,double,crossing,clipping,4,1,1,4096,410,33396224,NA,NA
sample,double,crossing,clipping,4,1,2,4096,410,43105197,NA,NA
sample,double,crossing,clipping,4,1,3,4096,410,34419584,NA,NA
sample,double,crossing,clipping,4,1,4,4096,410,33348128,NA,NA
sample,double,crossing,clipping,4,1,5,4096,410,33517555,NA,NA
sample,double,crossing,clipping,4,1,6,4096,410,33533250,NA,NA
summary,double,crossing,clipping,8141.633,8182.997,10523.730
sample,double,boundary-only,clipping,4,1,0,4096,410,20428642,NA,NA
sample,double,boundary-only,clipping,4,1,1,4096,410,20963558,NA,NA
sample,double,boundary-only,clipping,4,1,2,4096,410,20268744,NA,NA
sample,double,boundary-only,clipping,4,1,3,4096,410,19900928,NA,NA
sample,double,boundary-only,clipping,4,1,4,4096,410,20096077,NA,NA
sample,double,boundary-only,clipping,4,1,5,4096,410,20274916,NA,NA
sample,double,boundary-only,clipping,4,1,6,4096,410,20306808,NA,NA
summary,double,boundary-only,clipping,4858.625,4949.931,5118.056
sample,double,boundary-overlap,clipping,4,1,0,4096,410,27716811,NA,NA
sample,double,boundary-overlap,clipping,4,1,1,4096,410,27486369,NA,NA
sample,double,boundary-overlap,clipping,4,1,2,4096,410,27345876,NA,NA
sample,double,boundary-overlap,clipping,4,1,3,4096,410,27374959,NA,NA
sample,double,boundary-overlap,clipping,4,1,4,4096,410,27555889,NA,NA
sample,double,boundary-overlap,clipping,4,1,5,4096,410,27641020,NA,NA
sample,double,boundary-overlap,clipping,4,1,6,4096,410,27070331,NA,NA
summary,double,boundary-overlap,clipping,6608.968,6710.539,6766.800
sample,double,isolated-tangent,clipping,4,0,0,4096,410,23302143,NA,NA
sample,double,isolated-tangent,clipping,4,0,1,4096,410,23271269,NA,NA
sample,double,isolated-tangent,clipping,4,0,2,4096,410,23665119,NA,NA
sample,double,isolated-tangent,clipping,4,0,3,4096,410,23698331,NA,NA
sample,double,isolated-tangent,clipping,4,0,4,4096,410,23649600,NA,NA
sample,double,isolated-tangent,clipping,4,0,5,4096,410,23590652,NA,NA
sample,double,isolated-tangent,clipping,4,0,6,4096,410,23328756,NA,NA
summary,double,isolated-tangent,clipping,5681.462,5759.437,5785.725
sample,double,degenerate-interior,clipping,4,0,0,16384,1639,21745519,NA,NA
sample,double,degenerate-interior,clipping,4,0,1,16384,1639,21732524,NA,NA
sample,double,degenerate-interior,clipping,4,0,2,16384,1639,21454261,NA,NA
sample,double,degenerate-interior,clipping,4,0,3,16384,1639,21535094,NA,NA
sample,double,degenerate-interior,clipping,4,0,4,16384,1639,21554085,NA,NA
sample,double,degenerate-interior,clipping,4,0,5,16384,1639,21386817,NA,NA
sample,double,degenerate-interior,clipping,4,0,6,16384,1639,22154698,NA,NA
summary,double,degenerate-interior,clipping,1305.348,1315.557,1352.215
sample,double,degenerate-boundary,clipping,4,0,0,8192,820,28645422,NA,NA
sample,double,degenerate-boundary,clipping,4,0,1,8192,820,28805289,NA,NA
sample,double,degenerate-boundary,clipping,4,0,2,8192,820,28840207,NA,NA
sample,double,degenerate-boundary,clipping,4,0,3,8192,820,28623406,NA,NA
sample,double,degenerate-boundary,clipping,4,0,4,8192,820,29028730,NA,NA
sample,double,degenerate-boundary,clipping,4,0,5,8192,820,29246007,NA,NA
sample,double,degenerate-boundary,clipping,4,0,6,8192,820,28441379,NA,NA
summary,double,degenerate-boundary,clipping,3471.848,3516.271,3570.069
sample,double,empty,clipping,0,0,0,65536,6554,8963210,NA,NA
sample,double,empty,clipping,0,0,1,65536,6554,9119771,NA,NA
sample,double,empty,clipping,0,0,2,65536,6554,8969513,NA,NA
sample,double,empty,clipping,0,0,3,65536,6554,9043635,NA,NA
sample,double,empty,clipping,0,0,4,65536,6554,8964137,NA,NA
sample,double,empty,clipping,0,0,5,65536,6554,9103029,NA,NA
sample,double,empty,clipping,0,0,6,65536,6554,9075567,NA,NA
summary,double,empty,clipping,136.768,137.995,139.157
sample,double,concave-u,clipping,8,2,0,2048,205,30008235,NA,NA
sample,double,concave-u,clipping,8,2,1,2048,205,29048946,NA,NA
sample,double,concave-u,clipping,8,2,2,2048,205,29273193,NA,NA
sample,double,concave-u,clipping,8,2,3,2048,205,29456388,NA,NA
sample,double,concave-u,clipping,8,2,4,2048,205,29810005,NA,NA
sample,double,concave-u,clipping,8,2,5,2048,205,29443466,NA,NA
sample,double,concave-u,clipping,8,2,6,2048,205,30105121,NA,NA
summary,double,concave-u,clipping,14184.056,14383.002,14699.766
sample,double,hole,clipping,8,2,0,2048,205,32082480,NA,NA
sample,double,hole,clipping,8,2,1,2048,205,31803991,NA,NA
sample,double,hole,clipping,8,2,2,2048,205,31553413,NA,NA
sample,double,hole,clipping,8,2,3,2048,205,32020498,NA,NA
sample,double,hole,clipping,8,2,4,2048,205,32289514,NA,NA
sample,double,hole,clipping,8,2,5,2048,205,31526228,NA,NA
sample,double,hole,clipping,8,2,6,2048,205,32043460,NA,NA
summary,double,hole,clipping,15393.666,15635.009,15766.364
sample,double,hole-reversed,clipping,8,2,0,2048,205,31154681,NA,NA
sample,double,hole-reversed,clipping,8,2,1,2048,205,41173515,NA,NA
sample,double,hole-reversed,clipping,8,2,2,2048,205,30997869,NA,NA
sample,double,hole-reversed,clipping,8,2,3,2048,205,31333724,NA,NA
sample,double,hole-reversed,clipping,8,2,4,2048,205,31099585,NA,NA
sample,double,hole-reversed,clipping,8,2,5,2048,205,31144559,NA,NA
sample,double,hole-reversed,clipping,8,2,6,2048,205,31265363,NA,NA
summary,double,hole-reversed,clipping,15135.678,15212.247,20104.255
sample,double,rational-crossing,clipping,3,1,0,4096,410,33955526,NA,NA
sample,double,rational-crossing,clipping,3,1,1,4096,410,33865343,NA,NA
sample,double,rational-crossing,clipping,3,1,2,4096,410,34060972,NA,NA
sample,double,rational-crossing,clipping,3,1,3,4096,410,34782220,NA,NA
sample,double,rational-crossing,clipping,3,1,4,4096,410,34241366,NA,NA
sample,double,rational-crossing,clipping,3,1,5,4096,410,33874179,NA,NA
sample,double,rational-crossing,clipping,3,1,6,4096,410,33813598,NA,NA
summary,double,rational-crossing,clipping,8255.273,8289.923,8491.753
sample,double,sparse-1,clipping,4,1,0,4096,410,33927911,NA,NA
sample,double,sparse-1,clipping,4,1,1,4096,410,33172842,NA,NA
sample,double,sparse-1,clipping,4,1,2,4096,410,33030264,NA,NA
sample,double,sparse-1,clipping,4,1,3,4096,410,33309549,NA,NA
sample,double,sparse-1,clipping,4,1,4,4096,410,33152357,NA,NA
sample,double,sparse-1,clipping,4,1,5,4096,410,33075413,NA,NA
sample,double,sparse-1,clipping,4,1,6,4096,410,33272009,NA,NA
summary,double,sparse-1,clipping,8064.029,8098.838,8283.181
sample,double,sparse-4,clipping,16,1,0,2048,205,21266027,NA,NA
sample,double,sparse-4,clipping,16,1,1,2048,205,21479828,NA,NA
sample,double,sparse-4,clipping,16,1,2,2048,205,21356013,NA,NA
sample,double,sparse-4,clipping,16,1,3,2048,205,21388045,NA,NA
sample,double,sparse-4,clipping,16,1,4,2048,205,21502717,NA,NA
sample,double,sparse-4,clipping,16,1,5,2048,205,21241953,NA,NA
sample,double,sparse-4,clipping,16,1,6,2048,205,21441990,NA,NA
summary,double,sparse-4,clipping,10372.047,10443.381,10499.374
sample,double,sparse-16,clipping,64,1,0,1024,103,14434677,NA,NA
sample,double,sparse-16,clipping,64,1,1,1024,103,14296420,NA,NA
sample,double,sparse-16,clipping,64,1,2,1024,103,14559325,NA,NA
sample,double,sparse-16,clipping,64,1,3,1024,103,14686321,NA,NA
sample,double,sparse-16,clipping,64,1,4,1024,103,14718310,NA,NA
sample,double,sparse-16,clipping,64,1,5,1024,103,14690919,NA,NA
sample,double,sparse-16,clipping,64,1,6,1024,103,14702454,NA,NA
summary,double,sparse-16,clipping,13961.348,14342.110,14373.350
sample,double,sparse-64,clipping,256,1,0,1024,103,28994057,NA,NA
sample,double,sparse-64,clipping,256,1,1,1024,103,28167054,NA,NA
sample,double,sparse-64,clipping,256,1,2,1024,103,28283677,NA,NA
sample,double,sparse-64,clipping,256,1,3,1024,103,28245646,NA,NA
sample,double,sparse-64,clipping,256,1,4,1024,103,28355174,NA,NA
sample,double,sparse-64,clipping,256,1,5,1024,103,28340021,NA,NA
sample,double,sparse-64,clipping,256,1,6,1024,103,28546417,NA,NA
summary,double,sparse-64,clipping,27506.889,27675.802,28314.509
sample,double,dense-1,clipping,4,1,0,4096,410,33668272,NA,NA
sample,double,dense-1,clipping,4,1,1,4096,410,33780378,NA,NA
sample,double,dense-1,clipping,4,1,2,4096,410,33596988,NA,NA
sample,double,dense-1,clipping,4,1,3,4096,410,34117474,NA,NA
sample,double,dense-1,clipping,4,1,4,4096,410,33188849,NA,NA
sample,double,dense-1,clipping,4,1,5,4096,410,32902057,NA,NA
sample,double,dense-1,clipping,4,1,6,4096,410,33581363,NA,NA
summary,double,dense-1,clipping,8032.729,8202.390,8329.461
sample,double,dense-4,clipping,16,4,0,1024,103,29262097,NA,NA
sample,double,dense-4,clipping,16,4,1,1024,103,29291516,NA,NA
sample,double,dense-4,clipping,16,4,2,1024,103,29048460,NA,NA
sample,double,dense-4,clipping,16,4,3,1024,103,28600303,NA,NA
sample,double,dense-4,clipping,16,4,4,1024,103,28899627,NA,NA
sample,double,dense-4,clipping,16,4,5,1024,103,29026291,NA,NA
sample,double,dense-4,clipping,16,4,6,1024,103,29110466,NA,NA
summary,double,dense-4,clipping,27929.983,28367.637,28604.996
sample,double,dense-16,clipping,64,16,0,256,26,37863394,NA,NA
sample,double,dense-16,clipping,64,16,1,256,26,38159583,NA,NA
sample,double,dense-16,clipping,64,16,2,256,26,37788090,NA,NA
sample,double,dense-16,clipping,64,16,3,256,26,38443215,NA,NA
sample,double,dense-16,clipping,64,16,4,256,26,37553598,NA,NA
sample,double,dense-16,clipping,64,16,5,256,26,37700589,NA,NA
sample,double,dense-16,clipping,64,16,6,256,26,38013249,NA,NA
summary,double,dense-16,clipping,146693.742,147903.883,150168.809
sample,double,dense-64,clipping,256,64,0,32,4,19859910,NA,NA
sample,double,dense-64,clipping,256,64,1,32,4,20835788,NA,NA
sample,double,dense-64,clipping,256,64,2,32,4,19831788,NA,NA
sample,double,dense-64,clipping,256,64,3,32,4,19688783,NA,NA
sample,double,dense-64,clipping,256,64,4,32,4,19722174,NA,NA
sample,double,dense-64,clipping,256,64,5,32,4,20091289,NA,NA
sample,double,dense-64,clipping,256,64,6,32,4,20072340,NA,NA
summary,double,dense-64,clipping,615274.469,620622.188,651118.375
checksum,29503994096095430
