native_version,3.13.1-CAPI-1.19.2
fixture,int,exterior,4,0,PASS,query_valid,1,1
fixture,int,interior,4,1,PASS,query_valid,1,1
fixture,int,crossing,4,1,PASS,query_valid,1,1
fixture,int,boundary-only,4,1,PASS,query_valid,1,1
fixture,int,boundary-overlap,4,1,PASS,query_valid,1,1
fixture,int,isolated-tangent,4,0,PASS,query_valid,1,1
fixture,int,degenerate-interior,4,0,PASS,query_valid,0,0
fixture,int,degenerate-boundary,4,0,PASS,query_valid,0,0
fixture,int,empty,0,0,PASS,query_valid,1,1
fixture,int,concave-u,8,2,PASS,query_valid,1,1
fixture,int,hole,8,2,PASS,query_valid,1,1
fixture,int,hole-reversed,8,2,PASS,query_valid,1,1
fixture,int,rational-crossing,3,1,PASS,query_valid,1,1
fixture,int,sparse-1,4,1,PASS,query_valid,1,1
fixture,int,sparse-4,16,1,PASS,query_valid,1,1
fixture,int,sparse-16,64,1,PASS,query_valid,1,1
fixture,int,sparse-64,256,1,PASS,query_valid,1,1
fixture,int,dense-1,4,1,PASS,query_valid,1,1
fixture,int,dense-4,16,4,PASS,query_valid,1,1
fixture,int,dense-16,64,16,PASS,query_valid,1,1
fixture,int,dense-64,256,64,PASS,query_valid,1,1
fixture,int,wide-integral,4,1,PASS,query_valid,1,1
fixture,long,exterior,4,0,PASS,query_valid,1,1
fixture,long,interior,4,1,PASS,query_valid,1,1
fixture,long,crossing,4,1,PASS,query_valid,1,1
fixture,long,boundary-only,4,1,PASS,query_valid,1,1
fixture,long,boundary-overlap,4,1,PASS,query_valid,1,1
fixture,long,isolated-tangent,4,0,PASS,query_valid,1,1
fixture,long,degenerate-interior,4,0,PASS,query_valid,0,0
fixture,long,degenerate-boundary,4,0,PASS,query_valid,0,0
fixture,long,empty,0,0,PASS,query_valid,1,1
fixture,long,concave-u,8,2,PASS,query_valid,1,1
fixture,long,hole,8,2,PASS,query_valid,1,1
fixture,long,hole-reversed,8,2,PASS,query_valid,1,1
fixture,long,rational-crossing,3,1,PASS,query_valid,1,1
fixture,long,sparse-1,4,1,PASS,query_valid,1,1
fixture,long,sparse-4,16,1,PASS,query_valid,1,1
fixture,long,sparse-16,64,1,PASS,query_valid,1,1
fixture,long,sparse-64,256,1,PASS,query_valid,1,1
fixture,long,dense-1,4,1,PASS,query_valid,1,1
fixture,long,dense-4,16,4,PASS,query_valid,1,1
fixture,long,dense-16,64,16,PASS,query_valid,1,1
fixture,long,dense-64,256,64,PASS,query_valid,1,1
fixture,float,exterior,4,0,PASS,query_valid,1,1
fixture,float,interior,4,1,PASS,query_valid,1,1
fixture,float,crossing,4,1,PASS,query_valid,1,1
fixture,float,boundary-only,4,1,PASS,query_valid,1,1
fixture,float,boundary-overlap,4,1,PASS,query_valid,1,1
fixture,float,isolated-tangent,4,0,PASS,query_valid,1,1
fixture,float,degenerate-interior,4,0,PASS,query_valid,0,0
fixture,float,degenerate-boundary,4,0,PASS,query_valid,0,0
fixture,float,empty,0,0,PASS,query_valid,1,1
fixture,float,concave-u,8,2,PASS,query_valid,1,1
fixture,float,hole,8,2,PASS,query_valid,1,1
fixture,float,hole-reversed,8,2,PASS,query_valid,1,1
fixture,float,rational-crossing,3,1,PASS,query_valid,1,1
fixture,float,sparse-1,4,1,PASS,query_valid,1,1
fixture,float,sparse-4,16,1,PASS,query_valid,1,1
fixture,float,sparse-16,64,1,PASS,query_valid,1,1
fixture,float,sparse-64,256,1,PASS,query_valid,1,1
fixture,float,dense-1,4,1,PASS,query_valid,1,1
fixture,float,dense-4,16,4,PASS,query_valid,1,1
fixture,float,dense-16,64,16,PASS,query_valid,1,1
fixture,float,dense-64,256,64,PASS,query_valid,1,1
fixture,float,subnormal,4,1,PASS,query_valid,1,1
fixture,float,large-finite,4,1,PASS,query_valid,1,1
fixture,double,exterior,4,0,PASS,query_valid,1,1
fixture,double,interior,4,1,PASS,query_valid,1,1
fixture,double,crossing,4,1,PASS,query_valid,1,1
fixture,double,boundary-only,4,1,PASS,query_valid,1,1
fixture,double,boundary-overlap,4,1,PASS,query_valid,1,1
fixture,double,isolated-tangent,4,0,PASS,query_valid,1,1
fixture,double,degenerate-interior,4,0,PASS,query_valid,0,0
fixture,double,degenerate-boundary,4,0,PASS,query_valid,0,0
fixture,double,empty,0,0,PASS,query_valid,1,1
fixture,double,concave-u,8,2,PASS,query_valid,1,1
fixture,double,hole,8,2,PASS,query_valid,1,1
fixture,double,hole-reversed,8,2,PASS,query_valid,1,1
fixture,double,rational-crossing,3,1,PASS,query_valid,1,1
fixture,double,sparse-1,4,1,PASS,query_valid,1,1
fixture,double,sparse-4,16,1,PASS,query_valid,1,1
fixture,double,sparse-16,64,1,PASS,query_valid,1,1
fixture,double,sparse-64,256,1,PASS,query_valid,1,1
fixture,double,dense-1,4,1,PASS,query_valid,1,1
fixture,double,dense-4,16,4,PASS,query_valid,1,1
fixture,double,dense-16,64,16,PASS,query_valid,1,1
fixture,double,dense-64,256,64,PASS,query_valid,1,1
preflight,native,87,174,PASS
sample,int,exterior,clipping,4,0,0,65536,6554,8981581,NA,NA
sample,int,exterior,clipping,4,0,1,65536,6554,8953791,NA,NA
sample,int,exterior,clipping,4,0,2,65536,6554,8883555,NA,NA
sample,int,exterior,clipping,4,0,3,65536,6554,8737370,NA,NA
sample,int,exterior,clipping,4,0,4,65536,6554,9037441,NA,NA
sample,int,exterior,clipping,4,0,5,65536,6554,8759332,NA,NA
sample,int,exterior,clipping,4,0,6,65536,6554,9901416,NA,NA
summary,int,exterior,clipping,133.322,136.624,151.084
sample,int,interior,clipping,4,1,0,4096,410,22607355,NA,NA
sample,int,interior,clipping,4,1,1,4096,410,22719363,NA,NA
sample,int,interior,clipping,4,1,2,4096,410,22900775,NA,NA
sample,int,interior,clipping,4,1,3,4096,410,23495887,NA,NA
sample,int,interior,clipping,4,1,4,4096,410,22840210,NA,NA
sample,int,interior,clipping,4,1,5,4096,410,23043588,NA,NA
sample,int,interior,clipping,4,1,6,4096,410,23514257,NA,NA
summary,int,interior,clipping,5519.374,5591.010,5740.785
sample,int,crossing,clipping,4,1,0,4096,410,33713553,NA,NA
sample,int,crossing,clipping,4,1,1,4096,410,33751548,NA,NA
sample,int,crossing,clipping,4,1,2,4096,410,33683912,NA,NA
sample,int,crossing,clipping,4,1,3,4096,410,34551080,NA,NA
sample,int,crossing,clipping,4,1,4,4096,410,33112157,NA,NA
sample,int,crossing,clipping,4,1,5,4096,410,33520812,NA,NA
sample,int,crossing,clipping,4,1,6,4096,410,43418622,NA,NA
summary,int,crossing,clipping,8084.023,8230.848,10600.250
sample,int,boundary-only,clipping,4,1,0,8192,820,39799614,NA,NA
sample,int,boundary-only,clipping,4,1,1,8192,820,40774652,NA,NA
sample,int,boundary-only,clipping,4,1,2,8192,820,40347006,NA,NA
sample,int,boundary-only,clipping,4,1,3,8192,820,39907054,NA,NA
sample,int,boundary-only,clipping,4,1,4,8192,820,41990258,NA,NA
sample,int,boundary-only,clipping,4,1,5,8192,820,40006690,NA,NA
sample,int,boundary-only,clipping,4,1,6,8192,820,41264803,NA,NA
summary,int,boundary-only,clipping,4858.351,4925.172,5125.764
sample,int,boundary-overlap,clipping,4,1,0,4096,410,27500923,NA,NA
sample,int,boundary-overlap,clipping,4,1,1,4096,410,27860402,NA,NA
sample,int,boundary-overlap,clipping,4,1,2,4096,410,27293456,NA,NA
sample,int,boundary-overlap,clipping,4,1,3,4096,410,27108538,NA,NA
sample,int,boundary-overlap,clipping,4,1,4,4096,410,26998501,NA,NA
sample,int,boundary-overlap,clipping,4,1,5,4096,410,27077027,NA,NA
sample,int,boundary-overlap,clipping,4,1,6,4096,410,27312722,NA,NA
summary,int,boundary-overlap,clipping,6591.431,6663.441,6801.856
sample,int,isolated-tangent,clipping,4,0,0,4096,410,23445836,NA,NA
sample,int,isolated-tangent,clipping,4,0,1,4096,410,23406813,NA,NA
sample,int,isolated-tangent,clipping,4,0,2,4096,410,24295061,NA,NA
sample,int,isolated-tangent,clipping,4,0,3,4096,410,23675933,NA,NA
sample,int,isolated-tangent,clipping,4,0,4,4096,410,23730066,NA,NA
sample,int,isolated-tangent,clipping,4,0,5,4096,410,23733199,NA,NA
sample,int,isolated-tangent,clipping,4,0,6,4096,410,23819799,NA,NA
summary,int,isolated-tangent,clipping,5714.554,5793.473,5931.411
sample,int,degenerate-interior,clipping,4,0,0,16384,1639,21081283,NA,NA
sample,int,degenerate-interior,clipping,4,0,1,16384,1639,21132849,NA,NA
sample,int,degenerate-interior,clipping,4,0,2,16384,1639,20929424,NA,NA
sample,int,degenerate-interior,clipping,4,0,3,16384,1639,20968125,NA,NA
sample,int,degenerate-interior,clipping,4,0,4,16384,1639,24042626,NA,NA
sample,int,degenerate-interior,clipping,4,0,5,16384,1639,27165502,NA,NA
sample,int,degenerate-interior,clipping,4,0,6,16384,1639,20889407,NA,NA
summary,int,degenerate-interior,clipping,1274.988,1286.699,1658.051
sample,int,degenerate-boundary,clipping,4,0,0,8192,820,28567862,NA,NA
sample,int,degenerate-boundary,clipping,4,0,1,8192,820,28625902,NA,NA
sample,int,degenerate-boundary,clipping,4,0,2,8192,820,28542277,NA,NA
sample,int,degenerate-boundary,clipping,4,0,3,8192,820,28396864,NA,NA
sample,int,degenerate-boundary,clipping,4,0,4,8192,820,28121378,NA,NA
sample,int,degenerate-boundary,clipping,4,0,5,8192,820,29688658,NA,NA
sample,int,degenerate-boundary,clipping,4,0,6,8192,820,29078696,NA,NA
summary,int,degenerate-boundary,clipping,3432.785,3487.288,3624.104
sample,int,empty,clipping,0,0,0,65536,6554,8346795,NA,NA
sample,int,empty,clipping,0,0,1,65536,6554,8580567,NA,NA
sample,int,empty,clipping,0,0,2,65536,6554,8588647,NA,NA
sample,int,empty,clipping,0,0,3,65536,6554,8608660,NA,NA
sample,int,empty,clipping,0,0,4,65536,6554,8719673,NA,NA
sample,int,empty,clipping,0,0,5,65536,6554,8605007,NA,NA
sample,int,empty,clipping,0,0,6,65536,6554,8476473,NA,NA
summary,int,empty,clipping,127.362,131.052,133.052
sample,int,concave-u,clipping,8,2,0,2048,205,30961776,NA,NA
sample,int,concave-u,clipping,8,2,1,2048,205,29535200,NA,NA
sample,int,concave-u,clipping,8,2,2,2048,205,29467313,NA,NA
sample,int,concave-u,clipping,8,2,3,2048,205,29811357,NA,NA
sample,int,concave-u,clipping,8,2,4,2048,205,29832041,NA,NA
sample,int,concave-u,clipping,8,2,5,2048,205,29966572,NA,NA
sample,int,concave-u,clipping,8,2,6,2048,205,29808495,NA,NA
summary,int,concave-u,clipping,14388.336,14556.327,15118.055
sample,int,hole,clipping,8,2,0,2048,205,32101495,NA,NA
sample,int,hole,clipping,8,2,1,2048,205,31795871,NA,NA
sample,int,hole,clipping,8,2,2,2048,205,31759527,NA,NA
sample,int,hole,clipping,8,2,3,2048,205,31344338,NA,NA
sample,int,hole,clipping,8,2,4,2048,205,32840267,NA,NA
sample,int,hole,clipping,8,2,5,2048,205,31562332,NA,NA
sample,int,hole,clipping,8,2,6,2048,205,32015417,NA,NA
summary,int,hole,clipping,15304.853,15525.328,16035.287
sample,int,hole-reversed,clipping,8,2,0,2048,205,40166005,NA,NA
sample,int,hole-reversed,clipping,8,2,1,2048,205,32139527,NA,NA
sample,int,hole-reversed,clipping,8,2,2,2048,205,30499010,NA,NA
sample,int,hole-reversed,clipping,8,2,3,2048,205,31049953,NA,NA
sample,int,hole-reversed,clipping,8,2,4,2048,205,31585995,NA,NA
sample,int,hole-reversed,clipping,8,2,5,2048,205,32613094,NA,NA
sample,int,hole-reversed,clipping,8,2,6,2048,205,32324451,NA,NA
summary,int,hole-reversed,clipping,14892.095,15693.128,19612.307
sample,int,rational-crossing,clipping,3,1,0,4096,410,34729232,NA,NA
sample,int,rational-crossing,clipping,3,1,1,4096,410,34961821,NA,NA
sample,int,rational-crossing,clipping,3,1,2,4096,410,35190659,NA,NA
sample,int,rational-crossing,clipping,3,1,3,4096,410,35662087,NA,NA
sample,int,rational-crossing,clipping,3,1,4,4096,410,36453128,NA,NA
sample,int,rational-crossing,clipping,3,1,5,4096,410,35494256,NA,NA
sample,int,rational-crossing,clipping,3,1,6,4096,410,35836200,NA,NA
summary,int,rational-crossing,clipping,8478.816,8665.590,8899.689
sample,int,sparse-1,clipping,4,1,0,4096,410,36208548,NA,NA
sample,int,sparse-1,clipping,4,1,1,4096,410,35083986,NA,NA
sample,int,sparse-1,clipping,4,1,2,4096,410,34760015,NA,NA
sample,int,sparse-1,clipping,4,1,3,4096,410,34915085,NA,NA
sample,int,sparse-1,clipping,4,1,4,4096,410,34447796,NA,NA
sample,int,sparse-1,clipping,4,1,5,4096,410,34114911,NA,NA
sample,int,sparse-1,clipping,4,1,6,4096,410,35733753,NA,NA
summary,int,sparse-1,clipping,8328.836,8524.191,8839.978
sample,int,sparse-4,clipping,16,1,0,2048,205,21778390,NA,NA
sample,int,sparse-4,clipping,16,1,1,2048,205,22112840,NA,NA
sample,int,sparse-4,clipping,16,1,2,2048,205,21783533,NA,NA
sample,int,sparse-4,clipping,16,1,3,2048,205,21767303,NA,NA
sample,int,sparse-4,clipping,16,1,4,2048,205,31668751,NA,NA
sample,int,sparse-4,clipping,16,1,5,2048,205,23111833,NA,NA
sample,int,sparse-4,clipping,16,1,6,2048,205,21967688,NA,NA
summary,int,sparse-4,clipping,10628.566,10726.410,15463.257
sample,int,sparse-16,clipping,64,1,0,2048,205,29957464,NA,NA
sample,int,sparse-16,clipping,64,1,1,2048,205,29806543,NA,NA
sample,int,sparse-16,clipping,64,1,2,2048,205,29930347,NA,NA
sample,int,sparse-16,clipping,64,1,3,2048,205,31791049,NA,NA
sample,int,sparse-16,clipping,64,1,4,2048,205,31162912,NA,NA
sample,int,sparse-16,clipping,64,1,5,2048,205,30602682,NA,NA
sample,int,sparse-16,clipping,64,1,6,2048,205,30326454,NA,NA
summary,int,sparse-16,clipping,14553.976,14807.839,15522.973
sample,int,sparse-64,clipping,256,1,0,1024,103,29363771,NA,NA
sample,int,sparse-64,clipping,256,1,1,1024,103,29809735,NA,NA
sample,int,sparse-64,clipping,256,1,2,1024,103,28951985,NA,NA
sample,int,sparse-64,clipping,256,1,3,1024,103,28729776,NA,NA
sample,int,sparse-64,clipping,256,1,4,1024,103,28792321,NA,NA
sample,int,sparse-64,clipping,256,1,5,1024,103,28550898,NA,NA
sample,int,sparse-64,clipping,256,1,6,1024,103,28985132,NA,NA
summary,int,sparse-64,clipping,27881.736,28273.423,29111.069
sample,int,dense-1,clipping,4,1,0,2048,205,18025319,NA,NA
sample,int,dense-1,clipping,4,1,1,2048,205,17808064,NA,NA
sample,int,dense-1,clipping,4,1,2,2048,205,16954452,NA,NA
sample,int,dense-1,clipping,4,1,3,2048,205,17528134,NA,NA
sample,int,dense-1,clipping,4,1,4,2048,205,17599483,NA,NA
sample,int,dense-1,clipping,4,1,5,2048,205,17669536,NA,NA
sample,int,dense-1,clipping,4,1,6,2048,205,17626132,NA,NA
summary,int,dense-1,clipping,8278.541,8606.510,8801.425
sample,int,dense-4,clipping,16,4,0,1024,103,31363820,NA,NA
sample,int,dense-4,clipping,16,4,1,1024,103,29386316,NA,NA
sample,int,dense-4,clipping,16,4,2,1024,103,29826720,NA,NA
sample,int,dense-4,clipping,16,4,3,1024,103,29927055,NA,NA
sample,int,dense-4,clipping,16,4,4,1024,103,29784512,NA,NA
sample,int,dense-4,clipping,16,4,5,1024,103,30303698,NA,NA
sample,int,dense-4,clipping,16,4,6,1024,103,41089982,NA,NA
summary,int,dense-4,clipping,28697.574,29225.640,40126.936
sample,int,dense-16,clipping,64,16,0,256,26,38489423,NA,NA
sample,int,dense-16,clipping,64,16,1,256,26,38817183,NA,NA
sample,int,dense-16,clipping,64,16,2,256,26,38823821,NA,NA
sample,int,dense-16,clipping,64,16,3,256,26,41432345,NA,NA
sample,int,dense-16,clipping,64,16,4,256,26,37959951,NA,NA
sample,int,dense-16,clipping,64,16,5,256,26,38079318,NA,NA
sample,int,dense-16,clipping,64,16,6,256,26,37931617,NA,NA
summary,int,dense-16,clipping,148170.379,150349.309,161845.098
sample,int,dense-64,clipping,256,64,0,32,4,20992863,NA,NA
sample,int,dense-64,clipping,256,64,1,32,4,19967017,NA,NA
sample,int,dense-64,clipping,256,64,2,32,4,19936705,NA,NA
sample,int,dense-64,clipping,256,64,3,32,4,19886590,NA,NA
sample,int,dense-64,clipping,256,64,4,32,4,20162876,NA,NA
sample,int,dense-64,clipping,256,64,5,32,4,20117198,NA,NA
sample,int,dense-64,clipping,256,64,6,32,4,20026898,NA,NA
summary,int,dense-64,clipping,621455.938,625840.562,656026.969
sample,int,wide-integral,clipping,4,1,0,4096,410,33686731,NA,NA
sample,int,wide-integral,clipping,4,1,1,4096,410,33935375,NA,NA
sample,int,wide-integral,clipping,4,1,2,4096,410,34318464,NA,NA
sample,int,wide-integral,clipping,4,1,3,4096,410,34230451,NA,NA
sample,int,wide-integral,clipping,4,1,4,4096,410,34244270,NA,NA
sample,int,wide-integral,clipping,4,1,5,4096,410,34908104,NA,NA
sample,int,wide-integral,clipping,4,1,6,4096,410,33666328,NA,NA
summary,int,wide-integral,clipping,8219.318,8357.044,8522.486
sample,long,exterior,clipping,4,0,0,65536,6554,8829228,NA,NA
sample,long,exterior,clipping,4,0,1,65536,6554,8888868,NA,NA
sample,long,exterior,clipping,4,0,2,65536,6554,8798975,NA,NA
sample,long,exterior,clipping,4,0,3,65536,6554,8910321,NA,NA
sample,long,exterior,clipping,4,0,4,65536,6554,8734390,NA,NA
sample,long,exterior,clipping,4,0,5,65536,6554,8861923,NA,NA
sample,long,exterior,clipping,4,0,6,65536,6554,8900723,NA,NA
summary,long,exterior,clipping,133.276,135.222,135.961
sample,long,interior,clipping,4,1,0,4096,410,29041862,NA,NA
sample,long,interior,clipping,4,1,1,4096,410,22673059,NA,NA
sample,long,interior,clipping,4,1,2,4096,410,22621552,NA,NA
sample,long,interior,clipping,4,1,3,4096,410,22756159,NA,NA
sample,long,interior,clipping,4,1,4,4096,410,22595981,NA,NA
sample,long,interior,clipping,4,1,5,4096,410,22485214,NA,NA
sample,long,interior,clipping,4,1,6,4096,410,22499415,NA,NA
summary,long,interior,clipping,5489.554,5522.840,7090.298
sample,long,crossing,clipping,4,1,0,4096,410,34425157,NA,NA
sample,long,crossing,clipping,4,1,1,4096,410,34488581,NA,NA
sample,long,crossing,clipping,4,1,2,4096,410,33592229,NA,NA
sample,long,crossing,clipping,4,1,3,4096,410,33752509,NA,NA
sample,long,crossing,clipping,4,1,4,4096,410,34770753,NA,NA
sample,long,crossing,clipping,4,1,5,4096,410,34215236,NA,NA
sample,long,crossing,clipping,4,1,6,4096,410,33614995,NA,NA
summary,long,crossing,clipping,8201.228,8353.329,8488.953
sample,long,boundary-only,clipping,4,1,0,8192,820,40446056,NA,NA
sample,long,boundary-only,clipping,4,1,1,8192,820,41546768,NA,NA
sample,long,boundary-only,clipping,4,1,2,8192,820,40302496,NA,NA
sample,long,boundary-only,clipping,4,1,3,8192,820,40032019,NA,NA
sample,long,boundary-only,clipping,4,1,4,8192,820,40550246,NA,NA
sample,long,boundary-only,clipping,4,1,5,8192,820,40890072,NA,NA
sample,long,boundary-only,clipping,4,1,6,8192,820,40324248,NA,NA
summary,long,boundary-only,clipping,4886.721,4937.263,5071.627
sample,long,boundary-overlap,clipping,4,1,0,4096,410,27432545,NA,NA
sample,long,boundary-overlap,clipping,4,1,1,4096,410,27198845,NA,NA
sample,long,boundary-overlap,clipping,4,1,2,4096,410,26948847,NA,NA
sample,long,boundary-overlap,clipping,4,1,3,4096,410,28617548,NA,NA
sample,long,boundary-overlap,clipping,4,1,4,4096,410,36810926,NA,NA
sample,long,boundary-overlap,clipping,4,1,5,4096,410,27283919,NA,NA
sample,long,boundary-overlap,clipping,4,1,6,4096,410,27515403,NA,NA
summary,long,boundary-overlap,clipping,6579.308,6697.399,8987.042
sample,long,isolated-tangent,clipping,4,0,0,4096,410,23929573,NA,NA
sample,long,isolated-tangent,clipping,4,0,1,4096,410,23937566,NA,NA
sample,long,isolated-tangent,clipping,4,0,2,4096,410,24825580,NA,NA
sample,long,isolated-tangent,clipping,4,0,3,4096,410,23721987,NA,NA
sample,long,isolated-tangent,clipping,4,0,4,4096,410,23928580,NA,NA
sample,long,isolated-tangent,clipping,4,0,5,4096,410,24086210,NA,NA
sample,long,isolated-tangent,clipping,4,0,6,4096,410,24346298,NA,NA
summary,long,isolated-tangent,clipping,5791.501,5844.132,6060.933
sample,long,degenerate-interior,clipping,4,0,0,16384,1639,22027610,NA,NA
sample,long,degenerate-interior,clipping,4,0,1,16384,1639,21760287,NA,NA
sample,long,degenerate-interior,clipping,4,0,2,16384,1639,21161110,NA,NA
sample,long,degenerate-interior,clipping,4,0,3,16384,1639,21098262,NA,NA
sample,long,degenerate-interior,clipping,4,0,4,16384,1639,21381061,NA,NA
sample,long,degenerate-interior,clipping,4,0,5,16384,1639,21610774,NA,NA
sample,long,degenerate-interior,clipping,4,0,6,16384,1639,21724451,NA,NA
summary,long,degenerate-interior,clipping,1287.736,1319.017,1344.459
sample,long,degenerate-boundary,clipping,4,0,0,8192,820,30555664,NA,NA
sample,long,degenerate-boundary,clipping,4,0,1,8192,820,28641421,NA,NA
sample,long,degenerate-boundary,clipping,4,0,2,8192,820,28341538,NA,NA
sample,long,degenerate-boundary,clipping,4,0,3,8192,820,28588627,NA,NA
sample,long,degenerate-boundary,clipping,4,0,4,8192,820,28620564,NA,NA
sample,long,degenerate-boundary,clipping,4,0,5,8192,820,28839896,NA,NA
sample,long,degenerate-boundary,clipping,4,0,6,8192,820,28912073,NA,NA
summary,long,degenerate-boundary,clipping,3459.660,3496.267,3729.939
sample,long,empty,clipping,0,0,0,65536,6554,8552154,NA,NA
sample,long,empty,clipping,0,0,1,65536,6554,9289933,NA,NA
sample,long,empty,clipping,0,0,2,65536,6554,9681113,NA,NA
sample,long,empty,clipping,0,0,3,65536,6554,9184331,NA,NA
sample,long,empty,clipping,0,0,4,65536,6554,9204230,NA,NA
sample,long,empty,clipping,0,0,5,65536,6554,8834243,NA,NA
sample,long,empty,clipping,0,0,6,65536,6554,10418097,NA,NA
summary,long,empty,clipping,130.496,140.445,158.968
sample,long,concave-u,clipping,8,2,0,2048,205,30581121,NA,NA
sample,long,concave-u,clipping,8,2,1,2048,205,31511570,NA,NA
sample,long,concave-u,clipping,8,2,2,2048,205,35920683,NA,NA
sample,long,concave-u,clipping,8,2,3,2048,205,34934576,NA,NA
sample,long,concave-u,clipping,8,2,4,2048,205,29729294,NA,NA
sample,long,concave-u,clipping,8,2,5,2048,205,29667900,NA,NA
sample,long,concave-u,clipping,8,2,6,2048,205,29022841,NA,NA
summary,long,concave-u,clipping,14171.309,14932.188,17539.396
sample,long,hole,clipping,8,2,0,2048,205,32818999,NA,NA
sample,long,hole,clipping,8,2,1,2048,205,33731362,NA,NA
sample,long,hole,clipping,8,2,2,2048,205,31996950,NA,NA
sample,long,hole,clipping,8,2,3,2048,205,31996849,NA,NA
sample,long,hole,clipping,8,2,4,2048,205,32362057,NA,NA
sample,long,hole,clipping,8,2,5,2048,205,33183156,NA,NA
sample,long,hole,clipping,8,2,6,2048,205,31982429,NA,NA
summary,long,hole,clipping,15616.420,15801.786,16470.392
sample,long,hole-reversed,clipping,8,2,0,2048,205,30755022,NA,NA
sample,long,hole-reversed,clipping,8,2,1,2048,205,31445714,NA,NA
sample,long,hole-reversed,clipping,8,2,2,2048,205,31955177,NA,NA
sample,long,hole-reversed,clipping,8,2,3,2048,205,31282176,NA,NA
sample,long,hole-reversed,clipping,8,2,4,2048,205,31140748,NA,NA
sample,long,hole-reversed,clipping,8,2,5,2048,205,31554761,NA,NA
sample,long,hole-reversed,clipping,8,2,6,2048,205,31438818,NA,NA
summary,long,hole-reversed,clipping,15017.101,15350.985,15603.114
sample,long,rational-crossing,clipping,3,1,0,4096,410,33840923,NA,NA
sample,long,rational-crossing,clipping,3,1,1,4096,410,33733704,NA,NA
sample,long,rational-crossing,clipping,3,1,2,4096,410,34164198,NA,NA
sample,long,rational-crossing,clipping,3,1,3,4096,410,34224445,NA,NA
sample,long,rational-crossing,clipping,3,1,4,4096,410,34237911,NA,NA
sample,long,rational-crossing,clipping,3,1,5,4096,410,34530154,NA,NA
sample,long,rational-crossing,clipping,3,1,6,4096,410,43243467,NA,NA
summary,long,rational-crossing,clipping,8235.768,8355.577,10557.487
sample,long,sparse-1,clipping,4,1,0,4096,410,34227455,NA,NA
sample,long,sparse-1,clipping,4,1,1,4096,410,34757884,NA,NA
sample,long,sparse-1,clipping,4,1,2,4096,410,33696795,NA,NA
sample,long,sparse-1,clipping,4,1,3,4096,410,33744503,NA,NA
sample,long,sparse-1,clipping,4,1,4,4096,410,33945094,NA,NA
sample,long,sparse-1,clipping,4,1,5,4096,410,33716119,NA,NA
sample,long,sparse-1,clipping,4,1,6,4096,410,33412681,NA,NA
summary,long,sparse-1,clipping,8157.393,8238.404,8485.812
sample,long,sparse-4,clipping,16,1,0,2048,205,21524012,NA,NA
sample,long,sparse-4,clipping,16,1,1,2048,205,21521793,NA,NA
sample,long,sparse-4,clipping,16,1,2,2048,205,21558300,NA,NA
sample,long,sparse-4,clipping,16,1,3,2048,205,21300243,NA,NA
sample,long,sparse-4,clipping,16,1,4,2048,205,21326171,NA,NA
sample,long,sparse-4,clipping,16,1,5,2048,205,21366536,NA,NA
sample,long,sparse-4,clipping,16,1,6,2048,205,21151149,NA,NA
summary,long,sparse-4,clipping,10327.709,10432.879,10526.514
sample,long,sparse-16,clipping,64,1,0,2048,205,29167607,NA,NA
sample,long,sparse-16,clipping,64,1,1,2048,205,29179485,NA,NA
sample,long,sparse-16,clipping,64,1,2,2048,205,29289024,NA,NA
sample,long,sparse-16,clipping,64,1,3,2048,205,29145787,NA,NA
sample,long,sparse-16,clipping,64,1,4,2048,205,28959956,NA,NA
sample,long,sparse-16,clipping,64,1,5,2048,205,30827215,NA,NA
sample,long,sparse-16,clipping,64,1,6,2048,205,28986034,NA,NA
summary,long,sparse-16,clipping,14140.604,14241.996,15052.351
sample,long,sparse-64,clipping,256,1,0,1024,103,28368156,NA,NA
sample,long,sparse-64,clipping,256,1,1,1024,103,28416721,NA,NA
sample,long,sparse-64,clipping,256,1,2,1024,103,29458127,NA,NA
sample,long,sparse-64,clipping,256,1,3,1024,103,29259630,NA,NA
sample,long,sparse-64,clipping,256,1,4,1024,103,27915367,NA,NA
sample,long,sparse-64,clipping,256,1,5,1024,103,38007033,NA,NA
sample,long,sparse-64,clipping,256,1,6,1024,103,28503173,NA,NA
summary,long,sparse-64,clipping,27261.101,27835.130,37116.243
sample,long,dense-1,clipping,4,1,0,4096,410,34844352,NA,NA
sample,long,dense-1,clipping,4,1,1,4096,410,33918263,NA,NA
sample,long,dense-1,clipping,4,1,2,4096,410,33734341,NA,NA
sample,long,dense-1,clipping,4,1,3,4096,410,33371025,NA,NA
sample,long,dense-1,clipping,4,1,4,4096,410,33791713,NA,NA
sample,long,dense-1,clipping,4,1,5,4096,410,34048726,NA,NA
sample,long,dense-1,clipping,4,1,6,4096,410,34553501,NA,NA
summary,long,dense-1,clipping,8147.223,8280.826,8506.922
sample,long,dense-4,clipping,16,4,0,1024,103,30360928,NA,NA
sample,long,dense-4,clipping,16,4,1,1024,103,30740059,NA,NA
sample,long,dense-4,clipping,16,4,2,1024,103,28870010,NA,NA
sample,long,dense-4,clipping,16,4,3,1024,103,30365984,NA,NA
sample,long,dense-4,clipping,16,4,4,1024,103,29999032,NA,NA
sample,long,dense-4,clipping,16,4,5,1024,103,29647147,NA,NA
sample,long,dense-4,clipping,16,4,6,1024,103,28938235,NA,NA
summary,long,dense-4,clipping,28193.369,29295.930,30019.589
sample,long,dense-16,clipping,64,16,0,256,26,38746560,NA,NA
sample,long,dense-16,clipping,64,16,1,256,26,37427949,NA,NA
sample,long,dense-16,clipping,64,16,2,256,26,37601011,NA,NA
sample,long,dense-16,clipping,64,16,3,256,26,37187478,NA,NA
sample,long,dense-16,clipping,64,16,4,256,26,37158333,NA,NA
sample,long,dense-16,clipping,64,16,5,256,26,37745823,NA,NA
sample,long,dense-16,clipping,64,16,6,256,26,39165263,NA,NA
summary,long,dense-16,clipping,145149.738,146878.949,152989.309
sample,long,dense-64,clipping,256,64,0,64,7,40172452,NA,NA
sample,long,dense-64,clipping,256,64,1,64,7,40704281,NA,NA
sample,long,dense-64,clipping,256,64,2,64,7,40054981,NA,NA
sample,long,dense-64,clipping,256,64,3,64,7,39677415,NA,NA
sample,long,dense-64,clipping,256,64,4,64,7,39194831,NA,NA
sample,long,dense-64,clipping,256,64,5,64,7,39942921,NA,NA
sample,long,dense-64,clipping,256,64,6,64,7,40863006,NA,NA
summary,long,dense-64,clipping,612419.234,625859.078,638484.469
sample,float,exterior,clipping,4,0,0,65536,6554,8783350,NA,NA
sample,float,exterior,clipping,4,0,1,65536,6554,8673428,NA,NA
sample,float,exterior,clipping,4,0,2,65536,6554,9152932,NA,NA
sample,float,exterior,clipping,4,0,3,65536,6554,8783793,NA,NA
sample,float,exterior,clipping,4,0,4,65536,6554,8877100,NA,NA
sample,float,exterior,clipping,4,0,5,65536,6554,8751018,NA,NA
sample,float,exterior,clipping,4,0,6,65536,6554,8848783,NA,NA
summary,float,exterior,clipping,132.346,134.030,139.663
sample,float,interior,clipping,4,1,0,4096,410,22897417,NA,NA
sample,float,interior,clipping,4,1,1,4096,410,22058100,NA,NA
sample,float,interior,clipping,4,1,2,4096,410,24350148,NA,NA
sample,float,interior,clipping,4,1,3,4096,410,22265488,NA,NA
sample,float,interior,clipping,4,1,4,4096,410,22656291,NA,NA
sample,float,interior,clipping,4,1,5,4096,410,22239524,NA,NA
sample,float,interior,clipping,4,1,6,4096,410,22586914,NA,NA
summary,float,interior,clipping,5385.278,5514.383,5944.860
sample,float,crossing,clipping,4,1,0,4096,410,34703812,NA,NA
sample,float,crossing,clipping,4,1,1,4096,410,34210315,NA,NA
sample,float,crossing,clipping,4,1,2,4096,410,33014354,NA,NA
sample,float,crossing,clipping,4,1,3,4096,410,33473872,NA,NA
sample,float,crossing,clipping,4,1,4,4096,410,33386946,NA,NA
sample,float,crossing,clipping,4,1,5,4096,410,33221629,NA,NA
sample,float,crossing,clipping,4,1,6,4096,410,35842911,NA,NA
summary,float,crossing,clipping,8060.145,8172.332,8750.711
sample,float,boundary-only,clipping,4,1,0,4096,410,20347505,NA,NA
sample,float,boundary-only,clipping,4,1,1,4096,410,20532848,NA,NA
sample,float,boundary-only,clipping,4,1,2,4096,410,29740823,NA,NA
sample,float,boundary-only,clipping,4,1,3,4096,410,20336192,NA,NA
sample,float,boundary-only,clipping,4,1,4,4096,410,20446592,NA,NA
sample,float,boundary-only,clipping,4,1,5,4096,410,20445778,NA,NA
sample,float,boundary-only,clipping,4,1,6,4096,410,21691176,NA,NA
summary,float,boundary-only,clipping,4964.891,4991.844,7260.943
sample,float,boundary-overlap,clipping,4,1,0,4096,410,27198174,NA,NA
sample,float,boundary-overlap,clipping,4,1,1,4096,410,28057407,NA,NA
sample,float,boundary-overlap,clipping,4,1,2,4096,410,27210582,NA,NA
sample,float,boundary-overlap,clipping,4,1,3,4096,410,27740815,NA,NA
sample,float,boundary-overlap,clipping,4,1,4,4096,410,27849269,NA,NA
sample,float,boundary-overlap,clipping,4,1,5,4096,410,28169814,NA,NA
sample,float,boundary-overlap,clipping,4,1,6,4096,410,27353906,NA,NA
summary,float,boundary-overlap,clipping,6640.179,6772.660,6877.396
sample,float,isolated-tangent,clipping,4,0,0,4096,410,23356036,NA,NA
sample,float,isolated-tangent,clipping,4,0,1,4096,410,23253197,NA,NA
sample,float,isolated-tangent,clipping,4,0,2,4096,410,23559153,NA,NA
sample,float,isolated-tangent,clipping,4,0,3,4096,410,24045149,NA,NA
sample,float,isolated-tangent,clipping,4,0,4,4096,410,24927011,NA,NA
sample,float,isolated-tangent,clipping,4,0,5,4096,410,23562073,NA,NA
sample,float,isolated-tangent,clipping,4,0,6,4096,410,23764613,NA,NA
summary,float,isolated-tangent,clipping,5677.050,5752.459,6085.696
sample,float,degenerate-interior,clipping,4,0,0,16384,1639,21576458,NA,NA
sample,float,degenerate-interior,clipping,4,0,1,16384,1639,21314996,NA,NA
sample,float,degenerate-interior,clipping,4,0,2,16384,1639,21590617,NA,NA
sample,float,degenerate-interior,clipping,4,0,3,16384,1639,22204047,NA,NA
sample,float,degenerate-interior,clipping,4,0,4,16384,1639,21787974,NA,NA
sample,float,degenerate-interior,clipping,4,0,5,16384,1639,22047781,NA,NA
sample,float,degenerate-interior,clipping,4,0,6,16384,1639,23041699,NA,NA
summary,float,degenerate-interior,clipping,1300.964,1329.832,1406.354
sample,float,degenerate-boundary,clipping,4,0,0,8192,820,28680159,NA,NA
sample,float,degenerate-boundary,clipping,4,0,1,8192,820,29667342,NA,NA
sample,float,degenerate-boundary,clipping,4,0,2,8192,820,29818019,NA,NA
sample,float,degenerate-boundary,clipping,4,0,3,8192,820,29190381,NA,NA
sample,float,degenerate-boundary,clipping,4,0,4,8192,820,28850239,NA,NA
sample,float,degenerate-boundary,clipping,4,0,5,8192,820,28785432,NA,NA
sample,float,degenerate-boundary,clipping,4,0,6,8192,820,38989248,NA,NA
summary,float,degenerate-boundary,clipping,3500.996,3563.279,4759.430
sample,float,empty,clipping,0,0,0,65536,6554,8693666,NA,NA
sample,float,empty,clipping,0,0,1,65536,6554,8732085,NA,NA
sample,float,empty,clipping,0,0,2,65536,6554,10929096,NA,NA
sample,float,empty,clipping,0,0,3,65536,6554,9969059,NA,NA
sample,float,empty,clipping,0,0,4,65536,6554,10438269,NA,NA
sample,float,empty,clipping,0,0,5,65536,6554,9531938,NA,NA
sample,float,empty,clipping,0,0,6,65536,6554,8985235,NA,NA
summary,float,empty,clipping,132.655,145.446,166.765
sample,float,concave-u,clipping,8,2,0,2048,205,31516213,NA,NA
sample,float,concave-u,clipping,8,2,1,2048,205,31488108,NA,NA
sample,float,concave-u,clipping,8,2,2,2048,205,31557392,NA,NA
sample,float,concave-u,clipping,8,2,3,2048,205,32022271,NA,NA
sample,float,concave-u,clipping,8,2,4,2048,205,30235351,NA,NA
sample,float,concave-u,clipping,8,2,5,2048,205,30420411,NA,NA
sample,float,concave-u,clipping,8,2,6,2048,205,30514983,NA,NA
summary,float,concave-u,clipping,14763.355,15375.053,15635.875
sample,float,hole,clipping,8,2,0,2048,205,33194190,NA,NA
sample,float,hole,clipping,8,2,1,2048,205,32132456,NA,NA
sample,float,hole,clipping,8,2,2,2048,205,32179874,NA,NA
sample,float,hole,clipping,8,2,3,2048,205,32051533,NA,NA
sample,float,hole,clipping,8,2,4,2048,205,32020559,NA,NA
sample,float,hole,clipping,8,2,5,2048,205,32961976,NA,NA
sample,float,hole,clipping,8,2,6,2048,205,35290024,NA,NA
summary,float,hole,clipping,15635.039,15712.829,17231.457
sample,float,hole-reversed,clipping,8,2,0,2048,205,32087094,NA,NA
sample,float,hole-reversed,clipping,8,2,1,2048,205,32055099,NA,NA
sample,float,hole-reversed,clipping,8,2,2,2048,205,31715119,NA,NA
sample,float,hole-reversed,clipping,8,2,3,2048,205,32651438,NA,NA
sample,float,hole-reversed,clipping,8,2,4,2048,205,30779280,NA,NA
sample,float,hole-reversed,clipping,8,2,5,2048,205,31130274,NA,NA
sample,float,hole-reversed,clipping,8,2,6,2048,205,31554175,NA,NA
summary,float,hole-reversed,clipping,15028.945,15485.898,15943.085
sample,float,rational-crossing,clipping,3,1,0,2048,205,17583006,NA,NA
sample,float,rational-crossing,clipping,3,1,1,2048,205,17703215,NA,NA
sample,float,rational-crossing,clipping,3,1,2,2048,205,18035896,NA,NA
sample,float,rational-crossing,clipping,3,1,3,2048,205,17657272,NA,NA
sample,float,rational-crossing,clipping,3,1,4,2048,205,17591055,NA,NA
sample,float,rational-crossing,clipping,3,1,5,2048,205,17469288,NA,NA
sample,float,rational-crossing,clipping,3,1,6,2048,205,17617842,NA,NA
summary,float,rational-crossing,clipping,8529.926,8602.462,8806.590
sample,float,sparse-1,clipping,4,1,0,4096,410,33736461,NA,NA
sample,float,sparse-1,clipping,4,1,1,4096,410,35416780,NA,NA
sample,float,sparse-1,clipping,4,1,2,4096,410,34040538,NA,NA
sample,float,sparse-1,clipping,4,1,3,4096,410,33830606,NA,NA
sample,float,sparse-1,clipping,4,1,4,4096,410,33587049,NA,NA
sample,float,sparse-1,clipping,4,1,5,4096,410,33596200,NA,NA
sample,float,sparse-1,clipping,4,1,6,4096,410,33721767,NA,NA
summary,float,sparse-1,clipping,8199.963,8236.441,8646.675
sample,float,sparse-4,clipping,16,1,0,2048,205,21209629,NA,NA
sample,float,sparse-4,clipping,16,1,1,2048,205,21484086,NA,NA
sample,float,sparse-4,clipping,16,1,2,2048,205,21700284,NA,NA
sample,float,sparse-4,clipping,16,1,3,2048,205,21597454,NA,NA
sample,float,sparse-4,clipping,16,1,4,2048,205,21531360,NA,NA
sample,float,sparse-4,clipping,16,1,5,2048,205,21486409,NA,NA
sample,float,sparse-4,clipping,16,1,6,2048,205,21860606,NA,NA
summary,float,sparse-4,clipping,10356.264,10513.359,10674.124
sample,float,sparse-16,clipping,64,1,0,2048,205,29544136,NA,NA
sample,float,sparse-16,clipping,64,1,1,2048,205,29639199,NA,NA
sample,float,sparse-16,clipping,64,1,2,2048,205,30630754,NA,NA
sample,float,sparse-16,clipping,64,1,3,2048,205,29389228,NA,NA
sample,float,sparse-16,clipping,64,1,4,2048,205,29319680,NA,NA
sample,float,sparse-16,clipping,64,1,5,2048,205,29936060,NA,NA
sample,float,sparse-16,clipping,64,1,6,2048,205,28890594,NA,NA
summary,float,sparse-16,clipping,14106.735,14425.848,14956.423
sample,float,sparse-64,clipping,256,1,0,1024,103,29196215,NA,NA
sample,float,sparse-64,clipping,256,1,1,1024,103,39184275,NA,NA
sample,float,sparse-64,clipping,256,1,2,1024,103,29739678,NA,NA
sample,float,sparse-64,clipping,256,1,3,1024,103,29259252,NA,NA
sample,float,sparse-64,clipping,256,1,4,1024,103,28968074,NA,NA
sample,float,sparse-64,clipping,256,1,5,1024,103,28750029,NA,NA
sample,float,sparse-64,clipping,256,1,6,1024,103,28579036,NA,NA
summary,float,sparse-64,clipping,27909.215,28511.929,38265.894
sample,float,dense-1,clipping,4,1,0,4096,410,33594385,NA,NA
sample,float,dense-1,clipping,4,1,1,4096,410,33318199,NA,NA
sample,float,dense-1,clipping,4,1,2,4096,410,33903353,NA,NA
sample,float,dense-1,clipping,4,1,3,4096,410,34024687,NA,NA
sample,float,dense-1,clipping,4,1,4,4096,410,33769214,NA,NA
sample,float,dense-1,clipping,4,1,5,4096,410,35266004,NA,NA
sample,float,dense-1,clipping,4,1,6,4096,410,33555548,NA,NA
summary,float,dense-1,clipping,8134.326,8244.437,8609.864
sample,float,dense-4,clipping,16,4,0,1024,103,31570084,NA,NA
sample,float,dense-4,clipping,16,4,1,1024,103,29069788,NA,NA
sample,float,dense-4,clipping,16,4,2,1024,103,30421142,NA,NA
sample,float,dense-4,clipping,16,4,3,1024,103,29568652,NA,NA
sample,float,dense-4,clipping,16,4,4,1024,103,28606637,NA,NA
sample,float,dense-4,clipping,16,4,5,1024,103,28774503,NA,NA
sample,float,dense-4,clipping,16,4,6,1024,103,28932886,NA,NA
summary,float,dense-4,clipping,27936.169,28388.465,30830.160
sample,float,dense-16,clipping,64,16,0,256,26,38529786,NA,NA
sample,float,dense-16,clipping,64,16,1,256,26,37561927,NA,NA
sample,float,dense-16,clipping,64,16,2,256,26,37859154,NA,NA
sample,float,dense-16,clipping,64,16,3,256,26,38716905,NA,NA
sample,float,dense-16,clipping,64,16,4,256,26,49984788,NA,NA
sample,float,dense-16,clipping,64,16,5,256,26,38873325,NA,NA
sample,float,dense-16,clipping,64,16,6,256,26,37893200,NA,NA
summary,float,dense-16,clipping,146726.277,150506.977,195253.078
sample,float,dense-64,clipping,256,64,0,64,7,39947742,NA,NA
sample,float,dense-64,clipping,256,64,1,64,7,40511535,NA,NA
sample,float,dense-64,clipping,256,64,2,64,7,39706415,NA,NA
sample,float,dense-64,clipping,256,64,3,64,7,40381406,NA,NA
sample,float,dense-64,clipping,256,64,4,64,7,39996940,NA,NA
sample,float,dense-64,clipping,256,64,5,64,7,40431036,NA,NA
sample,float,dense-64,clipping,256,64,6,64,7,40238889,NA,NA
summary,float,dense-64,clipping,620412.734,628732.641,632992.734
sample,float,subnormal,clipping,4,1,0,4096,410,33551388,NA,NA
sample,float,subnormal,clipping,4,1,1,4096,410,33122373,NA,NA
sample,float,subnormal,clipping,4,1,2,4096,410,35881815,NA,NA
sample,float,subnormal,clipping,4,1,3,4096,410,33408821,NA,NA
sample,float,subnormal,clipping,4,1,4,4096,410,33424586,NA,NA
sample,float,subnormal,clipping,4,1,5,4096,410,33657487,NA,NA
sample,float,subnormal,clipping,4,1,6,4096,410,34169400,NA,NA
summary,float,subnormal,clipping,8086.517,8191.257,8760.209
sample,float,large-finite,clipping,4,1,0,4096,410,33452730,NA,NA
sample,float,large-finite,clipping,4,1,1,4096,410,33417661,NA,NA
sample,float,large-finite,clipping,4,1,2,4096,410,33496308,NA,NA
sample,float,large-finite,clipping,4,1,3,4096,410,33938501,NA,NA
sample,float,large-finite,clipping,4,1,4,4096,410,42407939,NA,NA
sample,float,large-finite,clipping,4,1,5,4096,410,37841911,NA,NA
sample,float,large-finite,clipping,4,1,6,4096,410,34219566,NA,NA
summary,float,large-finite,clipping,8158.609,8285.767,10353.501
sample,double,exterior,clipping,4,0,0,65536,6554,8981877,NA,NA
sample,double,exterior,clipping,4,0,1,65536,6554,8998631,NA,NA
sample,double,exterior,clipping,4,0,2,65536,6554,8946498,NA,NA
sample,double,exterior,clipping,4,0,3,65536,6554,8943027,NA,NA
sample,double,exterior,clipping,4,0,4,65536,6554,8940514,NA,NA
sample,double,exterior,clipping,4,0,5,65536,6554,9011550,NA,NA
sample,double,exterior,clipping,4,0,6,65536,6554,8941365,NA,NA
summary,double,exterior,clipping,136.421,136.513,137.505
sample,double,interior,clipping,4,1,0,4096,410,23596955,NA,NA
sample,double,interior,clipping,4,1,1,4096,410,22194716,NA,NA
sample,double,interior,clipping,4,1,2,4096,410,21946246,NA,NA
sample,double,interior,clipping,4,1,3,4096,410,22486437,NA,NA
sample,double,interior,clipping,4,1,4,4096,410,22419545,NA,NA
sample,double,interior,clipping,4,1,5,4096,410,22312939,NA,NA
sample,double,interior,clipping,4,1,6,4096,410,22369562,NA,NA
summary,double,interior,clipping,5357.970,5461.319,5760.975
sample,double,crossing,clipping,4,1,0,4096,410,33644292,NA,NA
sample,double,crossing,clipping,4,1,1,4096,410,33752387,NA,NA
sample,double,crossing,clipping,4,1,2,4096,410,33708459,NA,NA
sample,double,crossing,clipping,4,1,3,4096,410,33641231,NA,NA
sample,double,crossing,clipping,4,1,4,4096,410,33773310,NA,NA
sample,double,crossing,clipping,4,1,5,4096,410,34443687,NA,NA
sample,double,crossing,clipping,4,1,6,4096,410,33696518,NA,NA
summary,double,crossing,clipping,8213.191,8229.604,8409.103
sample,double,boundary-only,clipping,4,1,0,4096,410,20122469,NA,NA
sample,double,boundary-only,clipping,4,1,1,4096,410,20062134,NA,NA
sample,double,boundary-only,clipping,4,1,2,4096,410,20064606,NA,NA
sample,double,boundary-only,clipping,4,1,3,4096,410,20523439,NA,NA
sample,double,boundary-only,clipping,4,1,4,4096,410,21296482,NA,NA
sample,double,boundary-only,clipping,4,1,5,4096,410,20334457,NA,NA
sample,double,boundary-only,clipping,4,1,6,4096,410,20264859,NA,NA
summary,double,boundary-only,clipping,4897.982,4947.475,5199.336
sample,double,boundary-overlap,clipping,4,1,0,4096,410,26539353,NA,NA
sample,double,boundary-overlap,clipping,4,1,1,4096,410,26656470,NA,NA
sample,double,boundary-overlap,clipping,4,1,2,4096,410,27317888,NA,NA
sample,double,boundary-overlap,clipping,4,1,3,4096,410,37847756,NA,NA
sample,double,boundary-overlap,clipping,4,1,4,4096,410,27027109,NA,NA
sample,double,boundary-overlap,clipping,4,1,5,4096,410,27065922,NA,NA
sample,double,boundary-overlap,clipping,4,1,6,4096,410,27373278,NA,NA
summary,double,boundary-overlap,clipping,6479.334,6607.891,9240.175
sample,double,isolated-tangent,clipping,4,0,0,4096,410,23828372,NA,NA
sample,double,isolated-tangent,clipping,4,0,1,4096,410,25381726,NA,NA
sample,double,isolated-tangent,clipping,4,0,2,4096,410,24010734,NA,NA
sample,double,isolated-tangent,clipping,4,0,3,4096,410,23716921,NA,NA
sample,double,isolated-tangent,clipping,4,0,4,4096,410,23529505,NA,NA
sample,double,isolated-tangent,clipping,4,0,5,4096,410,23879835,NA,NA
sample,double,isolated-tangent,clipping,4,0,6,4096,410,23914296,NA,NA
summary,double,isolated-tangent,clipping,5744.508,5830.038,6196.710
sample,double,degenerate-interior,clipping,4,0,0,16384,1639,21706200,NA,NA
sample,double,degenerate-interior,clipping,4,0,1,16384,1639,22741699,NA,NA
sample,double,degenerate-interior,clipping,4,0,2,16384,1639,21600099,NA,NA
sample,double,degenerate-interior,clipping,4,0,3,16384,1639,20935193,NA,NA
sample,double,degenerate-interior,clipping,4,0,4,16384,1639,21299629,NA,NA
sample,double,degenerate-interior,clipping,4,0,5,16384,1639,21184546,NA,NA
sample,double,degenerate-interior,clipping,4,0,6,16384,1639,21263415,NA,NA
summary,double,degenerate-interior,clipping,1277.783,1300.026,1388.043
sample,double,degenerate-boundary,clipping,4,0,0,8192,820,29812436,NA,NA
sample,double,degenerate-boundary,clipping,4,0,1,8192,820,28190911,NA,NA
sample,double,degenerate-boundary,clipping,4,0,2,8192,820,28357298,NA,NA
sample,double,degenerate-boundary,clipping,4,0,3,8192,820,28345106,NA,NA
sample,double,degenerate-boundary,clipping,4,0,4,8192,820,28542256,NA,NA
sample,double,degenerate-boundary,clipping,4,0,5,8192,820,29572973,NA,NA
sample,double,degenerate-boundary,clipping,4,0,6,8192,820,28494833,NA,NA
summary,double,degenerate-boundary,clipping,3441.273,3478.373,3639.213
sample,double,empty,clipping,0,0,0,65536,6554,9134915,NA,NA
sample,double,empty,clipping,0,0,1,65536,6554,8406213,NA,NA
sample,double,empty,clipping,0,0,2,65536,6554,8437537,NA,NA
sample,double,empty,clipping,0,0,3,65536,6554,8598704,NA,NA
sample,double,empty,clipping,0,0,4,65536,6554,8466841,NA,NA
sample,double,empty,clipping,0,0,5,65536,6554,8675999,NA,NA
sample,double,empty,clipping,0,0,6,65536,6554,8529821,NA,NA
summary,double,empty,clipping,128.269,130.155,139.388
sample,double,concave-u,clipping,8,2,0,2048,205,29715515,NA,NA
sample,double,concave-u,clipping,8,2,1,2048,205,29193911,NA,NA
sample,double,concave-u,clipping,8,2,2,2048,205,31061288,NA,NA
sample,double,concave-u,clipping,8,2,3,2048,205,39515184,NA,NA
sample,double,concave-u,clipping,8,2,4,2048,205,29335896,NA,NA
sample,double,concave-u,clipping,8,2,5,2048,205,29454075,NA,NA
sample,double,concave-u,clipping,8,2,6,2048,205,29821474,NA,NA
summary,double,concave-u,clipping,14254.839,14509.529,19294.523
sample,double,hole,clipping,8,2,0,2048,205,31611439,NA,NA
sample,double,hole,clipping,8,2,1,2048,205,31727053,NA,NA
sample,double,hole,clipping,8,2,2,2048,205,31732908,NA,NA
sample,double,hole,clipping,8,2,3,2048,205,31359290,NA,NA
sample,double,hole,clipping,8,2,4,2048,205,31310360,NA,NA
sample,double,hole,clipping,8,2,5,2048,205,32280191,NA,NA
sample,double,hole,clipping,8,2,6,2048,205,32966648,NA,NA
summary,double,hole,clipping,15288.262,15491.725,16096.996
sample,double,hole-reversed,clipping,8,2,0,2048,205,31410160,NA,NA
sample,double,hole-reversed,clipping,8,2,1,2048,205,31261559,NA,NA
sample,double,hole-reversed,clipping,8,2,2,2048,205,31159320,NA,NA
sample,double,hole-reversed,clipping,8,2,3,2048,205,31994400,NA,NA
sample,double,hole-reversed,clipping,8,2,4,2048,205,31028905,NA,NA
sample,double,hole-reversed,clipping,8,2,5,2048,205,31085280,NA,NA
sample,double,hole-reversed,clipping,8,2,6,2048,205,31137029,NA,NA
summary,double,hole-reversed,clipping,15150.833,15214.512,15622.266
sample,double,rational-crossing,clipping,3,1,0,4096,410,34628478,NA,NA
sample,double,rational-crossing,clipping,3,1,1,4096,410,33629852,NA,NA
sample,double,rational-crossing,clipping,3,1,2,4096,410,33530868,NA,NA
sample,double,rational-crossing,clipping,3,1,3,4096,410,34013410,NA,NA
sample,double,rational-crossing,clipping,3,1,4,4096,410,33708692,NA,NA
sample,double,rational-crossing,clipping,3,1,5,4096,410,34309072,NA,NA
sample,double,rational-crossing,clipping,3,1,6,4096,410,34611305,NA,NA
summary,double,rational-crossing,clipping,8186.247,8304.055,8454.218
sample,double,sparse-1,clipping,4,1,0,4096,410,41054363,NA,NA
sample,double,sparse-1,clipping,4,1,1,4096,410,34457398,NA,NA
sample,double,sparse-1,clipping,4,1,2,4096,410,35705674,NA,NA
sample,double,sparse-1,clipping,4,1,3,4096,410,36668292,NA,NA
sample,double,sparse-1,clipping,4,1,4,4096,410,34930442,NA,NA
sample,double,sparse-1,clipping,4,1,5,4096,410,34318931,NA,NA
sample,double,sparse-1,clipping,4,1,6,4096,410,34988925,NA,NA
summary,double,sparse-1,clipping,8378.645,8542.218,10023.038
sample,double,sparse-4,clipping,16,1,0,2048,205,21542232,NA,NA
sample,double,sparse-4,clipping,16,1,1,2048,205,21596569,NA,NA
sample,double,sparse-4,clipping,16,1,2,2048,205,22232777,NA,NA
sample,double,sparse-4,clipping,16,1,3,2048,205,21523145,NA,NA
sample,double,sparse-4,clipping,16,1,4,2048,205,21481545,NA,NA
sample,double,sparse-4,clipping,16,1,5,2048,205,21440905,NA,NA
sample,double,sparse-4,clipping,16,1,6,2048,205,21406995,NA,NA
summary,double,sparse-4,clipping,10452.634,10509.348,10855.848
sample,double,sparse-16,clipping,64,1,0,2048,205,29396544,NA,NA
sample,double,sparse-16,clipping,64,1,1,2048,205,29286961,NA,NA
sample,double,sparse-16,clipping,64,1,2,2048,205,29365735,NA,NA
sample,double,sparse-16,clipping,64,1,3,2048,205,29478671,NA,NA
sample,double,sparse-16,clipping,64,1,4,2048,205,29604396,NA,NA
sample,double,sparse-16,clipping,64,1,5,2048,205,29666003,NA,NA
sample,double,sparse-16,clipping,64,1,6,2048,205,29874374,NA,NA
summary,double,sparse-16,clipping,14300.274,14393.882,14587.097
sample,double,sparse-64,clipping,256,1,0,1024,103,28189568,NA,NA
sample,double,sparse-64,clipping,256,1,1,1024,103,28262618,NA,NA
sample,double,sparse-64,clipping,256,1,2,1024,103,28230625,NA,NA
sample,double,sparse-64,clipping,256,1,3,1024,103,29277914,NA,NA
sample,double,sparse-64,clipping,256,1,4,1024,103,28667035,NA,NA
sample,double,sparse-64,clipping,256,1,5,1024,103,38134659,NA,NA
sample,double,sparse-64,clipping,256,1,6,1024,103,28308022,NA,NA
summary,double,sparse-64,clipping,27528.875,27644.553,37240.878
sample,double,dense-1,clipping,4,1,0,4096,410,34543198,NA,NA
sample,double,dense-1,clipping,4,1,1,4096,410,34446418,NA,NA
sample,double,dense-1,clipping,4,1,2,4096,410,35190773,NA,NA
sample,double,dense-1,clipping,4,1,3,4096,410,33857918,NA,NA
sample,double,dense-1,clipping,4,1,4,4096,410,34091419,NA,NA
sample,double,dense-1,clipping,4,1,5,4096,410,33749699,NA,NA
sample,double,dense-1,clipping,4,1,6,4096,410,34794080,NA,NA
summary,double,dense-1,clipping,8239.673,8409.770,8591.497
sample,double,dense-4,clipping,16,4,0,1024,103,31252829,NA,NA
sample,double,dense-4,clipping,16,4,1,1024,103,29082580,NA,NA
sample,double,dense-4,clipping,16,4,2,1024,103,29166841,NA,NA
sample,double,dense-4,clipping,16,4,3,1024,103,29211473,NA,NA
sample,double,dense-4,clipping,16,4,4,1024,103,29897127,NA,NA
sample,double,dense-4,clipping,16,4,5,1024,103,28548660,NA,NA
sample,double,dense-4,clipping,16,4,6,1024,103,28654078,NA,NA
summary,double,dense-4,clipping,27879.551,28483.243,30520.341
sample,double,dense-16,clipping,64,16,0,256,26,37641416,NA,NA
sample,double,dense-16,clipping,64,16,1,256,26,38296327,NA,NA
sample,double,dense-16,clipping,64,16,2,256,26,37294959,NA,NA
sample,double,dense-16,clipping,64,16,3,256,26,38034671,NA,NA
sample,double,dense-16,clipping,64,16,4,256,26,37836193,NA,NA
sample,double,dense-16,clipping,64,16,5,256,26,37424599,NA,NA
sample,double,dense-16,clipping,64,16,6,256,26,38593872,NA,NA
summary,double,dense-16,clipping,145683.434,147797.629,150757.312
sample,double,dense-64,clipping,256,64,0,64,7,40113729,NA,NA
sample,double,dense-64,clipping,256,64,1,64,7,40064615,NA,NA
sample,double,dense-64,clipping,256,64,2,64,7,40330039,NA,NA
sample,double,dense-64,clipping,256,64,3,64,7,40759124,NA,NA
sample,double,dense-64,clipping,256,64,4,64,7,40022142,NA,NA
sample,double,dense-64,clipping,256,64,5,64,7,40154679,NA,NA
sample,double,dense-64,clipping,256,64,6,64,7,40298560,NA,NA
summary,double,dense-64,clipping,625345.969,627416.859,636861.312
checksum,7340127597464299931
