native_version,3.13.1-CAPI-1.19.2
fixture,int,exterior,4,0,PASS,query_valid,1,1
fixture,int,interior,4,1,PASS,query_valid,1,1
fixture,int,crossing,4,1,PASS,query_valid,1,1
fixture,int,boundary-only,4,1,PASS,query_valid,1,1
fixture,int,boundary-overlap,4,1,PASS,query_valid,1,1
fixture,int,isolated-tangent,4,0,PASS,query_valid,1,1
fixture,int,degenerate-interior,4,0,PASS,query_valid,0,0
fixture,int,degenerate-boundary,4,0,PASS,query_valid,0,0
fixture,int,empty,0,0,PASS,query_valid,1,1
fixture,int,concave-u,8,2,PASS,query_valid,1,1
fixture,int,hole,8,2,PASS,query_valid,1,1
fixture,int,hole-reversed,8,2,PASS,query_valid,1,1
fixture,int,rational-crossing,3,1,PASS,query_valid,1,1
fixture,int,sparse-1,4,1,PASS,query_valid,1,1
fixture,int,sparse-4,16,1,PASS,query_valid,1,1
fixture,int,sparse-16,64,1,PASS,query_valid,1,1
fixture,int,sparse-64,256,1,PASS,query_valid,1,1
fixture,int,dense-1,4,1,PASS,query_valid,1,1
fixture,int,dense-4,16,4,PASS,query_valid,1,1
fixture,int,dense-16,64,16,PASS,query_valid,1,1
fixture,int,dense-64,256,64,PASS,query_valid,1,1
fixture,int,wide-integral,4,1,PASS,query_valid,1,1
fixture,long,exterior,4,0,PASS,query_valid,1,1
fixture,long,interior,4,1,PASS,query_valid,1,1
fixture,long,crossing,4,1,PASS,query_valid,1,1
fixture,long,boundary-only,4,1,PASS,query_valid,1,1
fixture,long,boundary-overlap,4,1,PASS,query_valid,1,1
fixture,long,isolated-tangent,4,0,PASS,query_valid,1,1
fixture,long,degenerate-interior,4,0,PASS,query_valid,0,0
fixture,long,degenerate-boundary,4,0,PASS,query_valid,0,0
fixture,long,empty,0,0,PASS,query_valid,1,1
fixture,long,concave-u,8,2,PASS,query_valid,1,1
fixture,long,hole,8,2,PASS,query_valid,1,1
fixture,long,hole-reversed,8,2,PASS,query_valid,1,1
fixture,long,rational-crossing,3,1,PASS,query_valid,1,1
fixture,long,sparse-1,4,1,PASS,query_valid,1,1
fixture,long,sparse-4,16,1,PASS,query_valid,1,1
fixture,long,sparse-16,64,1,PASS,query_valid,1,1
fixture,long,sparse-64,256,1,PASS,query_valid,1,1
fixture,long,dense-1,4,1,PASS,query_valid,1,1
fixture,long,dense-4,16,4,PASS,query_valid,1,1
fixture,long,dense-16,64,16,PASS,query_valid,1,1
fixture,long,dense-64,256,64,PASS,query_valid,1,1
fixture,float,exterior,4,0,PASS,query_valid,1,1
fixture,float,interior,4,1,PASS,query_valid,1,1
fixture,float,crossing,4,1,PASS,query_valid,1,1
fixture,float,boundary-only,4,1,PASS,query_valid,1,1
fixture,float,boundary-overlap,4,1,PASS,query_valid,1,1
fixture,float,isolated-tangent,4,0,PASS,query_valid,1,1
fixture,float,degenerate-interior,4,0,PASS,query_valid,0,0
fixture,float,degenerate-boundary,4,0,PASS,query_valid,0,0
fixture,float,empty,0,0,PASS,query_valid,1,1
fixture,float,concave-u,8,2,PASS,query_valid,1,1
fixture,float,hole,8,2,PASS,query_valid,1,1
fixture,float,hole-reversed,8,2,PASS,query_valid,1,1
fixture,float,rational-crossing,3,1,PASS,query_valid,1,1
fixture,float,sparse-1,4,1,PASS,query_valid,1,1
fixture,float,sparse-4,16,1,PASS,query_valid,1,1
fixture,float,sparse-16,64,1,PASS,query_valid,1,1
fixture,float,sparse-64,256,1,PASS,query_valid,1,1
fixture,float,dense-1,4,1,PASS,query_valid,1,1
fixture,float,dense-4,16,4,PASS,query_valid,1,1
fixture,float,dense-16,64,16,PASS,query_valid,1,1
fixture,float,dense-64,256,64,PASS,query_valid,1,1
fixture,float,subnormal,4,1,PASS,query_valid,1,1
fixture,float,large-finite,4,1,PASS,query_valid,1,1
fixture,double,exterior,4,0,PASS,query_valid,1,1
fixture,double,interior,4,1,PASS,query_valid,1,1
fixture,double,crossing,4,1,PASS,query_valid,1,1
fixture,double,boundary-only,4,1,PASS,query_valid,1,1
fixture,double,boundary-overlap,4,1,PASS,query_valid,1,1
fixture,double,isolated-tangent,4,0,PASS,query_valid,1,1
fixture,double,degenerate-interior,4,0,PASS,query_valid,0,0
fixture,double,degenerate-boundary,4,0,PASS,query_valid,0,0
fixture,double,empty,0,0,PASS,query_valid,1,1
fixture,double,concave-u,8,2,PASS,query_valid,1,1
fixture,double,hole,8,2,PASS,query_valid,1,1
fixture,double,hole-reversed,8,2,PASS,query_valid,1,1
fixture,double,rational-crossing,3,1,PASS,query_valid,1,1
fixture,double,sparse-1,4,1,PASS,query_valid,1,1
fixture,double,sparse-4,16,1,PASS,query_valid,1,1
fixture,double,sparse-16,64,1,PASS,query_valid,1,1
fixture,double,sparse-64,256,1,PASS,query_valid,1,1
fixture,double,dense-1,4,1,PASS,query_valid,1,1
fixture,double,dense-4,16,4,PASS,query_valid,1,1
fixture,double,dense-16,64,16,PASS,query_valid,1,1
fixture,double,dense-64,256,64,PASS,query_valid,1,1
preflight,native,87,174,PASS
sample,int,exterior,clipping,4,0,0,65536,6554,8747471,NA,NA
sample,int,exterior,clipping,4,0,1,65536,6554,8773275,NA,NA
sample,int,exterior,clipping,4,0,2,65536,6554,8680488,NA,NA
sample,int,exterior,clipping,4,0,3,65536,6554,8764413,NA,NA
sample,int,exterior,clipping,4,0,4,65536,6554,8723708,NA,NA
sample,int,exterior,clipping,4,0,5,65536,6554,8643341,NA,NA
sample,int,exterior,clipping,4,0,6,65536,6554,8694733,NA,NA
summary,int,exterior,clipping,131.887,133.113,133.870
sample,int,interior,clipping,4,1,0,4096,410,22450378,NA,NA
sample,int,interior,clipping,4,1,1,4096,410,22305743,NA,NA
sample,int,interior,clipping,4,1,2,4096,410,22793997,NA,NA
sample,int,interior,clipping,4,1,3,4096,410,23997816,NA,NA
sample,int,interior,clipping,4,1,4,4096,410,22500770,NA,NA
sample,int,interior,clipping,4,1,5,4096,410,22534874,NA,NA
sample,int,interior,clipping,4,1,6,4096,410,23016459,NA,NA
summary,int,interior,clipping,5445.738,5501.678,5858.842
sample,int,crossing,clipping,4,1,0,4096,410,33607898,NA,NA
sample,int,crossing,clipping,4,1,1,4096,410,34497819,NA,NA
sample,int,crossing,clipping,4,1,2,4096,410,33080691,NA,NA
sample,int,crossing,clipping,4,1,3,4096,410,32986306,NA,NA
sample,int,crossing,clipping,4,1,4,4096,410,33027018,NA,NA
sample,int,crossing,clipping,4,1,5,4096,410,33034498,NA,NA
sample,int,crossing,clipping,4,1,6,4096,410,33571574,NA,NA
summary,int,crossing,clipping,8053.297,8076.341,8422.319
sample,int,boundary-only,clipping,4,1,0,4096,410,20142874,NA,NA
sample,int,boundary-only,clipping,4,1,1,4096,410,20324469,NA,NA
sample,int,boundary-only,clipping,4,1,2,4096,410,20428645,NA,NA
sample,int,boundary-only,clipping,4,1,3,4096,410,20216293,NA,NA
sample,int,boundary-only,clipping,4,1,4,4096,410,20189716,NA,NA
sample,int,boundary-only,clipping,4,1,5,4096,410,20124363,NA,NA
sample,int,boundary-only,clipping,4,1,6,4096,410,20065582,NA,NA
summary,int,boundary-only,clipping,4898.824,4929.130,4987.462
sample,int,boundary-overlap,clipping,4,1,0,4096,410,27166547,NA,NA
sample,int,boundary-overlap,clipping,4,1,1,4096,410,26889252,NA,NA
sample,int,boundary-overlap,clipping,4,1,2,4096,410,26873006,NA,NA
sample,int,boundary-overlap,clipping,4,1,3,4096,410,28120498,NA,NA
sample,int,boundary-overlap,clipping,4,1,4,4096,410,35389681,NA,NA
sample,int,boundary-overlap,clipping,4,1,5,4096,410,28474098,NA,NA
sample,int,boundary-overlap,clipping,4,1,6,4096,410,27082589,NA,NA
summary,int,boundary-overlap,clipping,6560.792,6632.458,8640.059
sample,int,isolated-tangent,clipping,4,0,0,4096,410,23467019,NA,NA
sample,int,isolated-tangent,clipping,4,0,1,4096,410,23908489,NA,NA
sample,int,isolated-tangent,clipping,4,0,2,4096,410,24119731,NA,NA
sample,int,isolated-tangent,clipping,4,0,3,4096,410,23589746,NA,NA
sample,int,isolated-tangent,clipping,4,0,4,4096,410,24485461,NA,NA
sample,int,isolated-tangent,clipping,4,0,5,4096,410,23759802,NA,NA
sample,int,isolated-tangent,clipping,4,0,6,4096,410,23475009,NA,NA
summary,int,isolated-tangent,clipping,5729.253,5800.733,5977.896
sample,int,degenerate-interior,clipping,4,0,0,16384,1639,21682479,NA,NA
sample,int,degenerate-interior,clipping,4,0,1,16384,1639,22815015,NA,NA
sample,int,degenerate-interior,clipping,4,0,2,16384,1639,22571657,NA,NA
sample,int,degenerate-interior,clipping,4,0,3,16384,1639,22438199,NA,NA
sample,int,degenerate-interior,clipping,4,0,4,16384,1639,22762362,NA,NA
sample,int,degenerate-interior,clipping,4,0,5,16384,1639,22067600,NA,NA
sample,int,degenerate-interior,clipping,4,0,6,16384,1639,22378340,NA,NA
summary,int,degenerate-interior,clipping,1323.393,1369.519,1392.518
sample,int,degenerate-boundary,clipping,4,0,0,8192,820,28406855,NA,NA
sample,int,degenerate-boundary,clipping,4,0,1,8192,820,28114970,NA,NA
sample,int,degenerate-boundary,clipping,4,0,2,8192,820,29883080,NA,NA
sample,int,degenerate-boundary,clipping,4,0,3,8192,820,28293292,NA,NA
sample,int,degenerate-boundary,clipping,4,0,4,8192,820,28439934,NA,NA
sample,int,degenerate-boundary,clipping,4,0,5,8192,820,28092351,NA,NA
sample,int,degenerate-boundary,clipping,4,0,6,8192,820,28608468,NA,NA
summary,int,degenerate-boundary,clipping,3429.242,3467.634,3647.837
sample,int,empty,clipping,0,0,0,65536,6554,8531976,NA,NA
sample,int,empty,clipping,0,0,1,65536,6554,8549558,NA,NA
sample,int,empty,clipping,0,0,2,65536,6554,8406728,NA,NA
sample,int,empty,clipping,0,0,3,65536,6554,8510296,NA,NA
sample,int,empty,clipping,0,0,4,65536,6554,8525941,NA,NA
sample,int,empty,clipping,0,0,5,65536,6554,8886227,NA,NA
sample,int,empty,clipping,0,0,6,65536,6554,8516959,NA,NA
summary,int,empty,clipping,128.276,130.096,135.593
sample,int,concave-u,clipping,8,2,0,2048,205,29944593,NA,NA
sample,int,concave-u,clipping,8,2,1,2048,205,29831411,NA,NA
sample,int,concave-u,clipping,8,2,2,2048,205,29885937,NA,NA
sample,int,concave-u,clipping,8,2,3,2048,205,39582625,NA,NA
sample,int,concave-u,clipping,8,2,4,2048,205,30931390,NA,NA
sample,int,concave-u,clipping,8,2,5,2048,205,29412538,NA,NA
sample,int,concave-u,clipping,8,2,6,2048,205,29481306,NA,NA
summary,int,concave-u,clipping,14361.591,14592.743,19327.454
sample,int,hole,clipping,8,2,0,2048,205,31412353,NA,NA
sample,int,hole,clipping,8,2,1,2048,205,32656927,NA,NA
sample,int,hole,clipping,8,2,2,2048,205,31987660,NA,NA
sample,int,hole,clipping,8,2,3,2048,205,31896834,NA,NA
sample,int,hole,clipping,8,2,4,2048,205,35554975,NA,NA
sample,int,hole,clipping,8,2,5,2048,205,32175620,NA,NA
sample,int,hole,clipping,8,2,6,2048,205,32608162,NA,NA
summary,int,hole,clipping,15338.063,15710.752,17360.828
sample,int,hole-reversed,clipping,8,2,0,2048,205,31428362,NA,NA
sample,int,hole-reversed,clipping,8,2,1,2048,205,32618309,NA,NA
sample,int,hole-reversed,clipping,8,2,2,2048,205,31206394,NA,NA
sample,int,hole-reversed,clipping,8,2,3,2048,205,30891812,NA,NA
sample,int,hole-reversed,clipping,8,2,4,2048,205,32003324,NA,NA
sample,int,hole-reversed,clipping,8,2,5,2048,205,31379503,NA,NA
sample,int,hole-reversed,clipping,8,2,6,2048,205,30760298,NA,NA
summary,int,hole-reversed,clipping,15019.677,15322.023,15926.909
sample,int,rational-crossing,clipping,3,1,0,4096,410,33328545,NA,NA
sample,int,rational-crossing,clipping,3,1,1,4096,410,34472475,NA,NA
sample,int,rational-crossing,clipping,3,1,2,4096,410,34451987,NA,NA
sample,int,rational-crossing,clipping,3,1,3,4096,410,35091129,NA,NA
sample,int,rational-crossing,clipping,3,1,4,4096,410,34928574,NA,NA
sample,int,rational-crossing,clipping,3,1,5,4096,410,34851355,NA,NA
sample,int,rational-crossing,clipping,3,1,6,4096,410,34328996,NA,NA
summary,int,rational-crossing,clipping,8136.852,8416.132,8567.170
sample,int,sparse-1,clipping,4,1,0,4096,410,33716700,NA,NA
sample,int,sparse-1,clipping,4,1,1,4096,410,34000459,NA,NA
sample,int,sparse-1,clipping,4,1,2,4096,410,33771490,NA,NA
sample,int,sparse-1,clipping,4,1,3,4096,410,34954208,NA,NA
sample,int,sparse-1,clipping,4,1,4,4096,410,34508837,NA,NA
sample,int,sparse-1,clipping,4,1,5,4096,410,33166716,NA,NA
sample,int,sparse-1,clipping,4,1,6,4096,410,34704806,NA,NA
summary,int,sparse-1,clipping,8097.343,8300.893,8533.742
sample,int,sparse-4,clipping,16,1,0,2048,205,21479773,NA,NA
sample,int,sparse-4,clipping,16,1,1,2048,205,24220429,NA,NA
sample,int,sparse-4,clipping,16,1,2,2048,205,22901285,NA,NA
sample,int,sparse-4,clipping,16,1,3,2048,205,21946122,NA,NA
sample,int,sparse-4,clipping,16,1,4,2048,205,21567686,NA,NA
sample,int,sparse-4,clipping,16,1,5,2048,205,21481721,NA,NA
sample,int,sparse-4,clipping,16,1,6,2048,205,21464091,NA,NA
summary,int,sparse-4,clipping,10480.513,10531.097,11826.381
sample,int,sparse-16,clipping,64,1,0,2048,205,29171006,NA,NA
sample,int,sparse-16,clipping,64,1,1,2048,205,30014385,NA,NA
sample,int,sparse-16,clipping,64,1,2,2048,205,28531405,NA,NA
sample,int,sparse-16,clipping,64,1,3,2048,205,28704797,NA,NA
sample,int,sparse-16,clipping,64,1,4,2048,205,28854780,NA,NA
sample,int,sparse-16,clipping,64,1,5,2048,205,28860620,NA,NA
sample,int,sparse-16,clipping,64,1,6,2048,205,28810598,NA,NA
summary,int,sparse-16,clipping,13931.350,14089.248,14655.461
sample,int,sparse-64,clipping,256,1,0,1024,103,28613735,NA,NA
sample,int,sparse-64,clipping,256,1,1,1024,103,28640932,NA,NA
sample,int,sparse-64,clipping,256,1,2,1024,103,28370236,NA,NA
sample,int,sparse-64,clipping,256,1,3,1024,103,28392210,NA,NA
sample,int,sparse-64,clipping,256,1,4,1024,103,28422652,NA,NA
sample,int,sparse-64,clipping,256,1,5,1024,103,28277649,NA,NA
sample,int,sparse-64,clipping,256,1,6,1024,103,39094995,NA,NA
summary,int,sparse-64,clipping,27614.892,27756.496,38178.706
sample,int,dense-1,clipping,4,1,0,4096,410,33990718,NA,NA
sample,int,dense-1,clipping,4,1,1,4096,410,32908659,NA,NA
sample,int,dense-1,clipping,4,1,2,4096,410,34322106,NA,NA
sample,int,dense-1,clipping,4,1,3,4096,410,33738003,NA,NA
sample,int,dense-1,clipping,4,1,4,4096,410,33293103,NA,NA
sample,int,dense-1,clipping,4,1,5,4096,410,33077517,NA,NA
sample,int,dense-1,clipping,4,1,6,4096,410,33657602,NA,NA
summary,int,dense-1,clipping,8034.341,8217.188,8379.420
sample,int,dense-4,clipping,16,4,0,1024,103,29514450,NA,NA
sample,int,dense-4,clipping,16,4,1,1024,103,28668395,NA,NA
sample,int,dense-4,clipping,16,4,2,1024,103,28493200,NA,NA
sample,int,dense-4,clipping,16,4,3,1024,103,28541463,NA,NA
sample,int,dense-4,clipping,16,4,4,1024,103,28437327,NA,NA
sample,int,dense-4,clipping,16,4,5,1024,103,28401212,NA,NA
sample,int,dense-4,clipping,16,4,6,1024,103,29752075,NA,NA
summary,int,dense-4,clipping,27735.559,27872.522,29054.761
sample,int,dense-16,clipping,64,16,0,256,26,37869953,NA,NA
sample,int,dense-16,clipping,64,16,1,256,26,37679472,NA,NA
sample,int,dense-16,clipping,64,16,2,256,26,37495106,NA,NA
sample,int,dense-16,clipping,64,16,3,256,26,38248650,NA,NA
sample,int,dense-16,clipping,64,16,4,256,26,37359329,NA,NA
sample,int,dense-16,clipping,64,16,5,256,26,37398965,NA,NA
sample,int,dense-16,clipping,64,16,6,256,26,37619246,NA,NA
summary,int,dense-16,clipping,145934.879,146950.180,149408.789
sample,int,dense-64,clipping,256,64,0,64,7,39692369,NA,NA
sample,int,dense-64,clipping,256,64,1,64,7,40190509,NA,NA
sample,int,dense-64,clipping,256,64,2,64,7,39303695,NA,NA
sample,int,dense-64,clipping,256,64,3,64,7,39566299,NA,NA
sample,int,dense-64,clipping,256,64,4,64,7,40386294,NA,NA
sample,int,dense-64,clipping,256,64,5,64,7,39601299,NA,NA
sample,int,dense-64,clipping,256,64,6,64,7,39656824,NA,NA
summary,int,dense-64,clipping,614120.234,619637.875,631035.844
sample,int,wide-integral,clipping,4,1,0,4096,410,34663135,NA,NA
sample,int,wide-integral,clipping,4,1,1,4096,410,34244212,NA,NA
sample,int,wide-integral,clipping,4,1,2,4096,410,33955868,NA,NA
sample,int,wide-integral,clipping,4,1,3,4096,410,34173946,NA,NA
sample,int,wide-integral,clipping,4,1,4,4096,410,34099515,NA,NA
sample,int,wide-integral,clipping,4,1,5,4096,410,33942061,NA,NA
sample,int,wide-integral,clipping,4,1,6,4096,410,34754084,NA,NA
summary,int,wide-integral,clipping,8286.636,8343.249,8484.884
sample,long,exterior,clipping,4,0,0,65536,6554,8720068,NA,NA
sample,long,exterior,clipping,4,0,1,65536,6554,8629845,NA,NA
sample,long,exterior,clipping,4,0,2,65536,6554,8689976,NA,NA
sample,long,exterior,clipping,4,0,3,65536,6554,8833172,NA,NA
sample,long,exterior,clipping,4,0,4,65536,6554,8896996,NA,NA
sample,long,exterior,clipping,4,0,5,65536,6554,8763734,NA,NA
sample,long,exterior,clipping,4,0,6,65536,6554,8842074,NA,NA
summary,long,exterior,clipping,131.681,133.724,135.757
sample,long,interior,clipping,4,1,0,4096,410,23165557,NA,NA
sample,long,interior,clipping,4,1,1,4096,410,23820212,NA,NA
sample,long,interior,clipping,4,1,2,4096,410,23140058,NA,NA
sample,long,interior,clipping,4,1,3,4096,410,22556320,NA,NA
sample,long,interior,clipping,4,1,4,4096,410,22984581,NA,NA
sample,long,interior,clipping,4,1,5,4096,410,22563464,NA,NA
sample,long,interior,clipping,4,1,6,4096,410,22539909,NA,NA
summary,long,interior,clipping,5502.907,5611.470,5815.481
sample,long,crossing,clipping,4,1,0,4096,410,34993330,NA,NA
sample,long,crossing,clipping,4,1,1,4096,410,43139505,NA,NA
sample,long,crossing,clipping,4,1,2,4096,410,34697232,NA,NA
sample,long,crossing,clipping,4,1,3,4096,410,34085570,NA,NA
sample,long,crossing,clipping,4,1,4,4096,410,33892438,NA,NA
sample,long,crossing,clipping,4,1,5,4096,410,34748799,NA,NA
sample,long,crossing,clipping,4,1,6,4096,410,34685179,NA,NA
summary,long,crossing,clipping,8274.521,8471.004,10532.106
sample,long,boundary-only,clipping,4,1,0,4096,410,21915098,NA,NA
sample,long,boundary-only,clipping,4,1,1,4096,410,20796805,NA,NA
sample,long,boundary-only,clipping,4,1,2,4096,410,20105520,NA,NA
sample,long,boundary-only,clipping,4,1,3,4096,410,20254235,NA,NA
sample,long,boundary-only,clipping,4,1,4,4096,410,20472128,NA,NA
sample,long,boundary-only,clipping,4,1,5,4096,410,22853442,NA,NA
sample,long,boundary-only,clipping,4,1,6,4096,410,20729425,NA,NA
summary,long,boundary-only,clipping,4908.574,5060.895,5579.454
sample,long,boundary-overlap,clipping,4,1,0,4096,410,27938571,NA,NA
sample,long,boundary-overlap,clipping,4,1,1,4096,410,27718635,NA,NA
sample,long,boundary-overlap,clipping,4,1,2,4096,410,27589013,NA,NA
sample,long,boundary-overlap,clipping,4,1,3,4096,410,27210119,NA,NA
sample,long,boundary-overlap,clipping,4,1,4,4096,410,28553794,NA,NA
sample,long,boundary-overlap,clipping,4,1,5,4096,410,27341914,NA,NA
sample,long,boundary-overlap,clipping,4,1,6,4096,410,27015471,NA,NA
summary,long,boundary-overlap,clipping,6595.574,6735.599,6971.141
sample,long,isolated-tangent,clipping,4,0,0,4096,410,23661810,NA,NA
sample,long,isolated-tangent,clipping,4,0,1,4096,410,23046356,NA,NA
sample,long,isolated-tangent,clipping,4,0,2,4096,410,23611025,NA,NA
sample,long,isolated-tangent,clipping,4,0,3,4096,410,25043793,NA,NA
sample,long,isolated-tangent,clipping,4,0,4,4096,410,23517540,NA,NA
sample,long,isolated-tangent,clipping,4,0,5,4096,410,23481195,NA,NA
sample,long,isolated-tangent,clipping,4,0,6,4096,410,23736097,NA,NA
summary,long,isolated-tangent,clipping,5626.552,5764.410,6114.207
sample,long,degenerate-interior,clipping,4,0,0,16384,1639,21924199,NA,NA
sample,long,degenerate-interior,clipping,4,0,1,16384,1639,21868910,NA,NA
sample,long,degenerate-interior,clipping,4,0,2,16384,1639,22983063,NA,NA
sample,long,degenerate-interior,clipping,4,0,3,16384,1639,21667626,NA,NA
sample,long,degenerate-interior,clipping,4,0,4,16384,1639,24170117,NA,NA
sample,long,degenerate-interior,clipping,4,0,5,16384,1639,28452850,NA,NA
sample,long,degenerate-interior,clipping,4,0,6,16384,1639,21675467,NA,NA
summary,long,degenerate-interior,clipping,1322.487,1338.147,1736.624
sample,long,degenerate-boundary,clipping,4,0,0,8192,820,28839276,NA,NA
sample,long,degenerate-boundary,clipping,4,0,1,8192,820,29663925,NA,NA
sample,long,degenerate-boundary,clipping,4,0,2,8192,820,28269029,NA,NA
sample,long,degenerate-boundary,clipping,4,0,3,8192,820,28465608,NA,NA
sample,long,degenerate-boundary,clipping,4,0,4,8192,820,28361431,NA,NA
sample,long,degenerate-boundary,clipping,4,0,5,8192,820,28810242,NA,NA
sample,long,degenerate-boundary,clipping,4,0,6,8192,820,28405126,NA,NA
summary,long,degenerate-boundary,clipping,3450.809,3474.806,3621.085
sample,long,empty,clipping,0,0,0,65536,6554,8843849,NA,NA
sample,long,empty,clipping,0,0,1,65536,6554,8474471,NA,NA
sample,long,empty,clipping,0,0,2,65536,6554,9698054,NA,NA
sample,long,empty,clipping,0,0,3,65536,6554,8545833,NA,NA
sample,long,empty,clipping,0,0,4,65536,6554,8343885,NA,NA
sample,long,empty,clipping,0,0,5,65536,6554,8509088,NA,NA
sample,long,empty,clipping,0,0,6,65536,6554,8459334,NA,NA
summary,long,empty,clipping,127.318,129.838,147.981
sample,long,concave-u,clipping,8,2,0,2048,205,29998650,NA,NA
sample,long,concave-u,clipping,8,2,1,2048,205,29763882,NA,NA
sample,long,concave-u,clipping,8,2,2,2048,205,29825499,NA,NA
sample,long,concave-u,clipping,8,2,3,2048,205,31228019,NA,NA
sample,long,concave-u,clipping,8,2,4,2048,205,30091193,NA,NA
sample,long,concave-u,clipping,8,2,5,2048,205,30671931,NA,NA
sample,long,concave-u,clipping,8,2,6,2048,205,32019789,NA,NA
summary,long,concave-u,clipping,14533.146,14692.965,15634.663
sample,long,hole,clipping,8,2,0,2048,205,33541601,NA,NA
sample,long,hole,clipping,8,2,1,2048,205,32803019,NA,NA
sample,long,hole,clipping,8,2,2,2048,205,31898374,NA,NA
sample,long,hole,clipping,8,2,3,2048,205,31599590,NA,NA
sample,long,hole,clipping,8,2,4,2048,205,31424167,NA,NA
sample,long,hole,clipping,8,2,5,2048,205,31373970,NA,NA
sample,long,hole,clipping,8,2,6,2048,205,33201842,NA,NA
summary,long,hole,clipping,15319.321,15575.378,16377.735
sample,long,hole-reversed,clipping,8,2,0,2048,205,31276834,NA,NA
sample,long,hole-reversed,clipping,8,2,1,2048,205,31411075,NA,NA
sample,long,hole-reversed,clipping,8,2,2,2048,205,30794244,NA,NA
sample,long,hole-reversed,clipping,8,2,3,2048,205,31904025,NA,NA
sample,long,hole-reversed,clipping,8,2,4,2048,205,31136021,NA,NA
sample,long,hole-reversed,clipping,8,2,5,2048,205,30625686,NA,NA
sample,long,hole-reversed,clipping,8,2,6,2048,205,30644350,NA,NA
summary,long,hole-reversed,clipping,14953.948,15203.135,15578.137
sample,long,rational-crossing,clipping,3,1,0,4096,410,35710406,NA,NA
sample,long,rational-crossing,clipping,3,1,1,4096,410,34167166,NA,NA
sample,long,rational-crossing,clipping,3,1,2,4096,410,33975026,NA,NA
sample,long,rational-crossing,clipping,3,1,3,4096,410,34012303,NA,NA
sample,long,rational-crossing,clipping,3,1,4,4096,410,33750834,NA,NA
sample,long,rational-crossing,clipping,3,1,5,4096,410,33259988,NA,NA
sample,long,rational-crossing,clipping,3,1,6,4096,410,35224884,NA,NA
summary,long,rational-crossing,clipping,8120.114,8303.785,8718.361
sample,long,sparse-1,clipping,4,1,0,4096,410,34040279,NA,NA
sample,long,sparse-1,clipping,4,1,1,4096,410,33710830,NA,NA
sample,long,sparse-1,clipping,4,1,2,4096,410,34173631,NA,NA
sample,long,sparse-1,clipping,4,1,3,4096,410,34608056,NA,NA
sample,long,sparse-1,clipping,4,1,4,4096,410,33084010,NA,NA
sample,long,sparse-1,clipping,4,1,5,4096,410,33068366,NA,NA
sample,long,sparse-1,clipping,4,1,6,4096,410,33358176,NA,NA
summary,long,sparse-1,clipping,8073.332,8230.183,8449.232
sample,long,sparse-4,clipping,16,1,0,2048,205,21687905,NA,NA
sample,long,sparse-4,clipping,16,1,1,2048,205,22167075,NA,NA
sample,long,sparse-4,clipping,16,1,2,2048,205,22322078,NA,NA
sample,long,sparse-4,clipping,16,1,3,2048,205,21325099,NA,NA
sample,long,sparse-4,clipping,16,1,4,2048,205,21434123,NA,NA
sample,long,sparse-4,clipping,16,1,5,2048,205,31082368,NA,NA
sample,long,sparse-4,clipping,16,1,6,2048,205,21783894,NA,NA
summary,long,sparse-4,clipping,10412.646,10636.667,15176.938
sample,long,sparse-16,clipping,64,1,0,2048,205,30240043,NA,NA
sample,long,sparse-16,clipping,64,1,1,2048,205,28865905,NA,NA
sample,long,sparse-16,clipping,64,1,2,2048,205,28812477,NA,NA
sample,long,sparse-16,clipping,64,1,3,2048,205,29053062,NA,NA
sample,long,sparse-16,clipping,64,1,4,2048,205,28850852,NA,NA
sample,long,sparse-16,clipping,64,1,5,2048,205,29343313,NA,NA
sample,long,sparse-16,clipping,64,1,6,2048,205,29312735,NA,NA
summary,long,sparse-16,clipping,14068.592,14186.065,14765.646
sample,long,sparse-64,clipping,256,1,0,1024,103,28113119,NA,NA
sample,long,sparse-64,clipping,256,1,1,1024,103,28490002,NA,NA
sample,long,sparse-64,clipping,256,1,2,1024,103,28413442,NA,NA
sample,long,sparse-64,clipping,256,1,3,1024,103,27957162,NA,NA
sample,long,sparse-64,clipping,256,1,4,1024,103,28798289,NA,NA
sample,long,sparse-64,clipping,256,1,5,1024,103,29888259,NA,NA
sample,long,sparse-64,clipping,256,1,6,1024,103,27993826,NA,NA
summary,long,sparse-64,clipping,27301.916,27747.502,29187.753
sample,long,dense-1,clipping,4,1,0,4096,410,35016717,NA,NA
sample,long,dense-1,clipping,4,1,1,4096,410,34464381,NA,NA
sample,long,dense-1,clipping,4,1,2,4096,410,34606621,NA,NA
sample,long,dense-1,clipping,4,1,3,4096,410,33313769,NA,NA
sample,long,dense-1,clipping,4,1,4,4096,410,33239991,NA,NA
sample,long,dense-1,clipping,4,1,5,4096,410,33328516,NA,NA
sample,long,dense-1,clipping,4,1,6,4096,410,33555293,NA,NA
summary,long,dense-1,clipping,8115.232,8192.210,8549.003
sample,long,dense-4,clipping,16,4,0,1024,103,29025684,NA,NA
sample,long,dense-4,clipping,16,4,1,1024,103,28989728,NA,NA
sample,long,dense-4,clipping,16,4,2,1024,103,38915516,NA,NA
sample,long,dense-4,clipping,16,4,3,1024,103,29361896,NA,NA
sample,long,dense-4,clipping,16,4,4,1024,103,28712904,NA,NA
sample,long,dense-4,clipping,16,4,5,1024,103,31427496,NA,NA
sample,long,dense-4,clipping,16,4,6,1024,103,28885184,NA,NA
summary,long,dense-4,clipping,28039.945,28345.395,38003.434
sample,long,dense-16,clipping,64,16,0,256,26,37891904,NA,NA
sample,long,dense-16,clipping,64,16,1,256,26,41586104,NA,NA
sample,long,dense-16,clipping,64,16,2,256,26,37975094,NA,NA
sample,long,dense-16,clipping,64,16,3,256,26,38022147,NA,NA
sample,long,dense-16,clipping,64,16,4,256,26,38918032,NA,NA
sample,long,dense-16,clipping,64,16,5,256,26,38804530,NA,NA
sample,long,dense-16,clipping,64,16,6,256,26,37939792,NA,NA
summary,long,dense-16,clipping,148015.250,148524.012,162445.719
sample,long,dense-64,clipping,256,64,0,64,7,40373896,NA,NA
sample,long,dense-64,clipping,256,64,1,64,7,40015051,NA,NA
sample,long,dense-64,clipping,256,64,2,64,7,39844808,NA,NA
sample,long,dense-64,clipping,256,64,3,64,7,40637618,NA,NA
sample,long,dense-64,clipping,256,64,4,64,7,39773350,NA,NA
sample,long,dense-64,clipping,256,64,5,64,7,40159202,NA,NA
sample,long,dense-64,clipping,256,64,6,64,7,40160648,NA,NA
summary,long,dense-64,clipping,621458.594,627487.531,634962.781
sample,float,exterior,clipping,4,0,0,65536,6554,9369153,NA,NA
sample,float,exterior,clipping,4,0,1,65536,6554,8648032,NA,NA
sample,float,exterior,clipping,4,0,2,65536,6554,9979367,NA,NA
sample,float,exterior,clipping,4,0,3,65536,6554,8664402,NA,NA
sample,float,exterior,clipping,4,0,4,65536,6554,9048210,NA,NA
sample,float,exterior,clipping,4,0,5,65536,6554,8590056,NA,NA
sample,float,exterior,clipping,4,0,6,65536,6554,8787172,NA,NA
summary,float,exterior,clipping,131.074,134.082,152.273
sample,float,interior,clipping,4,1,0,4096,410,23163353,NA,NA
sample,float,interior,clipping,4,1,1,4096,410,32523539,NA,NA
sample,float,interior,clipping,4,1,2,4096,410,22729321,NA,NA
sample,float,interior,clipping,4,1,3,4096,410,22780114,NA,NA
sample,float,interior,clipping,4,1,4,4096,410,24206928,NA,NA
sample,float,interior,clipping,4,1,5,4096,410,23031046,NA,NA
sample,float,interior,clipping,4,1,6,4096,410,22633861,NA,NA
summary,float,interior,clipping,5525.845,5622.814,7940.317
sample,float,crossing,clipping,4,1,0,4096,410,33775017,NA,NA
sample,float,crossing,clipping,4,1,1,4096,410,33639724,NA,NA
sample,float,crossing,clipping,4,1,2,4096,410,35629947,NA,NA
sample,float,crossing,clipping,4,1,3,4096,410,34089990,NA,NA
sample,float,crossing,clipping,4,1,4,4096,410,33668508,NA,NA
sample,float,crossing,clipping,4,1,5,4096,410,33679619,NA,NA
sample,float,crossing,clipping,4,1,6,4096,410,33498216,NA,NA
summary,float,crossing,clipping,8178.275,8222.563,8698.718
sample,float,boundary-only,clipping,4,1,0,4096,410,20150380,NA,NA
sample,float,boundary-only,clipping,4,1,1,4096,410,19790016,NA,NA
sample,float,boundary-only,clipping,4,1,2,4096,410,19997930,NA,NA
sample,float,boundary-only,clipping,4,1,3,4096,410,20138031,NA,NA
sample,float,boundary-only,clipping,4,1,4,4096,410,20151595,NA,NA
sample,float,boundary-only,clipping,4,1,5,4096,410,19918683,NA,NA
sample,float,boundary-only,clipping,4,1,6,4096,410,20209340,NA,NA
summary,float,boundary-only,clipping,4831.547,4916.511,4933.921
sample,float,boundary-overlap,clipping,4,1,0,4096,410,27386101,NA,NA
sample,float,boundary-overlap,clipping,4,1,1,4096,410,26739942,NA,NA
sample,float,boundary-overlap,clipping,4,1,2,4096,410,26990922,NA,NA
sample,float,boundary-overlap,clipping,4,1,3,4096,410,27276701,NA,NA
sample,float,boundary-overlap,clipping,4,1,4,4096,410,27055502,NA,NA
sample,float,boundary-overlap,clipping,4,1,5,4096,410,27898149,NA,NA
sample,float,boundary-overlap,clipping,4,1,6,4096,410,28779950,NA,NA
summary,float,boundary-overlap,clipping,6528.306,6659.351,7026.355
sample,float,isolated-tangent,clipping,4,0,0,4096,410,23240315,NA,NA
sample,float,isolated-tangent,clipping,4,0,1,4096,410,23767581,NA,NA
sample,float,isolated-tangent,clipping,4,0,2,4096,410,23768244,NA,NA
sample,float,isolated-tangent,clipping,4,0,3,4096,410,33202549,NA,NA
sample,float,isolated-tangent,clipping,4,0,4,4096,410,23397193,NA,NA
sample,float,isolated-tangent,clipping,4,0,5,4096,410,24989522,NA,NA
sample,float,isolated-tangent,clipping,4,0,6,4096,410,23682897,NA,NA
summary,float,isolated-tangent,clipping,5673.905,5802.632,8106.091
sample,float,degenerate-interior,clipping,4,0,0,16384,1639,21617526,NA,NA
sample,float,degenerate-interior,clipping,4,0,1,16384,1639,21321842,NA,NA
sample,float,degenerate-interior,clipping,4,0,2,16384,1639,21879436,NA,NA
sample,float,degenerate-interior,clipping,4,0,3,16384,1639,21326303,NA,NA
sample,float,degenerate-interior,clipping,4,0,4,16384,1639,21604891,NA,NA
sample,float,degenerate-interior,clipping,4,0,5,16384,1639,23492902,NA,NA
sample,float,degenerate-interior,clipping,4,0,6,16384,1639,21734791,NA,NA
summary,float,degenerate-interior,clipping,1301.382,1319.429,1433.893
sample,float,degenerate-boundary,clipping,4,0,0,8192,820,28761756,NA,NA
sample,float,degenerate-boundary,clipping,4,0,1,8192,820,28812526,NA,NA
sample,float,degenerate-boundary,clipping,4,0,2,8192,820,28464824,NA,NA
sample,float,degenerate-boundary,clipping,4,0,3,8192,820,29830909,NA,NA
sample,float,degenerate-boundary,clipping,4,0,4,8192,820,28563234,NA,NA
sample,float,degenerate-boundary,clipping,4,0,5,8192,820,28304538,NA,NA
sample,float,degenerate-boundary,clipping,4,0,6,8192,820,28633677,NA,NA
summary,float,degenerate-boundary,clipping,3455.144,3495.322,3641.468
sample,float,empty,clipping,0,0,0,65536,6554,8466417,NA,NA
sample,float,empty,clipping,0,0,1,65536,6554,8401598,NA,NA
sample,float,empty,clipping,0,0,2,65536,6554,8465682,NA,NA
sample,float,empty,clipping,0,0,3,65536,6554,8394797,NA,NA
sample,float,empty,clipping,0,0,4,65536,6554,8456032,NA,NA
sample,float,empty,clipping,0,0,5,65536,6554,8397612,NA,NA
sample,float,empty,clipping,0,0,6,65536,6554,8489419,NA,NA
summary,float,empty,clipping,128.094,129.029,129.538
sample,float,concave-u,clipping,8,2,0,2048,205,29641422,NA,NA
sample,float,concave-u,clipping,8,2,1,2048,205,29734884,NA,NA
sample,float,concave-u,clipping,8,2,2,2048,205,29684108,NA,NA
sample,float,concave-u,clipping,8,2,3,2048,205,29690727,NA,NA
sample,float,concave-u,clipping,8,2,4,2048,205,29148872,NA,NA
sample,float,concave-u,clipping,8,2,5,2048,205,31733036,NA,NA
sample,float,concave-u,clipping,8,2,6,2048,205,29391873,NA,NA
summary,float,concave-u,clipping,14232.848,14494.193,15494.646
sample,float,hole,clipping,8,2,0,2048,205,32291672,NA,NA
sample,float,hole,clipping,8,2,1,2048,205,40744190,NA,NA
sample,float,hole,clipping,8,2,2,2048,205,33176403,NA,NA
sample,float,hole,clipping,8,2,3,2048,205,31687273,NA,NA
sample,float,hole,clipping,8,2,4,2048,205,31514770,NA,NA
sample,float,hole,clipping,8,2,5,2048,205,32792157,NA,NA
sample,float,hole,clipping,8,2,6,2048,205,31580145,NA,NA
summary,float,hole,clipping,15388.071,15767.418,19894.624
sample,float,hole-reversed,clipping,8,2,0,2048,205,31153241,NA,NA
sample,float,hole-reversed,clipping,8,2,1,2048,205,30836012,NA,NA
sample,float,hole-reversed,clipping,8,2,2,2048,205,30787173,NA,NA
sample,float,hole-reversed,clipping,8,2,3,2048,205,30925782,NA,NA
sample,float,hole-reversed,clipping,8,2,4,2048,205,30715347,NA,NA
sample,float,hole-reversed,clipping,8,2,5,2048,205,31441857,NA,NA
sample,float,hole-reversed,clipping,8,2,6,2048,205,31921564,NA,NA
summary,float,hole-reversed,clipping,14997.728,15100.479,15586.701
sample,float,rational-crossing,clipping,3,1,0,4096,410,34406970,NA,NA
sample,float,rational-crossing,clipping,3,1,1,4096,410,33770409,NA,NA
sample,float,rational-crossing,clipping,3,1,2,4096,410,34210081,NA,NA
sample,float,rational-crossing,clipping,3,1,3,4096,410,35216808,NA,NA
sample,float,rational-crossing,clipping,3,1,4,4096,410,34189539,NA,NA
sample,float,rational-crossing,clipping,3,1,5,4096,410,33824169,NA,NA
sample,float,rational-crossing,clipping,3,1,6,4096,410,34205403,NA,NA
summary,float,rational-crossing,clipping,8244.729,8350.928,8597.854
sample,float,sparse-1,clipping,4,1,0,4096,410,34252302,NA,NA
sample,float,sparse-1,clipping,4,1,1,4096,410,33673759,NA,NA
sample,float,sparse-1,clipping,4,1,2,4096,410,33855677,NA,NA
sample,float,sparse-1,clipping,4,1,3,4096,410,34016405,NA,NA
sample,float,sparse-1,clipping,4,1,4,4096,410,44320736,NA,NA
sample,float,sparse-1,clipping,4,1,5,4096,410,35100117,NA,NA
sample,float,sparse-1,clipping,4,1,6,4096,410,33695288,NA,NA
summary,float,sparse-1,clipping,8221.133,8304.786,10820.492
sample,float,sparse-4,clipping,16,1,0,2048,205,21640236,NA,NA
sample,float,sparse-4,clipping,16,1,1,2048,205,21589934,NA,NA
sample,float,sparse-4,clipping,16,1,2,2048,205,21559072,NA,NA
sample,float,sparse-4,clipping,16,1,3,2048,205,21536283,NA,NA
sample,float,sparse-4,clipping,16,1,4,2048,205,23253354,NA,NA
sample,float,sparse-4,clipping,16,1,5,2048,205,22919110,NA,NA
sample,float,sparse-4,clipping,16,1,6,2048,205,22818452,NA,NA
summary,float,sparse-4,clipping,10515.763,10566.521,11354.177
sample,float,sparse-16,clipping,64,1,0,2048,205,29722459,NA,NA
sample,float,sparse-16,clipping,64,1,1,2048,205,29490580,NA,NA
sample,float,sparse-16,clipping,64,1,2,2048,205,30882222,NA,NA
sample,float,sparse-16,clipping,64,1,3,2048,205,29473028,NA,NA
sample,float,sparse-16,clipping,64,1,4,2048,205,29148273,NA,NA
sample,float,sparse-16,clipping,64,1,5,2048,205,29037009,NA,NA
sample,float,sparse-16,clipping,64,1,6,2048,205,29031567,NA,NA
summary,float,sparse-16,clipping,14175.570,14391.127,15079.210
sample,float,sparse-64,clipping,256,1,0,1024,103,28815262,NA,NA
sample,float,sparse-64,clipping,256,1,1,1024,103,28235772,NA,NA
sample,float,sparse-64,clipping,256,1,2,1024,103,28469347,NA,NA
sample,float,sparse-64,clipping,256,1,3,1024,103,28377047,NA,NA
sample,float,sparse-64,clipping,256,1,4,1024,103,28131237,NA,NA
sample,float,sparse-64,clipping,256,1,5,1024,103,28342440,NA,NA
sample,float,sparse-64,clipping,256,1,6,1024,103,28791953,NA,NA
summary,float,sparse-64,clipping,27471.911,27711.960,28139.904
sample,float,dense-1,clipping,4,1,0,4096,410,33858682,NA,NA
sample,float,dense-1,clipping,4,1,1,4096,410,34229969,NA,NA
sample,float,dense-1,clipping,4,1,2,4096,410,34096603,NA,NA
sample,float,dense-1,clipping,4,1,3,4096,410,44457794,NA,NA
sample,float,dense-1,clipping,4,1,4,4096,410,34006424,NA,NA
sample,float,dense-1,clipping,4,1,5,4096,410,40921060,NA,NA
sample,float,dense-1,clipping,4,1,6,4096,410,34000659,NA,NA
summary,float,dense-1,clipping,8266.280,8324.366,10853.954
sample,float,dense-4,clipping,16,4,0,1024,103,30612768,NA,NA
sample,float,dense-4,clipping,16,4,1,1024,103,29285452,NA,NA
sample,float,dense-4,clipping,16,4,2,1024,103,29202061,NA,NA
sample,float,dense-4,clipping,16,4,3,1024,103,28903951,NA,NA
sample,float,dense-4,clipping,16,4,4,1024,103,28968585,NA,NA
sample,float,dense-4,clipping,16,4,5,1024,103,28899830,NA,NA
sample,float,dense-4,clipping,16,4,6,1024,103,28574255,NA,NA
summary,float,dense-4,clipping,27904.546,28289.634,29895.281
sample,float,dense-16,clipping,64,16,0,256,26,37782308,NA,NA
sample,float,dense-16,clipping,64,16,1,256,26,38128583,NA,NA
sample,float,dense-16,clipping,64,16,2,256,26,37677745,NA,NA
sample,float,dense-16,clipping,64,16,3,256,26,38430757,NA,NA
sample,float,dense-16,clipping,64,16,4,256,26,37423862,NA,NA
sample,float,dense-16,clipping,64,16,5,256,26,37706463,NA,NA
sample,float,dense-16,clipping,64,16,6,256,26,37937198,NA,NA
summary,float,dense-16,clipping,146186.961,147587.141,150120.145
sample,float,dense-64,clipping,256,64,0,32,4,20028125,NA,NA
sample,float,dense-64,clipping,256,64,1,32,4,20438010,NA,NA
sample,float,dense-64,clipping,256,64,2,32,4,19754849,NA,NA
sample,float,dense-64,clipping,256,64,3,32,4,19706900,NA,NA
sample,float,dense-64,clipping,256,64,4,32,4,19806864,NA,NA
sample,float,dense-64,clipping,256,64,5,32,4,20321566,NA,NA
sample,float,dense-64,clipping,256,64,6,32,4,19976174,NA,NA
summary,float,dense-64,clipping,615840.625,624255.438,638687.812
sample,float,subnormal,clipping,4,1,0,4096,410,44963999,NA,NA
sample,float,subnormal,clipping,4,1,1,4096,410,34143085,NA,NA
sample,float,subnormal,clipping,4,1,2,4096,410,34064433,NA,NA
sample,float,subnormal,clipping,4,1,3,4096,410,34225278,NA,NA
sample,float,subnormal,clipping,4,1,4,4096,410,34123003,NA,NA
sample,float,subnormal,clipping,4,1,5,4096,410,33860056,NA,NA
sample,float,subnormal,clipping,4,1,6,4096,410,35463966,NA,NA
summary,float,subnormal,clipping,8266.615,8335.714,10977.539
sample,float,large-finite,clipping,4,1,0,4096,410,34280235,NA,NA
sample,float,large-finite,clipping,4,1,1,4096,410,33916503,NA,NA
sample,float,large-finite,clipping,4,1,2,4096,410,34749794,NA,NA
sample,float,large-finite,clipping,4,1,3,4096,410,34015928,NA,NA
sample,float,large-finite,clipping,4,1,4,4096,410,33676203,NA,NA
sample,float,large-finite,clipping,4,1,5,4096,410,33910452,NA,NA
sample,float,large-finite,clipping,4,1,6,4096,410,34121615,NA,NA
summary,float,large-finite,clipping,8221.729,8304.670,8483.836
sample,double,exterior,clipping,4,0,0,65536,6554,8756883,NA,NA
sample,double,exterior,clipping,4,0,1,65536,6554,8722912,NA,NA
sample,double,exterior,clipping,4,0,2,65536,6554,9142638,NA,NA
sample,double,exterior,clipping,4,0,3,65536,6554,8661772,NA,NA
sample,double,exterior,clipping,4,0,4,65536,6554,9734596,NA,NA
sample,double,exterior,clipping,4,0,5,65536,6554,8553796,NA,NA
sample,double,exterior,clipping,4,0,6,65536,6554,8765209,NA,NA
summary,double,exterior,clipping,130.521,133.619,148.538
sample,double,interior,clipping,4,1,0,4096,410,23087332,NA,NA
sample,double,interior,clipping,4,1,1,4096,410,23082445,NA,NA
sample,double,interior,clipping,4,1,2,4096,410,23258290,NA,NA
sample,double,interior,clipping,4,1,3,4096,410,23173511,NA,NA
sample,double,interior,clipping,4,1,4,4096,410,22410308,NA,NA
sample,double,interior,clipping,4,1,5,4096,410,23736563,NA,NA
sample,double,interior,clipping,4,1,6,4096,410,22813919,NA,NA
summary,double,interior,clipping,5471.267,5636.556,5795.059
sample,double,crossing,clipping,4,1,0,4096,410,34333129,NA,NA
sample,double,crossing,clipping,4,1,1,4096,410,33999611,NA,NA
sample,double,crossing,clipping,4,1,2,4096,410,34943047,NA,NA
sample,double,crossing,clipping,4,1,3,4096,410,43203148,NA,NA
sample,double,crossing,clipping,4,1,4,4096,410,33624489,NA,NA
sample,double,crossing,clipping,4,1,5,4096,410,33482606,NA,NA
sample,double,crossing,clipping,4,1,6,4096,410,33728804,NA,NA
summary,double,crossing,clipping,8174.464,8300.686,10547.644
sample,double,boundary-only,clipping,4,1,0,4096,410,21404868,NA,NA
sample,double,boundary-only,clipping,4,1,1,4096,410,20989188,NA,NA
sample,double,boundary-only,clipping,4,1,2,4096,410,20416348,NA,NA
sample,double,boundary-only,clipping,4,1,3,4096,410,20667715,NA,NA
sample,double,boundary-only,clipping,4,1,4,4096,410,20871018,NA,NA
sample,double,boundary-only,clipping,4,1,5,4096,410,20749012,NA,NA
sample,double,boundary-only,clipping,4,1,6,4096,410,20802585,NA,NA
summary,double,boundary-only,clipping,4984.460,5078.756,5225.798
sample,double,boundary-overlap,clipping,4,1,0,4096,410,28103546,NA,NA
sample,double,boundary-overlap,clipping,4,1,1,4096,410,27382850,NA,NA
sample,double,boundary-overlap,clipping,4,1,2,4096,410,27208293,NA,NA
sample,double,boundary-overlap,clipping,4,1,3,4096,410,27301642,NA,NA
sample,double,boundary-overlap,clipping,4,1,4,4096,410,27582620,NA,NA
sample,double,boundary-overlap,clipping,4,1,5,4096,410,27427320,NA,NA
sample,double,boundary-overlap,clipping,4,1,6,4096,410,27984054,NA,NA
summary,double,boundary-overlap,clipping,6642.650,6696.123,6861.217
sample,double,isolated-tangent,clipping,4,0,0,4096,410,23801476,NA,NA
sample,double,isolated-tangent,clipping,4,0,1,4096,410,23989775,NA,NA
sample,double,isolated-tangent,clipping,4,0,2,4096,410,23841410,NA,NA
sample,double,isolated-tangent,clipping,4,0,3,4096,410,24155361,NA,NA
sample,double,isolated-tangent,clipping,4,0,4,4096,410,23581035,NA,NA
sample,double,isolated-tangent,clipping,4,0,5,4096,410,23665074,NA,NA
sample,double,isolated-tangent,clipping,4,0,6,4096,410,24496357,NA,NA
summary,double,isolated-tangent,clipping,5757.089,5820.657,5980.556
sample,double,degenerate-interior,clipping,4,0,0,16384,1639,21925385,NA,NA
sample,double,degenerate-interior,clipping,4,0,1,16384,1639,21994055,NA,NA
sample,double,degenerate-interior,clipping,4,0,2,16384,1639,22061695,NA,NA
sample,double,degenerate-interior,clipping,4,0,3,16384,1639,22009370,NA,NA
sample,double,degenerate-interior,clipping,4,0,4,16384,1639,21436351,NA,NA
sample,double,degenerate-interior,clipping,4,0,5,16384,1639,21889527,NA,NA
sample,double,degenerate-interior,clipping,4,0,6,16384,1639,23731094,NA,NA
summary,double,degenerate-interior,clipping,1308.371,1342.411,1448.431
sample,double,degenerate-boundary,clipping,4,0,0,4096,410,14233495,NA,NA
sample,double,degenerate-boundary,clipping,4,0,1,4096,410,14423190,NA,NA
sample,double,degenerate-boundary,clipping,4,0,2,4096,410,14252841,NA,NA
sample,double,degenerate-boundary,clipping,4,0,3,4096,410,14301789,NA,NA
sample,double,degenerate-boundary,clipping,4,0,4,4096,410,14381997,NA,NA
sample,double,degenerate-boundary,clipping,4,0,5,4096,410,14326444,NA,NA
sample,double,degenerate-boundary,clipping,4,0,6,4096,410,14331377,NA,NA
summary,double,degenerate-boundary,clipping,3474.974,3497.667,3521.287
sample,double,empty,clipping,0,0,0,65536,6554,8273046,NA,NA
sample,double,empty,clipping,0,0,1,65536,6554,8380335,NA,NA
sample,double,empty,clipping,0,0,2,65536,6554,9070409,NA,NA
sample,double,empty,clipping,0,0,3,65536,6554,9251711,NA,NA
sample,double,empty,clipping,0,0,4,65536,6554,8541626,NA,NA
sample,double,empty,clipping,0,0,5,65536,6554,8377326,NA,NA
sample,double,empty,clipping,0,0,6,65536,6554,8362938,NA,NA
summary,double,empty,clipping,126.237,127.874,141.170
sample,double,concave-u,clipping,8,2,0,2048,205,29821917,NA,NA
sample,double,concave-u,clipping,8,2,1,2048,205,29557914,NA,NA
sample,double,concave-u,clipping,8,2,2,2048,205,29403662,NA,NA
sample,double,concave-u,clipping,8,2,3,2048,205,30985160,NA,NA
sample,double,concave-u,clipping,8,2,4,2048,205,29666674,NA,NA
sample,double,concave-u,clipping,8,2,5,2048,205,29626847,NA,NA
sample,double,concave-u,clipping,8,2,6,2048,205,29586578,NA,NA
summary,double,concave-u,clipping,14357.257,14466.234,15129.473
sample,double,hole,clipping,8,2,0,2048,205,32063512,NA,NA
sample,double,hole,clipping,8,2,1,2048,205,32524204,NA,NA
sample,double,hole,clipping,8,2,2,2048,205,31608489,NA,NA
sample,double,hole,clipping,8,2,3,2048,205,31525126,NA,NA
sample,double,hole,clipping,8,2,4,2048,205,31619321,NA,NA
sample,double,hole,clipping,8,2,5,2048,205,31820783,NA,NA
sample,double,hole,clipping,8,2,6,2048,205,31827724,NA,NA
summary,double,hole,clipping,15393.128,15537.492,15880.959
sample,double,hole-reversed,clipping,8,2,0,2048,205,30840225,NA,NA
sample,double,hole-reversed,clipping,8,2,1,2048,205,30788317,NA,NA
sample,double,hole-reversed,clipping,8,2,2,2048,205,32033748,NA,NA
sample,double,hole-reversed,clipping,8,2,3,2048,205,31892751,NA,NA
sample,double,hole-reversed,clipping,8,2,4,2048,205,32342825,NA,NA
sample,double,hole-reversed,clipping,8,2,5,2048,205,31016862,NA,NA
sample,double,hole-reversed,clipping,8,2,6,2048,205,40276721,NA,NA
summary,double,hole-reversed,clipping,15033.358,15572.632,19666.368
sample,double,rational-crossing,clipping,3,1,0,4096,410,34092068,NA,NA
sample,double,rational-crossing,clipping,3,1,1,4096,410,34687516,NA,NA
sample,double,rational-crossing,clipping,3,1,2,4096,410,33975589,NA,NA
sample,double,rational-crossing,clipping,3,1,3,4096,410,33719707,NA,NA
sample,double,rational-crossing,clipping,3,1,4,4096,410,33804769,NA,NA
sample,double,rational-crossing,clipping,3,1,5,4096,410,33840066,NA,NA
sample,double,rational-crossing,clipping,3,1,6,4096,410,34311643,NA,NA
summary,double,rational-crossing,clipping,8232.350,8294.822,8468.632
sample,double,sparse-1,clipping,4,1,0,4096,410,33416944,NA,NA
sample,double,sparse-1,clipping,4,1,1,4096,410,33035474,NA,NA
sample,double,sparse-1,clipping,4,1,2,4096,410,33447901,NA,NA
sample,double,sparse-1,clipping,4,1,3,4096,410,33979636,NA,NA
sample,double,sparse-1,clipping,4,1,4,4096,410,34907379,NA,NA
sample,double,sparse-1,clipping,4,1,5,4096,410,33437503,NA,NA
sample,double,sparse-1,clipping,4,1,6,4096,410,33284541,NA,NA
summary,double,sparse-1,clipping,8065.301,8163.453,8522.309
sample,double,sparse-4,clipping,16,1,0,2048,205,21871197,NA,NA
sample,double,sparse-4,clipping,16,1,1,2048,205,21573385,NA,NA
sample,double,sparse-4,clipping,16,1,2,2048,205,22115459,NA,NA
sample,double,sparse-4,clipping,16,1,3,2048,205,21229716,NA,NA
sample,double,sparse-4,clipping,16,1,4,2048,205,21376729,NA,NA
sample,double,sparse-4,clipping,16,1,5,2048,205,21304810,NA,NA
sample,double,sparse-4,clipping,16,1,6,2048,205,21499324,NA,NA
summary,double,sparse-4,clipping,10366.072,10497.717,10798.564
sample,double,sparse-16,clipping,64,1,0,2048,205,29167414,NA,NA
sample,double,sparse-16,clipping,64,1,1,2048,205,30079610,NA,NA
sample,double,sparse-16,clipping,64,1,2,2048,205,28995947,NA,NA
sample,double,sparse-16,clipping,64,1,3,2048,205,36346087,NA,NA
sample,double,sparse-16,clipping,64,1,4,2048,205,30312759,NA,NA
sample,double,sparse-16,clipping,64,1,5,2048,205,28648648,NA,NA
sample,double,sparse-16,clipping,64,1,6,2048,205,28642165,NA,NA
summary,double,sparse-16,clipping,13985.432,14241.901,17747.113
sample,double,sparse-64,clipping,256,1,0,1024,103,28755749,NA,NA
sample,double,sparse-64,clipping,256,1,1,1024,103,28544979,NA,NA
sample,double,sparse-64,clipping,256,1,2,1024,103,28386316,NA,NA
sample,double,sparse-64,clipping,256,1,3,1024,103,28324993,NA,NA
sample,double,sparse-64,clipping,256,1,4,1024,103,28303923,NA,NA
sample,double,sparse-64,clipping,256,1,5,1024,103,29302541,NA,NA
sample,double,sparse-64,clipping,256,1,6,1024,103,28510029,NA,NA
summary,double,sparse-64,clipping,27640.550,27841.825,28615.763
sample,double,dense-1,clipping,4,1,0,4096,410,33545538,NA,NA
sample,double,dense-1,clipping,4,1,1,4096,410,33288698,NA,NA
sample,double,dense-1,clipping,4,1,2,4096,410,34375275,NA,NA
sample,double,dense-1,clipping,4,1,3,4096,410,33501839,NA,NA
sample,double,dense-1,clipping,4,1,4,4096,410,33500646,NA,NA
sample,double,dense-1,clipping,4,1,5,4096,410,33621258,NA,NA
sample,double,dense-1,clipping,4,1,6,4096,410,33600625,NA,NA
summary,double,dense-1,clipping,8127.124,8189.829,8392.401
sample,double,dense-4,clipping,16,4,0,1024,103,29568155,NA,NA
sample,double,dense-4,clipping,16,4,1,1024,103,28629919,NA,NA
sample,double,dense-4,clipping,16,4,2,1024,103,28539155,NA,NA
sample,double,dense-4,clipping,16,4,3,1024,103,28747608,NA,NA
sample,double,dense-4,clipping,16,4,4,1024,103,28979599,NA,NA
sample,double,dense-4,clipping,16,4,5,1024,103,28596936,NA,NA
sample,double,dense-4,clipping,16,4,6,1024,103,29704147,NA,NA
summary,double,dense-4,clipping,27870.269,28073.836,29007.956
sample,double,dense-16,clipping,64,16,0,256,26,46763559,NA,NA
sample,double,dense-16,clipping,64,16,1,256,26,37124771,NA,NA
sample,double,dense-16,clipping,64,16,2,256,26,38341297,NA,NA
sample,double,dense-16,clipping,64,16,3,256,26,37720878,NA,NA
sample,double,dense-16,clipping,64,16,4,256,26,37019424,NA,NA
sample,double,dense-16,clipping,64,16,5,256,26,37199860,NA,NA
sample,double,dense-16,clipping,64,16,6,256,26,37313062,NA,NA
summary,double,dense-16,clipping,144607.125,145754.148,182670.152
sample,double,dense-64,clipping,256,64,0,32,4,21015061,NA,NA
sample,double,dense-64,clipping,256,64,1,32,4,20675095,NA,NA
sample,double,dense-64,clipping,256,64,2,32,4,20213440,NA,NA
sample,double,dense-64,clipping,256,64,3,32,4,19865947,NA,NA
sample,double,dense-64,clipping,256,64,4,32,4,20020587,NA,NA
sample,double,dense-64,clipping,256,64,5,32,4,20020974,NA,NA
sample,double,dense-64,clipping,256,64,6,32,4,20019496,NA,NA
summary,double,dense-64,clipping,620810.844,625655.438,656720.656
checksum,122543137299889743
