fixture_header,scalar,case,edges,expected_fact_bits,expected_status,expected_components
sample_header,scalar,case,operation,edges,expected_components,round,iterations,warmup,elapsed_ns,gc_bytes,gc_collections
summary_header,scalar,case,operation,min_ns_per_op,median_ns_per_op,max_ns_per_op
fixture,int,exterior,4,1,success,0
fixture,int,interior,4,4,success,1
fixture,int,crossing,4,7,success,1
fixture,int,boundary-only,4,10,success,1
fixture,int,boundary-overlap,4,11,success,1
fixture,int,isolated-tangent,4,3,success,0
fixture,int,degenerate-interior,4,4,success,0
fixture,int,degenerate-boundary,4,2,success,0
fixture,int,empty,0,1,success,0
fixture,int,concave-u,8,7,success,2
fixture,int,hole,8,7,success,2
fixture,int,hole-reversed,8,7,success,2
fixture,int,rational-crossing,3,7,success,1
fixture,int,sparse-1,4,7,success,1
fixture,int,sparse-4,16,7,success,1
fixture,int,sparse-16,64,7,success,1
fixture,int,sparse-64,256,7,success,1
fixture,int,dense-1,4,7,success,1
fixture,int,dense-4,16,7,success,4
fixture,int,dense-16,64,7,success,16
fixture,int,dense-64,256,7,success,64
fixture,int,wide-integral,4,7,success,1
preflight,int,22,PASS
sample,int,exterior,relationship,4,0,0,8192,820,15398100,0,0
sample,int,exterior,relationship,4,0,1,8192,820,15091100,0,0
sample,int,exterior,relationship,4,0,2,8192,820,15116300,0,0
sample,int,exterior,relationship,4,0,3,8192,820,10850300,0,0
sample,int,exterior,relationship,4,0,4,8192,820,14840700,0,0
summary,int,exterior,relationship,1324.500,1842.175,1879.651
sample,int,exterior,clipping,4,0,0,4096,410,21699600,33947648,8
sample,int,exterior,clipping,4,0,1,4096,410,17838400,33947648,8
sample,int,exterior,clipping,4,0,2,4096,410,22064800,33947648,8
sample,int,exterior,clipping,4,0,3,4096,410,22864400,33947648,8
sample,int,exterior,clipping,4,0,4,4096,410,19784600,33947648,8
summary,int,exterior,clipping,4355.078,5297.754,5582.129
sample,int,interior,relationship,4,1,0,8192,820,14799800,0,0
sample,int,interior,relationship,4,1,1,8192,820,11815700,0,0
sample,int,interior,relationship,4,1,2,8192,820,7143000,0,0
sample,int,interior,relationship,4,1,3,8192,820,11171700,0,0
sample,int,interior,relationship,4,1,4,8192,820,6972200,0,0
summary,int,interior,relationship,851.099,1363.733,1806.616
sample,int,interior,clipping,4,1,0,1024,103,11398900,8536064,2
sample,int,interior,clipping,4,1,1,1024,103,11954600,8536064,2
sample,int,interior,clipping,4,1,2,1024,103,12007300,8536064,2
sample,int,interior,clipping,4,1,3,1024,103,11953400,8536064,2
sample,int,interior,clipping,4,1,4,1024,103,12072300,8536064,2
summary,int,interior,clipping,11131.738,11674.414,11789.355
sample,int,crossing,relationship,4,1,0,8192,820,7046700,0,0
sample,int,crossing,relationship,4,1,1,8192,820,11256400,0,0
sample,int,crossing,relationship,4,1,2,8192,820,10972600,0,0
sample,int,crossing,relationship,4,1,3,8192,820,15321000,0,0
sample,int,crossing,relationship,4,1,4,8192,820,15063100,0,0
summary,int,crossing,relationship,860.193,1374.072,1870.239
sample,int,crossing,clipping,4,1,0,512,52,17481700,8478720,2
sample,int,crossing,clipping,4,1,1,512,52,16547100,8478720,2
sample,int,crossing,clipping,4,1,2,512,52,16307900,8478720,2
sample,int,crossing,clipping,4,1,3,512,52,15798700,8478720,2
sample,int,crossing,clipping,4,1,4,512,52,15783100,8478720,2
summary,int,crossing,clipping,30826.367,31851.367,34143.945
sample,int,boundary-only,relationship,4,1,0,8192,820,15720800,0,0
sample,int,boundary-only,relationship,4,1,1,8192,820,15588200,0,0
sample,int,boundary-only,relationship,4,1,2,8192,820,15611100,0,0
sample,int,boundary-only,relationship,4,1,3,8192,820,15632700,0,0
sample,int,boundary-only,relationship,4,1,4,8192,820,11449300,0,0
summary,int,boundary-only,relationship,1397.620,1905.652,1919.043
sample,int,boundary-only,clipping,4,1,0,512,52,10517100,10559488,2
sample,int,boundary-only,clipping,4,1,1,512,52,11829000,10559488,2
sample,int,boundary-only,clipping,4,1,2,512,52,11178900,10559488,2
sample,int,boundary-only,clipping,4,1,3,512,52,6140600,10559488,2
sample,int,boundary-only,clipping,4,1,4,512,52,10917500,10559488,2
summary,int,boundary-only,clipping,11993.359,21323.242,23103.516
sample,int,boundary-overlap,relationship,4,1,0,4096,410,8780300,0,0
sample,int,boundary-overlap,relationship,4,1,1,4096,410,9468500,0,0
sample,int,boundary-overlap,relationship,4,1,2,4096,410,5219600,0,0
sample,int,boundary-overlap,relationship,4,1,3,4096,410,7545800,0,0
sample,int,boundary-overlap,relationship,4,1,4,4096,410,8564500,0,0
summary,int,boundary-overlap,relationship,1274.316,2090.942,2311.646
sample,int,boundary-overlap,clipping,4,1,0,512,52,9302900,10575872,2
sample,int,boundary-overlap,clipping,4,1,1,512,52,13621800,10575872,2
sample,int,boundary-overlap,clipping,4,1,2,512,52,9536900,10575872,2
sample,int,boundary-overlap,clipping,4,1,3,512,52,10815600,10575872,2
sample,int,boundary-overlap,clipping,4,1,4,512,52,13073200,10575872,2
summary,int,boundary-overlap,clipping,18169.727,21124.219,26605.078
sample,int,isolated-tangent,relationship,4,0,0,8192,820,18378500,0,0
sample,int,isolated-tangent,relationship,4,0,1,8192,820,17418200,0,0
sample,int,isolated-tangent,relationship,4,0,2,8192,820,16941500,0,0
sample,int,isolated-tangent,relationship,4,0,3,8192,820,16783800,0,0
sample,int,isolated-tangent,relationship,4,0,4,8192,820,16560400,0,0
summary,int,isolated-tangent,relationship,2021.533,2068.054,2243.469
sample,int,isolated-tangent,clipping,4,0,0,2048,205,21898100,33751040,8
sample,int,isolated-tangent,clipping,4,0,1,2048,205,17740100,33751040,8
sample,int,isolated-tangent,clipping,4,0,2,2048,205,17444500,33751040,8
sample,int,isolated-tangent,clipping,4,0,3,2048,205,16873500,33751040,8
sample,int,isolated-tangent,clipping,4,0,4,2048,205,22817300,33751040,8
summary,int,isolated-tangent,clipping,8239.014,8662.158,11141.260
sample,int,degenerate-interior,relationship,4,0,0,65536,6554,1268500,0,0
sample,int,degenerate-interior,relationship,4,0,1,65536,6554,1159300,0,0
sample,int,degenerate-interior,relationship,4,0,2,65536,6554,1200600,0,0
sample,int,degenerate-interior,relationship,4,0,3,65536,6554,1154100,0,0
sample,int,degenerate-interior,relationship,4,0,4,65536,6554,1182900,0,0
summary,int,degenerate-interior,relationship,17.610,18.050,19.356
sample,int,degenerate-interior,clipping,4,0,0,65536,6554,239100,0,0
sample,int,degenerate-interior,clipping,4,0,1,65536,6554,235500,0,0
sample,int,degenerate-interior,clipping,4,0,2,65536,6554,235000,0,0
sample,int,degenerate-interior,clipping,4,0,3,65536,6554,5940800,0,0
sample,int,degenerate-interior,clipping,4,0,4,65536,6554,248000,0,0
summary,int,degenerate-interior,clipping,3.586,3.648,90.649
sample,int,degenerate-boundary,relationship,4,0,0,65536,6554,1162600,0,0
sample,int,degenerate-boundary,relationship,4,0,1,65536,6554,1213300,0,0
sample,int,degenerate-boundary,relationship,4,0,2,65536,6554,1195400,0,0
sample,int,degenerate-boundary,relationship,4,0,3,65536,6554,1212600,0,0
sample,int,degenerate-boundary,relationship,4,0,4,65536,6554,1188800,0,0
summary,int,degenerate-boundary,relationship,17.740,18.240,18.513
sample,int,degenerate-boundary,clipping,4,0,0,65536,6554,237700,0,0
sample,int,degenerate-boundary,clipping,4,0,1,65536,6554,239200,0,0
sample,int,degenerate-boundary,clipping,4,0,2,65536,6554,239200,0,0
sample,int,degenerate-boundary,clipping,4,0,3,65536,6554,270200,0,0
sample,int,degenerate-boundary,clipping,4,0,4,65536,6554,259700,0,0
summary,int,degenerate-boundary,clipping,3.627,3.650,4.123
sample,int,empty,relationship,0,0,0,65536,6554,363100,0,0
sample,int,empty,relationship,0,0,1,65536,6554,321600,0,0
sample,int,empty,relationship,0,0,2,65536,6554,5070800,0,0
sample,int,empty,relationship,0,0,3,65536,6554,345300,0,0
sample,int,empty,relationship,0,0,4,65536,6554,326100,0,0
summary,int,empty,relationship,4.907,5.269,77.374
sample,int,empty,clipping,0,0,0,65536,6554,234200,0,0
sample,int,empty,clipping,0,0,1,65536,6554,241700,0,0
sample,int,empty,clipping,0,0,2,65536,6554,236700,0,0
sample,int,empty,clipping,0,0,3,65536,6554,244700,0,0
sample,int,empty,clipping,0,0,4,65536,6554,290400,0,0
summary,int,empty,clipping,3.574,3.688,4.431
sample,int,concave-u,relationship,8,2,0,2048,205,8856700,0,0
sample,int,concave-u,relationship,8,2,1,2048,205,8919800,0,0
sample,int,concave-u,relationship,8,2,2,2048,205,9844600,0,0
sample,int,concave-u,relationship,8,2,3,2048,205,8806000,0,0
sample,int,concave-u,relationship,8,2,4,2048,205,11176800,0,0
summary,int,concave-u,relationship,4299.805,4355.371,5457.422
sample,int,concave-u,clipping,8,2,0,256,26,20146900,6356992,1
sample,int,concave-u,clipping,8,2,1,256,26,15957500,6356992,1
sample,int,concave-u,clipping,8,2,2,256,26,16793100,6356992,1
sample,int,concave-u,clipping,8,2,3,256,26,12872600,6356992,1
sample,int,concave-u,clipping,8,2,4,256,26,18909600,6356992,1
summary,int,concave-u,clipping,50283.594,65598.047,78698.828
sample,int,hole,relationship,8,2,0,4096,410,17707600,0,0
sample,int,hole,relationship,8,2,1,4096,410,18923000,0,0
sample,int,hole,relationship,8,2,2,4096,410,20280400,0,0
sample,int,hole,relationship,8,2,3,4096,410,20061600,0,0
sample,int,hole,relationship,8,2,4,4096,410,14884200,0,0
summary,int,hole,relationship,3633.838,4619.873,4951.270
sample,int,hole,clipping,8,2,0,256,26,14314300,6356992,1
sample,int,hole,clipping,8,2,1,256,26,17985600,6356992,1
sample,int,hole,clipping,8,2,2,256,26,17522900,6356992,1
sample,int,hole,clipping,8,2,3,256,26,17592200,6356992,1
sample,int,hole,clipping,8,2,4,256,26,14967200,6356992,1
summary,int,hole,clipping,55915.234,68448.828,70256.250
sample,int,hole-reversed,relationship,8,2,0,4096,410,14561400,0,0
sample,int,hole-reversed,relationship,8,2,1,4096,410,14051900,0,0
sample,int,hole-reversed,relationship,8,2,2,4096,410,29326600,0,0
sample,int,hole-reversed,relationship,8,2,3,4096,410,22578300,0,0
sample,int,hole-reversed,relationship,8,2,4,4096,410,18839700,0,0
summary,int,hole-reversed,relationship,3430.640,4599.536,7159.814
sample,int,hole-reversed,clipping,8,2,0,256,26,15264200,6356992,1
sample,int,hole-reversed,clipping,8,2,1,256,26,20263400,6356992,1
sample,int,hole-reversed,clipping,8,2,2,256,26,19598200,6356992,1
sample,int,hole-reversed,clipping,8,2,3,256,26,19853900,6356992,1
sample,int,hole-reversed,clipping,8,2,4,256,26,22326300,6356992,1
summary,int,hole-reversed,clipping,59625.781,77554.297,87212.109
sample,int,rational-crossing,relationship,3,1,0,8192,820,8961800,0,0
sample,int,rational-crossing,relationship,3,1,1,8192,820,8855700,0,0
sample,int,rational-crossing,relationship,3,1,2,8192,820,9785300,0,0
sample,int,rational-crossing,relationship,3,1,3,8192,820,8035900,0,0
sample,int,rational-crossing,relationship,3,1,4,8192,820,9116500,0,0
summary,int,rational-crossing,relationship,980.945,1093.970,1194.495
sample,int,rational-crossing,clipping,3,1,0,512,52,18188700,8478720,2
sample,int,rational-crossing,clipping,3,1,1,512,52,16141300,8478720,2
sample,int,rational-crossing,clipping,3,1,2,512,52,16136500,8478720,2
sample,int,rational-crossing,clipping,3,1,3,512,52,17478000,8478720,2
sample,int,rational-crossing,clipping,3,1,4,512,52,17930100,8478720,2
summary,int,rational-crossing,clipping,31516.602,34136.719,35524.805
sample,int,sparse-1,relationship,4,1,0,8192,820,14999800,0,0
sample,int,sparse-1,relationship,4,1,1,8192,820,15039700,0,0
sample,int,sparse-1,relationship,4,1,2,8192,820,15394000,0,0
sample,int,sparse-1,relationship,4,1,3,8192,820,11240600,0,0
sample,int,sparse-1,relationship,4,1,4,8192,820,11051500,0,0
summary,int,sparse-1,relationship,1349.060,1831.030,1879.150
sample,int,sparse-1,clipping,4,1,0,512,52,16023900,8478720,2
sample,int,sparse-1,clipping,4,1,1,512,52,15942700,8478720,2
sample,int,sparse-1,clipping,4,1,2,512,52,15875900,8478720,2
sample,int,sparse-1,clipping,4,1,3,512,52,16025700,8478720,2
sample,int,sparse-1,clipping,4,1,4,512,52,16190500,8478720,2
summary,int,sparse-1,clipping,31007.617,31296.680,31622.070
sample,int,sparse-4,relationship,16,1,0,2048,205,16123100,0,0
sample,int,sparse-4,relationship,16,1,1,2048,205,16314800,0,0
sample,int,sparse-4,relationship,16,1,2,2048,205,16185400,0,0
sample,int,sparse-4,relationship,16,1,3,2048,205,16858900,0,0
sample,int,sparse-4,relationship,16,1,4,2048,205,13733400,0,0
summary,int,sparse-4,relationship,6705.762,7903.027,8231.885
sample,int,sparse-4,clipping,16,1,0,256,26,9008800,4239360,1
sample,int,sparse-4,clipping,16,1,1,256,26,10859800,4239360,1
sample,int,sparse-4,clipping,16,1,2,256,26,11777000,4239360,1
sample,int,sparse-4,clipping,16,1,3,256,26,9016500,4239360,1
sample,int,sparse-4,clipping,16,1,4,256,26,9155600,4239360,1
summary,int,sparse-4,clipping,35190.625,35764.062,46003.906
sample,int,sparse-16,relationship,64,1,0,512,52,16649800,0,0
sample,int,sparse-16,relationship,64,1,1,512,52,17474000,0,0
sample,int,sparse-16,relationship,64,1,2,512,52,16007800,0,0
sample,int,sparse-16,relationship,64,1,3,512,52,16654500,0,0
sample,int,sparse-16,relationship,64,1,4,512,52,16654500,0,0
summary,int,sparse-16,relationship,31265.234,32528.320,34128.906
sample,int,sparse-16,clipping,64,1,0,256,26,17198500,4239360,1
sample,int,sparse-16,clipping,64,1,1,256,26,17853300,4239360,1
sample,int,sparse-16,clipping,64,1,2,256,26,22493500,4239360,1
sample,int,sparse-16,clipping,64,1,3,256,26,21561500,4239360,1
sample,int,sparse-16,clipping,64,1,4,256,26,17203100,4239360,1
summary,int,sparse-16,clipping,67181.641,69739.453,87865.234
sample,int,sparse-64,relationship,256,1,0,128,13,13352100,0,0
sample,int,sparse-64,relationship,256,1,1,128,13,14145900,0,0
sample,int,sparse-64,relationship,256,1,2,128,13,12700500,0,0
sample,int,sparse-64,relationship,256,1,3,128,13,20744900,0,0
sample,int,sparse-64,relationship,256,1,4,128,13,12839600,0,0
summary,int,sparse-64,relationship,99222.656,104313.281,162069.531
sample,int,sparse-64,clipping,256,1,0,64,7,15077300,1059840,0
sample,int,sparse-64,clipping,256,1,1,64,7,9781300,1059840,0
sample,int,sparse-64,clipping,256,1,2,64,7,13637700,1059840,0
sample,int,sparse-64,clipping,256,1,3,64,7,9967200,1059840,0
sample,int,sparse-64,clipping,256,1,4,64,7,14495400,1059840,0
summary,int,sparse-64,clipping,152832.812,213089.062,235582.812
sample,int,dense-1,relationship,4,1,0,8192,820,10953200,0,0
sample,int,dense-1,relationship,4,1,1,8192,820,15884900,0,0
sample,int,dense-1,relationship,4,1,2,8192,820,15088300,0,0
sample,int,dense-1,relationship,4,1,3,8192,820,12014400,0,0
sample,int,dense-1,relationship,4,1,4,8192,820,11407700,0,0
summary,int,dense-1,relationship,1337.061,1466.602,1939.075
sample,int,dense-1,clipping,4,1,0,512,52,14730300,8478720,2
sample,int,dense-1,clipping,4,1,1,512,52,16378200,8478720,2
sample,int,dense-1,clipping,4,1,2,512,52,16199100,8478720,2
sample,int,dense-1,clipping,4,1,3,512,52,16108700,8478720,2
sample,int,dense-1,clipping,4,1,4,512,52,15821400,8478720,2
summary,int,dense-1,clipping,28770.117,31462.305,31988.672
sample,int,dense-4,relationship,16,4,0,2048,205,19214700,0,0
sample,int,dense-4,relationship,16,4,1,2048,205,22641500,0,0
sample,int,dense-4,relationship,16,4,2,2048,205,19948700,0,0
sample,int,dense-4,relationship,16,4,3,2048,205,19609300,0,0
sample,int,dense-4,relationship,16,4,4,2048,205,14789400,0,0
summary,int,dense-4,relationship,7221.387,9574.854,11055.420
sample,int,dense-4,clipping,16,4,0,64,7,4889600,2647040,0
sample,int,dense-4,clipping,16,4,1,64,7,10856800,2647040,0
sample,int,dense-4,clipping,16,4,2,64,7,9213800,2647040,0
sample,int,dense-4,clipping,16,4,3,64,7,10731100,2647040,0
sample,int,dense-4,clipping,16,4,4,64,7,7913900,2647040,0
summary,int,dense-4,clipping,76400.000,143965.625,169637.500
sample,int,dense-16,relationship,64,16,0,512,52,23858200,0,0
sample,int,dense-16,relationship,64,16,1,512,52,24476100,0,0
sample,int,dense-16,relationship,64,16,2,512,52,24072700,0,0
sample,int,dense-16,relationship,64,16,3,512,52,24908500,0,0
sample,int,dense-16,relationship,64,16,4,512,52,24795400,0,0
summary,int,dense-16,relationship,46598.047,47804.883,48649.414
sample,int,dense-16,clipping,64,16,0,16,2,5836800,2320128,0
sample,int,dense-16,clipping,64,16,1,16,2,9798700,2320128,0
sample,int,dense-16,clipping,64,16,2,16,2,5745100,2320128,0
sample,int,dense-16,clipping,64,16,3,16,2,12784700,2320128,0
sample,int,dense-16,clipping,64,16,4,16,2,9758700,2320128,0
summary,int,dense-16,clipping,359068.750,609918.750,799043.750
sample,int,dense-64,relationship,256,64,0,128,13,24219500,0,0
sample,int,dense-64,relationship,256,64,1,128,13,24635100,0,0
sample,int,dense-64,relationship,256,64,2,128,13,21430800,0,0
sample,int,dense-64,relationship,256,64,3,128,13,24646200,0,0
sample,int,dense-64,relationship,256,64,4,128,13,24334900,0,0
summary,int,dense-64,relationship,167428.125,190116.406,192548.438
sample,int,dense-64,clipping,256,64,0,4,1,7063700,2224128,0
sample,int,dense-64,clipping,256,64,1,4,1,13763600,2224128,0
sample,int,dense-64,clipping,256,64,2,4,1,11927600,2224128,0
sample,int,dense-64,clipping,256,64,3,4,1,6830600,2224128,0
sample,int,dense-64,clipping,256,64,4,4,1,10798600,2224128,0
summary,int,dense-64,clipping,1707650.000,2699650.000,3440900.000
sample,int,wide-integral,relationship,4,1,0,8192,820,15295500,0,0
sample,int,wide-integral,relationship,4,1,1,8192,820,15003000,0,0
sample,int,wide-integral,relationship,4,1,2,8192,820,11115500,0,0
sample,int,wide-integral,relationship,4,1,3,8192,820,6976800,0,0
sample,int,wide-integral,relationship,4,1,4,8192,820,11377500,0,0
summary,int,wide-integral,relationship,851.660,1388.855,1867.126
sample,int,wide-integral,clipping,4,1,0,512,52,17228200,8478720,2
sample,int,wide-integral,clipping,4,1,1,512,52,20744200,8478720,2
sample,int,wide-integral,clipping,4,1,2,512,52,15166000,8478720,2
sample,int,wide-integral,clipping,4,1,3,512,52,17127400,8478720,2
sample,int,wide-integral,clipping,4,1,4,512,52,16515100,8478720,2
summary,int,wide-integral,clipping,29621.094,33451.953,40516.016
fixture,long,exterior,4,1,success,0
fixture,long,interior,4,4,success,1
fixture,long,crossing,4,7,success,1
fixture,long,boundary-only,4,10,success,1
fixture,long,boundary-overlap,4,11,success,1
fixture,long,isolated-tangent,4,3,success,0
fixture,long,degenerate-interior,4,4,success,0
fixture,long,degenerate-boundary,4,2,success,0
fixture,long,empty,0,1,success,0
fixture,long,concave-u,8,7,success,2
fixture,long,hole,8,7,success,2
fixture,long,hole-reversed,8,7,success,2
fixture,long,rational-crossing,3,7,success,1
fixture,long,sparse-1,4,7,success,1
fixture,long,sparse-4,16,7,success,1
fixture,long,sparse-16,64,7,success,1
fixture,long,sparse-64,256,7,success,1
fixture,long,dense-1,4,7,success,1
fixture,long,dense-4,16,7,success,4
fixture,long,dense-16,64,7,success,16
fixture,long,dense-64,256,7,success,64
fixture,long,wide-integral,4,7,success,1
fixture,long,endpoint-collapse,4,6,unrepresentableConstruction,0
fixture,long,gap-collapse,8,7,unrepresentableConstruction,0
preflight,long,24,PASS
sample,long,exterior,relationship,4,0,0,8192,820,16126400,0,0
sample,long,exterior,relationship,4,0,1,8192,820,16460600,0,0
sample,long,exterior,relationship,4,0,2,8192,820,16879100,0,0
sample,long,exterior,relationship,4,0,3,8192,820,13213000,0,0
sample,long,exterior,relationship,4,0,4,8192,820,15131400,0,0
summary,long,exterior,relationship,1612.915,1968.555,2060.437
sample,long,exterior,clipping,4,0,0,2048,205,14805100,16973824,4
sample,long,exterior,clipping,4,0,1,2048,205,10826400,16973824,4
sample,long,exterior,clipping,4,0,2,2048,205,14479300,16973824,4
sample,long,exterior,clipping,4,0,3,2048,205,14429600,16973824,4
sample,long,exterior,clipping,4,0,4,2048,205,9572300,16973824,4
summary,long,exterior,clipping,4673.975,7045.703,7229.053
sample,long,interior,relationship,4,1,0,4096,410,8858900,0,0
sample,long,interior,relationship,4,1,1,4096,410,4243400,0,0
sample,long,interior,relationship,4,1,2,4096,410,8106300,0,0
sample,long,interior,relationship,4,1,3,4096,410,8255200,0,0
sample,long,interior,relationship,4,1,4,4096,410,10659400,0,0
summary,long,interior,relationship,1035.986,2015.430,2602.393
sample,long,interior,clipping,4,1,0,1024,103,15557300,8536064,2
sample,long,interior,clipping,4,1,1,1024,103,11181800,8536064,2
sample,long,interior,clipping,4,1,2,1024,103,14741000,8536064,2
sample,long,interior,clipping,4,1,3,1024,103,12894600,8536064,2
sample,long,interior,clipping,4,1,4,1024,103,12171500,8536064,2
summary,long,interior,clipping,10919.727,12592.383,15192.676
sample,long,crossing,relationship,4,1,0,8192,820,16322600,0,0
sample,long,crossing,relationship,4,1,1,8192,820,16231700,0,0
sample,long,crossing,relationship,4,1,2,8192,820,16411200,0,0
sample,long,crossing,relationship,4,1,3,8192,820,16497600,0,0
sample,long,crossing,relationship,4,1,4,8192,820,16241800,0,0
summary,long,crossing,relationship,1981.409,1992.505,2013.867
sample,long,crossing,clipping,4,1,0,512,52,15399100,8478720,2
sample,long,crossing,clipping,4,1,1,512,52,16966500,8478720,2
sample,long,crossing,clipping,4,1,2,512,52,16219200,8478720,2
sample,long,crossing,clipping,4,1,3,512,52,18438700,8478720,2
sample,long,crossing,clipping,4,1,4,512,52,16193500,8478720,2
summary,long,crossing,clipping,30076.367,31678.125,36013.086
sample,long,boundary-only,relationship,4,1,0,8192,820,22511800,0,0
sample,long,boundary-only,relationship,4,1,1,8192,820,22199500,0,0
sample,long,boundary-only,relationship,4,1,2,8192,820,18362700,0,0
sample,long,boundary-only,relationship,4,1,3,8192,820,14827900,0,0
sample,long,boundary-only,relationship,4,1,4,8192,820,18068000,0,0
summary,long,boundary-only,relationship,1810.046,2241.541,2748.022
sample,long,boundary-only,clipping,4,1,0,512,52,12404800,10559488,2
sample,long,boundary-only,clipping,4,1,1,512,52,11694700,10559488,2
sample,long,boundary-only,clipping,4,1,2,512,52,11046200,10559488,2
sample,long,boundary-only,clipping,4,1,3,512,52,11761500,10559488,2
sample,long,boundary-only,clipping,4,1,4,512,52,11482100,10559488,2
summary,long,boundary-only,clipping,21574.609,22841.211,24228.125
sample,long,boundary-overlap,relationship,4,1,0,4096,410,10145600,0,0
sample,long,boundary-overlap,relationship,4,1,1,4096,410,10727000,0,0
sample,long,boundary-overlap,relationship,4,1,2,4096,410,9856000,0,0
sample,long,boundary-overlap,relationship,4,1,3,4096,410,11128800,0,0
sample,long,boundary-overlap,relationship,4,1,4,4096,410,10130100,0,0
summary,long,boundary-overlap,relationship,2406.250,2476.953,2716.992
sample,long,boundary-overlap,clipping,4,1,0,1024,103,24118800,21151744,5
sample,long,boundary-overlap,clipping,4,1,1,1024,103,23819900,21151744,5
sample,long,boundary-overlap,clipping,4,1,2,1024,103,30021000,21151744,5
sample,long,boundary-overlap,clipping,4,1,3,1024,103,24925000,21151744,5
sample,long,boundary-overlap,clipping,4,1,4,1024,103,26911500,21151744,5
summary,long,boundary-overlap,clipping,23261.621,24340.820,29317.383
sample,long,isolated-tangent,relationship,4,0,0,4096,410,14007700,0,0
sample,long,isolated-tangent,relationship,4,0,1,4096,410,15336100,0,0
sample,long,isolated-tangent,relationship,4,0,2,4096,410,9499300,0,0
sample,long,isolated-tangent,relationship,4,0,3,4096,410,5983000,0,0
sample,long,isolated-tangent,relationship,4,0,4,4096,410,5676700,0,0
summary,long,isolated-tangent,relationship,1385.913,2319.165,3744.165
sample,long,isolated-tangent,clipping,4,0,0,1024,103,10883300,16875520,4
sample,long,isolated-tangent,clipping,4,0,1,1024,103,8335600,16875520,4
sample,long,isolated-tangent,clipping,4,0,2,1024,103,10522000,16875520,4
sample,long,isolated-tangent,clipping,4,0,3,1024,103,12282500,16875520,4
sample,long,isolated-tangent,clipping,4,0,4,1024,103,10186100,16875520,4
summary,long,isolated-tangent,clipping,8140.234,10275.391,11994.629
sample,long,degenerate-interior,relationship,4,0,0,65536,6554,1645100,0,0
sample,long,degenerate-interior,relationship,4,0,1,65536,6554,1476700,0,0
sample,long,degenerate-interior,relationship,4,0,2,65536,6554,5601700,0,0
sample,long,degenerate-interior,relationship,4,0,3,65536,6554,1523300,0,0
sample,long,degenerate-interior,relationship,4,0,4,65536,6554,1435100,0,0
summary,long,degenerate-interior,relationship,21.898,23.244,85.475
sample,long,degenerate-interior,clipping,4,0,0,65536,6554,967700,0,0
sample,long,degenerate-interior,clipping,4,0,1,65536,6554,822400,0,0
sample,long,degenerate-interior,clipping,4,0,2,65536,6554,830200,0,0
sample,long,degenerate-interior,clipping,4,0,3,65536,6554,846900,0,0
sample,long,degenerate-interior,clipping,4,0,4,65536,6554,780600,0,0
summary,long,degenerate-interior,clipping,11.911,12.668,14.766
sample,long,degenerate-boundary,relationship,4,0,0,65536,6554,1512800,0,0
sample,long,degenerate-boundary,relationship,4,0,1,65536,6554,6921600,0,0
sample,long,degenerate-boundary,relationship,4,0,2,65536,6554,2077800,0,0
sample,long,degenerate-boundary,relationship,4,0,3,65536,6554,1859700,0,0
sample,long,degenerate-boundary,relationship,4,0,4,65536,6554,1507200,0,0
summary,long,degenerate-boundary,relationship,22.998,28.377,105.615
sample,long,degenerate-boundary,clipping,4,0,0,65536,6554,5015600,0,0
sample,long,degenerate-boundary,clipping,4,0,1,65536,6554,783600,0,0
sample,long,degenerate-boundary,clipping,4,0,2,65536,6554,807200,0,0
sample,long,degenerate-boundary,clipping,4,0,3,65536,6554,729900,0,0
sample,long,degenerate-boundary,clipping,4,0,4,65536,6554,864000,0,0
summary,long,degenerate-boundary,clipping,11.137,12.317,76.532
sample,long,empty,relationship,0,0,0,65536,6554,947400,0,0
sample,long,empty,relationship,0,0,1,65536,6554,934700,0,0
sample,long,empty,relationship,0,0,2,65536,6554,944800,0,0
sample,long,empty,relationship,0,0,3,65536,6554,933700,0,0
sample,long,empty,relationship,0,0,4,65536,6554,1147000,0,0
summary,long,empty,relationship,14.247,14.417,17.502
sample,long,empty,clipping,0,0,0,65536,6554,728800,0,0
sample,long,empty,clipping,0,0,1,65536,6554,747300,0,0
sample,long,empty,clipping,0,0,2,65536,6554,720900,0,0
sample,long,empty,clipping,0,0,3,65536,6554,6196500,0,0
sample,long,empty,clipping,0,0,4,65536,6554,833900,0,0
summary,long,empty,clipping,11.000,11.403,94.551
sample,long,concave-u,relationship,8,2,0,2048,205,11116500,0,0
sample,long,concave-u,relationship,8,2,1,2048,205,12411500,0,0
sample,long,concave-u,relationship,8,2,2,2048,205,11724300,0,0
sample,long,concave-u,relationship,8,2,3,2048,205,12054400,0,0
sample,long,concave-u,relationship,8,2,4,2048,205,9517600,0,0
summary,long,concave-u,relationship,4647.266,5724.756,6060.303
sample,long,concave-u,clipping,8,2,0,128,13,4766500,3178496,0
sample,long,concave-u,clipping,8,2,1,128,13,12692200,3178496,0
sample,long,concave-u,clipping,8,2,2,128,13,9039900,3178496,0
sample,long,concave-u,clipping,8,2,3,128,13,10540000,3178496,0
sample,long,concave-u,clipping,8,2,4,128,13,12631000,3178496,0
summary,long,concave-u,clipping,37238.281,82343.750,99157.812
sample,long,hole,relationship,8,2,0,1024,103,2851300,0,0
sample,long,hole,relationship,8,2,1,1024,103,10534900,0,0
sample,long,hole,relationship,8,2,2,1024,103,3235700,0,0
sample,long,hole,relationship,8,2,3,1024,103,2986400,0,0
sample,long,hole,relationship,8,2,4,1024,103,2988200,0,0
summary,long,hole,relationship,2784.473,2918.164,10287.988
sample,long,hole,clipping,8,2,0,128,13,7814600,3178496,0
sample,long,hole,clipping,8,2,1,128,13,9081100,3178496,0
sample,long,hole,clipping,8,2,2,128,13,9703600,3178496,0
sample,long,hole,clipping,8,2,3,128,13,13203700,3178496,0
sample,long,hole,clipping,8,2,4,128,13,8761400,3178496,0
summary,long,hole,clipping,61051.562,70946.094,103153.906
sample,long,hole-reversed,relationship,8,2,0,2048,205,10828100,0,0
sample,long,hole-reversed,relationship,8,2,1,2048,205,15990100,0,0
sample,long,hole-reversed,relationship,8,2,2,2048,205,11354200,0,0
sample,long,hole-reversed,relationship,8,2,3,2048,205,13522700,0,0
sample,long,hole-reversed,relationship,8,2,4,2048,205,9470100,0,0
summary,long,hole-reversed,relationship,4624.072,5544.043,7807.666
sample,long,hole-reversed,clipping,8,2,0,128,13,4502300,3178496,0
sample,long,hole-reversed,clipping,8,2,1,128,13,8636000,3178496,0
sample,long,hole-reversed,clipping,8,2,2,128,13,8813100,3178496,0
sample,long,hole-reversed,clipping,8,2,3,128,13,8554200,3178496,0
sample,long,hole-reversed,clipping,8,2,4,128,13,9352700,3178496,0
summary,long,hole-reversed,clipping,35174.219,67468.750,73067.969
sample,long,rational-crossing,relationship,3,1,0,8192,820,10020300,0,0
sample,long,rational-crossing,relationship,3,1,1,8192,820,11132800,0,0
sample,long,rational-crossing,relationship,3,1,2,8192,820,6006900,0,0
sample,long,rational-crossing,relationship,3,1,3,8192,820,10937400,0,0
sample,long,rational-crossing,relationship,3,1,4,8192,820,10657600,0,0
summary,long,rational-crossing,relationship,733.264,1300.977,1358.984
sample,long,rational-crossing,clipping,3,1,0,512,52,17540000,8478720,2
sample,long,rational-crossing,clipping,3,1,1,512,52,16734200,8478720,2
sample,long,rational-crossing,clipping,3,1,2,512,52,18452600,8478720,2
sample,long,rational-crossing,clipping,3,1,3,512,52,16654900,8478720,2
sample,long,rational-crossing,clipping,3,1,4,512,52,19134000,8478720,2
summary,long,rational-crossing,clipping,32529.102,34257.812,37371.094
sample,long,sparse-1,relationship,4,1,0,8192,820,14044200,0,0
sample,long,sparse-1,relationship,4,1,1,8192,820,16321300,0,0
sample,long,sparse-1,relationship,4,1,2,8192,820,16450900,0,0
sample,long,sparse-1,relationship,4,1,3,8192,820,16670200,0,0
sample,long,sparse-1,relationship,4,1,4,8192,820,13907100,0,0
summary,long,sparse-1,relationship,1697.644,1992.346,2034.937
sample,long,sparse-1,clipping,4,1,0,512,52,17931300,8478720,2
sample,long,sparse-1,clipping,4,1,1,512,52,17333400,8478720,2
sample,long,sparse-1,clipping,4,1,2,512,52,17537200,8478720,2
sample,long,sparse-1,clipping,4,1,3,512,52,21923900,8478720,2
sample,long,sparse-1,clipping,4,1,4,512,52,16107900,8478720,2
summary,long,sparse-1,clipping,31460.742,34252.344,42820.117
sample,long,sparse-4,relationship,16,1,0,2048,205,13480700,0,0
sample,long,sparse-4,relationship,16,1,1,2048,205,19113400,0,0
sample,long,sparse-4,relationship,16,1,2,2048,205,17746800,0,0
sample,long,sparse-4,relationship,16,1,3,2048,205,17396800,0,0
sample,long,sparse-4,relationship,16,1,4,2048,205,13465200,0,0
summary,long,sparse-4,relationship,6574.805,8494.531,9332.715
sample,long,sparse-4,clipping,16,1,0,512,52,17387800,8478720,2
sample,long,sparse-4,clipping,16,1,1,512,52,22955300,8478720,2
sample,long,sparse-4,clipping,16,1,2,512,52,27842500,8478720,2
sample,long,sparse-4,clipping,16,1,3,512,52,16165200,8478720,2
sample,long,sparse-4,clipping,16,1,4,512,52,24170700,8478720,2
summary,long,sparse-4,clipping,31572.656,44834.570,54379.883
sample,long,sparse-16,relationship,64,1,0,256,26,8931300,0,0
sample,long,sparse-16,relationship,64,1,1,256,26,10733500,0,0
sample,long,sparse-16,relationship,64,1,2,256,26,11376500,0,0
sample,long,sparse-16,relationship,64,1,3,256,26,9893400,0,0
sample,long,sparse-16,relationship,64,1,4,256,26,10299400,0,0
summary,long,sparse-16,relationship,34887.891,40232.031,44439.453
sample,long,sparse-16,clipping,64,1,0,128,13,10253400,2119680,0
sample,long,sparse-16,clipping,64,1,1,128,13,5919300,2119680,0
sample,long,sparse-16,clipping,64,1,2,128,13,5243100,2119680,0
sample,long,sparse-16,clipping,64,1,3,128,13,10252800,2119680,0
sample,long,sparse-16,clipping,64,1,4,128,13,13838300,2119680,0
summary,long,sparse-16,clipping,40961.719,80100.000,108111.719
sample,long,sparse-64,relationship,256,1,0,128,13,22521900,0,0
sample,long,sparse-64,relationship,256,1,1,128,13,18533800,0,0
sample,long,sparse-64,relationship,256,1,2,128,13,17933000,0,0
sample,long,sparse-64,relationship,256,1,3,128,13,22179300,0,0
sample,long,sparse-64,relationship,256,1,4,128,13,18381800,0,0
summary,long,sparse-64,relationship,140101.562,144795.312,175952.344
sample,long,sparse-64,clipping,256,1,0,64,7,14841800,1059840,0
sample,long,sparse-64,clipping,256,1,1,64,7,7914100,1059840,0
sample,long,sparse-64,clipping,256,1,2,64,7,14182500,1059840,0
sample,long,sparse-64,clipping,256,1,3,64,7,16535600,1059840,0
sample,long,sparse-64,clipping,256,1,4,64,7,11216800,1059840,0
summary,long,sparse-64,clipping,123657.812,221601.562,258368.750
sample,long,dense-1,relationship,4,1,0,8192,820,16553500,0,0
sample,long,dense-1,relationship,4,1,1,8192,820,16125500,0,0
sample,long,dense-1,relationship,4,1,2,8192,820,16228000,0,0
sample,long,dense-1,relationship,4,1,3,8192,820,17076400,0,0
sample,long,dense-1,relationship,4,1,4,8192,820,19449800,0,0
summary,long,dense-1,relationship,1968.445,2020.691,2374.243
sample,long,dense-1,clipping,4,1,0,512,52,17804400,8478720,2
sample,long,dense-1,clipping,4,1,1,512,52,16672800,8478720,2
sample,long,dense-1,clipping,4,1,2,512,52,16306800,8478720,2
sample,long,dense-1,clipping,4,1,3,512,52,16530300,8478720,2
sample,long,dense-1,clipping,4,1,4,512,52,18295600,8478720,2
summary,long,dense-1,clipping,31849.219,32564.062,35733.594
sample,long,dense-4,relationship,16,4,0,1024,103,12271200,0,0
sample,long,dense-4,relationship,16,4,1,1024,103,11820800,0,0
sample,long,dense-4,relationship,16,4,2,1024,103,6043700,0,0
sample,long,dense-4,relationship,16,4,3,1024,103,7241300,0,0
sample,long,dense-4,relationship,16,4,4,1024,103,10375900,0,0
summary,long,dense-4,relationship,5902.051,10132.715,11983.594
sample,long,dense-4,clipping,16,4,0,64,7,13879600,2647040,0
sample,long,dense-4,clipping,16,4,1,64,7,9077700,2647040,0
sample,long,dense-4,clipping,16,4,2,64,7,10448000,2647040,0
sample,long,dense-4,clipping,16,4,3,64,7,12428800,2647040,0
sample,long,dense-4,clipping,16,4,4,64,7,9889100,2647040,0
summary,long,dense-4,clipping,141839.062,163250.000,216868.750
sample,long,dense-16,relationship,64,16,0,256,26,15098500,0,0
sample,long,dense-16,relationship,64,16,1,256,26,15598600,0,0
sample,long,dense-16,relationship,64,16,2,256,26,10630200,0,0
sample,long,dense-16,relationship,64,16,3,256,26,6370300,0,0
sample,long,dense-16,relationship,64,16,4,256,26,6749900,0,0
summary,long,dense-16,relationship,24883.984,41524.219,60932.031
sample,long,dense-16,clipping,64,16,0,16,2,11297600,2320128,0
sample,long,dense-16,clipping,64,16,1,16,2,6514500,2320128,0
sample,long,dense-16,clipping,64,16,2,16,2,6297100,2320128,0
sample,long,dense-16,clipping,64,16,3,16,2,10727200,2320128,0
sample,long,dense-16,clipping,64,16,4,16,2,14116700,2320128,0
summary,long,dense-16,clipping,393568.750,670450.000,882293.750
sample,long,dense-64,relationship,256,64,0,64,7,14147400,0,0
sample,long,dense-64,relationship,256,64,1,64,7,15437800,0,0
sample,long,dense-64,relationship,256,64,2,64,7,14591300,0,0
sample,long,dense-64,relationship,256,64,3,64,7,10546400,0,0
sample,long,dense-64,relationship,256,64,4,64,7,14672800,0,0
summary,long,dense-64,relationship,164787.500,227989.062,241215.625
sample,long,dense-64,clipping,256,64,0,4,1,11025700,2224128,0
sample,long,dense-64,clipping,256,64,1,4,1,15099200,2224128,0
sample,long,dense-64,clipping,256,64,2,4,1,14956700,2224128,0
sample,long,dense-64,clipping,256,64,3,4,1,15424400,2224128,0
sample,long,dense-64,clipping,256,64,4,4,1,10937100,2224128,0
summary,long,dense-64,clipping,2734275.000,3739175.000,3856100.000
sample,long,wide-integral,relationship,4,1,0,8192,820,12724500,0,0
sample,long,wide-integral,relationship,4,1,1,8192,820,17434800,0,0
sample,long,wide-integral,relationship,4,1,2,8192,820,12678700,0,0
sample,long,wide-integral,relationship,4,1,3,8192,820,16638400,0,0
sample,long,wide-integral,relationship,4,1,4,8192,820,14136900,0,0
summary,long,wide-integral,relationship,1547.693,1725.696,2128.271
sample,long,wide-integral,clipping,4,1,0,256,26,12000700,4239360,1
sample,long,wide-integral,clipping,4,1,1,256,26,8980400,4239360,1
sample,long,wide-integral,clipping,4,1,2,256,26,9434800,4239360,1
sample,long,wide-integral,clipping,4,1,3,256,26,13123100,4239360,1
sample,long,wide-integral,clipping,4,1,4,256,26,7985600,4239360,1
summary,long,wide-integral,clipping,31193.750,36854.688,51262.109
sample,long,endpoint-collapse,relationship,4,0,0,8192,820,19471400,0,0
sample,long,endpoint-collapse,relationship,4,0,1,8192,820,19392900,0,0
sample,long,endpoint-collapse,relationship,4,0,2,8192,820,23161700,0,0
sample,long,endpoint-collapse,relationship,4,0,3,8192,820,15338800,0,0
sample,long,endpoint-collapse,relationship,4,0,4,8192,820,19179600,0,0
summary,long,endpoint-collapse,relationship,1872.412,2367.297,2827.356
sample,long,endpoint-collapse,clipping,4,0,0,512,52,14380500,8462336,2
sample,long,endpoint-collapse,clipping,4,0,1,512,52,17691200,8462336,2
sample,long,endpoint-collapse,clipping,4,0,2,512,52,12013400,8462336,2
sample,long,endpoint-collapse,clipping,4,0,3,512,52,15968300,8462336,2
sample,long,endpoint-collapse,clipping,4,0,4,512,52,10195200,8462336,2
summary,long,endpoint-collapse,clipping,19912.500,28086.914,34553.125
sample,long,gap-collapse,relationship,8,0,0,2048,205,10195100,0,0
sample,long,gap-collapse,relationship,8,0,1,2048,205,14340100,0,0
sample,long,gap-collapse,relationship,8,0,2,2048,205,10476600,0,0
sample,long,gap-collapse,relationship,8,0,3,2048,205,14095800,0,0
sample,long,gap-collapse,relationship,8,0,4,2048,205,10077000,0,0
summary,long,gap-collapse,relationship,4920.410,5115.527,7002.002
sample,long,gap-collapse,clipping,8,0,0,256,26,13301800,6348800,1
sample,long,gap-collapse,clipping,8,0,1,256,26,17919200,6348800,1
sample,long,gap-collapse,clipping,8,0,2,256,26,16344800,6348800,1
sample,long,gap-collapse,clipping,8,0,3,256,26,17546900,6348800,1
sample,long,gap-collapse,clipping,8,0,4,256,26,13052800,6348800,1
summary,long,gap-collapse,clipping,50987.500,63846.875,69996.875
fixture,float,exterior,4,1,success,0
fixture,float,interior,4,4,success,1
fixture,float,crossing,4,7,success,1
fixture,float,boundary-only,4,10,success,1
fixture,float,boundary-overlap,4,11,success,1
fixture,float,isolated-tangent,4,3,success,0
fixture,float,degenerate-interior,4,4,success,0
fixture,float,degenerate-boundary,4,2,success,0
fixture,float,empty,0,1,success,0
fixture,float,concave-u,8,7,success,2
fixture,float,hole,8,7,success,2
fixture,float,hole-reversed,8,7,success,2
fixture,float,rational-crossing,3,7,success,1
fixture,float,sparse-1,4,7,success,1
fixture,float,sparse-4,16,7,success,1
fixture,float,sparse-16,64,7,success,1
fixture,float,sparse-64,256,7,success,1
fixture,float,dense-1,4,7,success,1
fixture,float,dense-4,16,7,success,4
fixture,float,dense-16,64,7,success,16
fixture,float,dense-64,256,7,success,64
fixture,float,subnormal,4,7,success,1
fixture,float,large-finite,4,7,success,1
preflight,float,23,PASS
sample,float,exterior,relationship,4,0,0,8192,820,16904600,0,0
sample,float,exterior,relationship,4,0,1,8192,820,17611800,0,0
sample,float,exterior,relationship,4,0,2,8192,820,13719500,0,0
sample,float,exterior,relationship,4,0,3,8192,820,13330300,0,0
sample,float,exterior,relationship,4,0,4,8192,820,13371700,0,0
summary,float,exterior,relationship,1627.234,1674.744,2149.878
sample,float,exterior,clipping,4,0,0,2048,205,13735200,16973824,4
sample,float,exterior,clipping,4,0,1,2048,205,14173900,16973824,4
sample,float,exterior,clipping,4,0,2,2048,205,9507500,16973824,4
sample,float,exterior,clipping,4,0,3,2048,205,14895900,16973824,4
sample,float,exterior,clipping,4,0,4,2048,205,9013500,16973824,4
summary,float,exterior,clipping,4401.123,6706.641,7273.389
sample,float,interior,relationship,4,1,0,4096,410,8934300,0,0
sample,float,interior,relationship,4,1,1,4096,410,8959800,0,0
sample,float,interior,relationship,4,1,2,4096,410,9025900,0,0
sample,float,interior,relationship,4,1,3,4096,410,4420000,0,0
sample,float,interior,relationship,4,1,4,4096,410,13276200,0,0
summary,float,interior,relationship,1079.102,2187.451,3241.260
sample,float,interior,clipping,4,1,0,1024,103,16662500,8536064,2
sample,float,interior,clipping,4,1,1,1024,103,10213500,8536064,2
sample,float,interior,clipping,4,1,2,1024,103,17734700,8536064,2
sample,float,interior,clipping,4,1,3,1024,103,11994800,8536064,2
sample,float,interior,clipping,4,1,4,1024,103,11290500,8536064,2
summary,float,interior,clipping,9974.121,11713.672,17319.043
sample,float,crossing,relationship,4,1,0,8192,820,16751200,0,0
sample,float,crossing,relationship,4,1,1,8192,820,13054800,0,0
sample,float,crossing,relationship,4,1,2,8192,820,15886600,0,0
sample,float,crossing,relationship,4,1,3,8192,820,17776800,0,0
sample,float,crossing,relationship,4,1,4,8192,820,18141100,0,0
summary,float,crossing,relationship,1593.604,2044.824,2214.490
sample,float,crossing,clipping,4,1,0,256,26,8435800,4239360,1
sample,float,crossing,clipping,4,1,1,256,26,8410200,4239360,1
sample,float,crossing,clipping,4,1,2,256,26,10189600,4239360,1
sample,float,crossing,clipping,4,1,3,256,26,8394000,4239360,1
sample,float,crossing,clipping,4,1,4,256,26,8402000,4239360,1
summary,float,crossing,clipping,32789.062,32852.344,39803.125
sample,float,boundary-only,relationship,4,1,0,8192,820,18429500,0,0
sample,float,boundary-only,relationship,4,1,1,8192,820,22253400,0,0
sample,float,boundary-only,relationship,4,1,2,8192,820,17912000,0,0
sample,float,boundary-only,relationship,4,1,3,8192,820,21753500,0,0
sample,float,boundary-only,relationship,4,1,4,8192,820,17961800,0,0
summary,float,boundary-only,relationship,2186.523,2249.695,2716.479
sample,float,boundary-only,clipping,4,1,0,512,52,14614000,10559488,2
sample,float,boundary-only,clipping,4,1,1,512,52,12135900,10559488,2
sample,float,boundary-only,clipping,4,1,2,512,52,11879600,10559488,2
sample,float,boundary-only,clipping,4,1,3,512,52,11971700,10559488,2
sample,float,boundary-only,clipping,4,1,4,512,52,11946900,10559488,2
summary,float,boundary-only,clipping,23202.344,23382.227,28542.969
sample,float,boundary-overlap,relationship,4,1,0,4096,410,11857500,0,0
sample,float,boundary-overlap,relationship,4,1,1,4096,410,13413800,0,0
sample,float,boundary-overlap,relationship,4,1,2,4096,410,10499400,0,0
sample,float,boundary-overlap,relationship,4,1,3,4096,410,14095500,0,0
sample,float,boundary-overlap,relationship,4,1,4,4096,410,10191000,0,0
summary,float,boundary-overlap,relationship,2488.037,2894.897,3441.284
sample,float,boundary-overlap,clipping,4,1,0,512,52,15873400,10575872,2
sample,float,boundary-overlap,clipping,4,1,1,512,52,16338700,10575872,2
sample,float,boundary-overlap,clipping,4,1,2,512,52,13094000,10575872,2
sample,float,boundary-overlap,clipping,4,1,3,512,52,11882100,10575872,2
sample,float,boundary-overlap,clipping,4,1,4,512,52,11992300,10575872,2
summary,float,boundary-overlap,clipping,23207.227,25574.219,31911.523
sample,float,isolated-tangent,relationship,4,0,0,4096,410,11001800,0,0
sample,float,isolated-tangent,relationship,4,0,1,4096,410,13368200,0,0
sample,float,isolated-tangent,relationship,4,0,2,4096,410,7426400,0,0
sample,float,isolated-tangent,relationship,4,0,3,4096,410,11429500,0,0
sample,float,isolated-tangent,relationship,4,0,4,4096,410,11075700,0,0
summary,float,isolated-tangent,relationship,1813.086,2704.028,3263.721
sample,float,isolated-tangent,clipping,4,0,0,1024,103,11218200,16875520,4
sample,float,isolated-tangent,clipping,4,0,1,1024,103,13662200,16875520,4
sample,float,isolated-tangent,clipping,4,0,2,1024,103,12575700,16875520,4
sample,float,isolated-tangent,clipping,4,0,3,1024,103,12992500,16875520,4
sample,float,isolated-tangent,clipping,4,0,4,1024,103,11948800,16875520,4
summary,float,isolated-tangent,clipping,10955.273,12280.957,13341.992
sample,float,degenerate-interior,relationship,4,0,0,65536,6554,2705600,0,0
sample,float,degenerate-interior,relationship,4,0,1,65536,6554,2744100,0,0
sample,float,degenerate-interior,relationship,4,0,2,65536,6554,8034900,0,0
sample,float,degenerate-interior,relationship,4,0,3,65536,6554,2595200,0,0
sample,float,degenerate-interior,relationship,4,0,4,65536,6554,9442300,0,0
summary,float,degenerate-interior,relationship,39.600,41.872,144.078
sample,float,degenerate-interior,clipping,4,0,0,65536,6554,266100,0,0
sample,float,degenerate-interior,clipping,4,0,1,65536,6554,266100,0,0
sample,float,degenerate-interior,clipping,4,0,2,65536,6554,266100,0,0
sample,float,degenerate-interior,clipping,4,0,3,65536,6554,279400,0,0
sample,float,degenerate-interior,clipping,4,0,4,65536,6554,266100,0,0
summary,float,degenerate-interior,clipping,4.060,4.060,4.263
sample,float,degenerate-boundary,relationship,4,0,0,65536,6554,8698300,0,0
sample,float,degenerate-boundary,relationship,4,0,1,65536,6554,2896700,0,0
sample,float,degenerate-boundary,relationship,4,0,2,65536,6554,2640900,0,0
sample,float,degenerate-boundary,relationship,4,0,3,65536,6554,2742100,0,0
sample,float,degenerate-boundary,relationship,4,0,4,65536,6554,8228500,0,0
summary,float,degenerate-boundary,relationship,40.297,44.200,132.726
sample,float,degenerate-boundary,clipping,4,0,0,65536,6554,266100,0,0
sample,float,degenerate-boundary,clipping,4,0,1,65536,6554,310200,0,0
sample,float,degenerate-boundary,clipping,4,0,2,65536,6554,288900,0,0
sample,float,degenerate-boundary,clipping,4,0,3,65536,6554,296900,0,0
sample,float,degenerate-boundary,clipping,4,0,4,65536,6554,266100,0,0
summary,float,degenerate-boundary,clipping,4.060,4.408,4.733
sample,float,empty,relationship,0,0,0,65536,6554,890300,0,0
sample,float,empty,relationship,0,0,1,65536,6554,940300,0,0
sample,float,empty,relationship,0,0,2,65536,6554,890900,0,0
sample,float,empty,relationship,0,0,3,65536,6554,930100,0,0
sample,float,empty,relationship,0,0,4,65536,6554,991800,0,0
summary,float,empty,relationship,13.585,14.192,15.134
sample,float,empty,clipping,0,0,0,65536,6554,266100,0,0
sample,float,empty,clipping,0,0,1,65536,6554,314300,0,0
sample,float,empty,clipping,0,0,2,65536,6554,297100,0,0
sample,float,empty,clipping,0,0,3,65536,6554,5905200,0,0
sample,float,empty,clipping,0,0,4,65536,6554,266100,0,0
summary,float,empty,clipping,4.060,4.533,90.106
sample,float,concave-u,relationship,8,2,0,2048,205,9840400,0,0
sample,float,concave-u,relationship,8,2,1,2048,205,9610400,0,0
sample,float,concave-u,relationship,8,2,2,2048,205,6093500,0,0
sample,float,concave-u,relationship,8,2,3,2048,205,9675100,0,0
sample,float,concave-u,relationship,8,2,4,2048,205,9580900,0,0
summary,float,concave-u,relationship,2975.342,4692.578,4804.883
sample,float,concave-u,clipping,8,2,0,128,13,5180500,3178496,0
sample,float,concave-u,clipping,8,2,1,128,13,8744600,3178496,0
sample,float,concave-u,clipping,8,2,2,128,13,9124000,3178496,0
sample,float,concave-u,clipping,8,2,3,128,13,9690800,3178496,0
sample,float,concave-u,clipping,8,2,4,128,13,7967500,3178496,0
summary,float,concave-u,clipping,40472.656,68317.188,75709.375
sample,float,hole,relationship,8,2,0,4096,410,23755600,0,0
sample,float,hole,relationship,8,2,1,4096,410,23692900,0,0
sample,float,hole,relationship,8,2,2,4096,410,24523500,0,0
sample,float,hole,relationship,8,2,3,4096,410,23478800,0,0
sample,float,hole,relationship,8,2,4,4096,410,23414700,0,0
summary,float,hole,relationship,5716.479,5784.399,5987.183
sample,float,hole,clipping,8,2,0,128,13,8756900,3178496,0
sample,float,hole,clipping,8,2,1,128,13,9059900,3178496,0
sample,float,hole,clipping,8,2,2,128,13,4930500,3178496,0
sample,float,hole,clipping,8,2,3,128,13,8727000,3178496,0
sample,float,hole,clipping,8,2,4,128,13,10968600,3178496,0
summary,float,hole,clipping,38519.531,68413.281,85692.188
sample,float,hole-reversed,relationship,8,2,0,4096,410,25857300,0,0
sample,float,hole-reversed,relationship,8,2,1,4096,410,23911600,0,0
sample,float,hole-reversed,relationship,8,2,2,4096,410,20417300,0,0
sample,float,hole-reversed,relationship,8,2,3,4096,410,19442500,0,0
sample,float,hole-reversed,relationship,8,2,4,4096,410,22975200,0,0
summary,float,hole-reversed,relationship,4746.704,5609.180,6312.817
sample,float,hole-reversed,clipping,8,2,0,256,26,14137500,6356992,1
sample,float,hole-reversed,clipping,8,2,1,256,26,13429300,6356992,1
sample,float,hole-reversed,clipping,8,2,2,256,26,15148500,6356992,1
sample,float,hole-reversed,clipping,8,2,3,256,26,19858200,6356992,1
sample,float,hole-reversed,clipping,8,2,4,256,26,20052700,6356992,1
summary,float,hole-reversed,clipping,52458.203,59173.828,78330.859
sample,float,rational-crossing,relationship,3,1,0,8192,820,10512900,0,0
sample,float,rational-crossing,relationship,3,1,1,8192,820,6085800,0,0
sample,float,rational-crossing,relationship,3,1,2,8192,820,7006800,0,0
sample,float,rational-crossing,relationship,3,1,3,8192,820,10418400,0,0
sample,float,rational-crossing,relationship,3,1,4,8192,820,14592800,0,0
summary,float,rational-crossing,relationship,742.896,1271.777,1781.348
sample,float,rational-crossing,clipping,3,1,0,512,52,15257600,8478720,2
sample,float,rational-crossing,clipping,3,1,1,512,52,19207100,8478720,2
sample,float,rational-crossing,clipping,3,1,2,512,52,16782500,8478720,2
sample,float,rational-crossing,clipping,3,1,3,512,52,17664600,8478720,2
sample,float,rational-crossing,clipping,3,1,4,512,52,21766900,8478720,2
summary,float,rational-crossing,clipping,29800.000,34501.172,42513.477
sample,float,sparse-1,relationship,4,1,0,8192,820,19471300,0,0
sample,float,sparse-1,relationship,4,1,1,8192,820,16940400,0,0
sample,float,sparse-1,relationship,4,1,2,8192,820,14303100,0,0
sample,float,sparse-1,relationship,4,1,3,8192,820,16961900,0,0
sample,float,sparse-1,relationship,4,1,4,8192,820,16663000,0,0
summary,float,sparse-1,relationship,1745.984,2067.920,2376.868
sample,float,sparse-1,clipping,4,1,0,256,26,8257800,4239360,1
sample,float,sparse-1,clipping,4,1,1,256,26,8232100,4239360,1
sample,float,sparse-1,clipping,4,1,2,256,26,8315200,4239360,1
sample,float,sparse-1,clipping,4,1,3,256,26,8224300,4239360,1
sample,float,sparse-1,clipping,4,1,4,256,26,8137000,4239360,1
summary,float,sparse-1,clipping,31785.156,32156.641,32481.250
sample,float,sparse-4,relationship,16,1,0,1024,103,8836400,0,0
sample,float,sparse-4,relationship,16,1,1,1024,103,8905800,0,0
sample,float,sparse-4,relationship,16,1,2,1024,103,9690300,0,0
sample,float,sparse-4,relationship,16,1,3,1024,103,7909200,0,0
sample,float,sparse-4,relationship,16,1,4,1024,103,8820200,0,0
summary,float,sparse-4,relationship,7723.828,8629.297,9463.184
sample,float,sparse-4,clipping,16,1,0,256,26,9665000,4239360,1
sample,float,sparse-4,clipping,16,1,1,256,26,13762700,4239360,1
sample,float,sparse-4,clipping,16,1,2,256,26,9824100,4239360,1
sample,float,sparse-4,clipping,16,1,3,256,26,10131500,4239360,1
sample,float,sparse-4,clipping,16,1,4,256,26,12959800,4239360,1
summary,float,sparse-4,clipping,37753.906,39576.172,53760.547
sample,float,sparse-16,relationship,64,1,0,256,26,9452300,0,0
sample,float,sparse-16,relationship,64,1,1,256,26,4964200,0,0
sample,float,sparse-16,relationship,64,1,2,256,26,10894300,0,0
sample,float,sparse-16,relationship,64,1,3,256,26,8965600,0,0
sample,float,sparse-16,relationship,64,1,4,256,26,11921700,0,0
summary,float,sparse-16,relationship,19391.406,36923.047,46569.141
sample,float,sparse-16,clipping,64,1,0,128,13,11864200,2119680,0
sample,float,sparse-16,clipping,64,1,1,128,13,9229500,2119680,0
sample,float,sparse-16,clipping,64,1,2,128,13,10125300,2119680,0
sample,float,sparse-16,clipping,64,1,3,128,13,9195500,2119680,0
sample,float,sparse-16,clipping,64,1,4,128,13,9121200,2119680,0
summary,float,sparse-16,clipping,71259.375,72105.469,92689.062
sample,float,sparse-64,relationship,256,1,0,64,7,8873600,0,0
sample,float,sparse-64,relationship,256,1,1,64,7,9039800,0,0
sample,float,sparse-64,relationship,256,1,2,64,7,9157800,0,0
sample,float,sparse-64,relationship,256,1,3,64,7,13037000,0,0
sample,float,sparse-64,relationship,256,1,4,64,7,9780400,0,0
summary,float,sparse-64,relationship,138650.000,143090.625,203703.125
sample,float,sparse-64,clipping,256,1,0,32,4,3694000,529920,0
sample,float,sparse-64,clipping,256,1,1,32,4,12984600,529920,0
sample,float,sparse-64,clipping,256,1,2,32,4,3815700,529920,0
sample,float,sparse-64,clipping,256,1,3,32,4,6875800,529920,0
sample,float,sparse-64,clipping,256,1,4,32,4,3912700,529920,0
summary,float,sparse-64,clipping,115437.500,122271.875,405768.750
sample,float,dense-1,relationship,4,1,0,8192,820,16582400,0,0
sample,float,dense-1,relationship,4,1,1,8192,820,16696500,0,0
sample,float,dense-1,relationship,4,1,2,8192,820,14028300,0,0
sample,float,dense-1,relationship,4,1,3,8192,820,17144700,0,0
sample,float,dense-1,relationship,4,1,4,8192,820,17354700,0,0
summary,float,dense-1,relationship,1712.439,2038.147,2118.494
sample,float,dense-1,clipping,4,1,0,256,26,8373200,4239360,1
sample,float,dense-1,clipping,4,1,1,256,26,8213500,4239360,1
sample,float,dense-1,clipping,4,1,2,256,26,8312100,4239360,1
sample,float,dense-1,clipping,4,1,3,256,26,8522800,4239360,1
sample,float,dense-1,clipping,4,1,4,256,26,10002600,4239360,1
summary,float,dense-1,clipping,32083.984,32707.812,39072.656
sample,float,dense-4,relationship,16,4,0,1024,103,15173600,0,0
sample,float,dense-4,relationship,16,4,1,1024,103,10577000,0,0
sample,float,dense-4,relationship,16,4,2,1024,103,10137800,0,0
sample,float,dense-4,relationship,16,4,3,1024,103,14428900,0,0
sample,float,dense-4,relationship,16,4,4,1024,103,6439900,0,0
summary,float,dense-4,relationship,6288.965,10329.102,14817.969
sample,float,dense-4,clipping,16,4,0,64,7,11567800,2647040,0
sample,float,dense-4,clipping,16,4,1,64,7,5576300,2647040,0
sample,float,dense-4,clipping,16,4,2,64,7,10549300,2647040,0
sample,float,dense-4,clipping,16,4,3,64,7,11858200,2647040,0
sample,float,dense-4,clipping,16,4,4,64,7,9154100,2647040,0
summary,float,dense-4,clipping,87129.688,164832.812,185284.375
sample,float,dense-16,relationship,64,16,0,256,26,10863200,0,0
sample,float,dense-16,relationship,64,16,1,256,26,10853800,0,0
sample,float,dense-16,relationship,64,16,2,256,26,14710500,0,0
sample,float,dense-16,relationship,64,16,3,256,26,15203400,0,0
sample,float,dense-16,relationship,64,16,4,256,26,15886600,0,0
summary,float,dense-16,relationship,42397.656,57462.891,62057.031
sample,float,dense-16,clipping,64,16,0,16,2,6710700,2320128,0
sample,float,dense-16,clipping,64,16,1,16,2,10643200,2320128,0
sample,float,dense-16,clipping,64,16,2,16,2,14497900,2320128,0
sample,float,dense-16,clipping,64,16,3,16,2,15437300,2320128,0
sample,float,dense-16,clipping,64,16,4,16,2,10323600,2320128,0
summary,float,dense-16,clipping,419418.750,665200.000,964831.250
sample,float,dense-64,relationship,256,64,0,64,7,14920700,0,0
sample,float,dense-64,relationship,256,64,1,64,7,10889000,0,0
sample,float,dense-64,relationship,256,64,2,64,7,6956300,0,0
sample,float,dense-64,relationship,256,64,3,64,7,10913800,0,0
sample,float,dense-64,relationship,256,64,4,64,7,6910700,0,0
summary,float,dense-64,relationship,107979.688,170140.625,233135.938
sample,float,dense-64,clipping,256,64,0,4,1,11308500,2224128,0
sample,float,dense-64,clipping,256,64,1,4,1,11327200,2224128,0
sample,float,dense-64,clipping,256,64,2,4,1,16514800,2224128,0
sample,float,dense-64,clipping,256,64,3,4,1,16036400,2224128,0
sample,float,dense-64,clipping,256,64,4,4,1,15827200,2224128,0
summary,float,dense-64,clipping,2827125.000,3956800.000,4128700.000
sample,float,subnormal,relationship,4,1,0,2048,205,8792700,0,0
sample,float,subnormal,relationship,4,1,1,2048,205,3671900,0,0
sample,float,subnormal,relationship,4,1,2,2048,205,2214100,0,0
sample,float,subnormal,relationship,4,1,3,2048,205,2263700,0,0
sample,float,subnormal,relationship,4,1,4,2048,205,2259600,0,0
summary,float,subnormal,relationship,1081.104,1105.322,4293.311
sample,float,subnormal,clipping,4,1,0,256,26,8843300,4239360,1
sample,float,subnormal,clipping,4,1,1,256,26,10191700,4239360,1
sample,float,subnormal,clipping,4,1,2,256,26,8471400,4239360,1
sample,float,subnormal,clipping,4,1,3,256,26,8418900,4239360,1
sample,float,subnormal,clipping,4,1,4,256,26,15018300,4239360,1
summary,float,subnormal,clipping,32886.328,34544.141,58665.234
sample,float,large-finite,relationship,4,1,0,8192,820,20846700,0,0
sample,float,large-finite,relationship,4,1,1,8192,820,17003400,0,0
sample,float,large-finite,relationship,4,1,2,8192,820,17670300,0,0
sample,float,large-finite,relationship,4,1,3,8192,820,16863400,0,0
sample,float,large-finite,relationship,4,1,4,8192,820,17033100,0,0
summary,float,large-finite,relationship,2058.521,2079.236,2544.763
sample,float,large-finite,clipping,4,1,0,256,26,8513600,4239360,1
sample,float,large-finite,clipping,4,1,1,256,26,10750900,4239360,1
sample,float,large-finite,clipping,4,1,2,256,26,8914700,4239360,1
sample,float,large-finite,clipping,4,1,3,256,26,10928900,4239360,1
sample,float,large-finite,clipping,4,1,4,256,26,8822600,4239360,1
summary,float,large-finite,clipping,33256.250,34823.047,42691.016
fixture,double,exterior,4,1,success,0
fixture,double,interior,4,4,success,1
fixture,double,crossing,4,7,success,1
fixture,double,boundary-only,4,10,success,1
fixture,double,boundary-overlap,4,11,success,1
fixture,double,isolated-tangent,4,3,success,0
fixture,double,degenerate-interior,4,4,success,0
fixture,double,degenerate-boundary,4,2,success,0
fixture,double,empty,0,1,success,0
fixture,double,concave-u,8,7,success,2
fixture,double,hole,8,7,success,2
fixture,double,hole-reversed,8,7,success,2
fixture,double,rational-crossing,3,7,success,1
fixture,double,sparse-1,4,7,success,1
fixture,double,sparse-4,16,7,success,1
fixture,double,sparse-16,64,7,success,1
fixture,double,sparse-64,256,7,success,1
fixture,double,dense-1,4,7,success,1
fixture,double,dense-4,16,7,success,4
fixture,double,dense-16,64,7,success,16
fixture,double,dense-64,256,7,success,64
fixture,double,subnormal,4,7,success,1
fixture,double,large-finite,4,7,success,1
preflight,double,23,PASS
sample,double,exterior,relationship,4,0,0,8192,820,17019800,0,0
sample,double,exterior,relationship,4,0,1,8192,820,17051300,0,0
sample,double,exterior,relationship,4,0,2,8192,820,21435900,0,0
sample,double,exterior,relationship,4,0,3,8192,820,16728600,0,0
sample,double,exterior,relationship,4,0,4,8192,820,17236300,0,0
summary,double,exterior,relationship,2042.065,2081.458,2616.687
sample,double,exterior,clipping,4,0,0,2048,205,15277400,16973824,4
sample,double,exterior,clipping,4,0,1,2048,205,15244700,16973824,4
sample,double,exterior,clipping,4,0,2,2048,205,15953700,16973824,4
sample,double,exterior,clipping,4,0,3,2048,205,13806000,16973824,4
sample,double,exterior,clipping,4,0,4,2048,205,16209200,16973824,4
summary,double,exterior,clipping,6741.211,7459.668,7914.648
sample,double,interior,relationship,4,1,0,8192,820,20010500,0,0
sample,double,interior,relationship,4,1,1,8192,820,17716800,0,0
sample,double,interior,relationship,4,1,2,8192,820,13913000,0,0
sample,double,interior,relationship,4,1,3,8192,820,15508100,0,0
sample,double,interior,relationship,4,1,4,8192,820,16657800,0,0
summary,double,interior,relationship,1698.364,2033.423,2442.688
sample,double,interior,clipping,4,1,0,1024,103,15180200,8536064,2
sample,double,interior,clipping,4,1,1,1024,103,15951800,8536064,2
sample,double,interior,clipping,4,1,2,1024,103,12009600,8536064,2
sample,double,interior,clipping,4,1,3,1024,103,16213300,8536064,2
sample,double,interior,clipping,4,1,4,1024,103,15721100,8536064,2
summary,double,interior,clipping,11728.125,15352.637,15833.301
sample,double,crossing,relationship,4,1,0,8192,820,17240500,0,0
sample,double,crossing,relationship,4,1,1,8192,820,14398400,0,0
sample,double,crossing,relationship,4,1,2,8192,820,15777900,0,0
sample,double,crossing,relationship,4,1,3,8192,820,16901900,0,0
sample,double,crossing,relationship,4,1,4,8192,820,16478300,0,0
summary,double,crossing,relationship,1757.617,2011.511,2104.553
sample,double,crossing,clipping,4,1,0,512,52,22005600,8478720,2
sample,double,crossing,clipping,4,1,1,512,52,17337100,8478720,2
sample,double,crossing,clipping,4,1,2,512,52,18596000,8478720,2
sample,double,crossing,clipping,4,1,3,512,52,17294200,8478720,2
sample,double,crossing,clipping,4,1,4,512,52,19113100,8478720,2
summary,double,crossing,clipping,33777.734,36320.312,42979.688
sample,double,boundary-only,relationship,4,1,0,8192,820,19409200,0,0
sample,double,boundary-only,relationship,4,1,1,8192,820,20139100,0,0
sample,double,boundary-only,relationship,4,1,2,8192,820,18361000,0,0
sample,double,boundary-only,relationship,4,1,3,8192,820,22149600,0,0
sample,double,boundary-only,relationship,4,1,4,8192,820,18233800,0,0
summary,double,boundary-only,relationship,2225.806,2369.287,2703.809
sample,double,boundary-only,clipping,4,1,0,512,52,11391700,10559488,2
sample,double,boundary-only,clipping,4,1,1,512,52,11967200,10559488,2
sample,double,boundary-only,clipping,4,1,2,512,52,8919300,10559488,2
sample,double,boundary-only,clipping,4,1,3,512,52,10165400,10559488,2
sample,double,boundary-only,clipping,4,1,4,512,52,12112800,10559488,2
summary,double,boundary-only,clipping,17420.508,22249.414,23657.812
sample,double,boundary-overlap,relationship,4,1,0,4096,410,6110300,0,0
sample,double,boundary-overlap,relationship,4,1,1,4096,410,15083000,0,0
sample,double,boundary-overlap,relationship,4,1,2,4096,410,14655800,0,0
sample,double,boundary-overlap,relationship,4,1,3,4096,410,10131000,0,0
sample,double,boundary-overlap,relationship,4,1,4,4096,410,14320900,0,0
summary,double,boundary-overlap,relationship,1491.772,3496.313,3682.373
sample,double,boundary-overlap,clipping,4,1,0,512,52,13914400,10575872,2
sample,double,boundary-overlap,clipping,4,1,1,512,52,10407500,10575872,2
sample,double,boundary-overlap,clipping,4,1,2,512,52,14579300,10575872,2
sample,double,boundary-overlap,clipping,4,1,3,512,52,14929700,10575872,2
sample,double,boundary-overlap,clipping,4,1,4,512,52,12968400,10575872,2
summary,double,boundary-overlap,clipping,20327.148,27176.562,29159.570
sample,double,isolated-tangent,relationship,4,0,0,4096,410,11037500,0,0
sample,double,isolated-tangent,relationship,4,0,1,4096,410,10995500,0,0
sample,double,isolated-tangent,relationship,4,0,2,4096,410,7460100,0,0
sample,double,isolated-tangent,relationship,4,0,3,4096,410,11329900,0,0
sample,double,isolated-tangent,relationship,4,0,4,4096,410,15897400,0,0
summary,double,isolated-tangent,relationship,1821.313,2694.702,3881.201
sample,double,isolated-tangent,clipping,4,0,0,1024,103,11683700,16875520,4
sample,double,isolated-tangent,clipping,4,0,1,1024,103,15448500,16875520,4
sample,double,isolated-tangent,clipping,4,0,2,1024,103,11362700,16875520,4
sample,double,isolated-tangent,clipping,4,0,3,1024,103,13505700,16875520,4
sample,double,isolated-tangent,clipping,4,0,4,1024,103,19656500,16875520,4
summary,double,isolated-tangent,clipping,11096.387,13189.160,19195.801
sample,double,degenerate-interior,relationship,4,0,0,65536,6554,7525900,0,0
sample,double,degenerate-interior,relationship,4,0,1,65536,6554,2826000,0,0
sample,double,degenerate-interior,relationship,4,0,2,65536,6554,9063300,0,0
sample,double,degenerate-interior,relationship,4,0,3,65536,6554,2259700,0,0
sample,double,degenerate-interior,relationship,4,0,4,65536,6554,2289900,0,0
summary,double,degenerate-interior,relationship,34.480,43.121,138.295
sample,double,degenerate-interior,clipping,4,0,0,65536,6554,607700,0,0
sample,double,degenerate-interior,clipping,4,0,1,65536,6554,235000,0,0
sample,double,degenerate-interior,clipping,4,0,2,65536,6554,296300,0,0
sample,double,degenerate-interior,clipping,4,0,3,65536,6554,237400,0,0
sample,double,degenerate-interior,clipping,4,0,4,65536,6554,269400,0,0
summary,double,degenerate-interior,clipping,3.586,4.111,9.273
sample,double,degenerate-boundary,relationship,4,0,0,65536,6554,3711700,0,0
sample,double,degenerate-boundary,relationship,4,0,1,65536,6554,2317700,0,0
sample,double,degenerate-boundary,relationship,4,0,2,65536,6554,2461400,0,0
sample,double,degenerate-boundary,relationship,4,0,3,65536,6554,2292400,0,0
sample,double,degenerate-boundary,relationship,4,0,4,65536,6554,6385800,0,0
summary,double,degenerate-boundary,relationship,34.979,37.558,97.440
sample,double,degenerate-boundary,clipping,4,0,0,65536,6554,235900,0,0
sample,double,degenerate-boundary,clipping,4,0,1,65536,6554,283500,0,0
sample,double,degenerate-boundary,clipping,4,0,2,65536,6554,236100,0,0
sample,double,degenerate-boundary,clipping,4,0,3,65536,6554,263000,0,0
sample,double,degenerate-boundary,clipping,4,0,4,65536,6554,261900,0,0
summary,double,degenerate-boundary,clipping,3.600,3.996,4.326
sample,double,empty,relationship,0,0,0,65536,6554,897800,0,0
sample,double,empty,relationship,0,0,1,65536,6554,1015500,0,0
sample,double,empty,relationship,0,0,2,65536,6554,1062300,0,0
sample,double,empty,relationship,0,0,3,65536,6554,914700,0,0
sample,double,empty,relationship,0,0,4,65536,6554,905700,0,0
summary,double,empty,relationship,13.699,13.957,16.209
sample,double,empty,clipping,0,0,0,65536,6554,286300,0,0
sample,double,empty,clipping,0,0,1,65536,6554,4254400,0,0
sample,double,empty,clipping,0,0,2,65536,6554,280900,0,0
sample,double,empty,clipping,0,0,3,65536,6554,235500,0,0
sample,double,empty,clipping,0,0,4,65536,6554,236300,0,0
summary,double,empty,clipping,3.593,4.286,64.917
sample,double,concave-u,relationship,8,2,0,2048,205,5659700,0,0
sample,double,concave-u,relationship,8,2,1,2048,205,5674200,0,0
sample,double,concave-u,relationship,8,2,2,2048,205,11012600,0,0
sample,double,concave-u,relationship,8,2,3,2048,205,9700300,0,0
sample,double,concave-u,relationship,8,2,4,2048,205,9795700,0,0
summary,double,concave-u,relationship,2763.525,4736.475,5377.246
sample,double,concave-u,clipping,8,2,0,256,26,13345700,6356992,1
sample,double,concave-u,clipping,8,2,1,256,26,15236400,6356992,1
sample,double,concave-u,clipping,8,2,2,256,26,19879800,6356992,1
sample,double,concave-u,clipping,8,2,3,256,26,20473300,6356992,1
sample,double,concave-u,clipping,8,2,4,256,26,18623800,6356992,1
summary,double,concave-u,clipping,52131.641,72749.219,79973.828
sample,double,hole,relationship,8,2,0,4096,410,19247700,0,0
sample,double,hole,relationship,8,2,1,4096,410,15853900,0,0
sample,double,hole,relationship,8,2,2,4096,410,22459800,0,0
sample,double,hole,relationship,8,2,3,4096,410,15268500,0,0
sample,double,hole,relationship,8,2,4,4096,410,19472100,0,0
summary,double,hole,relationship,3727.661,4699.146,5483.350
sample,double,hole,clipping,8,2,0,256,26,13822900,6356992,1
sample,double,hole,clipping,8,2,1,256,26,18189700,6356992,1
sample,double,hole,clipping,8,2,2,256,26,22039400,6356992,1
sample,double,hole,clipping,8,2,3,256,26,18007200,6356992,1
sample,double,hole,clipping,8,2,4,256,26,21993400,6356992,1
summary,double,hole,clipping,53995.703,71053.516,86091.406
sample,double,hole-reversed,relationship,8,2,0,4096,410,23585600,0,0
sample,double,hole-reversed,relationship,8,2,1,4096,410,19474600,0,0
sample,double,hole-reversed,relationship,8,2,2,4096,410,15632300,0,0
sample,double,hole-reversed,relationship,8,2,3,4096,410,22248100,0,0
sample,double,hole-reversed,relationship,8,2,4,4096,410,23910000,0,0
summary,double,hole-reversed,relationship,3816.479,5431.665,5837.402
sample,double,hole-reversed,clipping,8,2,0,64,7,2495700,1589248,0
sample,double,hole-reversed,clipping,8,2,1,64,7,5193600,1589248,0
sample,double,hole-reversed,clipping,8,2,2,64,7,7952300,1589248,0
sample,double,hole-reversed,clipping,8,2,3,64,7,2589900,1589248,0
sample,double,hole-reversed,clipping,8,2,4,64,7,2402500,1589248,0
summary,double,hole-reversed,clipping,37539.062,40467.188,124254.688
sample,double,rational-crossing,relationship,3,1,0,8192,820,10018200,0,0
sample,double,rational-crossing,relationship,3,1,1,8192,820,6003400,0,0
sample,double,rational-crossing,relationship,3,1,2,8192,820,7623000,0,0
sample,double,rational-crossing,relationship,3,1,3,8192,820,10490900,0,0
sample,double,rational-crossing,relationship,3,1,4,8192,820,6358200,0,0
summary,double,rational-crossing,relationship,732.837,930.542,1280.627
sample,double,rational-crossing,clipping,3,1,0,512,52,15306200,8478720,2
sample,double,rational-crossing,clipping,3,1,1,512,52,17430300,8478720,2
sample,double,rational-crossing,clipping,3,1,2,512,52,16737600,8478720,2
sample,double,rational-crossing,clipping,3,1,3,512,52,18529600,8478720,2
sample,double,rational-crossing,clipping,3,1,4,512,52,16543300,8478720,2
summary,double,rational-crossing,clipping,29894.922,32690.625,36190.625
sample,double,sparse-1,relationship,4,1,0,8192,820,17000200,0,0
sample,double,sparse-1,relationship,4,1,1,8192,820,16915600,0,0
sample,double,sparse-1,relationship,4,1,2,8192,820,16594900,0,0
sample,double,sparse-1,relationship,4,1,3,8192,820,16634900,0,0
sample,double,sparse-1,relationship,4,1,4,8192,820,13244600,0,0
summary,double,sparse-1,relationship,1616.772,2030.627,2075.220
sample,double,sparse-1,clipping,4,1,0,256,26,8469200,4239360,1
sample,double,sparse-1,clipping,4,1,1,256,26,8406200,4239360,1
sample,double,sparse-1,clipping,4,1,2,256,26,10318100,4239360,1
sample,double,sparse-1,clipping,4,1,3,256,26,8670900,4239360,1
sample,double,sparse-1,clipping,4,1,4,256,26,8428700,4239360,1
summary,double,sparse-1,clipping,32836.719,33082.812,40305.078
sample,double,sparse-4,relationship,16,1,0,2048,205,17801300,0,0
sample,double,sparse-4,relationship,16,1,1,2048,205,14226900,0,0
sample,double,sparse-4,relationship,16,1,2,2048,205,17870600,0,0
sample,double,sparse-4,relationship,16,1,3,2048,205,17939200,0,0
sample,double,sparse-4,relationship,16,1,4,2048,205,23995500,0,0
summary,double,sparse-4,relationship,6946.729,8725.879,11716.553
sample,double,sparse-4,clipping,16,1,0,512,52,19649500,8478720,2
sample,double,sparse-4,clipping,16,1,1,512,52,22513900,8478720,2
sample,double,sparse-4,clipping,16,1,2,512,52,24247600,8478720,2
sample,double,sparse-4,clipping,16,1,3,512,52,23572900,8478720,2
sample,double,sparse-4,clipping,16,1,4,512,52,23149900,8478720,2
summary,double,sparse-4,clipping,38377.930,45214.648,47358.594
sample,double,sparse-16,relationship,64,1,0,512,52,22203200,0,0
sample,double,sparse-16,relationship,64,1,1,512,52,18154000,0,0
sample,double,sparse-16,relationship,64,1,2,512,52,21888300,0,0
sample,double,sparse-16,relationship,64,1,3,512,52,18098000,0,0
sample,double,sparse-16,relationship,64,1,4,512,52,25483400,0,0
summary,double,sparse-16,relationship,35347.656,42750.586,49772.266
sample,double,sparse-16,clipping,64,1,0,128,13,12467300,2119680,0
sample,double,sparse-16,clipping,64,1,1,128,13,5495200,2119680,0
sample,double,sparse-16,clipping,64,1,2,128,13,9476500,2119680,0
sample,double,sparse-16,clipping,64,1,3,128,13,5589000,2119680,0
sample,double,sparse-16,clipping,64,1,4,128,13,11043400,2119680,0
summary,double,sparse-16,clipping,42931.250,74035.156,97400.781
sample,double,sparse-64,relationship,256,1,0,128,13,17999800,0,0
sample,double,sparse-64,relationship,256,1,1,128,13,22462500,0,0
sample,double,sparse-64,relationship,256,1,2,128,13,18332800,0,0
sample,double,sparse-64,relationship,256,1,3,128,13,22562000,0,0
sample,double,sparse-64,relationship,256,1,4,128,13,22574300,0,0
summary,double,sparse-64,relationship,140623.438,175488.281,176361.719
sample,double,sparse-64,clipping,256,1,0,64,7,16273200,1059840,0
sample,double,sparse-64,clipping,256,1,1,64,7,15914400,1059840,0
sample,double,sparse-64,clipping,256,1,2,64,7,15926200,1059840,0
sample,double,sparse-64,clipping,256,1,3,64,7,15687200,1059840,0
sample,double,sparse-64,clipping,256,1,4,64,7,15798100,1059840,0
summary,double,sparse-64,clipping,245112.500,248662.500,254268.750
sample,double,dense-1,relationship,4,1,0,8192,820,16544300,0,0
sample,double,dense-1,relationship,4,1,1,8192,820,16899300,0,0
sample,double,dense-1,relationship,4,1,2,8192,820,17974800,0,0
sample,double,dense-1,relationship,4,1,3,8192,820,18225800,0,0
sample,double,dense-1,relationship,4,1,4,8192,820,22480800,0,0
summary,double,dense-1,relationship,2019.568,2194.189,2744.238
sample,double,dense-1,clipping,4,1,0,512,52,25280900,8478720,2
sample,double,dense-1,clipping,4,1,1,512,52,29864900,8478720,2
sample,double,dense-1,clipping,4,1,2,512,52,18046400,8478720,2
sample,double,dense-1,clipping,4,1,3,512,52,21305800,8478720,2
sample,double,dense-1,clipping,4,1,4,512,52,15105200,8478720,2
summary,double,dense-1,clipping,29502.344,41612.891,58329.883
sample,double,dense-4,relationship,16,4,0,1024,103,12527600,0,0
sample,double,dense-4,relationship,16,4,1,1024,103,11946100,0,0
sample,double,dense-4,relationship,16,4,2,1024,103,6287600,0,0
sample,double,dense-4,relationship,16,4,3,1024,103,15504700,0,0
sample,double,dense-4,relationship,16,4,4,1024,103,14511900,0,0
summary,double,dense-4,relationship,6140.234,12233.984,15141.309
sample,double,dense-4,clipping,16,4,0,128,13,18249900,5294080,1
sample,double,dense-4,clipping,16,4,1,128,13,18145000,5294080,1
sample,double,dense-4,clipping,16,4,2,128,13,18407500,5294080,1
sample,double,dense-4,clipping,16,4,3,128,13,18261500,5294080,1
sample,double,dense-4,clipping,16,4,4,128,13,25221000,5294080,1
summary,double,dense-4,clipping,141757.812,142667.969,197039.062
sample,double,dense-16,relationship,64,16,0,256,26,14868300,0,0
sample,double,dense-16,relationship,64,16,1,256,26,10793200,0,0
sample,double,dense-16,relationship,64,16,2,256,26,14093700,0,0
sample,double,dense-16,relationship,64,16,3,256,26,11988400,0,0
sample,double,dense-16,relationship,64,16,4,256,26,6644700,0,0
summary,double,dense-16,relationship,25955.859,46829.688,58079.297
sample,double,dense-16,clipping,64,16,0,16,2,5970100,2320128,0
sample,double,dense-16,clipping,64,16,1,16,2,9973500,2320128,0
sample,double,dense-16,clipping,64,16,2,16,2,13964200,2320128,0
sample,double,dense-16,clipping,64,16,3,16,2,9949700,2320128,0
sample,double,dense-16,clipping,64,16,4,16,2,13945800,2320128,0
summary,double,dense-16,clipping,373131.250,623343.750,872762.500
sample,double,dense-64,relationship,256,64,0,64,7,14713200,0,0
sample,double,dense-64,relationship,256,64,1,64,7,10890100,0,0
sample,double,dense-64,relationship,256,64,2,64,7,10850500,0,0
sample,double,dense-64,relationship,256,64,3,64,7,10814000,0,0
sample,double,dense-64,relationship,256,64,4,64,7,6894500,0,0
summary,double,dense-64,relationship,107726.562,169539.062,229893.750
sample,double,dense-64,clipping,256,64,0,4,1,7690100,2224128,0
sample,double,dense-64,clipping,256,64,1,4,1,11184900,2224128,0
sample,double,dense-64,clipping,256,64,2,4,1,7379400,2224128,0
sample,double,dense-64,clipping,256,64,3,4,1,11236400,2224128,0
sample,double,dense-64,clipping,256,64,4,4,1,11106700,2224128,0
summary,double,dense-64,clipping,1844850.000,2776675.000,2809100.000
sample,double,subnormal,relationship,4,1,0,1024,103,10287700,0,0
sample,double,subnormal,relationship,4,1,1,1024,103,6315200,0,0
sample,double,subnormal,relationship,4,1,2,1024,103,6446700,0,0
sample,double,subnormal,relationship,4,1,3,1024,103,10320100,0,0
sample,double,subnormal,relationship,4,1,4,1024,103,10838400,0,0
summary,double,subnormal,relationship,6167.188,10046.582,10584.375
sample,double,subnormal,clipping,4,1,0,256,26,11312200,4239360,1
sample,double,subnormal,clipping,4,1,1,256,26,10300300,4239360,1
sample,double,subnormal,clipping,4,1,2,256,26,14986800,4239360,1
sample,double,subnormal,clipping,4,1,3,256,26,10424700,4239360,1
sample,double,subnormal,clipping,4,1,4,256,26,13623100,4239360,1
summary,double,subnormal,clipping,40235.547,44188.281,58542.188
sample,double,large-finite,relationship,4,1,0,1024,103,12801300,0,0
sample,double,large-finite,relationship,4,1,1,1024,103,12048700,0,0
sample,double,large-finite,relationship,4,1,2,1024,103,6545900,0,0
sample,double,large-finite,relationship,4,1,3,1024,103,6448500,0,0
sample,double,large-finite,relationship,4,1,4,1024,103,10379900,0,0
summary,double,large-finite,relationship,6297.363,10136.621,12501.270
sample,double,large-finite,clipping,4,1,0,256,26,15617300,4239360,1
sample,double,large-finite,clipping,4,1,1,256,26,15999500,4239360,1
sample,double,large-finite,clipping,4,1,2,256,26,15928100,4239360,1
sample,double,large-finite,clipping,4,1,3,256,26,16754400,4239360,1
sample,double,large-finite,clipping,4,1,4,256,26,16834200,4239360,1
summary,double,large-finite,clipping,61005.078,62498.047,65758.594
sink,17687592534186879205
