------------------
	    1	_Dmain
_D21segment_polygon_bench__T6corpusTdZQkFZASQBq__T4CaseTdZQi	1	259532	95496
	   23	_D21segment_polygon_bench__T8makeCaseTdZQmFNaNbNfAyaAAS3geo5point__T6Point2TdZQkSQBa7segment__T8Segment2TdZQmkAQBfEQCi20segment_polygon_clip24SegmentPolygonClipStatusZSQGk__T4CaseTdZQi
	   23	_D4core8internal5array9appending__T17_d_arrayappendcTXHTAS21segment_polygon_bench__T4CaseTdZQiTQBmZQCmFNaNbNcNeMNkKQChmZQCm
	    1	_D4core8internal5array11duplication__T4_dupTxS3geo5point__T6Point2TdZQkTSQBbQBa__TQxTdZQBcZQCbFNaNbNeMAxQChZAQBl
	  344	_D4core8internal5array9appending__T17_d_arrayappendcTXHTAS3geo5point__T6Point2TdZQkTQBbZQCbFNaNbNcNeMNkKQBwmZQCb
	    8	_D4core8internal6string__T18signedToTempStringVii10Vbi0TaZQBgFNaNbNiNflNkMAaZQd
	    8	_D4core8internal5array11duplication__T4_dupTxaTaZQlFNaNbNeMAxaZAa
	    8	_D4core8internal5array13concatenation__T14_d_arraycatnTXTAyaTQeTQhZQBbFNaNbNeQuQwZQz
	   85	_D4core8internal5array9appending__T17_d_arrayappendcTXHTAS3geo7segment__T8Segment2TdZQmTQBfZQCfFNaNbNcNeMNkKQCamZQCf
	   81	_D4core8internal5array9appending__T15_d_arrayappendTHTAS3geo5point__T6Point2TdZQkTQBbZQBzFNaNbNcNeMNkKQBwMQCaZQCe
------------------
	 1000	_Dmain
_D21segment_polygon_bench__T8clippingTdZQmFKSQBr__T4CaseTdZQimZm	1000	491032080	532950
	 1000	_D3geo20segment_polygon_clip__T20clipSegmentToPolygonTdZQzFNfSQCi7segment__T8Segment2TdZQmMSQDm12polygon_view__T12Polygon2ViewTdZQrZSQFbQFa24SegmentPolygonClipResult
------------------
	   23	_D21segment_polygon_bench__T6corpusTdZQkFZASQBq__T4CaseTdZQi
_D21segment_polygon_bench__T8makeCaseTdZQmFNaNbNfAyaAAS3geo5point__T6Point2TdZQkSQBa7segment__T8Segment2TdZQmkAQBfEQCi20segment_polygon_clip24SegmentPolygonClipStatusZSQGk__T4CaseTdZQi	23	9190	6168
	   23	_D4core8internal5array12construction__T12_d_newarrayTTS3geo16linear_ring_view__T15LinearRing2ViewTdZQuZQCmFNaNbNembZAQCl
------------------
	    1	_Dmain
_D21segment_polygon_bench__T9preflightTdZQnFNfKSQBu__T4CaseTdZQiZv	1	990270	14984
	    1	_D3geo19topology_validation__T32validatePolygonConnectedInteriorTdZQBlFNaNbNfMSQCz12polygon_view__T12Polygon2ViewTdZQrZSQEoQEn23PolygonValidationResult
	   11	_D3std9exception__T7enforceZ__TQmTbZQrFNaNfbLAxaAyamZb
	    8	_D3std4math6traits__T8isFiniteTxdZQnFNaNbNiNexdZb
	    2	_D3geo28segment_polygon_relationship__T34classifySegmentPolygonRelationshipTdZQBnFNaNbNiNfSQDl7segment__T8Segment2TdZQmMSQEp12polygon_view__T12Polygon2ViewTdZQrZSQGeQGd26SegmentPolygonRelationship
	    2	_D3geo20segment_polygon_clip__T20clipSegmentToPolygonTdZQzFNfSQCi7segment__T8Segment2TdZQmMSQDm12polygon_view__T12Polygon2ViewTdZQrZSQFbQFa24SegmentPolygonClipResult
------------------
	32112	_D3geo12intersection__T18segmentContactKindTdZQxFNaNbNiNfSQCe7segment__T8Segment2TdZQmQBdZEQDlQDk18SegmentContactKind
	 2012	_D3geo8internal25ring_point_classification__T22tryClassifyPointInRingTdZQBbFNaNbNiNfMxSQDh16linear_ring_view__T15LinearRing2ViewTdZQuSQFc5point__T6Point2TdZQkJEQGcQGbQFv17RingPointLocationZb
	 4016	_D3geo12intersection__T14pointOnSegmentTdZQtFNaNbNiNfSQCa5point__T6Point2TdZQkSQCz7segment__T8Segment2TdZQmZb
	 2004	_D3geo8internal23segment_polygon_clip_p1__T31trySegmentPolygonClipP1InternalTdZQBkFNfSQDg7segment__T8Segment2TdZQmMSQEk12polygon_view__T12Polygon2ViewTdZQrJSQFzQFy27segment_polygon_clip_result37SegmentPolygonClipOwnedResultInternalZEQIxQIwQIq32SegmentPolygonClipInternalStatus
_D3geo11orientationQnFNaNbNiNfSQBd5point__T6Point2TdZQkQzQBbZEQCiQCh12Orientation2	40144	124416610	8444592
	40144	_D3geo8internal18orientation_filter17orientationFilterFNaNbNiNfddddddZEQCrQCqQCk23OrientationFilterResult
------------------
	 4008	_D3geo12bounding_box__T9tryBoundsTdZQnFNaNbNiNfSQBu7segment__T8Segment2TdZQmJSQCy6bounds__T7Bounds2TdZQlZb
_D3geo12bounding_box__T17BoundsAccumulatorTdZQw6tryAddMFNaNbNiNfSQCl5point__T6Point2TdZQkZb	4008	113890	113890
------------------
	 1002	_D3geo8internal23segment_polygon_clip_p1__T22polygonBoundsSeparatedTdZQBbFNaNbNiNfSQDd7segment__T8Segment2TdZQmMSQEh12polygon_view__T12Polygon2ViewTdZQrZb
	 1002	_D3geo8internal23segment_polygon_clip_p1__T26queryBoundaryEventCapacityTdZQBfFNaNbNiNfSQDh7segment__T8Segment2TdZQmMSQEl12polygon_view__T12Polygon2ViewTdZQrZm
_D3geo12bounding_box__T9tryBoundsTdZQnFNaNbNiNfSQBu7segment__T8Segment2TdZQmJSQCy6bounds__T7Bounds2TdZQlZb	2004	940846	746252
	 4008	_D3geo12bounding_box__T17BoundsAccumulatorTdZQw6tryAddMFNaNbNiNfSQCl5point__T6Point2TdZQkZb
	 2004	_D3geo6bounds__T7Bounds2TdZQl13tryFromMinMaxFNaNbNiNfSQCa5point__T6Point2TdZQkQzJSQDcQDb__TQCxTdZQDdZb
------------------
	   12	_D3geo12intersection__T18segmentContactKindTdZQxFNaNbNiNfSQCe7segment__T8Segment2TdZQmQBdZEQDlQDk18SegmentContactKind
_D3geo12intersection__T13comparePointsTdZQsFNaNbNiNfSQBz5point__T6Point2TdZQkQzZi	12	270	270
------------------
	 4016	_D3geo12intersection__T18segmentContactKindTdZQxFNaNbNiNfSQCe7segment__T8Segment2TdZQmQBdZEQDlQDk18SegmentContactKind
_D3geo12intersection__T14pointOnSegmentTdZQtFNaNbNiNfSQCa5point__T6Point2TdZQkSQCz7segment__T8Segment2TdZQmZb	4016	13774426	593764
	 4016	_D3geo11orientationQnFNaNbNiNfSQBd5point__T6Point2TdZQkQzQBbZEQCiQCh12Orientation2
------------------
	    4	_D3geo12intersection__T23segmentIntersectionKindTdZQBcFNaNbNiNfSQCk7segment__T8Segment2TdZQmQBdZE11euclid_coreQEa23SegmentIntersectionKind
	   16	_D3geo28segment_polygon_relationship__T34classifySegmentPolygonRelationshipTdZQBnFNaNbNiNfSQDl7segment__T8Segment2TdZQmMSQEp12polygon_view__T12Polygon2ViewTdZQrZSQGeQGd26SegmentPolygonRelationship
	 4008	_D3geo8internal19polygon_union_exact__T29appendSegmentPairNodingEventsTdZQBiFNaNbNiNfSQDg7segment__T8Segment2TdZQmQBdMASQEoQEnQEh17ExactOverlayPointKmMQBhKmZb
	 8016	_D3geo8internal23segment_polygon_clip_p1__T31trySegmentPolygonClipP1InternalTdZQBkFNfSQDg7segment__T8Segment2TdZQmMSQEk12polygon_view__T12Polygon2ViewTdZQrJSQFzQFy27segment_polygon_clip_result37SegmentPolygonClipOwnedResultInternalZEQIxQIwQIq32SegmentPolygonClipInternalStatus
_D3geo12intersection__T18segmentContactKindTdZQxFNaNbNiNfSQCe7segment__T8Segment2TdZQmQBdZEQDlQDk18SegmentContactKind	12044	119814848	5691172
	32112	_D3geo11orientationQnFNaNbNiNfSQBd5point__T6Point2TdZQkQzQBbZEQCiQCh12Orientation2
	   12	_D3geo12intersection__T13comparePointsTdZQsFNaNbNiNfSQBz5point__T6Point2TdZQkQzZi
	 4016	_D3geo12intersection__T14pointOnSegmentTdZQtFNaNbNiNfSQCa5point__T6Point2TdZQkSQCz7segment__T8Segment2TdZQmZb
------------------
	    4	_D3geo19topology_validation__T12validateRingTdZQrFNaNbNiNfMSQCg16linear_ring_view__T15LinearRing2ViewTdZQuZS11euclid_core15ring_validation20RingValidationResult
_D3geo12intersection__T23segmentIntersectionKindTdZQBcFNaNbNiNfSQCk7segment__T8Segment2TdZQmQBdZE11euclid_coreQEa23SegmentIntersectionKind	4	30302	720
	    4	_D3geo12intersection__T18segmentContactKindTdZQxFNaNbNiNfSQCe7segment__T8Segment2TdZQmQBdZEQDlQDk18SegmentContactKind
------------------
	    4	_D3geo28segment_polygon_relationship__T34classifySegmentPolygonRelationshipTdZQBnFNaNbNiNfSQDl7segment__T8Segment2TdZQmMSQEp12polygon_view__T12Polygon2ViewTdZQrZSQGeQGd26SegmentPolygonRelationship
	 1002	_D3geo8internal23segment_polygon_clip_p1__T31trySegmentPolygonClipP1InternalTdZQBkFNfSQDg7segment__T8Segment2TdZQmMSQEk12polygon_view__T12Polygon2ViewTdZQrJSQFzQFy27segment_polygon_clip_result37SegmentPolygonClipOwnedResultInternalZEQIxQIwQIq32SegmentPolygonClipInternalStatus
_D3geo16point_in_polygon__T25tryClassifyPointInPolygonTdZQBeFNaNbNiNfMSQCr12polygon_view__T12Polygon2ViewTdZQrSQEf5point__T6Point2TdZQkJEQFfQFe20PointPolygonLocationZb	1006	7866124	618850
	 2012	_D3std4math6traits__T8isFiniteTxdZQnFNaNbNiNexdZb
	 1006	_D3geo8internal25ring_point_classification__T22tryClassifyPointInRingTdZQBbFNaNbNiNfMxSQDh16linear_ring_view__T15LinearRing2ViewTdZQuSQFc5point__T6Point2TdZQkJEQGcQGbQFv17RingPointLocationZb
------------------
	    1	_D3geo19topology_validation__T20validatePolygonRingsTdZQzFNaNbNiNfMSQCo12polygon_view__T12Polygon2ViewTdZQrZSQEdQEc23PolygonValidationResult
_D3geo19topology_validation__T12validateRingTdZQrFNaNbNiNfMSQCg16linear_ring_view__T15LinearRing2ViewTdZQuZS11euclid_core15ring_validation20RingValidationResult	1	39384	8986
	    8	_D3std4math6traits__T8isFiniteTxdZQnFNaNbNiNexdZb
	    4	_D3geo12intersection__T23segmentIntersectionKindTdZQBcFNaNbNiNfSQCk7segment__T8Segment2TdZQmQBdZE11euclid_coreQEa23SegmentIntersectionKind
------------------
	    1	_D3geo19topology_validation__T27validatePolygonPairContactsTdZQBgFNaNbNiNfMSQCw12polygon_view__T12Polygon2ViewTdZQrZSQElQEk23PolygonValidationResult
_D3geo19topology_validation__T20validatePolygonRingsTdZQzFNaNbNiNfMSQCo12polygon_view__T12Polygon2ViewTdZQrZSQEdQEc23PolygonValidationResult	1	40292	908
	    1	_D3geo19topology_validation__T12validateRingTdZQrFNaNbNiNfMSQCg16linear_ring_view__T15LinearRing2ViewTdZQuZS11euclid_core15ring_validation20RingValidationResult
------------------
	    1	_D3geo19topology_validation__T32validatePolygonConnectedInteriorTdZQBlFNaNbNfMSQCz12polygon_view__T12Polygon2ViewTdZQrZSQEoQEn23PolygonValidationResult
_D3geo19topology_validation__T26validatePolygonContainmentTdZQBfFNaNbNiNfMSQCv12polygon_view__T12Polygon2ViewTdZQrZSQEkQEj23PolygonValidationResult	1	42290	1246
	    1	_D3geo19topology_validation__T27validatePolygonPairContactsTdZQBgFNaNbNiNfMSQCw12polygon_view__T12Polygon2ViewTdZQrZSQElQEk23PolygonValidationResult
------------------
	    1	_D3geo19topology_validation__T26validatePolygonContainmentTdZQBfFNaNbNiNfMSQCv12polygon_view__T12Polygon2ViewTdZQrZSQEkQEj23PolygonValidationResult
_D3geo19topology_validation__T27validatePolygonPairContactsTdZQBgFNaNbNiNfMSQCw12polygon_view__T12Polygon2ViewTdZQrZSQElQEk23PolygonValidationResult	1	41044	752
	    1	_D3geo19topology_validation__T20validatePolygonRingsTdZQzFNaNbNiNfMSQCo12polygon_view__T12Polygon2ViewTdZQrZSQEdQEc23PolygonValidationResult
------------------
	    1	_D21segment_polygon_bench__T9preflightTdZQnFNfKSQBu__T4CaseTdZQiZv
_D3geo19topology_validation__T32validatePolygonConnectedInteriorTdZQBlFNaNbNfMSQCz12polygon_view__T12Polygon2ViewTdZQrZSQEoQEn23PolygonValidationResult	1	43484	1194
	    1	_D3geo19topology_validation__T26validatePolygonContainmentTdZQBfFNaNbNiNfMSQCv12polygon_view__T12Polygon2ViewTdZQrZSQEkQEj23PolygonValidationResult
------------------
	    2	_D21segment_polygon_bench__T9preflightTdZQnFNfKSQBu__T4CaseTdZQiZv
	 1000	_D21segment_polygon_bench__T8clippingTdZQmFKSQBr__T4CaseTdZQimZm
_D3geo20segment_polygon_clip__T20clipSegmentToPolygonTdZQzFNfSQCi7segment__T8Segment2TdZQmMSQDm12polygon_view__T12Polygon2ViewTdZQrZSQFbQFa24SegmentPolygonClipResult	1002	491236636	233478
	 1002	_D3geo8internal23segment_polygon_clip_p1__T31trySegmentPolygonClipP1InternalTdZQBkFNfSQDg7segment__T8Segment2TdZQmMSQEk12polygon_view__T12Polygon2ViewTdZQrJSQFzQFy27segment_polygon_clip_result37SegmentPolygonClipOwnedResultInternalZEQIxQIwQIq32SegmentPolygonClipInternalStatus
------------------
	    4	_D3geo28segment_polygon_relationship__T34classifySegmentPolygonRelationshipTdZQBnFNaNbNiNfSQDl7segment__T8Segment2TdZQmMSQEp12polygon_view__T12Polygon2ViewTdZQrZSQGeQGd26SegmentPolygonRelationship
_D3geo28segment_polygon_relationship17markPointLocationFNaNbNiNfKSQCmQCl26SegmentPolygonRelationshipEQDv16point_in_polygon20PointPolygonLocationZv	4	24	24
------------------
	    2	_D21segment_polygon_bench__T9preflightTdZQnFNfKSQBu__T4CaseTdZQiZv
_D3geo28segment_polygon_relationship__T34classifySegmentPolygonRelationshipTdZQBnFNaNbNiNfSQDl7segment__T8Segment2TdZQmMSQEp12polygon_view__T12Polygon2ViewTdZQrZSQGeQGd26SegmentPolygonRelationship	2	193434	47258
	    4	_D3geo16point_in_polygon__T25tryClassifyPointInPolygonTdZQBeFNaNbNiNfMSQCr12polygon_view__T12Polygon2ViewTdZQrSQEf5point__T6Point2TdZQkJEQFfQFe20PointPolygonLocationZb
	    4	_D3geo28segment_polygon_relationship17markPointLocationFNaNbNiNfKSQCmQCl26SegmentPolygonRelationshipEQDv16point_in_polygon20PointPolygonLocationZv
	    2	_D3geo8internal19polygon_union_input__T24exactRingOrientationSignTdZQBdFNaNbNiNfMxSQDd16linear_ring_view__T15LinearRing2ViewTdZQuZi
	   16	_D3geo12intersection__T18segmentContactKindTdZQxFNaNbNiNfSQCe7segment__T8Segment2TdZQmQBdZEQDlQDk18SegmentContactKind
------------------
	 2004	_D3geo12bounding_box__T9tryBoundsTdZQnFNaNbNiNfSQBu7segment__T8Segment2TdZQmJSQCy6bounds__T7Bounds2TdZQlZb
_D3geo6bounds__T7Bounds2TdZQl13tryFromMinMaxFNaNbNiNfSQCa5point__T6Point2TdZQkQzJSQDcQDb__TQCxTdZQDdZb	2004	80704	80704
------------------
	 4016	_D3geo8internal19polygon_union_input__T24exactRingOrientationSignTdZQBdFNaNbNiNfMxSQDd16linear_ring_view__T15LinearRing2ViewTdZQuZi
_D3geo8internal10area_exact18addAreaDeterminantFNaNbNiNfKSQCeQCdQBx21SignedAreaAccumulatorKxSQDnQDm6dyadic19SignedDyadicProductZv	4016	2907362	405308
	 2008	_D3geo8internal10area_exact21widenProductMagnitudeFNaNbNiNfKxSQCiQCh10fixed_uint__T9UIntFixedVmi132ZQrZSQDyQDxQBq__TQBhVmi134ZQBr
	 1004	_D3geo8internal10fixed_uint__T11addUnsignedVmi134ZQuFNaNbNiNfKxSQCkQCjQCd__T9UIntFixedVmi134ZQrKxQBiZSQDwQDvQDp__TQBmVmi134ZQBw
------------------
	 2008	_D3geo8internal10area_exact18addAreaDeterminantFNaNbNiNfKSQCeQCdQBx21SignedAreaAccumulatorKxSQDnQDm6dyadic19SignedDyadicProductZv
_D3geo8internal10area_exact21widenProductMagnitudeFNaNbNiNfKxSQCiQCh10fixed_uint__T9UIntFixedVmi132ZQrZSQDyQDxQBq__TQBhVmi134ZQBr	2008	1320970	1320970
------------------
	 4008	_D3geo8internal18intersection_exact__T26tryProperIntersectionExactTdZQBfFNaNbNiNfSQDc7segment__T8Segment2TdZQmQBdJSQEjQEiQEc23ExactProperIntersectionZb
_D3geo8internal10fixed_uint__T11addUnsignedVmi132ZQuFNaNbNiNfKxSQCkQCjQCd__T9UIntFixedVmi132ZQrKxQBiZSQDwQDvQDp__TQBmVmi132ZQBw	4008	2072774	1019972
	 4008	_D3geo8internal10fixed_uint__T16firstNonZeroLimbVmi132ZQzFNaNbNiNfKxSQCpQCoQCi__T9UIntFixedVmi132ZQrZm
	 4008	_D3geo8internal10fixed_uint__T19pastLastNonZeroLimbVmi132ZQBcFNaNbNiNfKxSQCtQCsQCm__T9UIntFixedVmi132ZQrZm
------------------
	 1004	_D3geo8internal10area_exact18addAreaDeterminantFNaNbNiNfKSQCeQCdQBx21SignedAreaAccumulatorKxSQDnQDm6dyadic19SignedDyadicProductZv
_D3geo8internal10fixed_uint__T11addUnsignedVmi134ZQuFNaNbNiNfKxSQCkQCjQCd__T9UIntFixedVmi134ZQrKxQBiZSQDwQDvQDp__TQBmVmi134ZQBw	1004	1181084	892158
	 1004	_D3geo8internal10fixed_uint__T16firstNonZeroLimbVmi134ZQzFNaNbNiNfKxSQCpQCoQCi__T9UIntFixedVmi134ZQrZm
	 1004	_D3geo8internal10fixed_uint__T19pastLastNonZeroLimbVmi134ZQBcFNaNbNiNfKxSQCtQCsQCm__T9UIntFixedVmi134ZQrZm
------------------
	 4008	_D3geo8internal18intersection_exact18weightedCoordinateFNaNbNiNfKxSQCnQCm10fixed_uint__T9UIntFixedVmi132ZQrKxSQEeQEd6dyadic22SignedDyadicCoordinateKxQDfKxQBtZSQGbQGa16exact_coordinate30SignedExactCoordinateNumerator
_D3geo8internal10fixed_uint__T11addUnsignedVmi198ZQuFNaNbNiNfKxSQCkQCjQCd__T9UIntFixedVmi198ZQrKxQBiZSQDwQDvQDp__TQBmVmi198ZQBw	4008	2690768	1260888
	 4008	_D3geo8internal10fixed_uint__T16firstNonZeroLimbVmi198ZQzFNaNbNiNfKxSQCpQCoQCi__T9UIntFixedVmi198ZQrZm
	 4008	_D3geo8internal10fixed_uint__T19pastLastNonZeroLimbVmi198ZQBcFNaNbNiNfKxSQCtQCsQCm__T9UIntFixedVmi198ZQrZm
------------------
	12024	_D3geo8internal6dyadic25subtractDyadicCoordinatesFNaNbNiNfKxSQChQCgQCa22SignedDyadicCoordinateKxQBkZSQDvQDuQDo22SignedDyadicDifference
_D3geo8internal10fixed_uint__T11addUnsignedVmi66ZQtFNaNbNiNfKxSQCjQCiQCc__T9UIntFixedVmi66ZQqKxQBhZSQDuQDtQDn__TQBlVmi66ZQBu	12024	7214486	6334148
	12024	_D3geo8internal10fixed_uint__T16firstNonZeroLimbVmi66ZQyFNaNbNiNfKxSQCoQCnQCh__T9UIntFixedVmi66ZQqZm
	12024	_D3geo8internal10fixed_uint__T19pastLastNonZeroLimbVmi66ZQBbFNaNbNiNfKxSQCsQCrQCl__T9UIntFixedVmi66ZQqZm
------------------
	 4008	_D3geo8internal18intersection_exact18weightedCoordinateFNaNbNiNfKxSQCnQCm10fixed_uint__T9UIntFixedVmi132ZQrKxSQEeQEd6dyadic22SignedDyadicCoordinateKxQDfKxQBtZSQGbQGa16exact_coordinate30SignedExactCoordinateNumerator
	 3006	_D3geo8internal16exact_coordinate22roundsToFiniteBinary64FNaNbNiNfKxSQCpQCoQCi30SignedExactCoordinateNumeratorKxSQEhQEg10fixed_uint__T9UIntFixedVmi132ZQrZb
	 6012	_D3geo8internal22exact_coordinate_round28roundExactCoordinateBinary64FNaNbNiNfKxSQDbQDa16exact_coordinate30SignedExactCoordinateNumeratorKxSQFiQFh10fixed_uint__T9UIntFixedVmi132ZQrZd
	 3006	_D3geo8internal22exact_coordinate_round15roundedQuotientFNaNbNiNfKxSQCoQCn10fixed_uint__T9UIntFixedVmi198ZQrKxSQEfQEeQBr__TQBiVmi132ZQBsmZm
_D3geo8internal10fixed_uint__T15compareUnsignedVmi198ZQyFNaNbNiNfKxSQCoQCnQCh__T9UIntFixedVmi198ZQrKxQBiZi	16032	6256582	6256582
------------------
	 6513	_D3geo8internal16exact_coordinate23compareExactCoordinatesFNaNbNiNfKxSQCqQCpQCj30SignedExactCoordinateNumeratorKxSQEiQEh10fixed_uint__T9UIntFixedVmi132ZQrKxQDjKxQBwZi
_D3geo8internal10fixed_uint__T15compareUnsignedVmi330ZQyFNaNbNiNfKxSQCoQCnQCh__T9UIntFixedVmi330ZQrKxQBiZi	6513	14419938	14419938
------------------
	24048	_D3geo8internal6dyadic25subtractDyadicCoordinatesFNaNbNiNfKxSQChQCgQCa22SignedDyadicCoordinateKxQBkZSQDvQDuQDo22SignedDyadicDifference
_D3geo8internal10fixed_uint__T15compareUnsignedVmi66ZQxFNaNbNiNfKxSQCnQCmQCg__T9UIntFixedVmi66ZQqKxQBhZi	24048	4232180	4232180
------------------
	 4008	_D3geo8internal10fixed_uint__T11addUnsignedVmi132ZQuFNaNbNiNfKxSQCkQCjQCd__T9UIntFixedVmi132ZQrKxQBiZSQDwQDvQDp__TQBmVmi132ZQBw
	19038	_D3geo8internal10fixed_uint__T16multiplyUnsignedVmi132Vmi66ZQBeFNaNbNiNfKxSQCvQCuQCo__T9UIntFixedVmi132ZQrKxSQEdQEcQDw__TQBiVmi66ZQBrZSQFdQFcQEw__TQCiVmi198ZQCs
	13026	_D3geo8internal10fixed_uint__T16multiplyUnsignedVmi198Vmi132ZQBfFNaNbNiNfKxSQCwQCvQCp__T9UIntFixedVmi198ZQrKxSQEeQEdQDx__TQBiVmi132ZQBsZSQFfQFeQEy__TQCjVmi330ZQCt
_D3geo8internal10fixed_uint__T16firstNonZeroLimbVmi132ZQzFNaNbNiNfKxSQCpQCoQCi__T9UIntFixedVmi132ZQrZm	36072	5597068	5597068
------------------
	 1004	_D3geo8internal10fixed_uint__T11addUnsignedVmi134ZQuFNaNbNiNfKxSQCkQCjQCd__T9UIntFixedVmi134ZQrKxQBiZSQDwQDvQDp__TQBmVmi134ZQBw
_D3geo8internal10fixed_uint__T16firstNonZeroLimbVmi134ZQzFNaNbNiNfKxSQCpQCoQCi__T9UIntFixedVmi134ZQrZm	1004	126328	126328
------------------
	 2004	_D3geo8internal10fixed_uint__T16subtractUnsignedVmi198ZQzFNaNbNiNfKxSQCpQCoQCi__T9UIntFixedVmi198ZQrKxQBiZSQEbQEaQDu__TQBmVmi198ZQBw
	 4008	_D3geo8internal10fixed_uint__T11addUnsignedVmi198ZQuFNaNbNiNfKxSQCkQCjQCd__T9UIntFixedVmi198ZQrKxQBiZSQDwQDvQDp__TQBmVmi198ZQBw
	13026	_D3geo8internal10fixed_uint__T16multiplyUnsignedVmi198Vmi132ZQBfFNaNbNiNfKxSQCwQCvQCp__T9UIntFixedVmi198ZQrKxSQEeQEdQDx__TQBiVmi132ZQBsZSQFfQFeQEy__TQCjVmi330ZQCt
_D3geo8internal10fixed_uint__T16firstNonZeroLimbVmi198ZQzFNaNbNiNfKxSQCpQCoQCi__T9UIntFixedVmi198ZQrZm	19038	2772446	2772446
------------------
	36080	_D3geo8internal10fixed_uint__T16multiplyUnsignedVmi66Vmi66ZQBdFNaNbNiNfKxSQCuQCtQCn__T9UIntFixedVmi66ZQqKxQBhZSQEfQEeQDy__TQBlVmi132ZQBv
	12024	_D3geo8internal10fixed_uint__T11addUnsignedVmi66ZQtFNaNbNiNfKxSQCjQCiQCc__T9UIntFixedVmi66ZQqKxQBhZSQDuQDtQDn__TQBlVmi66ZQBu
	12024	_D3geo8internal10fixed_uint__T16subtractUnsignedVmi66ZQyFNaNbNiNfKxSQCoQCnQCh__T9UIntFixedVmi66ZQqKxQBhZSQDzQDyQDs__TQBlVmi66ZQBu
	19038	_D3geo8internal10fixed_uint__T16multiplyUnsignedVmi132Vmi66ZQBeFNaNbNiNfKxSQCvQCuQCo__T9UIntFixedVmi132ZQrKxSQEdQEcQDw__TQBiVmi66ZQBrZSQFdQFcQEw__TQCiVmi198ZQCs
_D3geo8internal10fixed_uint__T16firstNonZeroLimbVmi66ZQyFNaNbNiNfKxSQCoQCnQCh__T9UIntFixedVmi66ZQqZm	79166	4289696	4289696
------------------
	16032	_D3geo8internal18intersection_exact18weightedCoordinateFNaNbNiNfKxSQCnQCm10fixed_uint__T9UIntFixedVmi132ZQrKxSQEeQEd6dyadic22SignedDyadicCoordinateKxQDfKxQBtZSQGbQGa16exact_coordinate30SignedExactCoordinateNumerator
	 3006	_D3geo8internal16exact_coordinate22roundsToFiniteBinary64FNaNbNiNfKxSQCpQCoQCi30SignedExactCoordinateNumeratorKxSQEhQEg10fixed_uint__T9UIntFixedVmi132ZQrZb
_D3geo8internal10fixed_uint__T16multiplyUnsignedVmi132Vmi66ZQBeFNaNbNiNfKxSQCvQCuQCo__T9UIntFixedVmi132ZQrKxSQEdQEcQDw__TQBiVmi66ZQBrZSQFdQFcQEw__TQCiVmi198ZQCs	19038	18716404	9482204
	19038	_D3geo8internal10fixed_uint__T16firstNonZeroLimbVmi132ZQzFNaNbNiNfKxSQCpQCoQCi__T9UIntFixedVmi132ZQrZm
	19038	_D3geo8internal10fixed_uint__T16firstNonZeroLimbVmi66ZQyFNaNbNiNfKxSQCoQCnQCh__T9UIntFixedVmi66ZQqZm
	19038	_D3geo8internal10fixed_uint__T19pastLastNonZeroLimbVmi132ZQBcFNaNbNiNfKxSQCtQCsQCm__T9UIntFixedVmi132ZQrZm
	19038	_D3geo8internal10fixed_uint__T19pastLastNonZeroLimbVmi66ZQBbFNaNbNiNfKxSQCsQCrQCl__T9UIntFixedVmi66ZQqZm
------------------
	13026	_D3geo8internal16exact_coordinate23compareExactCoordinatesFNaNbNiNfKxSQCqQCpQCj30SignedExactCoordinateNumeratorKxSQEiQEh10fixed_uint__T9UIntFixedVmi132ZQrKxQDjKxQBwZi
_D3geo8internal10fixed_uint__T16multiplyUnsignedVmi198Vmi132ZQBfFNaNbNiNfKxSQCwQCvQCp__T9UIntFixedVmi198ZQrKxSQEeQEdQDx__TQBiVmi132ZQBsZSQFfQFeQEy__TQCjVmi330ZQCt	13026	15921802	5955232
	13026	_D3geo8internal10fixed_uint__T16firstNonZeroLimbVmi198ZQzFNaNbNiNfKxSQCpQCoQCi__T9UIntFixedVmi198ZQrZm
	13026	_D3geo8internal10fixed_uint__T16firstNonZeroLimbVmi132ZQzFNaNbNiNfKxSQCpQCoQCi__T9UIntFixedVmi132ZQrZm
	13026	_D3geo8internal10fixed_uint__T19pastLastNonZeroLimbVmi198ZQBcFNaNbNiNfKxSQCtQCsQCm__T9UIntFixedVmi198ZQrZm
	13026	_D3geo8internal10fixed_uint__T19pastLastNonZeroLimbVmi132ZQBcFNaNbNiNfKxSQCtQCsQCm__T9UIntFixedVmi132ZQrZm
------------------
	18040	_D3geo8internal6dyadic25multiplyDyadicDifferencesFNaNbNiNfKxSQChQCgQCa22SignedDyadicDifferenceKxQBkZSQDvQDuQDo19SignedDyadicProduct
_D3geo8internal10fixed_uint__T16multiplyUnsignedVmi66Vmi66ZQBdFNaNbNiNfKxSQCuQCtQCn__T9UIntFixedVmi66ZQqKxQBhZSQEfQEeQDy__TQBlVmi132ZQBv	18040	14592384	9864616
	36080	_D3geo8internal10fixed_uint__T16firstNonZeroLimbVmi66ZQyFNaNbNiNfKxSQCoQCnQCh__T9UIntFixedVmi66ZQqZm
	36080	_D3geo8internal10fixed_uint__T19pastLastNonZeroLimbVmi66ZQBbFNaNbNiNfKxSQCsQCrQCl__T9UIntFixedVmi66ZQqZm
------------------
	 2004	_D3geo8internal18intersection_exact18weightedCoordinateFNaNbNiNfKxSQCnQCm10fixed_uint__T9UIntFixedVmi132ZQrKxSQEeQEd6dyadic22SignedDyadicCoordinateKxQDfKxQBtZSQGbQGa16exact_coordinate30SignedExactCoordinateNumerator
_D3geo8internal10fixed_uint__T16subtractUnsignedVmi198ZQzFNaNbNiNfKxSQCpQCoQCi__T9UIntFixedVmi198ZQrKxQBiZSQEbQEaQDu__TQBmVmi198ZQBw	2004	1736554	461392
	 2004	_D3geo8internal10fixed_uint__T16firstNonZeroLimbVmi198ZQzFNaNbNiNfKxSQCpQCoQCi__T9UIntFixedVmi198ZQrZm
	 2004	_D3geo8internal10fixed_uint__T19pastLastNonZeroLimbVmi198ZQBcFNaNbNiNfKxSQCtQCsQCm__T9UIntFixedVmi198ZQrZm
------------------
	12024	_D3geo8internal6dyadic25subtractDyadicCoordinatesFNaNbNiNfKxSQChQCgQCa22SignedDyadicCoordinateKxQBkZSQDvQDuQDo22SignedDyadicDifference
_D3geo8internal10fixed_uint__T16subtractUnsignedVmi66ZQyFNaNbNiNfKxSQCoQCnQCh__T9UIntFixedVmi66ZQqKxQBhZSQDzQDyQDs__TQBlVmi66ZQBu	12024	5255932	3093794
	12024	_D3geo8internal10fixed_uint__T16firstNonZeroLimbVmi66ZQyFNaNbNiNfKxSQCoQCnQCh__T9UIntFixedVmi66ZQqZm
	12024	_D3geo8internal10fixed_uint__T19pastLastNonZeroLimbVmi66ZQBbFNaNbNiNfKxSQCsQCrQCl__T9UIntFixedVmi66ZQqZm
------------------
	 4008	_D3geo8internal10fixed_uint__T11addUnsignedVmi132ZQuFNaNbNiNfKxSQCkQCjQCd__T9UIntFixedVmi132ZQrKxQBiZSQDwQDvQDp__TQBmVmi132ZQBw
	19038	_D3geo8internal10fixed_uint__T16multiplyUnsignedVmi132Vmi66ZQBeFNaNbNiNfKxSQCvQCuQCo__T9UIntFixedVmi132ZQrKxSQEdQEcQDw__TQBiVmi66ZQBrZSQFdQFcQEw__TQCiVmi198ZQCs
	13026	_D3geo8internal10fixed_uint__T16multiplyUnsignedVmi198Vmi132ZQBfFNaNbNiNfKxSQCwQCvQCp__T9UIntFixedVmi198ZQrKxSQEeQEdQDx__TQBiVmi132ZQBsZSQFfQFeQEy__TQCjVmi330ZQCt
_D3geo8internal10fixed_uint__T19pastLastNonZeroLimbVmi132ZQBcFNaNbNiNfKxSQCtQCsQCm__T9UIntFixedVmi132ZQrZm	36072	7027416	7027416
------------------
	 1004	_D3geo8internal10fixed_uint__T11addUnsignedVmi134ZQuFNaNbNiNfKxSQCkQCjQCd__T9UIntFixedVmi134ZQrKxQBiZSQDwQDvQDp__TQBmVmi134ZQBw
_D3geo8internal10fixed_uint__T19pastLastNonZeroLimbVmi134ZQBcFNaNbNiNfKxSQCtQCsQCm__T9UIntFixedVmi134ZQrZm	1004	162598	162598
------------------
	 2004	_D3geo8internal10fixed_uint__T16subtractUnsignedVmi198ZQzFNaNbNiNfKxSQCpQCoQCi__T9UIntFixedVmi198ZQrKxQBiZSQEbQEaQDu__TQBmVmi198ZQBw
	 4008	_D3geo8internal10fixed_uint__T11addUnsignedVmi198ZQuFNaNbNiNfKxSQCkQCjQCd__T9UIntFixedVmi198ZQrKxQBiZSQDwQDvQDp__TQBmVmi198ZQBw
	13026	_D3geo8internal10fixed_uint__T16multiplyUnsignedVmi198Vmi132ZQBfFNaNbNiNfKxSQCwQCvQCp__T9UIntFixedVmi198ZQrKxSQEeQEdQDx__TQBiVmi132ZQBsZSQFfQFeQEy__TQCjVmi330ZQCt
_D3geo8internal10fixed_uint__T19pastLastNonZeroLimbVmi198ZQBcFNaNbNiNfKxSQCtQCsQCm__T9UIntFixedVmi198ZQrZm	19038	5660786	5660786
------------------
	36080	_D3geo8internal10fixed_uint__T16multiplyUnsignedVmi66Vmi66ZQBdFNaNbNiNfKxSQCuQCtQCn__T9UIntFixedVmi66ZQqKxQBhZSQEfQEeQDy__TQBlVmi132ZQBv
	12024	_D3geo8internal10fixed_uint__T11addUnsignedVmi66ZQtFNaNbNiNfKxSQCjQCiQCc__T9UIntFixedVmi66ZQqKxQBhZSQDuQDtQDn__TQBlVmi66ZQBu
	12024	_D3geo8internal10fixed_uint__T16subtractUnsignedVmi66ZQyFNaNbNiNfKxSQCoQCnQCh__T9UIntFixedVmi66ZQqKxQBhZSQDzQDyQDs__TQBlVmi66ZQBu
	19038	_D3geo8internal10fixed_uint__T16multiplyUnsignedVmi132Vmi66ZQBeFNaNbNiNfKxSQCvQCuQCo__T9UIntFixedVmi132ZQrKxSQEdQEcQDw__TQBiVmi66ZQBrZSQFdQFcQEw__TQCiVmi198ZQCs
_D3geo8internal10fixed_uint__T19pastLastNonZeroLimbVmi66ZQBbFNaNbNiNfKxSQCsQCrQCl__T9UIntFixedVmi66ZQqZm	79166	5381446	5381446
------------------
	16032	_D3geo8internal18intersection_exact18weightedCoordinateFNaNbNiNfKxSQCnQCm10fixed_uint__T9UIntFixedVmi132ZQrKxSQEeQEd6dyadic22SignedDyadicCoordinateKxQDfKxQBtZSQGbQGa16exact_coordinate30SignedExactCoordinateNumerator
	38076	_D3geo8internal16exact_coordinate23compareExactCoordinatesFNaNbNiNfKxSQCqQCpQCj30SignedExactCoordinateNumeratorKxSQEiQEh10fixed_uint__T9UIntFixedVmi132ZQrKxQDjKxQBwZi
	 3006	_D3geo8internal16exact_coordinate22roundsToFiniteBinary64FNaNbNiNfKxSQCpQCoQCi30SignedExactCoordinateNumeratorKxSQEhQEg10fixed_uint__T9UIntFixedVmi132ZQrZb
	 3006	_D3geo8internal22exact_coordinate_round28roundExactCoordinateBinary64FNaNbNiNfKxSQDbQDa16exact_coordinate30SignedExactCoordinateNumeratorKxSQFiQFh10fixed_uint__T9UIntFixedVmi132ZQrZd
_D3geo8internal10fixed_uint__T9UIntFixedVmi198ZQr6isZeroMxFNaNbNdNiNfZb	60120	17219380	17219380
------------------
	 4008	_D3geo8internal23segment_polygon_clip_p124tryMaterializeExactPointFNaNbNiNfKxSQCyQCx19polygon_union_exact17ExactOverlayPointJSQEu5point__T6Point2TdZQkZb
_D3geo8internal16exact_coordinate22roundsToFiniteBinary64FNaNbNiNfKxSQCpQCoQCi30SignedExactCoordinateNumeratorKxSQEhQEg10fixed_uint__T9UIntFixedVmi132ZQrZb	4008	8481534	1206236
	 3006	_D3geo8internal10fixed_uint__T9UIntFixedVmi198ZQr6isZeroMxFNaNbNdNiNfZb
	 3006	_D3geo8internal16exact_coordinate24binary64OverflowMidpointFNaNbNiNfZSQCqQCp10fixed_uint__T9UIntFixedVmi66ZQq
	 3006	_D3geo8internal10fixed_uint__T16multiplyUnsignedVmi132Vmi66ZQBeFNaNbNiNfKxSQCvQCuQCo__T9UIntFixedVmi132ZQrKxSQEdQEcQDw__TQBiVmi66ZQBrZSQFdQFcQEw__TQCiVmi198ZQCs
	 3006	_D3geo8internal10fixed_uint__T15compareUnsignedVmi198ZQyFNaNbNiNfKxSQCoQCnQCh__T9UIntFixedVmi198ZQrKxQBiZi
------------------
	12024	_D3geo8internal19polygon_union_exact__T37compareExactOverlayPointsAlongSegmentTdZQBqFNaNbNiNfSQDo7segment__T8Segment2TdZQmKxSQEtQEsQEm17ExactOverlayPointKxQBfZi
	 3006	_D3geo8internal19polygon_union_exact__T25sortUniqueExactEdgeEventsTdZQBeFNaNbNiNfSQDc7segment__T8Segment2TdZQmMASQEhQEgQEa17ExactOverlayPointZm
	 4008	_D3geo8internal23segment_polygon_clip_p1__T19findExactEventIndexTdZQyFNaNbNiNfSQCz7segment__T8Segment2TdZQmMAxSQEfQEe19polygon_union_exact17ExactOverlayPointKxQBxZm
_D3geo8internal16exact_coordinate23compareExactCoordinatesFNaNbNiNfKxSQCqQCpQCj30SignedExactCoordinateNumeratorKxSQEiQEh10fixed_uint__T9UIntFixedVmi132ZQrKxQDjKxQBwZi	19038	49668322	6770180
	38076	_D3geo8internal10fixed_uint__T9UIntFixedVmi198ZQr6isZeroMxFNaNbNdNiNfZb
	13026	_D3geo8internal10fixed_uint__T16multiplyUnsignedVmi198Vmi132ZQBfFNaNbNiNfKxSQCwQCvQCp__T9UIntFixedVmi198ZQrKxSQEeQEdQDx__TQBiVmi132ZQBsZSQFfQFeQEy__TQCjVmi330ZQCt
	 6513	_D3geo8internal10fixed_uint__T15compareUnsignedVmi330ZQyFNaNbNiNfKxSQCoQCnQCh__T9UIntFixedVmi330ZQrKxQBiZi
------------------
	 3006	_D3geo8internal16exact_coordinate22roundsToFiniteBinary64FNaNbNiNfKxSQCpQCoQCi30SignedExactCoordinateNumeratorKxSQEhQEg10fixed_uint__T9UIntFixedVmi132ZQrZb
_D3geo8internal16exact_coordinate24binary64OverflowMidpointFNaNbNiNfZSQCqQCp10fixed_uint__T9UIntFixedVmi66ZQq	3006	1155200	1155200
------------------
	 8016	_D3geo8internal18intersection_exact__T26tryProperIntersectionExactTdZQBfFNaNbNiNfSQDc7segment__T8Segment2TdZQmQBdJSQEjQEiQEc23ExactProperIntersectionZb
_D3geo8internal18intersection_exact18weightedCoordinateFNaNbNiNfKxSQCnQCm10fixed_uint__T9UIntFixedVmi132ZQrKxSQEeQEd6dyadic22SignedDyadicCoordinateKxQDfKxQBtZSQGbQGa16exact_coordinate30SignedExactCoordinateNumerator	8016	32520964	8880596
	16032	_D3geo8internal10fixed_uint__T16multiplyUnsignedVmi132Vmi66ZQBeFNaNbNiNfKxSQCvQCuQCo__T9UIntFixedVmi132ZQrKxSQEdQEcQDw__TQBiVmi66ZQBrZSQFdQFcQEw__TQCiVmi198ZQCs
	16032	_D3geo8internal10fixed_uint__T9UIntFixedVmi198ZQr6isZeroMxFNaNbNdNiNfZb
	 4008	_D3geo8internal10fixed_uint__T15compareUnsignedVmi198ZQyFNaNbNiNfKxSQCoQCnQCh__T9UIntFixedVmi198ZQrKxQBiZi
	 2004	_D3geo8internal10fixed_uint__T16subtractUnsignedVmi198ZQzFNaNbNiNfKxSQCpQCoQCi__T9UIntFixedVmi198ZQrKxQBiZSQEbQEaQDu__TQBmVmi198ZQBw
	 4008	_D3geo8internal10fixed_uint__T11addUnsignedVmi198ZQuFNaNbNiNfKxSQCkQCjQCd__T9UIntFixedVmi198ZQrKxQBiZSQDwQDvQDp__TQBmVmi198ZQBw
------------------
	 2004	_D3geo8internal19polygon_union_exact__T29appendSegmentPairNodingEventsTdZQBiFNaNbNiNfSQDg7segment__T8Segment2TdZQmQBdMASQEoQEnQEh17ExactOverlayPointKmMQBhKmZb
	 2004	_D3geo8internal23segment_polygon_clip_p1__T31trySegmentPolygonClipP1InternalTdZQBkFNfSQDg7segment__T8Segment2TdZQmMSQEk12polygon_view__T12Polygon2ViewTdZQrJSQFzQFy27segment_polygon_clip_result37SegmentPolygonClipOwnedResultInternalZEQIxQIwQIq32SegmentPolygonClipInternalStatus
_D3geo8internal18intersection_exact__T26tryProperIntersectionExactTdZQBfFNaNbNiNfSQDc7segment__T8Segment2TdZQmQBdJSQEjQEiQEc23ExactProperIntersectionZb	4008	133897512	39381906
	112224	_D3geo8internal6dyadic24decodeBinary64CoordinateFNaNbNiNfdZSQCgQCfQBz22SignedDyadicCoordinate
	64128	_D3geo8internal6dyadic25subtractDyadicCoordinatesFNaNbNiNfKxSQChQCgQCa22SignedDyadicCoordinateKxQBkZSQDvQDuQDo22SignedDyadicDifference
	32064	_D3geo8internal6dyadic25multiplyDyadicDifferencesFNaNbNiNfKxSQChQCgQCa22SignedDyadicDifferenceKxQBkZSQDvQDuQDo19SignedDyadicProduct
	16032	_D3geo8internal6dyadic22subtractDyadicProductsFNaNbNiNfKxSQCeQCdQBx19SignedDyadicProductKxQBhZSQDpQDoQDiQBl
	 4008	_D3geo8internal10fixed_uint__T11addUnsignedVmi132ZQuFNaNbNiNfKxSQCkQCjQCd__T9UIntFixedVmi132ZQrKxQBiZSQDwQDvQDp__TQBmVmi132ZQBw
	 8016	_D3geo8internal18intersection_exact18weightedCoordinateFNaNbNiNfKxSQCnQCm10fixed_uint__T9UIntFixedVmi132ZQrKxSQEeQEd6dyadic22SignedDyadicCoordinateKxQDfKxQBtZSQGbQGa16exact_coordinate30SignedExactCoordinateNumerator
------------------
	40144	_D3geo11orientationQnFNaNbNiNfSQBd5point__T6Point2TdZQkQzQBbZEQCiQCh12Orientation2
_D3geo8internal18orientation_filter17orientationFilterFNaNbNiNfddddddZEQCrQCqQCk23OrientationFilterResult	40144	115972018	86834260
	489696	_D3std4math6traits__T8isFiniteTdZQmFNaNbNiNedZb
	248832	_D3std4math6traits__T11isSubnormalTdZQqFNaNbNiNedZb
	16048	_D3std4math6traits__T8isFiniteTxdZQnFNaNbNiNexdZb
	16048	_D3std4math6traits__T11isSubnormalTxdZQrFNaNbNiNexdZb
------------------
	 4008	_D3geo8internal19polygon_union_exact__T29appendSegmentPairNodingEventsTdZQBiFNaNbNiNfSQDg7segment__T8Segment2TdZQmQBdMASQEoQEnQEh17ExactOverlayPointKmMQBhKmZb
_D3geo8internal19polygon_union_exact20appendExactEdgeEventFNaNbNiNfMASQCqQCpQCj17ExactOverlayPointKmKxSQDxQDwQDqQBhZb	4008	548358	548358
------------------
	 1002	_D3geo8internal23segment_polygon_clip_p1__T31trySegmentPolygonClipP1InternalTdZQBkFNfSQDg7segment__T8Segment2TdZQmMSQEk12polygon_view__T12Polygon2ViewTdZQrJSQFzQFy27segment_polygon_clip_result37SegmentPolygonClipOwnedResultInternalZEQIxQIwQIq32SegmentPolygonClipInternalStatus
_D3geo8internal19polygon_union_exact__T19seedExactEdgeEventsTdZQyFNaNbNiNfSQCv7segment__T8Segment2TdZQmMASQEaQDzQDt17ExactOverlayPointJmZb	1002	2412054	1077100
	 4008	_D3geo8internal19polygon_union_exact__T25liftRepresentedCoordinateTdZQBeFNaNbNiNfdZSQDeQDd16exact_coordinate30SignedExactCoordinateNumerator
------------------
	 5010	_D3geo8internal19polygon_union_exact__T25sortUniqueExactEdgeEventsTdZQBeFNaNbNiNfSQDc7segment__T8Segment2TdZQmMASQEhQEgQEa17ExactOverlayPointZm
_D3geo8internal19polygon_union_exact__T23siftDownExactEdgeEventsTdZQBcFNaNbNiNfSQDa7segment__T8Segment2TdZQmMASQEfQEeQDy17ExactOverlayPointmmZv	5010	17296510	2122286
	 7014	_D3geo8internal19polygon_union_exact__T37compareExactOverlayPointsAlongSegmentTdZQBqFNaNbNiNfSQDo7segment__T8Segment2TdZQmKxSQEtQEsQEm17ExactOverlayPointKxQBfZi
------------------
	 4008	_D3geo8internal19polygon_union_exact__T19seedExactEdgeEventsTdZQyFNaNbNiNfSQCv7segment__T8Segment2TdZQmMASQEaQDzQDt17ExactOverlayPointJmZb
_D3geo8internal19polygon_union_exact__T25liftRepresentedCoordinateTdZQBeFNaNbNiNfdZSQDeQDd16exact_coordinate30SignedExactCoordinateNumerator	4008	1334954	1114404
	 4008	_D3geo8internal6dyadic24decodeBinary64CoordinateFNaNbNiNfdZSQCgQCfQBz22SignedDyadicCoordinate
------------------
	 1002	_D3geo8internal23segment_polygon_clip_p1__T31trySegmentPolygonClipP1InternalTdZQBkFNfSQDg7segment__T8Segment2TdZQmMSQEk12polygon_view__T12Polygon2ViewTdZQrJSQFzQFy27segment_polygon_clip_result37SegmentPolygonClipOwnedResultInternalZEQIxQIwQIq32SegmentPolygonClipInternalStatus
_D3geo8internal19polygon_union_exact__T25sortUniqueExactEdgeEventsTdZQBeFNaNbNiNfSQDc7segment__T8Segment2TdZQmMASQEhQEgQEa17ExactOverlayPointZm	1002	25364950	1834304
	 5010	_D3geo8internal19polygon_union_exact__T23siftDownExactEdgeEventsTdZQBcFNaNbNiNfSQDa7segment__T8Segment2TdZQmMASQEfQEeQDy17ExactOverlayPointmmZv
	 3006	_D3geo8internal16exact_coordinate23compareExactCoordinatesFNaNbNiNfKxSQCqQCpQCj30SignedExactCoordinateNumeratorKxSQEiQEh10fixed_uint__T9UIntFixedVmi132ZQrKxQDjKxQBwZi
------------------
	 4008	_D3geo8internal23segment_polygon_clip_p1__T31trySegmentPolygonClipP1InternalTdZQBkFNfSQDg7segment__T8Segment2TdZQmMSQEk12polygon_view__T12Polygon2ViewTdZQrJSQFzQFy27segment_polygon_clip_result37SegmentPolygonClipOwnedResultInternalZEQIxQIwQIq32SegmentPolygonClipInternalStatus
_D3geo8internal19polygon_union_exact__T29appendSegmentPairNodingEventsTdZQBiFNaNbNiNfSQDg7segment__T8Segment2TdZQmQBdMASQEoQEnQEh17ExactOverlayPointKmMQBhKmZb	4008	119936408	2930556
	 4008	_D3geo12intersection__T18segmentContactKindTdZQxFNaNbNiNfSQCe7segment__T8Segment2TdZQmQBdZEQDlQDk18SegmentContactKind
	 2004	_D3geo8internal18intersection_exact__T26tryProperIntersectionExactTdZQBfFNaNbNiNfSQDc7segment__T8Segment2TdZQmQBdJSQEjQEiQEc23ExactProperIntersectionZb
	 4008	_D3geo8internal19polygon_union_exact20appendExactEdgeEventFNaNbNiNfMASQCqQCpQCj17ExactOverlayPointKmKxSQDxQDwQDqQBhZb
------------------
	 7014	_D3geo8internal19polygon_union_exact__T23siftDownExactEdgeEventsTdZQBcFNaNbNiNfSQDa7segment__T8Segment2TdZQmMASQEfQEeQDy17ExactOverlayPointmmZv
	 5010	_D3geo8internal23segment_polygon_clip_p1__T19findExactEventIndexTdZQyFNaNbNiNfSQCz7segment__T8Segment2TdZQmMAxSQEfQEe19polygon_union_exact17ExactOverlayPointKxQBxZm
_D3geo8internal19polygon_union_exact__T37compareExactOverlayPointsAlongSegmentTdZQBqFNaNbNiNfSQDo7segment__T8Segment2TdZQmKxSQEtQEsQEm17ExactOverlayPointKxQBfZi	12024	31724060	4112942
	12024	_D3geo8internal16exact_coordinate23compareExactCoordinatesFNaNbNiNfKxSQCqQCpQCj30SignedExactCoordinateNumeratorKxSQEiQEh10fixed_uint__T9UIntFixedVmi132ZQrKxQDjKxQBwZi
------------------
	    2	_D3geo28segment_polygon_relationship__T34classifySegmentPolygonRelationshipTdZQBnFNaNbNiNfSQDl7segment__T8Segment2TdZQmMSQEp12polygon_view__T12Polygon2ViewTdZQrZSQGeQGd26SegmentPolygonRelationship
	 1002	_D3geo8internal23segment_polygon_clip_p1__T31trySegmentPolygonClipP1InternalTdZQBkFNfSQDg7segment__T8Segment2TdZQmMSQEk12polygon_view__T12Polygon2ViewTdZQrJSQFzQFy27segment_polygon_clip_result37SegmentPolygonClipOwnedResultInternalZEQIxQIwQIq32SegmentPolygonClipInternalStatus
_D3geo8internal19polygon_union_input__T24exactRingOrientationSignTdZQBdFNaNbNiNfMxSQDd16linear_ring_view__T15LinearRing2ViewTdZQuZi	1004	16636500	7210374
	24096	_D3geo8internal6dyadic24decodeBinary64CoordinateFNaNbNiNfdZSQCgQCfQBz22SignedDyadicCoordinate
	16064	_D3geo8internal6dyadic25subtractDyadicCoordinatesFNaNbNiNfKxSQChQCgQCa22SignedDyadicCoordinateKxQBkZSQDvQDuQDo22SignedDyadicDifference
	 8032	_D3geo8internal6dyadic25multiplyDyadicDifferencesFNaNbNiNfKxSQChQCgQCa22SignedDyadicDifferenceKxQBkZSQDvQDuQDo19SignedDyadicProduct
	 4016	_D3geo8internal6dyadic22subtractDyadicProductsFNaNbNiNfKxSQCeQCdQBx19SignedDyadicProductKxQBhZSQDpQDoQDiQBl
	 4016	_D3geo8internal10area_exact18addAreaDeterminantFNaNbNiNfKSQCeQCdQBx21SignedAreaAccumulatorKxSQDnQDm6dyadic19SignedDyadicProductZv
------------------
	 3006	_D3geo8internal22exact_coordinate_round28roundExactCoordinateBinary64FNaNbNiNfKxSQDbQDa16exact_coordinate30SignedExactCoordinateNumeratorKxSQFiQFh10fixed_uint__T9UIntFixedVmi132ZQrZd
_D3geo8internal22exact_coordinate_round15roundedQuotientFNaNbNiNfKxSQCoQCn10fixed_uint__T9UIntFixedVmi198ZQrKxSQEfQEeQBr__TQBiVmi132ZQBsmZm	3006	80251146	21328546
	 3006	_D3geo8internal22exact_coordinate_round28pastLastNonZeroNumeratorLimbFNaNbNiNfKxSQDbQDa10fixed_uint__T9UIntFixedVmi198ZQrZm
	 3006	_D3geo8internal22exact_coordinate_round27firstNonZeroDenominatorLimbFNaNbNiNfKxSQDaQCz10fixed_uint__T9UIntFixedVmi132ZQrZm
	 3006	_D3geo8internal22exact_coordinate_round__T9bitLengthVmi132ZQrFNaNbNiNfKxSQCtQCs10fixed_uint__T9UIntFixedVmi132ZQrZm
	159318	_D3geo8internal22exact_coordinate_round25compareShiftedDenominatorFNaNbNiNfKxSQCyQCx10fixed_uint__T9UIntFixedVmi198ZQrmKxSQEqQEpQBs__TQBjVmi132ZQBtmmZi
	 6012	_D3geo8internal22exact_coordinate_round26subtractShiftedDenominatorFNaNbNiNfKSQCyQCx10fixed_uint__T9UIntFixedVmi198ZQrmKxSQEqQEpQBs__TQBjVmi132ZQBtmmmZm
	 3006	_D3geo8internal22exact_coordinate_round18shiftedDenominatorFNaNbNiNfKxSQCrQCq10fixed_uint__T9UIntFixedVmi132ZQrmZSQEiQEhQBr__TQBiVmi198ZQBs
	 3006	_D3geo8internal22exact_coordinate_round7doubledFNaNbNiNfKxSQCfQCe10fixed_uint__T9UIntFixedVmi198ZQrZSQDvQDuQBq__TQBhVmi198ZQBr
	 3006	_D3geo8internal10fixed_uint__T15compareUnsignedVmi198ZQyFNaNbNiNfKxSQCoQCnQCh__T9UIntFixedVmi198ZQrKxQBiZi
------------------
	 6012	_D3geo8internal22exact_coordinate_round28roundExactCoordinateBinary64FNaNbNiNfKxSQDbQDa16exact_coordinate30SignedExactCoordinateNumeratorKxSQFiQFh10fixed_uint__T9UIntFixedVmi132ZQrZd
	 3006	_D3geo8internal22exact_coordinate_round15roundedQuotientFNaNbNiNfKxSQCoQCn10fixed_uint__T9UIntFixedVmi198ZQrKxSQEfQEeQBr__TQBiVmi132ZQBsmZm
_D3geo8internal22exact_coordinate_round18shiftedDenominatorFNaNbNiNfKxSQCrQCq10fixed_uint__T9UIntFixedVmi132ZQrmZSQEiQEhQBr__TQBiVmi198ZQBs	9018	2436572	2436572
------------------
	308616	_D3geo8internal22exact_coordinate_round25compareShiftedDenominatorFNaNbNiNfKxSQCyQCx10fixed_uint__T9UIntFixedVmi198ZQrmKxSQEqQEpQBs__TQBjVmi132ZQBtmmZi
	 6012	_D3geo8internal22exact_coordinate_round26subtractShiftedDenominatorFNaNbNiNfKSQCyQCx10fixed_uint__T9UIntFixedVmi198ZQrmKxSQEqQEpQBs__TQBjVmi132ZQBtmmmZm
_D3geo8internal22exact_coordinate_round22shiftedDenominatorWordFNaNbNiNfKxSQCvQCu10fixed_uint__T9UIntFixedVmi132ZQrmkmZk	314628	10818896	10818896
------------------
	159318	_D3geo8internal22exact_coordinate_round15roundedQuotientFNaNbNiNfKxSQCoQCn10fixed_uint__T9UIntFixedVmi198ZQrKxSQEfQEeQBr__TQBiVmi132ZQBsmZm
_D3geo8internal22exact_coordinate_round25compareShiftedDenominatorFNaNbNiNfKxSQCyQCx10fixed_uint__T9UIntFixedVmi198ZQrmKxSQEqQEpQBs__TQBjVmi132ZQBtmmZi	159318	50448870	39713188
	308616	_D3geo8internal22exact_coordinate_round22shiftedDenominatorWordFNaNbNiNfKxSQCvQCu10fixed_uint__T9UIntFixedVmi132ZQrmkmZk
------------------
	 6012	_D3geo8internal22exact_coordinate_round15roundedQuotientFNaNbNiNfKxSQCoQCn10fixed_uint__T9UIntFixedVmi198ZQrKxSQEfQEeQBr__TQBiVmi132ZQBsmZm
_D3geo8internal22exact_coordinate_round26subtractShiftedDenominatorFNaNbNiNfKSQCyQCx10fixed_uint__T9UIntFixedVmi198ZQrmKxSQEqQEpQBs__TQBjVmi132ZQBtmmmZm	6012	2482014	2398800
	 6012	_D3geo8internal22exact_coordinate_round22shiftedDenominatorWordFNaNbNiNfKxSQCvQCu10fixed_uint__T9UIntFixedVmi132ZQrmkmZk
------------------
	 3006	_D3geo8internal22exact_coordinate_round15roundedQuotientFNaNbNiNfKxSQCoQCn10fixed_uint__T9UIntFixedVmi198ZQrKxSQEfQEeQBr__TQBiVmi132ZQBsmZm
_D3geo8internal22exact_coordinate_round27firstNonZeroDenominatorLimbFNaNbNiNfKxSQDaQCz10fixed_uint__T9UIntFixedVmi132ZQrZm	3006	656520	656520
------------------
	 3006	_D3geo8internal22exact_coordinate_round15roundedQuotientFNaNbNiNfKxSQCoQCn10fixed_uint__T9UIntFixedVmi198ZQrKxSQEfQEeQBr__TQBiVmi132ZQBsmZm
_D3geo8internal22exact_coordinate_round28pastLastNonZeroNumeratorLimbFNaNbNiNfKxSQDbQDa10fixed_uint__T9UIntFixedVmi198ZQrZm	3006	1509814	1509814
------------------
	 4008	_D3geo8internal23segment_polygon_clip_p124tryMaterializeExactPointFNaNbNiNfKxSQCyQCx19polygon_union_exact17ExactOverlayPointJSQEu5point__T6Point2TdZQkZb
_D3geo8internal22exact_coordinate_round28roundExactCoordinateBinary64FNaNbNiNfKxSQDbQDa16exact_coordinate30SignedExactCoordinateNumeratorKxSQFiQFh10fixed_uint__T9UIntFixedVmi132ZQrZd	4008	90403758	3034348
	 3006	_D3geo8internal10fixed_uint__T9UIntFixedVmi198ZQr6isZeroMxFNaNbNdNiNfZb
	 6012	_D3geo8internal22exact_coordinate_round18shiftedDenominatorFNaNbNiNfKxSQCrQCq10fixed_uint__T9UIntFixedVmi132ZQrmZSQEiQEhQBr__TQBiVmi198ZQBs
	 6012	_D3geo8internal10fixed_uint__T15compareUnsignedVmi198ZQyFNaNbNiNfKxSQCoQCnQCh__T9UIntFixedVmi198ZQrKxQBiZi
	 3006	_D3geo8internal22exact_coordinate_round__T9bitLengthVmi198ZQrFNaNbNiNfKxSQCtQCs10fixed_uint__T9UIntFixedVmi198ZQrZm
	 3006	_D3geo8internal22exact_coordinate_round__T9bitLengthVmi132ZQrFNaNbNiNfKxSQCtQCs10fixed_uint__T9UIntFixedVmi132ZQrZm
	 3006	_D3geo8internal22exact_coordinate_round15roundedQuotientFNaNbNiNfKxSQCoQCn10fixed_uint__T9UIntFixedVmi198ZQrKxSQEfQEeQBr__TQBiVmi132ZQBsmZm
------------------
	 3006	_D3geo8internal22exact_coordinate_round15roundedQuotientFNaNbNiNfKxSQCoQCn10fixed_uint__T9UIntFixedVmi198ZQrKxSQEfQEeQBr__TQBiVmi132ZQBsmZm
_D3geo8internal22exact_coordinate_round7doubledFNaNbNiNfKxSQCfQCe10fixed_uint__T9UIntFixedVmi198ZQrZSQDvQDuQBq__TQBhVmi198ZQBr	3006	1451184	1451184
------------------
	 3006	_D3geo8internal22exact_coordinate_round28roundExactCoordinateBinary64FNaNbNiNfKxSQDbQDa16exact_coordinate30SignedExactCoordinateNumeratorKxSQFiQFh10fixed_uint__T9UIntFixedVmi132ZQrZd
	 3006	_D3geo8internal22exact_coordinate_round15roundedQuotientFNaNbNiNfKxSQCoQCn10fixed_uint__T9UIntFixedVmi198ZQrKxSQEfQEeQBr__TQBiVmi132ZQBsmZm
_D3geo8internal22exact_coordinate_round__T9bitLengthVmi132ZQrFNaNbNiNfKxSQCtQCs10fixed_uint__T9UIntFixedVmi132ZQrZm	6012	1639600	1639600
------------------
	 3006	_D3geo8internal22exact_coordinate_round28roundExactCoordinateBinary64FNaNbNiNfKxSQDbQDa16exact_coordinate30SignedExactCoordinateNumeratorKxSQFiQFh10fixed_uint__T9UIntFixedVmi132ZQrZd
_D3geo8internal22exact_coordinate_round__T9bitLengthVmi198ZQrFNaNbNiNfKxSQCtQCs10fixed_uint__T9UIntFixedVmi198ZQrZm	3006	1113470	1113470
------------------
	 2004	_D3geo8internal23segment_polygon_clip_p1__T31trySegmentPolygonClipP1InternalTdZQBkFNfSQDg7segment__T8Segment2TdZQmMSQEk12polygon_view__T12Polygon2ViewTdZQrJSQFzQFy27segment_polygon_clip_result37SegmentPolygonClipOwnedResultInternalZEQIxQIwQIq32SegmentPolygonClipInternalStatus
_D3geo8internal23segment_polygon_clip_p116setAfterLocationFNaNbNiNfKEQCpQCoQCi16IntervalLocationQBcZv	2004	161194	161194
------------------
	 2004	_D3geo8internal23segment_polygon_clip_p1__T31trySegmentPolygonClipP1InternalTdZQBkFNfSQDg7segment__T8Segment2TdZQmMSQEk12polygon_view__T12Polygon2ViewTdZQrJSQFzQFy27segment_polygon_clip_result37SegmentPolygonClipOwnedResultInternalZEQIxQIwQIq32SegmentPolygonClipInternalStatus
_D3geo8internal23segment_polygon_clip_p124tryMaterializeExactPointFNaNbNiNfKxSQCyQCx19polygon_union_exact17ExactOverlayPointJSQEu5point__T6Point2TdZQkZb	2004	100528090	1598858
	 4008	_D3geo8internal16exact_coordinate22roundsToFiniteBinary64FNaNbNiNfKxSQCpQCoQCi30SignedExactCoordinateNumeratorKxSQEhQEg10fixed_uint__T9UIntFixedVmi132ZQrZb
	 4008	_D3geo8internal22exact_coordinate_round28roundExactCoordinateBinary64FNaNbNiNfKxSQDbQDa16exact_coordinate30SignedExactCoordinateNumeratorKxSQFiQFh10fixed_uint__T9UIntFixedVmi132ZQrZd
	 4008	_D3std4math6traits__T8isFiniteTxdZQnFNaNbNiNexdZb
------------------
	 2004	_D3geo8internal23segment_polygon_clip_p1__T31trySegmentPolygonClipP1InternalTdZQBkFNfSQDg7segment__T8Segment2TdZQmMSQEk12polygon_view__T12Polygon2ViewTdZQrJSQFzQFy27segment_polygon_clip_result37SegmentPolygonClipOwnedResultInternalZEQIxQIwQIq32SegmentPolygonClipInternalStatus
_D3geo8internal23segment_polygon_clip_p1__T19findExactEventIndexTdZQyFNaNbNiNfSQCz7segment__T8Segment2TdZQmMAxSQEfQEe19polygon_union_exact17ExactOverlayPointKxQBxZm	2004	33615284	1242380
	 5010	_D3geo8internal19polygon_union_exact__T37compareExactOverlayPointsAlongSegmentTdZQBqFNaNbNiNfSQDo7segment__T8Segment2TdZQmKxSQEtQEsQEm17ExactOverlayPointKxQBfZi
	 4008	_D3geo8internal16exact_coordinate23compareExactCoordinatesFNaNbNiNfKxSQCqQCpQCj30SignedExactCoordinateNumeratorKxSQEiQEh10fixed_uint__T9UIntFixedVmi132ZQrKxQDjKxQBwZi
------------------
	 1002	_D3geo8internal23segment_polygon_clip_p1__T31trySegmentPolygonClipP1InternalTdZQBkFNfSQDg7segment__T8Segment2TdZQmMSQEk12polygon_view__T12Polygon2ViewTdZQrJSQFzQFy27segment_polygon_clip_result37SegmentPolygonClipOwnedResultInternalZEQIxQIwQIq32SegmentPolygonClipInternalStatus
_D3geo8internal23segment_polygon_clip_p1__T22polygonBoundsSeparatedTdZQBbFNaNbNiNfSQDd7segment__T8Segment2TdZQmMSQEh12polygon_view__T12Polygon2ViewTdZQrZb	1002	844262	267824
	 1002	_D3geo12bounding_box__T9tryBoundsTdZQnFNaNbNiNfSQBu7segment__T8Segment2TdZQmJSQCy6bounds__T7Bounds2TdZQlZb
------------------
	 1002	_D3geo8internal23segment_polygon_clip_p1__T31trySegmentPolygonClipP1InternalTdZQBkFNfSQDg7segment__T8Segment2TdZQmMSQEk12polygon_view__T12Polygon2ViewTdZQrJSQFzQFy27segment_polygon_clip_result37SegmentPolygonClipOwnedResultInternalZEQIxQIwQIq32SegmentPolygonClipInternalStatus
_D3geo8internal23segment_polygon_clip_p1__T24polygonBoundaryEdgeCountTdZQBdFNaNbNiNfMSQDg12polygon_view__T12Polygon2ViewTdZQrZm	1002	102186	102186
------------------
	 1002	_D3geo8internal23segment_polygon_clip_p1__T31trySegmentPolygonClipP1InternalTdZQBkFNfSQDg7segment__T8Segment2TdZQmMSQEk12polygon_view__T12Polygon2ViewTdZQrJSQFzQFy27segment_polygon_clip_result37SegmentPolygonClipOwnedResultInternalZEQIxQIwQIq32SegmentPolygonClipInternalStatus
_D3geo8internal23segment_polygon_clip_p1__T26queryBoundaryEventCapacityTdZQBfFNaNbNiNfSQDh7segment__T8Segment2TdZQmMSQEl12polygon_view__T12Polygon2ViewTdZQrZm	1002	943946	579538
	 1002	_D3geo12bounding_box__T9tryBoundsTdZQnFNaNbNiNfSQBu7segment__T8Segment2TdZQmJSQCy6bounds__T7Bounds2TdZQlZb
------------------
	 1002	_D3geo20segment_polygon_clip__T20clipSegmentToPolygonTdZQzFNfSQCi7segment__T8Segment2TdZQmMSQDm12polygon_view__T12Polygon2ViewTdZQrZSQFbQFa24SegmentPolygonClipResult
_D3geo8internal23segment_polygon_clip_p1__T31trySegmentPolygonClipP1InternalTdZQBkFNfSQDg7segment__T8Segment2TdZQmMSQEk12polygon_view__T12Polygon2ViewTdZQrJSQFzQFy27segment_polygon_clip_result37SegmentPolygonClipOwnedResultInternalZEQIxQIwQIq32SegmentPolygonClipInternalStatus	1002	491003158	8457824
	 1002	_D3geo8internal23segment_polygon_clip_p1__T24polygonBoundaryEdgeCountTdZQBdFNaNbNiNfMSQDg12polygon_view__T12Polygon2ViewTdZQrZm
	 1002	_D3geo8internal23segment_polygon_clip_p1__T22polygonBoundsSeparatedTdZQBbFNaNbNiNfSQDd7segment__T8Segment2TdZQmMSQEh12polygon_view__T12Polygon2ViewTdZQrZb
	 1002	_D3geo8internal23segment_polygon_clip_p1__T26queryBoundaryEventCapacityTdZQBfFNaNbNiNfSQDh7segment__T8Segment2TdZQmMSQEl12polygon_view__T12Polygon2ViewTdZQrZm
	 1002	_D4core8internal5array12construction__T12_d_newarrayTTS3geoQCa19polygon_union_exact17ExactOverlayPointZQCmFNaNbNembZAQCl
	 1002	_D3geo8internal19polygon_union_exact__T19seedExactEdgeEventsTdZQyFNaNbNiNfSQCv7segment__T8Segment2TdZQmMASQEaQDzQDt17ExactOverlayPointJmZb
	 4008	_D3geo8internal19polygon_union_exact__T29appendSegmentPairNodingEventsTdZQBiFNaNbNiNfSQDg7segment__T8Segment2TdZQmQBdMASQEoQEnQEh17ExactOverlayPointKmMQBhKmZb
	 1002	_D3geo8internal19polygon_union_exact__T25sortUniqueExactEdgeEventsTdZQBeFNaNbNiNfSQDc7segment__T8Segment2TdZQmMASQEhQEgQEa17ExactOverlayPointZm
	 1002	_D4core8internal5array8capacity__T22_d_arraysetlengthTImplHTAS3geoQCh19polygon_union_exact17ExactOverlayPointTQBxZ18_d_arraysetlengthTFNaNbNeNkMKQDhmZm
	 2004	_D4core8internal5array12construction__T12_d_newarrayTTmZQrFNaNbNembZAm
	 1002	_D4core8internal5array12construction__T12_d_newarrayTTE3geoQCa23segment_polygon_clip_p116IntervalLocationZQCpFNaNbNembZAQCo
	 1002	_D3geo8internal19polygon_union_input__T24exactRingOrientationSignTdZQBdFNaNbNiNfMxSQDd16linear_ring_view__T15LinearRing2ViewTdZQuZi
	 8016	_D3geo12intersection__T18segmentContactKindTdZQxFNaNbNiNfSQCe7segment__T8Segment2TdZQmQBdZEQDlQDk18SegmentContactKind
	 2004	_D3geo8internal18intersection_exact__T26tryProperIntersectionExactTdZQBfFNaNbNiNfSQDc7segment__T8Segment2TdZQmQBdJSQEjQEiQEc23ExactProperIntersectionZb
	 2004	_D3geo8internal23segment_polygon_clip_p1__T19findExactEventIndexTdZQyFNaNbNiNfSQCz7segment__T8Segment2TdZQmMAxSQEfQEe19polygon_union_exact17ExactOverlayPointKxQBxZm
	 2004	_D3geo11orientationQnFNaNbNiNfSQBd5point__T6Point2TdZQkQzQBbZEQCiQCh12Orientation2
	 2004	_D3geo8internal23segment_polygon_clip_p116setAfterLocationFNaNbNiNfKEQCpQCoQCi16IntervalLocationQBcZv
	 1002	_D4core8internal5array12construction__T12_d_newarrayTTbZQrFNaNbNembZAb
	 1002	_D3geo16point_in_polygon__T25tryClassifyPointInPolygonTdZQBeFNaNbNiNfMSQCr12polygon_view__T12Polygon2ViewTdZQrSQEf5point__T6Point2TdZQkJEQFfQFe20PointPolygonLocationZb
	 1002	_D4core8internal5array12construction__T12_d_newarrayTTS3geo7segment__T8Segment2TdZQmZQBuFNaNbNembZAQBt
	 2004	_D3geo8internal23segment_polygon_clip_p124tryMaterializeExactPointFNaNbNiNfKxSQCyQCx19polygon_union_exact17ExactOverlayPointJSQEu5point__T6Point2TdZQkZb
------------------
	 1006	_D3geo16point_in_polygon__T25tryClassifyPointInPolygonTdZQBeFNaNbNiNfMSQCr12polygon_view__T12Polygon2ViewTdZQrSQEf5point__T6Point2TdZQkJEQFfQFe20PointPolygonLocationZb
_D3geo8internal25ring_point_classification__T22tryClassifyPointInRingTdZQBbFNaNbNiNfMxSQDh16linear_ring_view__T15LinearRing2ViewTdZQuSQFc5point__T6Point2TdZQkJEQGcQGbQFv17RingPointLocationZb	1006	7224214	2252508
	10060	_D3std4math6traits__T8isFiniteTxdZQnFNaNbNiNexdZb
	 2012	_D3geo11orientationQnFNaNbNiNfSQBd5point__T6Point2TdZQkQzQBbZEQCiQCh12Orientation2
------------------
	 4016	_D3geo8internal19polygon_union_input__T24exactRingOrientationSignTdZQBdFNaNbNiNfMxSQDd16linear_ring_view__T15LinearRing2ViewTdZQuZi
	16032	_D3geo8internal18intersection_exact__T26tryProperIntersectionExactTdZQBfFNaNbNiNfSQDc7segment__T8Segment2TdZQmQBdJSQEjQEiQEc23ExactProperIntersectionZb
_D3geo8internal6dyadic22subtractDyadicProductsFNaNbNiNfKxSQCeQCdQBx19SignedDyadicProductKxQBhZSQDpQDoQDiQBl	20048	7655098	7655098
------------------
	24096	_D3geo8internal19polygon_union_input__T24exactRingOrientationSignTdZQBdFNaNbNiNfMxSQDd16linear_ring_view__T15LinearRing2ViewTdZQuZi
	 4008	_D3geo8internal19polygon_union_exact__T25liftRepresentedCoordinateTdZQBeFNaNbNiNfdZSQDeQDd16exact_coordinate30SignedExactCoordinateNumerator
	112224	_D3geo8internal18intersection_exact__T26tryProperIntersectionExactTdZQBfFNaNbNiNfSQDc7segment__T8Segment2TdZQmQBdJSQEjQEiQEc23ExactProperIntersectionZb
_D3geo8internal6dyadic24decodeBinary64CoordinateFNaNbNiNfdZSQCgQCfQBz22SignedDyadicCoordinate	140328	8670988	8670988
------------------
	 8032	_D3geo8internal19polygon_union_input__T24exactRingOrientationSignTdZQBdFNaNbNiNfMxSQDd16linear_ring_view__T15LinearRing2ViewTdZQuZi
	32064	_D3geo8internal18intersection_exact__T26tryProperIntersectionExactTdZQBfFNaNbNiNfSQDc7segment__T8Segment2TdZQmQBdJSQEjQEiQEc23ExactProperIntersectionZb
_D3geo8internal6dyadic25multiplyDyadicDifferencesFNaNbNiNfKxSQChQCgQCa22SignedDyadicDifferenceKxQBkZSQDvQDuQDo19SignedDyadicProduct	40096	20570504	5978120
	18040	_D3geo8internal10fixed_uint__T16multiplyUnsignedVmi66Vmi66ZQBdFNaNbNiNfKxSQCuQCtQCn__T9UIntFixedVmi66ZQqKxQBhZSQEfQEeQDy__TQBlVmi132ZQBv
------------------
	16064	_D3geo8internal19polygon_union_input__T24exactRingOrientationSignTdZQBdFNaNbNiNfMxSQDd16linear_ring_view__T15LinearRing2ViewTdZQuZi
	64128	_D3geo8internal18intersection_exact__T26tryProperIntersectionExactTdZQBfFNaNbNiNfSQDc7segment__T8Segment2TdZQmQBdJSQEjQEiQEc23ExactProperIntersectionZb
_D3geo8internal6dyadic25subtractDyadicCoordinatesFNaNbNiNfKxSQChQCgQCa22SignedDyadicCoordinateKxQBkZSQDvQDuQDo22SignedDyadicDifference	80192	29764592	13061994
	24048	_D3geo8internal10fixed_uint__T15compareUnsignedVmi66ZQxFNaNbNiNfKxSQCnQCmQCg__T9UIntFixedVmi66ZQqKxQBhZi
	12024	_D3geo8internal10fixed_uint__T11addUnsignedVmi66ZQtFNaNbNiNfKxSQCjQCiQCc__T9UIntFixedVmi66ZQqKxQBhZSQDuQDtQDn__TQBlVmi66ZQBu
	12024	_D3geo8internal10fixed_uint__T16subtractUnsignedVmi66ZQyFNaNbNiNfKxSQCoQCnQCh__T9UIntFixedVmi66ZQqKxQBhZSQDzQDyQDs__TQBlVmi66ZQBu
------------------
	    1	_D3std4conv__T6toImplTmTAyaZQoFNaNfQlZm
_D3std4conv__T5parseTmTAyaVEQBa8typecons__T4FlagVQBaa7_646f436f756e74ZQBbi0ZQCkFNaNfMKQClZm	1	388	388
------------------
	    1	_Dmain
_D3std4conv__T6toImplTmTAyaZQoFNaNfQlZm	1	1296	908
	    1	_D3std4conv__T5parseTmTAyaVEQBa8typecons__T4FlagVQBaa7_646f436f756e74ZQBbi0ZQCkFNaNfMKQClZm
------------------
	248832	_D3geo8internal18orientation_filter17orientationFilterFNaNbNiNfddddddZEQCrQCqQCk23OrientationFilterResult
_D3std4math6traits__T11isSubnormalTdZQqFNaNbNiNedZb	248832	11617812	11617812
------------------
	16048	_D3geo8internal18orientation_filter17orientationFilterFNaNbNiNfddddddZEQCrQCqQCk23OrientationFilterResult
_D3std4math6traits__T11isSubnormalTxdZQrFNaNbNiNexdZb	16048	562812	562812
------------------
	489696	_D3geo8internal18orientation_filter17orientationFilterFNaNbNiNfddddddZEQCrQCqQCk23OrientationFilterResult
_D3std4math6traits__T8isFiniteTdZQmFNaNbNiNedZb	489696	16766028	16766028
------------------
	    8	_D3geo19topology_validation__T12validateRingTdZQrFNaNbNiNfMSQCg16linear_ring_view__T15LinearRing2ViewTdZQuZS11euclid_core15ring_validation20RingValidationResult
	    8	_D21segment_polygon_bench__T9preflightTdZQnFNfKSQBu__T4CaseTdZQiZv
	 2012	_D3geo16point_in_polygon__T25tryClassifyPointInPolygonTdZQBeFNaNbNiNfMSQCr12polygon_view__T12Polygon2ViewTdZQrSQEf5point__T6Point2TdZQkJEQFfQFe20PointPolygonLocationZb
	10060	_D3geo8internal25ring_point_classification__T22tryClassifyPointInRingTdZQBbFNaNbNiNfMxSQDh16linear_ring_view__T15LinearRing2ViewTdZQuSQFc5point__T6Point2TdZQkJEQGcQGbQFv17RingPointLocationZb
	16048	_D3geo8internal18orientation_filter17orientationFilterFNaNbNiNfddddddZEQCrQCqQCk23OrientationFilterResult
	 4008	_D3geo8internal23segment_polygon_clip_p124tryMaterializeExactPointFNaNbNiNfKxSQCyQCx19polygon_union_exact17ExactOverlayPointJSQEu5point__T6Point2TdZQkZb
_D3std4math6traits__T8isFiniteTxdZQnFNaNbNiNexdZb	32144	415568	415568
------------------
	    4	_D3std6format8internal5write__T12writeAlignedTSQBt5stdio4File17LockingTextWriterTAaTQdTAyaTQeTaZQCnFNfKQCfQzQBbQyQBaMKxSQEoQEn4spec__T10FormatSpecTaZQpEQFuQFtQFpQFj13PrecisionTypeZv
_D3std5stdio4File17LockingTextWriter__T3putTAaZQiMFNfMQkZv	4	486	486
------------------
	    3	_D3std6format4spec__T10FormatSpecTaZQp__T17writeUpToNextSpecTSQCi5stdio4File17LockingTextWriterZQCdMFNlNfKQBtZb
_D3std5stdio4File17LockingTextWriter__T3putTAxaZQjMFNfMQlZv	3	104462	104462
------------------
	    4	_D3std6format8internal5write__T12writeAlignedTSQBt5stdio4File17LockingTextWriterTAyaTQeTQhTQkTaZQCnFNfKQCfQzQBbQBeQBhMKxSQEpQEo4spec__T10FormatSpecTaZQpEQFvQFuQFqQFk13PrecisionTypeZv
	    4	_D3std6format8internal5write__T12writeAlignedTSQBt5stdio4File17LockingTextWriterTAaTQdTAyaTQeTaZQCnFNfKQCfQzQBbQyQBaMKxSQEoQEn4spec__T10FormatSpecTaZQpEQFuQFtQFpQFj13PrecisionTypeZv
_D3std5stdio4File17LockingTextWriter__T3putTAyaZQjMFNfMQlZv	8	1266	1266
------------------
	    1	_D3std5stdio4File__T8writeflnTaTAyaTmTmZQuMFNfIAaQrmmZv
_D3std5stdio4File17LockingTextWriter__T3putTaZQhMFNfMaZv	1	804	804
------------------
	    1	_D3std5stdio__T8writeflnTaTAyaTmTmZQuFNfIAaQqmmZv
_D3std5stdio4File__T8writeflnTaTAyaTmTmZQuMFNfIAaQrmmZv	1	189970	41052
	    1	_D3std9exception__T7enforceZ__TQmTbZQrFNaNfbLAxaAyamZb
	    1	_D3std6format5write__T14formattedWriteTSQBm5stdio4File17LockingTextWriterTaTAyaTmTmZQCkFNfKQCaMxAaQwmmZk
	    1	_D3std5stdio4File17LockingTextWriter__T3putTaZQhMFNfMaZv
------------------
	    1	_Dmain
_D3std5stdio__T8writeflnTaTAyaTmTmZQuFNfIAaQqmmZv	1	193842	3872
	    1	_D3std5stdio4File__T8writeflnTaTAyaTmTmZQuMFNfIAaQrmmZv
------------------
	    3	_D3std6format4spec__T10FormatSpecTaZQp__T17writeUpToNextSpecTSQCi5stdio4File17LockingTextWriterZQCdMFNlNfKQBtZb
_D3std6format4spec__T10FormatSpecTaZQp6fillUpMFNaNlNfZv	3	1216	1216
------------------
	    4	_D3std6format5write__T14formattedWriteTSQBm5stdio4File17LockingTextWriterTaTAyaTmTmZQCkFNfKQCaMxAaQwmmZk
_D3std6format4spec__T10FormatSpecTaZQp__T17writeUpToNextSpecTSQCi5stdio4File17LockingTextWriterZQCdMFNlNfKQBtZb	4	109538	3786
	    3	_D3std5stdio4File17LockingTextWriter__T3putTAxaZQjMFNfMQlZv
	    3	_D3std9exception__T7enforceHTCQBc6format15FormatExceptionZ__TQBqTbZQBwFNaNfbLAxaAyamZb
	    3	_D3std6format4spec__T10FormatSpecTaZQp6fillUpMFNaNlNfZv
------------------
	    1	_D3std6format5write__T14formattedWriteTSQBm5stdio4File17LockingTextWriterTaTAyaTmTmZQCkFNfKQCaMxAaQwmmZk
_D3std6format5write__T11formatValueTSQBj5stdio4File17LockingTextWriterTAyaTaZQCdFNfKQBwKQrMKxSQDoQDn4spec__T10FormatSpecTaZQpZv	1	10930	258
	    1	_D3std9exception__T7enforceHTCQBc6format15FormatExceptionZ__TQBqTbZQBwFNaNfbLAxaAyamZb
	    1	_D3std6format8internal5write__T11formatRangeTSQBs5stdio4File17LockingTextWriterTAyaTaZQCdFNfKQBwKQrMKxSQDxQDw4spec__T10FormatSpecTaZQpZv
------------------
	    2	_D3std6format5write__T14formattedWriteTSQBm5stdio4File17LockingTextWriterTaTAyaTmTmZQCkFNfKQCaMxAaQwmmZk
_D3std6format5write__T11formatValueTSQBj5stdio4File17LockingTextWriterTmTaZQCbFNfKQBuKmMKxSQDlQDk4spec__T10FormatSpecTaZQpZv	2	8722	358
	    2	_D3std9exception__T7enforceHTCQBc6format15FormatExceptionZ__TQBqTbZQBwFNaNfbLAxaAyamZb
	    2	_D3std6format8internal5write__T15formatValueImplTSQBw5stdio4File17LockingTextWriterTmTaZQCfFNfKQBuxmMKxSQDyQDx4spec__T10FormatSpecTaZQpZv
------------------
	    1	_D3std5stdio4File__T8writeflnTaTAyaTmTmZQuMFNfIAaQrmmZv
_D3std6format5write__T14formattedWriteTSQBm5stdio4File17LockingTextWriterTaTAyaTmTmZQCkFNfKQCaMxAaQwmmZk	1	148090	18900
	    4	_D3std6format4spec__T10FormatSpecTaZQp__T17writeUpToNextSpecTSQCi5stdio4File17LockingTextWriterZQCdMFNlNfKQBtZb
	    1	_D3std6format5write__T11formatValueTSQBj5stdio4File17LockingTextWriterTAyaTaZQCdFNfKQBwKQrMKxSQDoQDn4spec__T10FormatSpecTaZQpZv
	    2	_D3std6format5write__T11formatValueTSQBj5stdio4File17LockingTextWriterTmTaZQCbFNfKQBuKmMKxSQDlQDk4spec__T10FormatSpecTaZQpZv
------------------
	    1	_D3std6format5write__T11formatValueTSQBj5stdio4File17LockingTextWriterTAyaTaZQCdFNfKQBwKQrMKxSQDoQDn4spec__T10FormatSpecTaZQpZv
_D3std6format8internal5write__T11formatRangeTSQBs5stdio4File17LockingTextWriterTAyaTaZQCdFNfKQBwKQrMKxSQDxQDw4spec__T10FormatSpecTaZQpZv	1	10648	1194
	    1	_D3std6format8internal5write__T12writeAlignedTSQBt5stdio4File17LockingTextWriterTAyaTQeTQhTQkTaZQCnFNfKQCfQzQBbQBeQBhMKxSQEpQEo4spec__T10FormatSpecTaZQpEQFvQFuQFqQFk13PrecisionTypeZv
------------------
	    2	_D3std6format8internal5write__T20formatValueImplUlongTSQCb5stdio4File17LockingTextWriterTaZQCiFNfKQBsmIbMKxSQEcQEb4spec__T10FormatSpecTaZQpZv
_D3std6format8internal5write__T12writeAlignedTSQBt5stdio4File17LockingTextWriterTAaTQdTAyaTQeTaZQCnFNfKQCfQzQBbQyQBaMKxSQEoQEn4spec__T10FormatSpecTaZQpEQFuQFtQFpQFj13PrecisionTypeZv	2	3776	3266
	    4	_D3std5stdio4File17LockingTextWriter__T3putTAaZQiMFNfMQkZv
	    4	_D3std5stdio4File17LockingTextWriter__T3putTAyaZQjMFNfMQlZv
------------------
	    1	_D3std6format8internal5write__T11formatRangeTSQBs5stdio4File17LockingTextWriterTAyaTaZQCdFNfKQBwKQrMKxSQDxQDw4spec__T10FormatSpecTaZQpZv
_D3std6format8internal5write__T12writeAlignedTSQBt5stdio4File17LockingTextWriterTAyaTQeTQhTQkTaZQCnFNfKQCfQzQBbQBeQBhMKxSQEpQEo4spec__T10FormatSpecTaZQpEQFvQFuQFqQFk13PrecisionTypeZv	1	9454	8212
	    4	_D3std5stdio4File17LockingTextWriter__T3putTAyaZQjMFNfMQlZv
------------------
	    2	_D3std6format5write__T11formatValueTSQBj5stdio4File17LockingTextWriterTmTaZQCbFNfKQBuKmMKxSQDlQDk4spec__T10FormatSpecTaZQpZv
_D3std6format8internal5write__T15formatValueImplTSQBw5stdio4File17LockingTextWriterTmTaZQCfFNfKQBuxmMKxSQDyQDx4spec__T10FormatSpecTaZQpZv	2	8340	1270
	    2	_D3std6format8internal5write__T20formatValueImplUlongTSQCb5stdio4File17LockingTextWriterTaZQCiFNfKQBsmIbMKxSQEcQEb4spec__T10FormatSpecTaZQpZv
------------------
	    2	_D3std6format8internal5write__T15formatValueImplTSQBw5stdio4File17LockingTextWriterTmTaZQCfFNfKQBuxmMKxSQDyQDx4spec__T10FormatSpecTaZQpZv
_D3std6format8internal5write__T20formatValueImplUlongTSQCb5stdio4File17LockingTextWriterTaZQCiFNfKQBsmIbMKxSQEcQEb4spec__T10FormatSpecTaZQpZv	2	7070	3270
	    2	_D3std9exception__T7enforceHTCQBc6format15FormatExceptionZ__TQBqTbZQBwFNaNfbLAxaAyamZb
	    2	_D3std6format8internal5write__T12writeAlignedTSQBt5stdio4File17LockingTextWriterTAaTQdTAyaTQeTaZQCnFNfKQCfQzQBbQyQBaMKxSQEoQEn4spec__T10FormatSpecTaZQpEQFuQFtQFpQFj13PrecisionTypeZv
------------------
	    3	_D3std6format4spec__T10FormatSpecTaZQp__T17writeUpToNextSpecTSQCi5stdio4File17LockingTextWriterZQCdMFNlNfKQBtZb
	    1	_D3std6format5write__T11formatValueTSQBj5stdio4File17LockingTextWriterTAyaTaZQCdFNfKQBwKQrMKxSQDoQDn4spec__T10FormatSpecTaZQpZv
	    2	_D3std6format5write__T11formatValueTSQBj5stdio4File17LockingTextWriterTmTaZQCbFNfKQBuKmMKxSQDlQDk4spec__T10FormatSpecTaZQpZv
	    2	_D3std6format8internal5write__T20formatValueImplUlongTSQCb5stdio4File17LockingTextWriterTaZQCiFNfKQBsmIbMKxSQEcQEb4spec__T10FormatSpecTaZQpZv
_D3std9exception__T7enforceHTCQBc6format15FormatExceptionZ__TQBqTbZQBwFNaNfbLAxaAyamZb	8	146	146
------------------
	    1	_Dmain
	   11	_D21segment_polygon_bench__T9preflightTdZQnFNfKSQBu__T4CaseTdZQiZv
	    1	_D3std5stdio4File__T8writeflnTaTAyaTmTmZQuMFNfIAaQrmmZv
_D3std9exception__T7enforceZ__TQmTbZQrFNaNfbLAxaAyamZb	13	1308	1308
------------------
	    1	_D21segment_polygon_bench__T6corpusTdZQkFZASQBq__T4CaseTdZQi
_D4core8internal5array11duplication__T4_dupTxS3geo5point__T6Point2TdZQkTSQBbQBa__TQxTdZQBcZQCbFNaNbNeMAxQChZAQBl	1	648	648
------------------
	    8	_D21segment_polygon_bench__T6corpusTdZQkFZASQBq__T4CaseTdZQi
_D4core8internal5array11duplication__T4_dupTxaTaZQlFNaNbNeMAxaZAa	8	4612	4612
------------------
	 1002	_D3geo8internal23segment_polygon_clip_p1__T31trySegmentPolygonClipP1InternalTdZQBkFNfSQDg7segment__T8Segment2TdZQmMSQEk12polygon_view__T12Polygon2ViewTdZQrJSQFzQFy27segment_polygon_clip_result37SegmentPolygonClipOwnedResultInternalZEQIxQIwQIq32SegmentPolygonClipInternalStatus
_D4core8internal5array12construction__T12_d_newarrayTTE3geoQCa23segment_polygon_clip_p116IntervalLocationZQCpFNaNbNembZAQCo	1002	413216	413216
------------------
	   23	_D21segment_polygon_bench__T8makeCaseTdZQmFNaNbNfAyaAAS3geo5point__T6Point2TdZQkSQBa7segment__T8Segment2TdZQmkAQBfEQCi20segment_polygon_clip24SegmentPolygonClipStatusZSQGk__T4CaseTdZQi
_D4core8internal5array12construction__T12_d_newarrayTTS3geo16linear_ring_view__T15LinearRing2ViewTdZQuZQCmFNaNbNembZAQCl	23	3022	3022
------------------
	 1002	_D3geo8internal23segment_polygon_clip_p1__T31trySegmentPolygonClipP1InternalTdZQBkFNfSQDg7segment__T8Segment2TdZQmMSQEk12polygon_view__T12Polygon2ViewTdZQrJSQFzQFy27segment_polygon_clip_result37SegmentPolygonClipOwnedResultInternalZEQIxQIwQIq32SegmentPolygonClipInternalStatus
_D4core8internal5array12construction__T12_d_newarrayTTS3geo7segment__T8Segment2TdZQmZQBuFNaNbNembZAQBt	1002	509078	509078
------------------
	 1002	_D3geo8internal23segment_polygon_clip_p1__T31trySegmentPolygonClipP1InternalTdZQBkFNfSQDg7segment__T8Segment2TdZQmMSQEk12polygon_view__T12Polygon2ViewTdZQrJSQFzQFy27segment_polygon_clip_result37SegmentPolygonClipOwnedResultInternalZEQIxQIwQIq32SegmentPolygonClipInternalStatus
_D4core8internal5array12construction__T12_d_newarrayTTS3geoQCa19polygon_union_exact17ExactOverlayPointZQCmFNaNbNembZAQCl	1002	28188652	28188652
------------------
	 1002	_D3geo8internal23segment_polygon_clip_p1__T31trySegmentPolygonClipP1InternalTdZQBkFNfSQDg7segment__T8Segment2TdZQmMSQEk12polygon_view__T12Polygon2ViewTdZQrJSQFzQFy27segment_polygon_clip_result37SegmentPolygonClipOwnedResultInternalZEQIxQIwQIq32SegmentPolygonClipInternalStatus
_D4core8internal5array12construction__T12_d_newarrayTTbZQrFNaNbNembZAb	1002	694328	694328
------------------
	 2004	_D3geo8internal23segment_polygon_clip_p1__T31trySegmentPolygonClipP1InternalTdZQBkFNfSQDg7segment__T8Segment2TdZQmMSQEk12polygon_view__T12Polygon2ViewTdZQrJSQFzQFy27segment_polygon_clip_result37SegmentPolygonClipOwnedResultInternalZEQIxQIwQIq32SegmentPolygonClipInternalStatus
_D4core8internal5array12construction__T12_d_newarrayTTmZQrFNaNbNembZAm	2004	1117216	1117216
------------------
	    8	_D21segment_polygon_bench__T6corpusTdZQkFZASQBq__T4CaseTdZQi
_D4core8internal5array13concatenation__T14_d_arraycatnTXTAyaTQeTQhZQBbFNaNbNeQuQwZQz	8	5532	2090
	    8	_D4core8internal5array8capacity__T22_d_arraysetlengthTImplHTAyaTyaZ18_d_arraysetlengthTFNaNbNeNkMKQBmmZm
------------------
	 1002	_D3geo8internal23segment_polygon_clip_p1__T31trySegmentPolygonClipP1InternalTdZQBkFNfSQDg7segment__T8Segment2TdZQmMSQEk12polygon_view__T12Polygon2ViewTdZQrJSQFzQFy27segment_polygon_clip_result37SegmentPolygonClipOwnedResultInternalZEQIxQIwQIq32SegmentPolygonClipInternalStatus
_D4core8internal5array8capacity__T22_d_arraysetlengthTImplHTAS3geoQCh19polygon_union_exact17ExactOverlayPointTQBxZ18_d_arraysetlengthTFNaNbNeNkMKQDhmZm	1002	60182	60182
------------------
	    8	_D4core8internal5array13concatenation__T14_d_arraycatnTXTAyaTQeTQhZQBbFNaNbNeQuQwZQz
_D4core8internal5array8capacity__T22_d_arraysetlengthTImplHTAyaTyaZ18_d_arraysetlengthTFNaNbNeNkMKQBmmZm	8	3442	3442
------------------
	   81	_D21segment_polygon_bench__T6corpusTdZQkFZASQBq__T4CaseTdZQi
_D4core8internal5array9appending__T15_d_arrayappendTHTAS3geo5point__T6Point2TdZQkTQBbZQBzFNaNbNcNeMNkKQBwMQCaZQCe	81	31786	8626
	   81	_D4core8internal5array9appending__T17_d_arrayappendcTXHTAS3geo5point__T6Point2TdZQkTQBbZQCbFNaNbNcNeMNkKQBwmZQCb
------------------
	   23	_D21segment_polygon_bench__T6corpusTdZQkFZASQBq__T4CaseTdZQi
_D4core8internal5array9appending__T17_d_arrayappendcTXHTAS21segment_polygon_bench__T4CaseTdZQiTQBmZQCmFNaNbNcNeMNkKQChmZQCm	23	37836	37836
------------------
	  344	_D21segment_polygon_bench__T6corpusTdZQkFZASQBq__T4CaseTdZQi
	   81	_D4core8internal5array9appending__T15_d_arrayappendTHTAS3geo5point__T6Point2TdZQkTQBbZQBzFNaNbNcNeMNkKQBwMQCaZQCe
_D4core8internal5array9appending__T17_d_arrayappendcTXHTAS3geo5point__T6Point2TdZQkTQBbZQCbFNaNbNcNeMNkKQBwmZQCb	425	75252	75252
------------------
	   85	_D21segment_polygon_bench__T6corpusTdZQkFZASQBq__T4CaseTdZQi
_D4core8internal5array9appending__T17_d_arrayappendcTXHTAS3geo7segment__T8Segment2TdZQmTQBfZQCfFNaNbNcNeMNkKQCamZQCf	85	20812	20812
------------------
	    8	_D21segment_polygon_bench__T6corpusTdZQkFZASQBq__T4CaseTdZQi
_D4core8internal6string__T18signedToTempStringVii10Vbi0TaZQBgFNaNbNiNflNkMAaZQd	8	1528	1100
	    8	_D4core8internal6string__T20unsignedToTempStringVki10Vbi0TaZQBiFNaNbNiNfmNkMAaZQd
------------------
	    8	_D4core8internal6string__T18signedToTempStringVii10Vbi0TaZQBgFNaNbNiNflNkMAaZQd
_D4core8internal6string__T20unsignedToTempStringVki10Vbi0TaZQBiFNaNbNiNfmNkMAaZQd	8	428	428
------------------
_Dmain	0	492732882	255344
	    1	_D3std9exception__T7enforceZ__TQmTbZQrFNaNfbLAxaAyamZb
	    1	_D3std4conv__T6toImplTmTAyaZQoFNaNfQlZm
	    1	_D21segment_polygon_bench__T6corpusTdZQkFZASQBq__T4CaseTdZQi
	    1	_D21segment_polygon_bench__T9preflightTdZQnFNfKSQBu__T4CaseTdZQiZv
	 1000	_D21segment_polygon_bench__T8clippingTdZQmFKSQBr__T4CaseTdZQimZm
	    1	_D3std5stdio__T8writeflnTaTAyaTmTmZQuFNfIAaQqmmZv

======== Timer frequency unknown, Times are in Megaticks ========

  Num          Tree        Func        Per
  Calls        Time        Time        Call

  40144         115          86           0     pure nothrow @nogc @safe geo.internal.orientation_filter.OrientationFilterResult geo.internal.orientation_filter.orientationFilter(double, double, double, double, double, double)
 159318          50          39           0     pure nothrow @nogc @safe int geo.internal.exact_coordinate_round.compareShiftedDenominator(ref const(geo.internal.fixed_uint.UIntFixed!(198uL).UIntFixed), ulong, ref const(geo.internal.fixed_uint.UIntFixed!(132uL).UIntFixed), ulong, ulong)
   4008         133          39           0     pure nothrow @nogc @safe bool geo.internal.intersection_exact.tryProperIntersectionExact!(double).tryProperIntersectionExact(geo.segment.Segment2!(double).Segment2, geo.segment.Segment2!(double).Segment2, out geo.internal.intersection_exact.ExactProperIntersection)
   1002          28          28           0     pure nothrow @trusted geo.internal.polygon_union_exact.ExactOverlayPoint[] core.internal.array.construction._d_newarrayT!(geo.internal.polygon_union_exact.ExactOverlayPoint)._d_newarrayT(ulong, bool)
   3006          80          21           0     pure nothrow @nogc @safe ulong geo.internal.exact_coordinate_round.roundedQuotient(ref const(geo.internal.fixed_uint.UIntFixed!(198uL).UIntFixed), ref const(geo.internal.fixed_uint.UIntFixed!(132uL).UIntFixed), ulong)
  60120          17          17           0     const pure nothrow @property @nogc @safe bool geo.internal.fixed_uint.UIntFixed!(198uL).UIntFixed.isZero()
 489696          16          16           0     pure nothrow @nogc @trusted bool std.math.traits.isFinite!(double).isFinite(double)
   6513          14          14           0     pure nothrow @nogc @safe int geo.internal.fixed_uint.compareUnsigned!(330uL).compareUnsigned(ref const(geo.internal.fixed_uint.UIntFixed!(330uL).UIntFixed), ref const(geo.internal.fixed_uint.UIntFixed!(330uL).UIntFixed))
  80192          29          13           0     pure nothrow @nogc @safe geo.internal.dyadic.SignedDyadicDifference geo.internal.dyadic.subtractDyadicCoordinates(ref const(geo.internal.dyadic.SignedDyadicCoordinate), ref const(geo.internal.dyadic.SignedDyadicCoordinate))
 248832          11          11           0     pure nothrow @nogc @trusted bool std.math.traits.isSubnormal!(double).isSubnormal(double)
 314628          10          10           0     pure nothrow @nogc @safe uint geo.internal.exact_coordinate_round.shiftedDenominatorWord(ref const(geo.internal.fixed_uint.UIntFixed!(132uL).UIntFixed), ulong, uint, ulong)
  18040          14           9           0     pure nothrow @nogc @safe geo.internal.fixed_uint.UIntFixed!(132uL).UIntFixed geo.internal.fixed_uint.multiplyUnsigned!(66uL, 66uL).multiplyUnsigned(ref const(geo.internal.fixed_uint.UIntFixed!(66uL).UIntFixed), ref const(geo.internal.fixed_uint.UIntFixed!(66uL).UIntFixed))
  19038          18           9           0     pure nothrow @nogc @safe geo.internal.fixed_uint.UIntFixed!(198uL).UIntFixed geo.internal.fixed_uint.multiplyUnsigned!(132uL, 66uL).multiplyUnsigned(ref const(geo.internal.fixed_uint.UIntFixed!(132uL).UIntFixed), ref const(geo.internal.fixed_uint.UIntFixed!(66uL).UIntFixed))
   8016          32           8           0     pure nothrow @nogc @safe geo.internal.exact_coordinate.SignedExactCoordinateNumerator geo.internal.intersection_exact.weightedCoordinate(ref const(geo.internal.fixed_uint.UIntFixed!(132uL).UIntFixed), ref const(geo.internal.dyadic.SignedDyadicCoordinate), ref const(geo.internal.fixed_uint.UIntFixed!(132uL).UIntFixed), ref const(geo.internal.dyadic.SignedDyadicCoordinate))
 140328           8           8           0     pure nothrow @nogc @safe geo.internal.dyadic.SignedDyadicCoordinate geo.internal.dyadic.decodeBinary64Coordinate(double)
   1002         491           8           0     @safe geo.internal.segment_polygon_clip_p1.SegmentPolygonClipInternalStatus geo.internal.segment_polygon_clip_p1.trySegmentPolygonClipP1Internal!(double).trySegmentPolygonClipP1Internal(geo.segment.Segment2!(double).Segment2, geo.polygon_view.Polygon2View!(double).Polygon2View, out geo.internal.segment_polygon_clip_result.SegmentPolygonClipOwnedResultInternal)
  40144         124           8           0     pure nothrow @nogc @safe geo.orientation.Orientation2 geo.orientation.orientation(geo.point.Point2!(double).Point2, geo.point.Point2!(double).Point2, geo.point.Point2!(double).Point2)
  20048           7           7           0     pure nothrow @nogc @safe geo.internal.dyadic.SignedDyadicProduct geo.internal.dyadic.subtractDyadicProducts(ref const(geo.internal.dyadic.SignedDyadicProduct), ref const(geo.internal.dyadic.SignedDyadicProduct))
   1004          16           7           0     pure nothrow @nogc @safe int geo.internal.polygon_union_input.exactRingOrientationSign!(double).exactRingOrientationSign(scope const(geo.linear_ring_view.LinearRing2View!(double).LinearRing2View))
  36072           7           7           0     pure nothrow @nogc @safe ulong geo.internal.fixed_uint.pastLastNonZeroLimb!(132uL).pastLastNonZeroLimb(ref const(geo.internal.fixed_uint.UIntFixed!(132uL).UIntFixed))
  19038          49           6           0     pure nothrow @nogc @safe int geo.internal.exact_coordinate.compareExactCoordinates(ref const(geo.internal.exact_coordinate.SignedExactCoordinateNumerator), ref const(geo.internal.fixed_uint.UIntFixed!(132uL).UIntFixed), ref const(geo.internal.exact_coordinate.SignedExactCoordinateNumerator), ref const(geo.internal.fixed_uint.UIntFixed!(132uL).UIntFixed))
  12024           7           6           0     pure nothrow @nogc @safe geo.internal.fixed_uint.UIntFixed!(66uL).UIntFixed geo.internal.fixed_uint.addUnsigned!(66uL).addUnsigned(ref const(geo.internal.fixed_uint.UIntFixed!(66uL).UIntFixed), ref const(geo.internal.fixed_uint.UIntFixed!(66uL).UIntFixed))
  16032           6           6           0     pure nothrow @nogc @safe int geo.internal.fixed_uint.compareUnsigned!(198uL).compareUnsigned(ref const(geo.internal.fixed_uint.UIntFixed!(198uL).UIntFixed), ref const(geo.internal.fixed_uint.UIntFixed!(198uL).UIntFixed))
  40096          20           5           0     pure nothrow @nogc @safe geo.internal.dyadic.SignedDyadicProduct geo.internal.dyadic.multiplyDyadicDifferences(ref const(geo.internal.dyadic.SignedDyadicDifference), ref const(geo.internal.dyadic.SignedDyadicDifference))
  13026          15           5           0     pure nothrow @nogc @safe geo.internal.fixed_uint.UIntFixed!(330uL).UIntFixed geo.internal.fixed_uint.multiplyUnsigned!(198uL, 132uL).multiplyUnsigned(ref const(geo.internal.fixed_uint.UIntFixed!(198uL).UIntFixed), ref const(geo.internal.fixed_uint.UIntFixed!(132uL).UIntFixed))
  12044         119           5           0     pure nothrow @nogc @safe geo.intersection.SegmentContactKind geo.intersection.segmentContactKind!(double).segmentContactKind(geo.segment.Segment2!(double).Segment2, geo.segment.Segment2!(double).Segment2)
  19038           5           5           0     pure nothrow @nogc @safe ulong geo.internal.fixed_uint.pastLastNonZeroLimb!(198uL).pastLastNonZeroLimb(ref const(geo.internal.fixed_uint.UIntFixed!(198uL).UIntFixed))
  36072           5           5           0     pure nothrow @nogc @safe ulong geo.internal.fixed_uint.firstNonZeroLimb!(132uL).firstNonZeroLimb(ref const(geo.internal.fixed_uint.UIntFixed!(132uL).UIntFixed))
  79166           5           5           0     pure nothrow @nogc @safe ulong geo.internal.fixed_uint.pastLastNonZeroLimb!(66uL).pastLastNonZeroLimb(ref const(geo.internal.fixed_uint.UIntFixed!(66uL).UIntFixed))
  79166           4           4           0     pure nothrow @nogc @safe ulong geo.internal.fixed_uint.firstNonZeroLimb!(66uL).firstNonZeroLimb(ref const(geo.internal.fixed_uint.UIntFixed!(66uL).UIntFixed))
  24048           4           4           0     pure nothrow @nogc @safe int geo.internal.fixed_uint.compareUnsigned!(66uL).compareUnsigned(ref const(geo.internal.fixed_uint.UIntFixed!(66uL).UIntFixed), ref const(geo.internal.fixed_uint.UIntFixed!(66uL).UIntFixed))
  12024          31           4           0     pure nothrow @nogc @safe int geo.internal.polygon_union_exact.compareExactOverlayPointsAlongSegment!(double).compareExactOverlayPointsAlongSegment(geo.segment.Segment2!(double).Segment2, ref const(geo.internal.polygon_union_exact.ExactOverlayPoint), ref const(geo.internal.polygon_union_exact.ExactOverlayPoint))
  12024           5           3           0     pure nothrow @nogc @safe geo.internal.fixed_uint.UIntFixed!(66uL).UIntFixed geo.internal.fixed_uint.subtractUnsigned!(66uL).subtractUnsigned(ref const(geo.internal.fixed_uint.UIntFixed!(66uL).UIntFixed), ref const(geo.internal.fixed_uint.UIntFixed!(66uL).UIntFixed))
   4008          90           3           0     pure nothrow @nogc @safe double geo.internal.exact_coordinate_round.roundExactCoordinateBinary64(ref const(geo.internal.exact_coordinate.SignedExactCoordinateNumerator), ref const(geo.internal.fixed_uint.UIntFixed!(132uL).UIntFixed))
   4008         119           2           0     pure nothrow @nogc @safe bool geo.internal.polygon_union_exact.appendSegmentPairNodingEvents!(double).appendSegmentPairNodingEvents(geo.segment.Segment2!(double).Segment2, geo.segment.Segment2!(double).Segment2, scope geo.internal.polygon_union_exact.ExactOverlayPoint[], ref ulong, scope geo.internal.polygon_union_exact.ExactOverlayPoint[], ref ulong)
  19038           2           2           0     pure nothrow @nogc @safe ulong geo.internal.fixed_uint.firstNonZeroLimb!(198uL).firstNonZeroLimb(ref const(geo.internal.fixed_uint.UIntFixed!(198uL).UIntFixed))
   9018           2           2           0     pure nothrow @nogc @safe geo.internal.fixed_uint.UIntFixed!(198uL).UIntFixed geo.internal.exact_coordinate_round.shiftedDenominator(ref const(geo.internal.fixed_uint.UIntFixed!(132uL).UIntFixed), ulong)
   6012           2           2           0     pure nothrow @nogc @safe ulong geo.internal.exact_coordinate_round.subtractShiftedDenominator(ref geo.internal.fixed_uint.UIntFixed!(198uL).UIntFixed, ulong, ref const(geo.internal.fixed_uint.UIntFixed!(132uL).UIntFixed), ulong, ulong, ulong)
   1006           7           2           0     pure nothrow @nogc @safe bool geo.internal.ring_point_classification.tryClassifyPointInRing!(double).tryClassifyPointInRing(scope const(geo.linear_ring_view.LinearRing2View!(double).LinearRing2View), geo.point.Point2!(double).Point2, out geo.internal.ring_point_classification.RingPointLocation)
   5010          17           2           0     pure nothrow @nogc @safe void geo.internal.polygon_union_exact.siftDownExactEdgeEvents!(double).siftDownExactEdgeEvents(geo.segment.Segment2!(double).Segment2, geo.internal.polygon_union_exact.ExactOverlayPoint[], ulong, ulong)
   1002          25           1           0     pure nothrow @nogc @safe ulong geo.internal.polygon_union_exact.sortUniqueExactEdgeEvents!(double).sortUniqueExactEdgeEvents(geo.segment.Segment2!(double).Segment2, geo.internal.polygon_union_exact.ExactOverlayPoint[])
   6012           1           1           0     pure nothrow @nogc @safe ulong geo.internal.exact_coordinate_round.bitLength!(132uL).bitLength(ref const(geo.internal.fixed_uint.UIntFixed!(132uL).UIntFixed))
   2004         100           1           0     pure nothrow @nogc @safe bool geo.internal.segment_polygon_clip_p1.tryMaterializeExactPoint(ref const(geo.internal.polygon_union_exact.ExactOverlayPoint), out geo.point.Point2!(double).Point2)
   3006           1           1           0     pure nothrow @nogc @safe ulong geo.internal.exact_coordinate_round.pastLastNonZeroNumeratorLimb(ref const(geo.internal.fixed_uint.UIntFixed!(198uL).UIntFixed))
   3006           1           1           0     pure nothrow @nogc @safe geo.internal.fixed_uint.UIntFixed!(198uL).UIntFixed geo.internal.exact_coordinate_round.doubled(ref const(geo.internal.fixed_uint.UIntFixed!(198uL).UIntFixed))
   2008           1           1           0     pure nothrow @nogc @safe geo.internal.fixed_uint.UIntFixed!(134uL).UIntFixed geo.internal.area_exact.widenProductMagnitude(ref const(geo.internal.fixed_uint.UIntFixed!(132uL).UIntFixed))
   4008           2           1           0     pure nothrow @nogc @safe geo.internal.fixed_uint.UIntFixed!(198uL).UIntFixed geo.internal.fixed_uint.addUnsigned!(198uL).addUnsigned(ref const(geo.internal.fixed_uint.UIntFixed!(198uL).UIntFixed), ref const(geo.internal.fixed_uint.UIntFixed!(198uL).UIntFixed))
   2004          33           1           0     pure nothrow @nogc @safe ulong geo.internal.segment_polygon_clip_p1.findExactEventIndex!(double).findExactEventIndex(geo.segment.Segment2!(double).Segment2, const(geo.internal.polygon_union_exact.ExactOverlayPoint)[], ref const(geo.internal.polygon_union_exact.ExactOverlayPoint))
   4008           8           1           0     pure nothrow @nogc @safe bool geo.internal.exact_coordinate.roundsToFiniteBinary64(ref const(geo.internal.exact_coordinate.SignedExactCoordinateNumerator), ref const(geo.internal.fixed_uint.UIntFixed!(132uL).UIntFixed))
   3006           1           1           0     pure nothrow @nogc @safe geo.internal.fixed_uint.UIntFixed!(66uL).UIntFixed geo.internal.exact_coordinate.binary64OverflowMidpoint()
   2004           1           1           0     pure nothrow @trusted ulong[] core.internal.array.construction._d_newarrayT!(ulong)._d_newarrayT(ulong, bool)
   4008           1           1           0     pure nothrow @nogc @safe geo.internal.exact_coordinate.SignedExactCoordinateNumerator geo.internal.polygon_union_exact.liftRepresentedCoordinate!(double).liftRepresentedCoordinate(double)
   3006           1           1           0     pure nothrow @nogc @safe ulong geo.internal.exact_coordinate_round.bitLength!(198uL).bitLength(ref const(geo.internal.fixed_uint.UIntFixed!(198uL).UIntFixed))
   1002           2           1           0     pure nothrow @nogc @safe bool geo.internal.polygon_union_exact.seedExactEdgeEvents!(double).seedExactEdgeEvents(geo.segment.Segment2!(double).Segment2, geo.internal.polygon_union_exact.ExactOverlayPoint[], out ulong)
   4008           2           1           0     pure nothrow @nogc @safe geo.internal.fixed_uint.UIntFixed!(132uL).UIntFixed geo.internal.fixed_uint.addUnsigned!(132uL).addUnsigned(ref const(geo.internal.fixed_uint.UIntFixed!(132uL).UIntFixed), ref const(geo.internal.fixed_uint.UIntFixed!(132uL).UIntFixed))
   1004           1           0           0     pure nothrow @nogc @safe geo.internal.fixed_uint.UIntFixed!(134uL).UIntFixed geo.internal.fixed_uint.addUnsigned!(134uL).addUnsigned(ref const(geo.internal.fixed_uint.UIntFixed!(134uL).UIntFixed), ref const(geo.internal.fixed_uint.UIntFixed!(134uL).UIntFixed))
   2004           0           0           0     pure nothrow @nogc @safe bool geo.bounding_box.tryBounds!(double).tryBounds(geo.segment.Segment2!(double).Segment2, out geo.bounds.Bounds2!(double).Bounds2)
   1002           0           0           0     pure nothrow @trusted bool[] core.internal.array.construction._d_newarrayT!(bool)._d_newarrayT(ulong, bool)
   3006           0           0           0     pure nothrow @nogc @safe ulong geo.internal.exact_coordinate_round.firstNonZeroDenominatorLimb(ref const(geo.internal.fixed_uint.UIntFixed!(132uL).UIntFixed))
   1006           7           0           0     pure nothrow @nogc @safe bool geo.point_in_polygon.tryClassifyPointInPolygon!(double).tryClassifyPointInPolygon(scope geo.polygon_view.Polygon2View!(double).Polygon2View, geo.point.Point2!(double).Point2, out geo.point_in_polygon.PointPolygonLocation)
   4016          13           0           0     pure nothrow @nogc @safe bool geo.intersection.pointOnSegment!(double).pointOnSegment(geo.point.Point2!(double).Point2, geo.segment.Segment2!(double).Segment2)
   1002           0           0           0     pure nothrow @nogc @safe ulong geo.internal.segment_polygon_clip_p1.queryBoundaryEventCapacity!(double).queryBoundaryEventCapacity(geo.segment.Segment2!(double).Segment2, geo.polygon_view.Polygon2View!(double).Polygon2View)
  16048           0           0           0     pure nothrow @nogc @trusted bool std.math.traits.isSubnormal!(const(double)).isSubnormal(const(double))
   4008           0           0           0     pure nothrow @nogc @safe bool geo.internal.polygon_union_exact.appendExactEdgeEvent(scope geo.internal.polygon_union_exact.ExactOverlayPoint[], ref ulong, ref const(geo.internal.polygon_union_exact.ExactOverlayPoint))
   1000         491           0           0     ulong segment_polygon_bench.clipping!(double).clipping(ref segment_polygon_bench.Case!(double).Case, ulong)
   1002           0           0           0     pure nothrow @trusted geo.segment.Segment2!(double).Segment2[] core.internal.array.construction._d_newarrayT!(geo.segment.Segment2!(double).Segment2)._d_newarrayT(ulong, bool)
   2004           1           0           0     pure nothrow @nogc @safe geo.internal.fixed_uint.UIntFixed!(198uL).UIntFixed geo.internal.fixed_uint.subtractUnsigned!(198uL).subtractUnsigned(ref const(geo.internal.fixed_uint.UIntFixed!(198uL).UIntFixed), ref const(geo.internal.fixed_uint.UIntFixed!(198uL).UIntFixed))
  32144           0           0           0     pure nothrow @nogc @trusted bool std.math.traits.isFinite!(const(double)).isFinite(const(double))
   1002           0           0           0     pure nothrow @trusted geo.internal.segment_polygon_clip_p1.IntervalLocation[] core.internal.array.construction._d_newarrayT!(geo.internal.segment_polygon_clip_p1.IntervalLocation)._d_newarrayT(ulong, bool)
   4016           2           0           0     pure nothrow @nogc @safe void geo.internal.area_exact.addAreaDeterminant(ref geo.internal.area_exact.SignedAreaAccumulator, ref const(geo.internal.dyadic.SignedDyadicProduct))
   1002           0           0           0     pure nothrow @nogc @safe bool geo.internal.segment_polygon_clip_p1.polygonBoundsSeparated!(double).polygonBoundsSeparated(geo.segment.Segment2!(double).Segment2, geo.polygon_view.Polygon2View!(double).Polygon2View)
      1         492           0           0     _Dmain
   1002         491           0           0     @safe geo.segment_polygon_clip.SegmentPolygonClipResult geo.segment_polygon_clip.clipSegmentToPolygon!(double).clipSegmentToPolygon(geo.segment.Segment2!(double).Segment2, geo.polygon_view.Polygon2View!(double).Polygon2View)
   1004           0           0           0     pure nothrow @nogc @safe ulong geo.internal.fixed_uint.pastLastNonZeroLimb!(134uL).pastLastNonZeroLimb(ref const(geo.internal.fixed_uint.UIntFixed!(134uL).UIntFixed))
   2004           0           0           0     pure nothrow @nogc @safe void geo.internal.segment_polygon_clip_p1.setAfterLocation(ref geo.internal.segment_polygon_clip_p1.IntervalLocation, geo.internal.segment_polygon_clip_p1.IntervalLocation)
   1004           0           0           0     pure nothrow @nogc @safe ulong geo.internal.fixed_uint.firstNonZeroLimb!(134uL).firstNonZeroLimb(ref const(geo.internal.fixed_uint.UIntFixed!(134uL).UIntFixed))
   4008           0           0           0     pure nothrow @nogc @safe bool geo.bounding_box.BoundsAccumulator!(double).BoundsAccumulator.tryAdd(geo.point.Point2!(double).Point2)
      3           0           0           0     @safe void std.stdio.File.LockingTextWriter.put!(const(char)[]).put(scope const(char)[])
   1002           0           0           0     pure nothrow @nogc @safe ulong geo.internal.segment_polygon_clip_p1.polygonBoundaryEdgeCount!(double).polygonBoundaryEdgeCount(scope geo.polygon_view.Polygon2View!(double).Polygon2View)
      1           0           0           0     segment_polygon_bench.Case!(double).Case[] segment_polygon_bench.corpus!(double).corpus()
   2004           0           0           0     pure nothrow @nogc @safe bool geo.bounds.Bounds2!(double).Bounds2.tryFromMinMax(geo.point.Point2!(double).Point2, geo.point.Point2!(double).Point2, out geo.bounds.Bounds2!(double).Bounds2)
    425           0           0           0     pure nothrow ref @trusted geo.point.Point2!(double).Point2[] core.internal.array.appending._d_arrayappendcTX!(geo.point.Point2!(double).Point2[], geo.point.Point2!(double).Point2)._d_arrayappendcTX(scope return ref geo.point.Point2!(double).Point2[], ulong)
   1002           0           0           0     pure nothrow @trusted ulong core.internal.array.capacity._d_arraysetlengthTImpl!(geo.internal.polygon_union_exact.ExactOverlayPoint[], geo.internal.polygon_union_exact.ExactOverlayPoint)._d_arraysetlengthT(return scope ref geo.internal.polygon_union_exact.ExactOverlayPoint[], ulong)
      2           0           0           0     pure nothrow @nogc @safe geo.segment_polygon_relationship.SegmentPolygonRelationship geo.segment_polygon_relationship.classifySegmentPolygonRelationship!(double).classifySegmentPolygonRelationship(geo.segment.Segment2!(double).Segment2, geo.polygon_view.Polygon2View!(double).Polygon2View)
      1           0           0           0     @safe void std.stdio.File.writefln!(char, immutable(char)[], ulong, ulong).writefln(in char[], immutable(char)[], ulong, ulong)
     23           0           0           0     pure nothrow ref @trusted segment_polygon_bench.Case!(double).Case[] core.internal.array.appending._d_arrayappendcTX!(segment_polygon_bench.Case!(double).Case[], segment_polygon_bench.Case!(double).Case)._d_arrayappendcTX(scope return ref segment_polygon_bench.Case!(double).Case[], ulong)
     85           0           0           0     pure nothrow ref @trusted geo.segment.Segment2!(double).Segment2[] core.internal.array.appending._d_arrayappendcTX!(geo.segment.Segment2!(double).Segment2[], geo.segment.Segment2!(double).Segment2)._d_arrayappendcTX(scope return ref geo.segment.Segment2!(double).Segment2[], ulong)
      1           0           0           0     @safe uint std.format.write.formattedWrite!(std.stdio.File.LockingTextWriter, char, immutable(char)[], ulong, ulong).formattedWrite(ref std.stdio.File.LockingTextWriter, scope const(char[]), immutable(char)[], ulong, ulong)
      1           0           0           0     @safe void segment_polygon_bench.preflight!(double).preflight(ref segment_polygon_bench.Case!(double).Case)
      1           0           0           0     pure nothrow @nogc @safe euclid_core.ring_validation.RingValidationResult geo.topology_validation.validateRing!(double).validateRing(scope geo.linear_ring_view.LinearRing2View!(double).LinearRing2View)
     81           0           0           0     pure nothrow ref @trusted geo.point.Point2!(double).Point2[] core.internal.array.appending._d_arrayappendT!(geo.point.Point2!(double).Point2[], geo.point.Point2!(double).Point2)._d_arrayappendT(scope return ref geo.point.Point2!(double).Point2[], scope geo.point.Point2!(double).Point2[])
      1           0           0           0     @safe void std.format.internal.write.writeAligned!(std.stdio.File.LockingTextWriter, immutable(char)[], immutable(char)[], immutable(char)[], immutable(char)[], char).writeAligned(ref std.stdio.File.LockingTextWriter, immutable(char)[], immutable(char)[], immutable(char)[], immutable(char)[], scope ref const(std.format.spec.FormatSpec!(char).FormatSpec), std.format.internal.write.PrecisionType)
     23           0           0           0     pure nothrow @safe segment_polygon_bench.Case!(double).Case segment_polygon_bench.makeCase!(double).makeCase(immutable(char)[], geo.point.Point2!(double).Point2[][], geo.segment.Segment2!(double).Segment2, uint, geo.segment.Segment2!(double).Segment2[], geo.segment_polygon_clip.SegmentPolygonClipStatus)
      8           0           0           0     pure nothrow @trusted char[] core.internal.array.duplication._dup!(const(char), char)._dup(scope const(char)[])
      1           0           0           0     @safe void std.stdio.writefln!(char, immutable(char)[], ulong, ulong).writefln(in char[], immutable(char)[], ulong, ulong)
      4           0           0           0     scope @safe bool std.format.spec.FormatSpec!(char).FormatSpec.writeUpToNextSpec!(std.stdio.File.LockingTextWriter).writeUpToNextSpec(ref std.stdio.File.LockingTextWriter)
      8           0           0           0     pure nothrow @trusted ulong core.internal.array.capacity._d_arraysetlengthTImpl!(immutable(char)[], immutable(char))._d_arraysetlengthT(return scope ref immutable(char)[], ulong)
      2           0           0           0     @safe void std.format.internal.write.formatValueImplUlong!(std.stdio.File.LockingTextWriter, char).formatValueImplUlong(ref std.stdio.File.LockingTextWriter, ulong, in bool, scope ref const(std.format.spec.FormatSpec!(char).FormatSpec))
      2           0           0           0     @safe void std.format.internal.write.writeAligned!(std.stdio.File.LockingTextWriter, char[], char[], immutable(char)[], immutable(char)[], char).writeAligned(ref std.stdio.File.LockingTextWriter, char[], char[], immutable(char)[], immutable(char)[], scope ref const(std.format.spec.FormatSpec!(char).FormatSpec), std.format.internal.write.PrecisionType)
     23           0           0           0     pure nothrow @trusted geo.linear_ring_view.LinearRing2View!(double).LinearRing2View[] core.internal.array.construction._d_newarrayT!(geo.linear_ring_view.LinearRing2View!(double).LinearRing2View)._d_newarrayT(ulong, bool)
      8           0           0           0     pure nothrow @trusted immutable(char)[] core.internal.array.concatenation._d_arraycatnTX!(immutable(char)[], immutable(char)[], immutable(char)[])._d_arraycatnTX(immutable(char)[], immutable(char)[])
     13           0           0           0     pure @safe bool std.exception.enforce!().enforce!(bool).enforce(bool, lazy const(char)[], immutable(char)[], ulong)
      2           0           0           0     @safe void std.format.internal.write.formatValueImpl!(std.stdio.File.LockingTextWriter, ulong, char).formatValueImpl(ref std.stdio.File.LockingTextWriter, const(ulong), scope ref const(std.format.spec.FormatSpec!(char).FormatSpec))
      8           0           0           0     @safe void std.stdio.File.LockingTextWriter.put!(immutable(char)[]).put(scope immutable(char)[])
      1           0           0           0     pure nothrow @nogc @safe geo.topology_validation.PolygonValidationResult geo.topology_validation.validatePolygonContainment!(double).validatePolygonContainment(scope geo.polygon_view.Polygon2View!(double).Polygon2View)
      3           0           0           0     pure scope @safe void std.format.spec.FormatSpec!(char).FormatSpec.fillUp()
      1           0           0           0     pure nothrow @safe geo.topology_validation.PolygonValidationResult geo.topology_validation.validatePolygonConnectedInterior!(double).validatePolygonConnectedInterior(scope geo.polygon_view.Polygon2View!(double).Polygon2View)
      1           0           0           0     @safe void std.format.internal.write.formatRange!(std.stdio.File.LockingTextWriter, immutable(char)[], char).formatRange(ref std.stdio.File.LockingTextWriter, ref immutable(char)[], scope ref const(std.format.spec.FormatSpec!(char).FormatSpec))
      8           0           0           0     pure nothrow @nogc @safe char[] core.internal.string.signedToTempString!(10, false, char).signedToTempString(long, return scope char[])
      1           0           0           0     pure @safe ulong std.conv.toImpl!(ulong, immutable(char)[]).toImpl(immutable(char)[])
      1           0           0           0     pure nothrow @nogc @safe geo.topology_validation.PolygonValidationResult geo.topology_validation.validatePolygonRings!(double).validatePolygonRings(scope geo.polygon_view.Polygon2View!(double).Polygon2View)
      1           0           0           0     @safe void std.stdio.File.LockingTextWriter.put!(char).put(scope char)
      1           0           0           0     pure nothrow @nogc @safe geo.topology_validation.PolygonValidationResult geo.topology_validation.validatePolygonPairContacts!(double).validatePolygonPairContacts(scope geo.polygon_view.Polygon2View!(double).Polygon2View)
      4           0           0           0     pure nothrow @nogc @safe euclid_core.intersection.SegmentIntersectionKind geo.intersection.segmentIntersectionKind!(double).segmentIntersectionKind(geo.segment.Segment2!(double).Segment2, geo.segment.Segment2!(double).Segment2)
      1           0           0           0     pure nothrow @trusted geo.point.Point2!(double).Point2[] core.internal.array.duplication._dup!(const(geo.point.Point2!(double).Point2), geo.point.Point2!(double).Point2)._dup(scope const(geo.point.Point2!(double).Point2)[])
      4           0           0           0     @safe void std.stdio.File.LockingTextWriter.put!(char[]).put(scope char[])
      8           0           0           0     pure nothrow @nogc @safe char[] core.internal.string.unsignedToTempString!(10u, false, char).unsignedToTempString(ulong, return scope char[])
      1           0           0           0     pure @safe ulong std.conv.parse!(ulong, immutable(char)[], 0).parse(scope ref immutable(char)[])
      2           0           0           0     @safe void std.format.write.formatValue!(std.stdio.File.LockingTextWriter, ulong, char).formatValue(ref std.stdio.File.LockingTextWriter, ref ulong, scope ref const(std.format.spec.FormatSpec!(char).FormatSpec))
     12           0           0           0     pure nothrow @nogc @safe int geo.intersection.comparePoints!(double).comparePoints(geo.point.Point2!(double).Point2, geo.point.Point2!(double).Point2)
      1           0           0           0     @safe void std.format.write.formatValue!(std.stdio.File.LockingTextWriter, immutable(char)[], char).formatValue(ref std.stdio.File.LockingTextWriter, ref immutable(char)[], scope ref const(std.format.spec.FormatSpec!(char).FormatSpec))
      8           0           0           0     pure @safe bool std.exception.enforce!(std.format.FormatException).enforce!(bool).enforce(bool, lazy const(char)[], immutable(char)[], ulong)
      4           0           0           0     pure nothrow @nogc @safe void geo.segment_polygon_relationship.markPointLocation(ref geo.segment_polygon_relationship.SegmentPolygonRelationship, geo.point_in_polygon.PointPolygonLocation)
