------------------
	    1	_Dmain
_D21segment_polygon_bench__T6corpusTdZQkFZASQBq__T4CaseTdZQi	1	839618	123624
	   23	_D21segment_polygon_bench__T8makeCaseTdZQmFNaNbNfAyaAAS3geo5point__T6Point2TdZQkSQBa7segment__T8Segment2TdZQmkAQBfEQCi20segment_polygon_clip24SegmentPolygonClipStatusZSQGk__T4CaseTdZQi
	   23	_D4core8internal5array9appending__T17_d_arrayappendcTXHTAS21segment_polygon_bench__T4CaseTdZQiTQBmZQCmFNaNbNcNeMNkKQChmZQCm
	    1	_D4core8internal5array11duplication__T4_dupTxS3geo5point__T6Point2TdZQkTSQBbQBa__TQxTdZQBcZQCbFNaNbNeMAxQChZAQBl
	  344	_D4core8internal5array9appending__T17_d_arrayappendcTXHTAS3geo5point__T6Point2TdZQkTQBbZQCbFNaNbNcNeMNkKQBwmZQCb
	    8	_D4core8internal6string__T18signedToTempStringVii10Vbi0TaZQBgFNaNbNiNflNkMAaZQd
	    8	_D4core8internal5array11duplication__T4_dupTxaTaZQlFNaNbNeMAxaZAa
	    8	_D4core8internal5array13concatenation__T14_d_arraycatnTXTAyaTQeTQhZQBbFNaNbNeQuQwZQz
	   85	_D4core8internal5array9appending__T17_d_arrayappendcTXHTAS3geo7segment__T8Segment2TdZQmTQBfZQCfFNaNbNcNeMNkKQCamZQCf
	   81	_D4core8internal5array9appending__T15_d_arrayappendTHTAS3geo5point__T6Point2TdZQkTQBbZQBzFNaNbNcNeMNkKQBwMQCaZQCe
------------------
	 1000	_Dmain
_D21segment_polygon_bench__T8clippingTdZQmFKSQBr__T4CaseTdZQimZm	1000	455322906	487350
	 1000	_D3geo20segment_polygon_clip__T20clipSegmentToPolygonTdZQzFNfSQCi7segment__T8Segment2TdZQmMSQDm12polygon_view__T12Polygon2ViewTdZQrZSQFbQFa24SegmentPolygonClipResult
------------------
	   23	_D21segment_polygon_bench__T6corpusTdZQkFZASQBq__T4CaseTdZQi
_D21segment_polygon_bench__T8makeCaseTdZQmFNaNbNfAyaAAS3geo5point__T6Point2TdZQkSQBa7segment__T8Segment2TdZQmkAQBfEQCi20segment_polygon_clip24SegmentPolygonClipStatusZSQGk__T4CaseTdZQi	23	7004	4152
	   23	_D4core8internal5array12construction__T12_d_newarrayTTS3geo16linear_ring_view__T15LinearRing2ViewTdZQuZQCmFNaNbNembZAQCl
------------------
	    1	_Dmain
_D21segment_polygon_bench__T9preflightTdZQnFNfKSQBu__T4CaseTdZQiZv	1	1361768	17270
	    1	_D3geo19topology_validation__T32validatePolygonConnectedInteriorTdZQBlFNaNbNfMSQCz12polygon_view__T12Polygon2ViewTdZQrZSQEoQEn23PolygonValidationResult
	   11	_D3std9exception__T7enforceZ__TQmTbZQrFNaNfbLAxaAyamZb
	    8	_D3std4math6traits__T8isFiniteTxdZQnFNaNbNiNexdZb
	    2	_D3geo28segment_polygon_relationship__T34classifySegmentPolygonRelationshipTdZQBnFNaNbNiNfSQDl7segment__T8Segment2TdZQmMSQEp12polygon_view__T12Polygon2ViewTdZQrZSQGeQGd26SegmentPolygonRelationship
	    2	_D3geo20segment_polygon_clip__T20clipSegmentToPolygonTdZQzFNfSQCi7segment__T8Segment2TdZQmMSQDm12polygon_view__T12Polygon2ViewTdZQrZSQFbQFa24SegmentPolygonClipResult
------------------
	32112	_D3geo12intersection__T18segmentContactKindTdZQxFNaNbNiNfSQCe7segment__T8Segment2TdZQmQBdZEQDlQDk18SegmentContactKind
	 2012	_D3geo8internal25ring_point_classification__T22tryClassifyPointInRingTdZQBbFNaNbNiNfMxSQDh16linear_ring_view__T15LinearRing2ViewTdZQuSQFc5point__T6Point2TdZQkJEQGcQGbQFv17RingPointLocationZb
	 4016	_D3geo12intersection__T14pointOnSegmentTdZQtFNaNbNiNfSQCa5point__T6Point2TdZQkSQCz7segment__T8Segment2TdZQmZb
	 2004	_D3geo8internal23segment_polygon_clip_p1__T31trySegmentPolygonClipP1InternalTdZQBkFNfSQDg7segment__T8Segment2TdZQmMSQEk12polygon_view__T12Polygon2ViewTdZQrJSQFzQFy27segment_polygon_clip_result37SegmentPolygonClipOwnedResultInternalZEQIxQIwQIq32SegmentPolygonClipInternalStatus
_D3geo11orientationQnFNaNbNiNfSQBd5point__T6Point2TdZQkQzQBbZEQCiQCh12Orientation2	40144	110077674	5458492
	40144	_D3geo8internal18orientation_filter17orientationFilterFNaNbNiNfddddddZEQCrQCqQCk23OrientationFilterResult
------------------
	 2004	_D3geo12bounding_box__T9tryBoundsTdZQnFNaNbNiNfSQBu7segment__T8Segment2TdZQmJSQCy6bounds__T7Bounds2TdZQlZb
_D3geo12bounding_box__T17BoundsAccumulatorTdZQw6tryAddMFNaNbNiNfSQCl5point__T6Point2TdZQkZb	2004	244628	244628
------------------
	 1002	_D3geo8internal23segment_polygon_clip_p1__T26queryBoundaryEventCapacityTdZQBfFNaNbNiNfSQDh7segment__T8Segment2TdZQmMSQEl12polygon_view__T12Polygon2ViewTdZQrZm
_D3geo12bounding_box__T9tryBoundsTdZQnFNaNbNiNfSQBu7segment__T8Segment2TdZQmJSQCy6bounds__T7Bounds2TdZQlZb	1002	953162	515106
	 2004	_D3geo12bounding_box__T17BoundsAccumulatorTdZQw6tryAddMFNaNbNiNfSQCl5point__T6Point2TdZQkZb
	 1002	_D3geo6bounds__T7Bounds2TdZQl13tryFromMinMaxFNaNbNiNfSQCa5point__T6Point2TdZQkQzJSQDcQDb__TQCxTdZQDdZb
------------------
	   12	_D3geo12intersection__T18segmentContactKindTdZQxFNaNbNiNfSQCe7segment__T8Segment2TdZQmQBdZEQDlQDk18SegmentContactKind
_D3geo12intersection__T13comparePointsTdZQsFNaNbNiNfSQBz5point__T6Point2TdZQkQzZi	12	264	264
------------------
	 4016	_D3geo12intersection__T18segmentContactKindTdZQxFNaNbNiNfSQCe7segment__T8Segment2TdZQmQBdZEQDlQDk18SegmentContactKind
_D3geo12intersection__T14pointOnSegmentTdZQtFNaNbNiNfSQCa5point__T6Point2TdZQkSQCz7segment__T8Segment2TdZQmZb	4016	10930110	677384
	 4016	_D3geo11orientationQnFNaNbNiNfSQBd5point__T6Point2TdZQkQzQBbZEQCiQCh12Orientation2
------------------
	    4	_D3geo12intersection__T23segmentIntersectionKindTdZQBcFNaNbNiNfSQCk7segment__T8Segment2TdZQmQBdZE11euclid_coreQEa23SegmentIntersectionKind
	   16	_D3geo28segment_polygon_relationship__T34classifySegmentPolygonRelationshipTdZQBnFNaNbNiNfSQDl7segment__T8Segment2TdZQmMSQEp12polygon_view__T12Polygon2ViewTdZQrZSQGeQGd26SegmentPolygonRelationship
	 4008	_D3geo8internal19polygon_union_exact__T29appendSegmentPairNodingEventsTdZQBiFNaNbNiNfSQDg7segment__T8Segment2TdZQmQBdMASQEoQEnQEh17ExactOverlayPointKmMQBhKmZb
	 8016	_D3geo8internal23segment_polygon_clip_p1__T31trySegmentPolygonClipP1InternalTdZQBkFNfSQDg7segment__T8Segment2TdZQmMSQEk12polygon_view__T12Polygon2ViewTdZQrJSQFzQFy27segment_polygon_clip_result37SegmentPolygonClipOwnedResultInternalZEQIxQIwQIq32SegmentPolygonClipInternalStatus
_D3geo12intersection__T18segmentContactKindTdZQxFNaNbNiNfSQCe7segment__T8Segment2TdZQmQBdZEQDlQDk18SegmentContactKind	12044	106859588	5696384
	32112	_D3geo11orientationQnFNaNbNiNfSQBd5point__T6Point2TdZQkQzQBbZEQCiQCh12Orientation2
	   12	_D3geo12intersection__T13comparePointsTdZQsFNaNbNiNfSQBz5point__T6Point2TdZQkQzZi
	 4016	_D3geo12intersection__T14pointOnSegmentTdZQtFNaNbNiNfSQCa5point__T6Point2TdZQkSQCz7segment__T8Segment2TdZQmZb
------------------
	    4	_D3geo19topology_validation__T12validateRingTdZQrFNaNbNiNfMSQCg16linear_ring_view__T15LinearRing2ViewTdZQuZS11euclid_core15ring_validation20RingValidationResult
_D3geo12intersection__T23segmentIntersectionKindTdZQBcFNaNbNiNfSQCk7segment__T8Segment2TdZQmQBdZE11euclid_coreQEa23SegmentIntersectionKind	4	39530	496
	    4	_D3geo12intersection__T18segmentContactKindTdZQxFNaNbNiNfSQCe7segment__T8Segment2TdZQmQBdZEQDlQDk18SegmentContactKind
------------------
	    4	_D3geo28segment_polygon_relationship__T34classifySegmentPolygonRelationshipTdZQBnFNaNbNiNfSQDl7segment__T8Segment2TdZQmMSQEp12polygon_view__T12Polygon2ViewTdZQrZSQGeQGd26SegmentPolygonRelationship
	 1002	_D3geo8internal23segment_polygon_clip_p1__T31trySegmentPolygonClipP1InternalTdZQBkFNfSQDg7segment__T8Segment2TdZQmMSQEk12polygon_view__T12Polygon2ViewTdZQrJSQFzQFy27segment_polygon_clip_result37SegmentPolygonClipOwnedResultInternalZEQIxQIwQIq32SegmentPolygonClipInternalStatus
_D3geo16point_in_polygon__T25tryClassifyPointInPolygonTdZQBeFNaNbNiNfMSQCr12polygon_view__T12Polygon2ViewTdZQrSQEf5point__T6Point2TdZQkJEQFfQFe20PointPolygonLocationZb	1006	6911000	345644
	 2012	_D3std4math6traits__T8isFiniteTxdZQnFNaNbNiNexdZb
	 1006	_D3geo8internal25ring_point_classification__T22tryClassifyPointInRingTdZQBbFNaNbNiNfMxSQDh16linear_ring_view__T15LinearRing2ViewTdZQuSQFc5point__T6Point2TdZQkJEQGcQGbQFv17RingPointLocationZb
------------------
	    1	_D3geo19topology_validation__T20validatePolygonRingsTdZQzFNaNbNiNfMSQCo12polygon_view__T12Polygon2ViewTdZQrZSQEdQEc23PolygonValidationResult
_D3geo19topology_validation__T12validateRingTdZQrFNaNbNiNfMSQCg16linear_ring_view__T15LinearRing2ViewTdZQuZS11euclid_core15ring_validation20RingValidationResult	1	54426	14856
	    8	_D3std4math6traits__T8isFiniteTxdZQnFNaNbNiNexdZb
	    4	_D3geo12intersection__T23segmentIntersectionKindTdZQBcFNaNbNiNfSQCk7segment__T8Segment2TdZQmQBdZE11euclid_coreQEa23SegmentIntersectionKind
------------------
	    1	_D3geo19topology_validation__T27validatePolygonPairContactsTdZQBgFNaNbNiNfMSQCw12polygon_view__T12Polygon2ViewTdZQrZSQElQEk23PolygonValidationResult
_D3geo19topology_validation__T20validatePolygonRingsTdZQzFNaNbNiNfMSQCo12polygon_view__T12Polygon2ViewTdZQrZSQEdQEc23PolygonValidationResult	1	55408	982
	    1	_D3geo19topology_validation__T12validateRingTdZQrFNaNbNiNfMSQCg16linear_ring_view__T15LinearRing2ViewTdZQuZS11euclid_core15ring_validation20RingValidationResult
------------------
	    1	_D3geo19topology_validation__T32validatePolygonConnectedInteriorTdZQBlFNaNbNfMSQCz12polygon_view__T12Polygon2ViewTdZQrZSQEoQEn23PolygonValidationResult
_D3geo19topology_validation__T26validatePolygonContainmentTdZQBfFNaNbNiNfMSQCv12polygon_view__T12Polygon2ViewTdZQrZSQEkQEj23PolygonValidationResult	1	57892	1710
	    1	_D3geo19topology_validation__T27validatePolygonPairContactsTdZQBgFNaNbNiNfMSQCw12polygon_view__T12Polygon2ViewTdZQrZSQElQEk23PolygonValidationResult
------------------
	    1	_D3geo19topology_validation__T26validatePolygonContainmentTdZQBfFNaNbNiNfMSQCv12polygon_view__T12Polygon2ViewTdZQrZSQEkQEj23PolygonValidationResult
_D3geo19topology_validation__T27validatePolygonPairContactsTdZQBgFNaNbNiNfMSQCw12polygon_view__T12Polygon2ViewTdZQrZSQElQEk23PolygonValidationResult	1	56182	774
	    1	_D3geo19topology_validation__T20validatePolygonRingsTdZQzFNaNbNiNfMSQCo12polygon_view__T12Polygon2ViewTdZQrZSQEdQEc23PolygonValidationResult
------------------
	    1	_D21segment_polygon_bench__T9preflightTdZQnFNfKSQBu__T4CaseTdZQiZv
_D3geo19topology_validation__T32validatePolygonConnectedInteriorTdZQBlFNaNbNfMSQCz12polygon_view__T12Polygon2ViewTdZQrZSQEoQEn23PolygonValidationResult	1	58536	644
	    1	_D3geo19topology_validation__T26validatePolygonContainmentTdZQBfFNaNbNiNfMSQCv12polygon_view__T12Polygon2ViewTdZQrZSQEkQEj23PolygonValidationResult
------------------
	    2	_D21segment_polygon_bench__T9preflightTdZQnFNfKSQBu__T4CaseTdZQiZv
	 1000	_D21segment_polygon_bench__T8clippingTdZQmFKSQBr__T4CaseTdZQimZm
_D3geo20segment_polygon_clip__T20clipSegmentToPolygonTdZQzFNfSQCi7segment__T8Segment2TdZQmMSQDm12polygon_view__T12Polygon2ViewTdZQrZSQFbQFa24SegmentPolygonClipResult	1002	455968548	468488
	 1002	_D3geo8internal23segment_polygon_clip_p1__T31trySegmentPolygonClipP1InternalTdZQBkFNfSQDg7segment__T8Segment2TdZQmMSQEk12polygon_view__T12Polygon2ViewTdZQrJSQFzQFy27segment_polygon_clip_result37SegmentPolygonClipOwnedResultInternalZEQIxQIwQIq32SegmentPolygonClipInternalStatus
------------------
	    4	_D3geo28segment_polygon_relationship__T34classifySegmentPolygonRelationshipTdZQBnFNaNbNiNfSQDl7segment__T8Segment2TdZQmMSQEp12polygon_view__T12Polygon2ViewTdZQrZSQGeQGd26SegmentPolygonRelationship
_D3geo28segment_polygon_relationship17markPointLocationFNaNbNiNfKSQCmQCl26SegmentPolygonRelationshipEQDv16point_in_polygon20PointPolygonLocationZv	4	372	372
------------------
	    2	_D21segment_polygon_bench__T9preflightTdZQnFNfKSQBu__T4CaseTdZQiZv
_D3geo28segment_polygon_relationship__T34classifySegmentPolygonRelationshipTdZQBnFNaNbNiNfSQDl7segment__T8Segment2TdZQmMSQEp12polygon_view__T12Polygon2ViewTdZQrZSQGeQGd26SegmentPolygonRelationship	2	152446	17688
	    4	_D3geo16point_in_polygon__T25tryClassifyPointInPolygonTdZQBeFNaNbNiNfMSQCr12polygon_view__T12Polygon2ViewTdZQrSQEf5point__T6Point2TdZQkJEQFfQFe20PointPolygonLocationZb
	    4	_D3geo28segment_polygon_relationship17markPointLocationFNaNbNiNfKSQCmQCl26SegmentPolygonRelationshipEQDv16point_in_polygon20PointPolygonLocationZv
	    2	_D3geo8internal19polygon_union_input__T24exactRingOrientationSignTdZQBdFNaNbNiNfMxSQDd16linear_ring_view__T15LinearRing2ViewTdZQuZi
	   16	_D3geo12intersection__T18segmentContactKindTdZQxFNaNbNiNfSQCe7segment__T8Segment2TdZQmQBdZEQDlQDk18SegmentContactKind
------------------
	 1002	_D3geo12bounding_box__T9tryBoundsTdZQnFNaNbNiNfSQBu7segment__T8Segment2TdZQmJSQCy6bounds__T7Bounds2TdZQlZb
_D3geo6bounds__T7Bounds2TdZQl13tryFromMinMaxFNaNbNiNfSQCa5point__T6Point2TdZQkQzJSQDcQDb__TQCxTdZQDdZb	1002	193428	193428
------------------
	 4016	_D3geo8internal19polygon_union_input__T24exactRingOrientationSignTdZQBdFNaNbNiNfMxSQDd16linear_ring_view__T15LinearRing2ViewTdZQuZi
_D3geo8internal10area_exact18addAreaDeterminantFNaNbNiNfKSQCeQCdQBx21SignedAreaAccumulatorKxSQDnQDm6dyadic19SignedDyadicProductZv	4016	1553250	391062
	 2008	_D3geo8internal10area_exact21widenProductMagnitudeFNaNbNiNfKxSQCiQCh10fixed_uint__T9UIntFixedVmi132ZQrZSQDyQDxQBq__TQBhVmi134ZQBr
	 1004	_D3geo8internal10fixed_uint__T11addUnsignedVmi134ZQuFNaNbNiNfKxSQCkQCjQCd__T9UIntFixedVmi134ZQrKxQBiZSQDwQDvQDp__TQBmVmi134ZQBw
------------------
	 2008	_D3geo8internal10area_exact18addAreaDeterminantFNaNbNiNfKSQCeQCdQBx21SignedAreaAccumulatorKxSQDnQDm6dyadic19SignedDyadicProductZv
_D3geo8internal10area_exact21widenProductMagnitudeFNaNbNiNfKxSQCiQCh10fixed_uint__T9UIntFixedVmi132ZQrZSQDyQDxQBq__TQBhVmi134ZQBr	2008	632622	632622
------------------
	 4008	_D3geo8internal18intersection_exact__T26tryProperIntersectionExactTdZQBfFNaNbNiNfSQDc7segment__T8Segment2TdZQmQBdJSQEjQEiQEc23ExactProperIntersectionZb
_D3geo8internal10fixed_uint__T11addUnsignedVmi132ZQuFNaNbNiNfKxSQCkQCjQCd__T9UIntFixedVmi132ZQrKxQBiZSQDwQDvQDp__TQBmVmi132ZQBw	4008	2197708	1067822
	 4008	_D3geo8internal10fixed_uint__T16firstNonZeroLimbVmi132ZQzFNaNbNiNfKxSQCpQCoQCi__T9UIntFixedVmi132ZQrZm
	 4008	_D3geo8internal10fixed_uint__T19pastLastNonZeroLimbVmi132ZQBcFNaNbNiNfKxSQCtQCsQCm__T9UIntFixedVmi132ZQrZm
------------------
	 1004	_D3geo8internal10area_exact18addAreaDeterminantFNaNbNiNfKSQCeQCdQBx21SignedAreaAccumulatorKxSQDnQDm6dyadic19SignedDyadicProductZv
_D3geo8internal10fixed_uint__T11addUnsignedVmi134ZQuFNaNbNiNfKxSQCkQCjQCd__T9UIntFixedVmi134ZQrKxQBiZSQDwQDvQDp__TQBmVmi134ZQBw	1004	529566	238220
	 1004	_D3geo8internal10fixed_uint__T16firstNonZeroLimbVmi134ZQzFNaNbNiNfKxSQCpQCoQCi__T9UIntFixedVmi134ZQrZm
	 1004	_D3geo8internal10fixed_uint__T19pastLastNonZeroLimbVmi134ZQBcFNaNbNiNfKxSQCtQCsQCm__T9UIntFixedVmi134ZQrZm
------------------
	 4008	_D3geo8internal18intersection_exact18weightedCoordinateFNaNbNiNfKxSQCnQCm10fixed_uint__T9UIntFixedVmi132ZQrKxSQEeQEd6dyadic22SignedDyadicCoordinateKxQDfKxQBtZSQGbQGa16exact_coordinate30SignedExactCoordinateNumerator
_D3geo8internal10fixed_uint__T11addUnsignedVmi198ZQuFNaNbNiNfKxSQCkQCjQCd__T9UIntFixedVmi198ZQrKxQBiZSQDwQDvQDp__TQBmVmi198ZQBw	4008	3179598	938914
	 4008	_D3geo8internal10fixed_uint__T16firstNonZeroLimbVmi198ZQzFNaNbNiNfKxSQCpQCoQCi__T9UIntFixedVmi198ZQrZm
	 4008	_D3geo8internal10fixed_uint__T19pastLastNonZeroLimbVmi198ZQBcFNaNbNiNfKxSQCtQCsQCm__T9UIntFixedVmi198ZQrZm
------------------
	12024	_D3geo8internal6dyadic25subtractDyadicCoordinatesFNaNbNiNfKxSQChQCgQCa22SignedDyadicCoordinateKxQBkZSQDvQDuQDo22SignedDyadicDifference
_D3geo8internal10fixed_uint__T11addUnsignedVmi66ZQtFNaNbNiNfKxSQCjQCiQCc__T9UIntFixedVmi66ZQqKxQBhZSQDuQDtQDn__TQBlVmi66ZQBu	12024	4975248	3392928
	12024	_D3geo8internal10fixed_uint__T16firstNonZeroLimbVmi66ZQyFNaNbNiNfKxSQCoQCnQCh__T9UIntFixedVmi66ZQqZm
	12024	_D3geo8internal10fixed_uint__T19pastLastNonZeroLimbVmi66ZQBbFNaNbNiNfKxSQCsQCrQCl__T9UIntFixedVmi66ZQqZm
------------------
	 4008	_D3geo8internal18intersection_exact18weightedCoordinateFNaNbNiNfKxSQCnQCm10fixed_uint__T9UIntFixedVmi132ZQrKxSQEeQEd6dyadic22SignedDyadicCoordinateKxQDfKxQBtZSQGbQGa16exact_coordinate30SignedExactCoordinateNumerator
	 4008	_D3geo8internal16exact_coordinate23compareExactCoordinatesFNaNbNiNfKxSQCqQCpQCj30SignedExactCoordinateNumeratorKxSQEiQEh10fixed_uint__T9UIntFixedVmi132ZQrKxQDjKxQBwZi
	 3006	_D3geo8internal16exact_coordinate22roundsToFiniteBinary64FNaNbNiNfKxSQCpQCoQCi30SignedExactCoordinateNumeratorKxSQEhQEg10fixed_uint__T9UIntFixedVmi132ZQrZb
	 6012	_D3geo8internal22exact_coordinate_round28roundExactCoordinateBinary64FNaNbNiNfKxSQDbQDa16exact_coordinate30SignedExactCoordinateNumeratorKxSQFiQFh10fixed_uint__T9UIntFixedVmi132ZQrZd
	 3006	_D3geo8internal22exact_coordinate_round15roundedQuotientFNaNbNiNfKxSQCoQCn10fixed_uint__T9UIntFixedVmi198ZQrKxSQEfQEeQBr__TQBiVmi132ZQBsmZm
_D3geo8internal10fixed_uint__T15compareUnsignedVmi198ZQyFNaNbNiNfKxSQCoQCnQCh__T9UIntFixedVmi198ZQrKxQBiZi	20040	7598354	7598354
------------------
	 2505	_D3geo8internal16exact_coordinate23compareExactCoordinatesFNaNbNiNfKxSQCqQCpQCj30SignedExactCoordinateNumeratorKxSQEiQEh10fixed_uint__T9UIntFixedVmi132ZQrKxQDjKxQBwZi
_D3geo8internal10fixed_uint__T15compareUnsignedVmi330ZQyFNaNbNiNfKxSQCoQCnQCh__T9UIntFixedVmi330ZQrKxQBiZi	2505	2005352	2005352
------------------
	24048	_D3geo8internal6dyadic25subtractDyadicCoordinatesFNaNbNiNfKxSQChQCgQCa22SignedDyadicCoordinateKxQBkZSQDvQDuQDo22SignedDyadicDifference
_D3geo8internal10fixed_uint__T15compareUnsignedVmi66ZQxFNaNbNiNfKxSQCnQCmQCg__T9UIntFixedVmi66ZQqKxQBhZi	24048	5235294	5235294
------------------
	 4008	_D3geo8internal10fixed_uint__T11addUnsignedVmi132ZQuFNaNbNiNfKxSQCkQCjQCd__T9UIntFixedVmi132ZQrKxQBiZSQDwQDvQDp__TQBmVmi132ZQBw
	19038	_D3geo8internal10fixed_uint__T16multiplyUnsignedVmi132Vmi66ZQBeFNaNbNiNfKxSQCvQCuQCo__T9UIntFixedVmi132ZQrKxSQEdQEcQDw__TQBiVmi66ZQBrZSQFdQFcQEw__TQCiVmi198ZQCs
	 5010	_D3geo8internal10fixed_uint__T16multiplyUnsignedVmi198Vmi132ZQBfFNaNbNiNfKxSQCwQCvQCp__T9UIntFixedVmi198ZQrKxSQEeQEdQDx__TQBiVmi132ZQBsZSQFfQFeQEy__TQCjVmi330ZQCt
_D3geo8internal10fixed_uint__T16firstNonZeroLimbVmi132ZQzFNaNbNiNfKxSQCpQCoQCi__T9UIntFixedVmi132ZQrZm	28056	3606214	3606214
------------------
	 1004	_D3geo8internal10fixed_uint__T11addUnsignedVmi134ZQuFNaNbNiNfKxSQCkQCjQCd__T9UIntFixedVmi134ZQrKxQBiZSQDwQDvQDp__TQBmVmi134ZQBw
_D3geo8internal10fixed_uint__T16firstNonZeroLimbVmi134ZQzFNaNbNiNfKxSQCpQCoQCi__T9UIntFixedVmi134ZQrZm	1004	112380	112380
------------------
	 2004	_D3geo8internal10fixed_uint__T16subtractUnsignedVmi198ZQzFNaNbNiNfKxSQCpQCoQCi__T9UIntFixedVmi198ZQrKxQBiZSQEbQEaQDu__TQBmVmi198ZQBw
	 4008	_D3geo8internal10fixed_uint__T11addUnsignedVmi198ZQuFNaNbNiNfKxSQCkQCjQCd__T9UIntFixedVmi198ZQrKxQBiZSQDwQDvQDp__TQBmVmi198ZQBw
	 5010	_D3geo8internal10fixed_uint__T16multiplyUnsignedVmi198Vmi132ZQBfFNaNbNiNfKxSQCwQCvQCp__T9UIntFixedVmi198ZQrKxSQEeQEdQDx__TQBiVmi132ZQBsZSQFfQFeQEy__TQCjVmi330ZQCt
_D3geo8internal10fixed_uint__T16firstNonZeroLimbVmi198ZQzFNaNbNiNfKxSQCpQCoQCi__T9UIntFixedVmi198ZQrZm	11022	1796118	1796118
------------------
	36080	_D3geo8internal10fixed_uint__T16multiplyUnsignedVmi66Vmi66ZQBdFNaNbNiNfKxSQCuQCtQCn__T9UIntFixedVmi66ZQqKxQBhZSQEfQEeQDy__TQBlVmi132ZQBv
	12024	_D3geo8internal10fixed_uint__T11addUnsignedVmi66ZQtFNaNbNiNfKxSQCjQCiQCc__T9UIntFixedVmi66ZQqKxQBhZSQDuQDtQDn__TQBlVmi66ZQBu
	12024	_D3geo8internal10fixed_uint__T16subtractUnsignedVmi66ZQyFNaNbNiNfKxSQCoQCnQCh__T9UIntFixedVmi66ZQqKxQBhZSQDzQDyQDs__TQBlVmi66ZQBu
	19038	_D3geo8internal10fixed_uint__T16multiplyUnsignedVmi132Vmi66ZQBeFNaNbNiNfKxSQCvQCuQCo__T9UIntFixedVmi132ZQrKxSQEdQEcQDw__TQBiVmi66ZQBrZSQFdQFcQEw__TQCiVmi198ZQCs
_D3geo8internal10fixed_uint__T16firstNonZeroLimbVmi66ZQyFNaNbNiNfKxSQCoQCnQCh__T9UIntFixedVmi66ZQqZm	79166	8712338	8712338
------------------
	16032	_D3geo8internal18intersection_exact18weightedCoordinateFNaNbNiNfKxSQCnQCm10fixed_uint__T9UIntFixedVmi132ZQrKxSQEeQEd6dyadic22SignedDyadicCoordinateKxQDfKxQBtZSQGbQGa16exact_coordinate30SignedExactCoordinateNumerator
	 3006	_D3geo8internal16exact_coordinate22roundsToFiniteBinary64FNaNbNiNfKxSQCpQCoQCi30SignedExactCoordinateNumeratorKxSQEhQEg10fixed_uint__T9UIntFixedVmi132ZQrZb
_D3geo8internal10fixed_uint__T16multiplyUnsignedVmi132Vmi66ZQBeFNaNbNiNfKxSQCvQCuQCo__T9UIntFixedVmi132ZQrKxSQEdQEcQDw__TQBiVmi66ZQBrZSQFdQFcQEw__TQCiVmi198ZQCs	19038	17910232	10293602
	19038	_D3geo8internal10fixed_uint__T16firstNonZeroLimbVmi132ZQzFNaNbNiNfKxSQCpQCoQCi__T9UIntFixedVmi132ZQrZm
	19038	_D3geo8internal10fixed_uint__T16firstNonZeroLimbVmi66ZQyFNaNbNiNfKxSQCoQCnQCh__T9UIntFixedVmi66ZQqZm
	19038	_D3geo8internal10fixed_uint__T19pastLastNonZeroLimbVmi132ZQBcFNaNbNiNfKxSQCtQCsQCm__T9UIntFixedVmi132ZQrZm
	19038	_D3geo8internal10fixed_uint__T19pastLastNonZeroLimbVmi66ZQBbFNaNbNiNfKxSQCsQCrQCl__T9UIntFixedVmi66ZQqZm
------------------
	 5010	_D3geo8internal16exact_coordinate23compareExactCoordinatesFNaNbNiNfKxSQCqQCpQCj30SignedExactCoordinateNumeratorKxSQEiQEh10fixed_uint__T9UIntFixedVmi132ZQrKxQDjKxQBwZi
_D3geo8internal10fixed_uint__T16multiplyUnsignedVmi198Vmi132ZQBfFNaNbNiNfKxSQCwQCvQCp__T9UIntFixedVmi198ZQrKxSQEeQEdQDx__TQBiVmi132ZQBsZSQFfQFeQEy__TQCjVmi330ZQCt	5010	8151084	2539442
	 5010	_D3geo8internal10fixed_uint__T16firstNonZeroLimbVmi198ZQzFNaNbNiNfKxSQCpQCoQCi__T9UIntFixedVmi198ZQrZm
	 5010	_D3geo8internal10fixed_uint__T16firstNonZeroLimbVmi132ZQzFNaNbNiNfKxSQCpQCoQCi__T9UIntFixedVmi132ZQrZm
	 5010	_D3geo8internal10fixed_uint__T19pastLastNonZeroLimbVmi198ZQBcFNaNbNiNfKxSQCtQCsQCm__T9UIntFixedVmi198ZQrZm
	 5010	_D3geo8internal10fixed_uint__T19pastLastNonZeroLimbVmi132ZQBcFNaNbNiNfKxSQCtQCsQCm__T9UIntFixedVmi132ZQrZm
------------------
	18040	_D3geo8internal6dyadic25multiplyDyadicDifferencesFNaNbNiNfKxSQChQCgQCa22SignedDyadicDifferenceKxQBkZSQDvQDuQDo19SignedDyadicProduct
_D3geo8internal10fixed_uint__T16multiplyUnsignedVmi66Vmi66ZQBdFNaNbNiNfKxSQCuQCtQCn__T9UIntFixedVmi66ZQqKxQBhZSQEfQEeQDy__TQBlVmi132ZQBv	18040	15860406	8694892
	36080	_D3geo8internal10fixed_uint__T16firstNonZeroLimbVmi66ZQyFNaNbNiNfKxSQCoQCnQCh__T9UIntFixedVmi66ZQqZm
	36080	_D3geo8internal10fixed_uint__T19pastLastNonZeroLimbVmi66ZQBbFNaNbNiNfKxSQCsQCrQCl__T9UIntFixedVmi66ZQqZm
------------------
	 2004	_D3geo8internal18intersection_exact18weightedCoordinateFNaNbNiNfKxSQCnQCm10fixed_uint__T9UIntFixedVmi132ZQrKxSQEeQEd6dyadic22SignedDyadicCoordinateKxQDfKxQBtZSQGbQGa16exact_coordinate30SignedExactCoordinateNumerator
_D3geo8internal10fixed_uint__T16subtractUnsignedVmi198ZQzFNaNbNiNfKxSQCpQCoQCi__T9UIntFixedVmi198ZQrKxQBiZSQEbQEaQDu__TQBmVmi198ZQBw	2004	1413454	449788
	 2004	_D3geo8internal10fixed_uint__T16firstNonZeroLimbVmi198ZQzFNaNbNiNfKxSQCpQCoQCi__T9UIntFixedVmi198ZQrZm
	 2004	_D3geo8internal10fixed_uint__T19pastLastNonZeroLimbVmi198ZQBcFNaNbNiNfKxSQCtQCsQCm__T9UIntFixedVmi198ZQrZm
------------------
	12024	_D3geo8internal6dyadic25subtractDyadicCoordinatesFNaNbNiNfKxSQChQCgQCa22SignedDyadicCoordinateKxQBkZSQDvQDuQDo22SignedDyadicDifference
_D3geo8internal10fixed_uint__T16subtractUnsignedVmi66ZQyFNaNbNiNfKxSQCoQCnQCh__T9UIntFixedVmi66ZQqKxQBhZSQDzQDyQDs__TQBlVmi66ZQBu	12024	4760176	3248524
	12024	_D3geo8internal10fixed_uint__T16firstNonZeroLimbVmi66ZQyFNaNbNiNfKxSQCoQCnQCh__T9UIntFixedVmi66ZQqZm
	12024	_D3geo8internal10fixed_uint__T19pastLastNonZeroLimbVmi66ZQBbFNaNbNiNfKxSQCsQCrQCl__T9UIntFixedVmi66ZQqZm
------------------
	 4008	_D3geo8internal10fixed_uint__T11addUnsignedVmi132ZQuFNaNbNiNfKxSQCkQCjQCd__T9UIntFixedVmi132ZQrKxQBiZSQDwQDvQDp__TQBmVmi132ZQBw
	19038	_D3geo8internal10fixed_uint__T16multiplyUnsignedVmi132Vmi66ZQBeFNaNbNiNfKxSQCvQCuQCo__T9UIntFixedVmi132ZQrKxSQEdQEcQDw__TQBiVmi66ZQBrZSQFdQFcQEw__TQCiVmi198ZQCs
	 5010	_D3geo8internal10fixed_uint__T16multiplyUnsignedVmi198Vmi132ZQBfFNaNbNiNfKxSQCwQCvQCp__T9UIntFixedVmi198ZQrKxSQEeQEdQDx__TQBiVmi132ZQBsZSQFfQFeQEy__TQCjVmi330ZQCt
_D3geo8internal10fixed_uint__T19pastLastNonZeroLimbVmi132ZQBcFNaNbNiNfKxSQCtQCsQCm__T9UIntFixedVmi132ZQrZm	28056	4965598	4965598
------------------
	 1004	_D3geo8internal10fixed_uint__T11addUnsignedVmi134ZQuFNaNbNiNfKxSQCkQCjQCd__T9UIntFixedVmi134ZQrKxQBiZSQDwQDvQDp__TQBmVmi134ZQBw
_D3geo8internal10fixed_uint__T19pastLastNonZeroLimbVmi134ZQBcFNaNbNiNfKxSQCtQCsQCm__T9UIntFixedVmi134ZQrZm	1004	178966	178966
------------------
	 2004	_D3geo8internal10fixed_uint__T16subtractUnsignedVmi198ZQzFNaNbNiNfKxSQCpQCoQCi__T9UIntFixedVmi198ZQrKxQBiZSQEbQEaQDu__TQBmVmi198ZQBw
	 4008	_D3geo8internal10fixed_uint__T11addUnsignedVmi198ZQuFNaNbNiNfKxSQCkQCjQCd__T9UIntFixedVmi198ZQrKxQBiZSQDwQDvQDp__TQBmVmi198ZQBw
	 5010	_D3geo8internal10fixed_uint__T16multiplyUnsignedVmi198Vmi132ZQBfFNaNbNiNfKxSQCwQCvQCp__T9UIntFixedVmi198ZQrKxSQEeQEdQDx__TQBiVmi132ZQBsZSQFfQFeQEy__TQCjVmi330ZQCt
_D3geo8internal10fixed_uint__T19pastLastNonZeroLimbVmi198ZQBcFNaNbNiNfKxSQCtQCsQCm__T9UIntFixedVmi198ZQrZm	11022	4639010	4639010
------------------
	36080	_D3geo8internal10fixed_uint__T16multiplyUnsignedVmi66Vmi66ZQBdFNaNbNiNfKxSQCuQCtQCn__T9UIntFixedVmi66ZQqKxQBhZSQEfQEeQDy__TQBlVmi132ZQBv
	12024	_D3geo8internal10fixed_uint__T11addUnsignedVmi66ZQtFNaNbNiNfKxSQCjQCiQCc__T9UIntFixedVmi66ZQqKxQBhZSQDuQDtQDn__TQBlVmi66ZQBu
	12024	_D3geo8internal10fixed_uint__T16subtractUnsignedVmi66ZQyFNaNbNiNfKxSQCoQCnQCh__T9UIntFixedVmi66ZQqKxQBhZSQDzQDyQDs__TQBlVmi66ZQBu
	19038	_D3geo8internal10fixed_uint__T16multiplyUnsignedVmi132Vmi66ZQBeFNaNbNiNfKxSQCvQCuQCo__T9UIntFixedVmi132ZQrKxSQEdQEcQDw__TQBiVmi66ZQBrZSQFdQFcQEw__TQCiVmi198ZQCs
_D3geo8internal10fixed_uint__T19pastLastNonZeroLimbVmi66ZQBbFNaNbNiNfKxSQCsQCrQCl__T9UIntFixedVmi66ZQqZm	79166	4102716	4102716
------------------
	16032	_D3geo8internal18intersection_exact18weightedCoordinateFNaNbNiNfKxSQCnQCm10fixed_uint__T9UIntFixedVmi132ZQrKxSQEeQEd6dyadic22SignedDyadicCoordinateKxQDfKxQBtZSQGbQGa16exact_coordinate30SignedExactCoordinateNumerator
	38076	_D3geo8internal16exact_coordinate23compareExactCoordinatesFNaNbNiNfKxSQCqQCpQCj30SignedExactCoordinateNumeratorKxSQEiQEh10fixed_uint__T9UIntFixedVmi132ZQrKxQDjKxQBwZi
	 3006	_D3geo8internal16exact_coordinate22roundsToFiniteBinary64FNaNbNiNfKxSQCpQCoQCi30SignedExactCoordinateNumeratorKxSQEhQEg10fixed_uint__T9UIntFixedVmi132ZQrZb
	 3006	_D3geo8internal22exact_coordinate_round28roundExactCoordinateBinary64FNaNbNiNfKxSQDbQDa16exact_coordinate30SignedExactCoordinateNumeratorKxSQFiQFh10fixed_uint__T9UIntFixedVmi132ZQrZd
_D3geo8internal10fixed_uint__T9UIntFixedVmi198ZQr6isZeroMxFNaNbNdNiNfZb	60120	12505952	12505952
------------------
	 4008	_D3geo8internal23segment_polygon_clip_p124tryMaterializeExactPointFNaNbNiNfKxSQCyQCx19polygon_union_exact17ExactOverlayPointJSQEu5point__T6Point2TdZQkZb
_D3geo8internal16exact_coordinate22roundsToFiniteBinary64FNaNbNiNfKxSQCpQCoQCi30SignedExactCoordinateNumeratorKxSQEhQEg10fixed_uint__T9UIntFixedVmi132ZQrZb	4008	6813440	1446066
	 3006	_D3geo8internal10fixed_uint__T9UIntFixedVmi198ZQr6isZeroMxFNaNbNdNiNfZb
	 3006	_D3geo8internal16exact_coordinate24binary64OverflowMidpointFNaNbNiNfZSQCqQCp10fixed_uint__T9UIntFixedVmi66ZQq
	 3006	_D3geo8internal10fixed_uint__T16multiplyUnsignedVmi132Vmi66ZQBeFNaNbNiNfKxSQCvQCuQCo__T9UIntFixedVmi132ZQrKxSQEdQEcQDw__TQBiVmi66ZQBrZSQFdQFcQEw__TQCiVmi198ZQCs
	 3006	_D3geo8internal10fixed_uint__T15compareUnsignedVmi198ZQyFNaNbNiNfKxSQCoQCnQCh__T9UIntFixedVmi198ZQrKxQBiZi
------------------
	12024	_D3geo8internal19polygon_union_exact__T37compareExactOverlayPointsAlongSegmentTdZQBqFNaNbNiNfSQDo7segment__T8Segment2TdZQmKxSQEtQEsQEm17ExactOverlayPointKxQBfZi
	 3006	_D3geo8internal19polygon_union_exact__T25sortUniqueExactEdgeEventsTdZQBeFNaNbNiNfSQDc7segment__T8Segment2TdZQmMASQEhQEgQEa17ExactOverlayPointZm
	 4008	_D3geo8internal23segment_polygon_clip_p1__T19findExactEventIndexTdZQyFNaNbNiNfSQCz7segment__T8Segment2TdZQmMAxSQEfQEe19polygon_union_exact17ExactOverlayPointKxQBxZm
_D3geo8internal16exact_coordinate23compareExactCoordinatesFNaNbNiNfKxSQCqQCpQCj30SignedExactCoordinateNumeratorKxSQEiQEh10fixed_uint__T9UIntFixedVmi132ZQrKxQDjKxQBwZi	19038	27542296	6489460
	38076	_D3geo8internal10fixed_uint__T9UIntFixedVmi198ZQr6isZeroMxFNaNbNdNiNfZb
	 5010	_D3geo8internal10fixed_uint__T16multiplyUnsignedVmi198Vmi132ZQBfFNaNbNiNfKxSQCwQCvQCp__T9UIntFixedVmi198ZQrKxSQEeQEdQDx__TQBiVmi132ZQBsZSQFfQFeQEy__TQCjVmi330ZQCt
	 2505	_D3geo8internal10fixed_uint__T15compareUnsignedVmi330ZQyFNaNbNiNfKxSQCoQCnQCh__T9UIntFixedVmi330ZQrKxQBiZi
	 4008	_D3geo8internal10fixed_uint__T15compareUnsignedVmi198ZQyFNaNbNiNfKxSQCoQCnQCh__T9UIntFixedVmi198ZQrKxQBiZi
------------------
	 3006	_D3geo8internal16exact_coordinate22roundsToFiniteBinary64FNaNbNiNfKxSQCpQCoQCi30SignedExactCoordinateNumeratorKxSQEhQEg10fixed_uint__T9UIntFixedVmi132ZQrZb
_D3geo8internal16exact_coordinate24binary64OverflowMidpointFNaNbNiNfZSQCqQCp10fixed_uint__T9UIntFixedVmi66ZQq	3006	1227572	1227572
------------------
	 8016	_D3geo8internal18intersection_exact__T26tryProperIntersectionExactTdZQBfFNaNbNiNfSQDc7segment__T8Segment2TdZQmQBdJSQEjQEiQEc23ExactProperIntersectionZb
_D3geo8internal18intersection_exact18weightedCoordinateFNaNbNiNfKxSQCnQCm10fixed_uint__T9UIntFixedVmi132ZQrKxSQEeQEd6dyadic22SignedDyadicCoordinateKxQDfKxQBtZSQGbQGa16exact_coordinate30SignedExactCoordinateNumerator	8016	32086651	7996201
	16032	_D3geo8internal10fixed_uint__T16multiplyUnsignedVmi132Vmi66ZQBeFNaNbNiNfKxSQCvQCuQCo__T9UIntFixedVmi132ZQrKxSQEdQEcQDw__TQBiVmi66ZQBrZSQFdQFcQEw__TQCiVmi198ZQCs
	16032	_D3geo8internal10fixed_uint__T9UIntFixedVmi198ZQr6isZeroMxFNaNbNdNiNfZb
	 4008	_D3geo8internal10fixed_uint__T15compareUnsignedVmi198ZQyFNaNbNiNfKxSQCoQCnQCh__T9UIntFixedVmi198ZQrKxQBiZi
	 2004	_D3geo8internal10fixed_uint__T16subtractUnsignedVmi198ZQzFNaNbNiNfKxSQCpQCoQCi__T9UIntFixedVmi198ZQrKxQBiZSQEbQEaQDu__TQBmVmi198ZQBw
	 4008	_D3geo8internal10fixed_uint__T11addUnsignedVmi198ZQuFNaNbNiNfKxSQCkQCjQCd__T9UIntFixedVmi198ZQrKxQBiZSQDwQDvQDp__TQBmVmi198ZQBw
------------------
	 2004	_D3geo8internal19polygon_union_exact__T29appendSegmentPairNodingEventsTdZQBiFNaNbNiNfSQDg7segment__T8Segment2TdZQmQBdMASQEoQEnQEh17ExactOverlayPointKmMQBhKmZb
	 2004	_D3geo8internal23segment_polygon_clip_p1__T31trySegmentPolygonClipP1InternalTdZQBkFNfSQDg7segment__T8Segment2TdZQmMSQEk12polygon_view__T12Polygon2ViewTdZQrJSQFzQFy27segment_polygon_clip_result37SegmentPolygonClipOwnedResultInternalZEQIxQIwQIq32SegmentPolygonClipInternalStatus
_D3geo8internal18intersection_exact__T26tryProperIntersectionExactTdZQBfFNaNbNiNfSQDc7segment__T8Segment2TdZQmQBdJSQEjQEiQEc23ExactProperIntersectionZb	4008	124963071	34223750
	112224	_D3geo8internal6dyadic24decodeBinary64CoordinateFNaNbNiNfdZSQCgQCfQBz22SignedDyadicCoordinate
	64128	_D3geo8internal6dyadic25subtractDyadicCoordinatesFNaNbNiNfKxSQChQCgQCa22SignedDyadicCoordinateKxQBkZSQDvQDuQDo22SignedDyadicDifference
	32064	_D3geo8internal6dyadic25multiplyDyadicDifferencesFNaNbNiNfKxSQChQCgQCa22SignedDyadicDifferenceKxQBkZSQDvQDuQDo19SignedDyadicProduct
	16032	_D3geo8internal6dyadic22subtractDyadicProductsFNaNbNiNfKxSQCeQCdQBx19SignedDyadicProductKxQBhZSQDpQDoQDiQBl
	 4008	_D3geo8internal10fixed_uint__T11addUnsignedVmi132ZQuFNaNbNiNfKxSQCkQCjQCd__T9UIntFixedVmi132ZQrKxQBiZSQDwQDvQDp__TQBmVmi132ZQBw
	 8016	_D3geo8internal18intersection_exact18weightedCoordinateFNaNbNiNfKxSQCnQCm10fixed_uint__T9UIntFixedVmi132ZQrKxSQEeQEd6dyadic22SignedDyadicCoordinateKxQDfKxQBtZSQGbQGa16exact_coordinate30SignedExactCoordinateNumerator
------------------
	40144	_D3geo11orientationQnFNaNbNiNfSQBd5point__T6Point2TdZQkQzQBbZEQCiQCh12Orientation2
_D3geo8internal18orientation_filter17orientationFilterFNaNbNiNfddddddZEQCrQCqQCk23OrientationFilterResult	40144	104619182	82826086
	489696	_D3std4math6traits__T8isFiniteTdZQmFNaNbNiNedZb
	248832	_D3std4math6traits__T11isSubnormalTdZQqFNaNbNiNedZb
	16048	_D3std4math6traits__T8isFiniteTxdZQnFNaNbNiNexdZb
	16048	_D3std4math6traits__T11isSubnormalTxdZQrFNaNbNiNexdZb
------------------
	 4008	_D3geo8internal19polygon_union_exact__T29appendSegmentPairNodingEventsTdZQBiFNaNbNiNfSQDg7segment__T8Segment2TdZQmQBdMASQEoQEnQEh17ExactOverlayPointKmMQBhKmZb
_D3geo8internal19polygon_union_exact20appendExactEdgeEventFNaNbNiNfMASQCqQCpQCj17ExactOverlayPointKmKxSQDxQDwQDqQBhZb	4008	525228	525228
------------------
	 1002	_D3geo8internal23segment_polygon_clip_p1__T31trySegmentPolygonClipP1InternalTdZQBkFNfSQDg7segment__T8Segment2TdZQmMSQEk12polygon_view__T12Polygon2ViewTdZQrJSQFzQFy27segment_polygon_clip_result37SegmentPolygonClipOwnedResultInternalZEQIxQIwQIq32SegmentPolygonClipInternalStatus
_D3geo8internal19polygon_union_exact__T19seedExactEdgeEventsTdZQyFNaNbNiNfSQCv7segment__T8Segment2TdZQmMASQEaQDzQDt17ExactOverlayPointJmZb	1002	2846764	1447076
	 4008	_D3geo8internal19polygon_union_exact__T25liftRepresentedCoordinateTdZQBeFNaNbNiNfdZSQDeQDd16exact_coordinate30SignedExactCoordinateNumerator
------------------
	 5010	_D3geo8internal19polygon_union_exact__T25sortUniqueExactEdgeEventsTdZQBeFNaNbNiNfSQDc7segment__T8Segment2TdZQmMASQEhQEgQEa17ExactOverlayPointZm
_D3geo8internal19polygon_union_exact__T23siftDownExactEdgeEventsTdZQBcFNaNbNiNfSQDa7segment__T8Segment2TdZQmMASQEfQEeQDy17ExactOverlayPointmmZv	5010	12351682	2386168
	 7014	_D3geo8internal19polygon_union_exact__T37compareExactOverlayPointsAlongSegmentTdZQBqFNaNbNiNfSQDo7segment__T8Segment2TdZQmKxSQEtQEsQEm17ExactOverlayPointKxQBfZi
------------------
	 4008	_D3geo8internal19polygon_union_exact__T19seedExactEdgeEventsTdZQyFNaNbNiNfSQCv7segment__T8Segment2TdZQmMASQEaQDzQDt17ExactOverlayPointJmZb
_D3geo8internal19polygon_union_exact__T25liftRepresentedCoordinateTdZQBeFNaNbNiNfdZSQDeQDd16exact_coordinate30SignedExactCoordinateNumerator	4008	1399688	1241242
	 4008	_D3geo8internal6dyadic24decodeBinary64CoordinateFNaNbNiNfdZSQCgQCfQBz22SignedDyadicCoordinate
------------------
	 1002	_D3geo8internal23segment_polygon_clip_p1__T31trySegmentPolygonClipP1InternalTdZQBkFNfSQDg7segment__T8Segment2TdZQmMSQEk12polygon_view__T12Polygon2ViewTdZQrJSQFzQFy27segment_polygon_clip_result37SegmentPolygonClipOwnedResultInternalZEQIxQIwQIq32SegmentPolygonClipInternalStatus
_D3geo8internal19polygon_union_exact__T25sortUniqueExactEdgeEventsTdZQBeFNaNbNiNfSQDc7segment__T8Segment2TdZQmMASQEhQEgQEa17ExactOverlayPointZm	1002	22718566	4673602
	 5010	_D3geo8internal19polygon_union_exact__T23siftDownExactEdgeEventsTdZQBcFNaNbNiNfSQDa7segment__T8Segment2TdZQmMASQEfQEeQDy17ExactOverlayPointmmZv
	 3006	_D3geo8internal16exact_coordinate23compareExactCoordinatesFNaNbNiNfKxSQCqQCpQCj30SignedExactCoordinateNumeratorKxSQEiQEh10fixed_uint__T9UIntFixedVmi132ZQrKxQDjKxQBwZi
------------------
	 4008	_D3geo8internal23segment_polygon_clip_p1__T31trySegmentPolygonClipP1InternalTdZQBkFNfSQDg7segment__T8Segment2TdZQmMSQEk12polygon_view__T12Polygon2ViewTdZQrJSQFzQFy27segment_polygon_clip_result37SegmentPolygonClipOwnedResultInternalZEQIxQIwQIq32SegmentPolygonClipInternalStatus
_D3geo8internal19polygon_union_exact__T29appendSegmentPairNodingEventsTdZQBiFNaNbNiNfSQDg7segment__T8Segment2TdZQmQBdMASQEoQEnQEh17ExactOverlayPointKmMQBhKmZb	4008	113737555	2028366
	 4008	_D3geo12intersection__T18segmentContactKindTdZQxFNaNbNiNfSQCe7segment__T8Segment2TdZQmQBdZEQDlQDk18SegmentContactKind
	 2004	_D3geo8internal18intersection_exact__T26tryProperIntersectionExactTdZQBfFNaNbNiNfSQDc7segment__T8Segment2TdZQmQBdJSQEjQEiQEc23ExactProperIntersectionZb
	 4008	_D3geo8internal19polygon_union_exact20appendExactEdgeEventFNaNbNiNfMASQCqQCpQCj17ExactOverlayPointKmKxSQDxQDwQDqQBhZb
------------------
	 7014	_D3geo8internal19polygon_union_exact__T23siftDownExactEdgeEventsTdZQBcFNaNbNiNfSQDa7segment__T8Segment2TdZQmMASQEfQEeQDy17ExactOverlayPointmmZv
	 5010	_D3geo8internal23segment_polygon_clip_p1__T19findExactEventIndexTdZQyFNaNbNiNfSQCz7segment__T8Segment2TdZQmMAxSQEfQEe19polygon_union_exact17ExactOverlayPointKxQBxZm
_D3geo8internal19polygon_union_exact__T37compareExactOverlayPointsAlongSegmentTdZQBqFNaNbNiNfSQDo7segment__T8Segment2TdZQmKxSQEtQEsQEm17ExactOverlayPointKxQBfZi	12024	17494448	1395166
	12024	_D3geo8internal16exact_coordinate23compareExactCoordinatesFNaNbNiNfKxSQCqQCpQCj30SignedExactCoordinateNumeratorKxSQEiQEh10fixed_uint__T9UIntFixedVmi132ZQrKxQDjKxQBwZi
------------------
	    2	_D3geo28segment_polygon_relationship__T34classifySegmentPolygonRelationshipTdZQBnFNaNbNiNfSQDl7segment__T8Segment2TdZQmMSQEp12polygon_view__T12Polygon2ViewTdZQrZSQGeQGd26SegmentPolygonRelationship
	 1002	_D3geo8internal23segment_polygon_clip_p1__T31trySegmentPolygonClipP1InternalTdZQBkFNfSQDg7segment__T8Segment2TdZQmMSQEk12polygon_view__T12Polygon2ViewTdZQrJSQFzQFy27segment_polygon_clip_result37SegmentPolygonClipOwnedResultInternalZEQIxQIwQIq32SegmentPolygonClipInternalStatus
_D3geo8internal19polygon_union_input__T24exactRingOrientationSignTdZQBdFNaNbNiNfMxSQDd16linear_ring_view__T15LinearRing2ViewTdZQuZi	1004	15806860	7568592
	24096	_D3geo8internal6dyadic24decodeBinary64CoordinateFNaNbNiNfdZSQCgQCfQBz22SignedDyadicCoordinate
	16064	_D3geo8internal6dyadic25subtractDyadicCoordinatesFNaNbNiNfKxSQChQCgQCa22SignedDyadicCoordinateKxQBkZSQDvQDuQDo22SignedDyadicDifference
	 8032	_D3geo8internal6dyadic25multiplyDyadicDifferencesFNaNbNiNfKxSQChQCgQCa22SignedDyadicDifferenceKxQBkZSQDvQDuQDo19SignedDyadicProduct
	 4016	_D3geo8internal6dyadic22subtractDyadicProductsFNaNbNiNfKxSQCeQCdQBx19SignedDyadicProductKxQBhZSQDpQDoQDiQBl
	 4016	_D3geo8internal10area_exact18addAreaDeterminantFNaNbNiNfKSQCeQCdQBx21SignedAreaAccumulatorKxSQDnQDm6dyadic19SignedDyadicProductZv
------------------
	 3006	_D3geo8internal22exact_coordinate_round28roundExactCoordinateBinary64FNaNbNiNfKxSQDbQDa16exact_coordinate30SignedExactCoordinateNumeratorKxSQFiQFh10fixed_uint__T9UIntFixedVmi132ZQrZd
_D3geo8internal22exact_coordinate_round15roundedQuotientFNaNbNiNfKxSQCoQCn10fixed_uint__T9UIntFixedVmi198ZQrKxSQEfQEeQBr__TQBiVmi132ZQBsmZm	3006	84080987	27022082
	 3006	_D3geo8internal22exact_coordinate_round28pastLastNonZeroNumeratorLimbFNaNbNiNfKxSQDbQDa10fixed_uint__T9UIntFixedVmi198ZQrZm
	 3006	_D3geo8internal22exact_coordinate_round27firstNonZeroDenominatorLimbFNaNbNiNfKxSQDaQCz10fixed_uint__T9UIntFixedVmi132ZQrZm
	 3006	_D3geo8internal22exact_coordinate_round__T9bitLengthVmi132ZQrFNaNbNiNfKxSQCtQCs10fixed_uint__T9UIntFixedVmi132ZQrZm
	159318	_D3geo8internal22exact_coordinate_round25compareShiftedDenominatorFNaNbNiNfKxSQCyQCx10fixed_uint__T9UIntFixedVmi198ZQrmKxSQEqQEpQBs__TQBjVmi132ZQBtmmZi
	 6012	_D3geo8internal22exact_coordinate_round26subtractShiftedDenominatorFNaNbNiNfKSQCyQCx10fixed_uint__T9UIntFixedVmi198ZQrmKxSQEqQEpQBs__TQBjVmi132ZQBtmmmZm
	 3006	_D3geo8internal22exact_coordinate_round18shiftedDenominatorFNaNbNiNfKxSQCrQCq10fixed_uint__T9UIntFixedVmi132ZQrmZSQEiQEhQBr__TQBiVmi198ZQBs
	 3006	_D3geo8internal22exact_coordinate_round7doubledFNaNbNiNfKxSQCfQCe10fixed_uint__T9UIntFixedVmi198ZQrZSQDvQDuQBq__TQBhVmi198ZQBr
	 3006	_D3geo8internal10fixed_uint__T15compareUnsignedVmi198ZQyFNaNbNiNfKxSQCoQCnQCh__T9UIntFixedVmi198ZQrKxQBiZi
------------------
	 6012	_D3geo8internal22exact_coordinate_round28roundExactCoordinateBinary64FNaNbNiNfKxSQDbQDa16exact_coordinate30SignedExactCoordinateNumeratorKxSQFiQFh10fixed_uint__T9UIntFixedVmi132ZQrZd
	 3006	_D3geo8internal22exact_coordinate_round15roundedQuotientFNaNbNiNfKxSQCoQCn10fixed_uint__T9UIntFixedVmi198ZQrKxSQEfQEeQBr__TQBiVmi132ZQBsmZm
_D3geo8internal22exact_coordinate_round18shiftedDenominatorFNaNbNiNfKxSQCrQCq10fixed_uint__T9UIntFixedVmi132ZQrmZSQEiQEhQBr__TQBiVmi198ZQBs	9018	3432258	3432258
------------------
	308616	_D3geo8internal22exact_coordinate_round25compareShiftedDenominatorFNaNbNiNfKxSQCyQCx10fixed_uint__T9UIntFixedVmi198ZQrmKxSQEqQEpQBs__TQBjVmi132ZQBtmmZi
	 6012	_D3geo8internal22exact_coordinate_round26subtractShiftedDenominatorFNaNbNiNfKSQCyQCx10fixed_uint__T9UIntFixedVmi198ZQrmKxSQEqQEpQBs__TQBjVmi132ZQBtmmmZm
_D3geo8internal22exact_coordinate_round22shiftedDenominatorWordFNaNbNiNfKxSQCvQCu10fixed_uint__T9UIntFixedVmi132ZQrmkmZk	314628	7787574	7787574
------------------
	159318	_D3geo8internal22exact_coordinate_round15roundedQuotientFNaNbNiNfKxSQCoQCn10fixed_uint__T9UIntFixedVmi198ZQrKxSQEfQEeQBr__TQBiVmi132ZQBsmZm
_D3geo8internal22exact_coordinate_round25compareShiftedDenominatorFNaNbNiNfKxSQCyQCx10fixed_uint__T9UIntFixedVmi198ZQrmKxSQEqQEpQBs__TQBjVmi132ZQBtmmZi	159318	47672084	39967896
	308616	_D3geo8internal22exact_coordinate_round22shiftedDenominatorWordFNaNbNiNfKxSQCvQCu10fixed_uint__T9UIntFixedVmi132ZQrmkmZk
------------------
	 6012	_D3geo8internal22exact_coordinate_round15roundedQuotientFNaNbNiNfKxSQCoQCn10fixed_uint__T9UIntFixedVmi198ZQrKxSQEfQEeQBr__TQBiVmi132ZQBsmZm
_D3geo8internal22exact_coordinate_round26subtractShiftedDenominatorFNaNbNiNfKSQCyQCx10fixed_uint__T9UIntFixedVmi198ZQrmKxSQEqQEpQBs__TQBjVmi132ZQBtmmmZm	6012	1939190	1855804
	 6012	_D3geo8internal22exact_coordinate_round22shiftedDenominatorWordFNaNbNiNfKxSQCvQCu10fixed_uint__T9UIntFixedVmi132ZQrmkmZk
------------------
	 3006	_D3geo8internal22exact_coordinate_round15roundedQuotientFNaNbNiNfKxSQCoQCn10fixed_uint__T9UIntFixedVmi198ZQrKxSQEfQEeQBr__TQBiVmi132ZQBsmZm
_D3geo8internal22exact_coordinate_round27firstNonZeroDenominatorLimbFNaNbNiNfKxSQDaQCz10fixed_uint__T9UIntFixedVmi132ZQrZm	3006	444686	444686
------------------
	 3006	_D3geo8internal22exact_coordinate_round15roundedQuotientFNaNbNiNfKxSQCoQCn10fixed_uint__T9UIntFixedVmi198ZQrKxSQEfQEeQBr__TQBiVmi132ZQBsmZm
_D3geo8internal22exact_coordinate_round28pastLastNonZeroNumeratorLimbFNaNbNiNfKxSQDbQDa10fixed_uint__T9UIntFixedVmi198ZQrZm	3006	486442	486442
------------------
	 4008	_D3geo8internal23segment_polygon_clip_p124tryMaterializeExactPointFNaNbNiNfKxSQCyQCx19polygon_union_exact17ExactOverlayPointJSQEu5point__T6Point2TdZQkZb
_D3geo8internal22exact_coordinate_round28roundExactCoordinateBinary64FNaNbNiNfKxSQDbQDa16exact_coordinate30SignedExactCoordinateNumeratorKxSQFiQFh10fixed_uint__T9UIntFixedVmi132ZQrZd	4008	93616499	3337784
	 3006	_D3geo8internal10fixed_uint__T9UIntFixedVmi198ZQr6isZeroMxFNaNbNdNiNfZb
	 6012	_D3geo8internal22exact_coordinate_round18shiftedDenominatorFNaNbNiNfKxSQCrQCq10fixed_uint__T9UIntFixedVmi132ZQrmZSQEiQEhQBr__TQBiVmi198ZQBs
	 6012	_D3geo8internal10fixed_uint__T15compareUnsignedVmi198ZQyFNaNbNiNfKxSQCoQCnQCh__T9UIntFixedVmi198ZQrKxQBiZi
	 3006	_D3geo8internal22exact_coordinate_round__T9bitLengthVmi198ZQrFNaNbNiNfKxSQCtQCs10fixed_uint__T9UIntFixedVmi198ZQrZm
	 3006	_D3geo8internal22exact_coordinate_round__T9bitLengthVmi132ZQrFNaNbNiNfKxSQCtQCs10fixed_uint__T9UIntFixedVmi132ZQrZm
	 3006	_D3geo8internal22exact_coordinate_round15roundedQuotientFNaNbNiNfKxSQCoQCn10fixed_uint__T9UIntFixedVmi198ZQrKxSQEfQEeQBr__TQBiVmi132ZQBsmZm
------------------
	 3006	_D3geo8internal22exact_coordinate_round15roundedQuotientFNaNbNiNfKxSQCoQCn10fixed_uint__T9UIntFixedVmi198ZQrKxSQEfQEeQBr__TQBiVmi132ZQBsmZm
_D3geo8internal22exact_coordinate_round7doubledFNaNbNiNfKxSQCfQCe10fixed_uint__T9UIntFixedVmi198ZQrZSQDvQDuQBq__TQBhVmi198ZQBr	3006	1455982	1455982
------------------
	 3006	_D3geo8internal22exact_coordinate_round28roundExactCoordinateBinary64FNaNbNiNfKxSQDbQDa16exact_coordinate30SignedExactCoordinateNumeratorKxSQFiQFh10fixed_uint__T9UIntFixedVmi132ZQrZd
	 3006	_D3geo8internal22exact_coordinate_round15roundedQuotientFNaNbNiNfKxSQCoQCn10fixed_uint__T9UIntFixedVmi198ZQrKxSQEfQEeQBr__TQBiVmi132ZQBsmZm
_D3geo8internal22exact_coordinate_round__T9bitLengthVmi132ZQrFNaNbNiNfKxSQCtQCs10fixed_uint__T9UIntFixedVmi132ZQrZm	6012	3420225	3420225
------------------
	 3006	_D3geo8internal22exact_coordinate_round28roundExactCoordinateBinary64FNaNbNiNfKxSQDbQDa16exact_coordinate30SignedExactCoordinateNumeratorKxSQFiQFh10fixed_uint__T9UIntFixedVmi132ZQrZd
_D3geo8internal22exact_coordinate_round__T9bitLengthVmi198ZQrFNaNbNiNfKxSQCtQCs10fixed_uint__T9UIntFixedVmi198ZQrZm	3006	924828	924828
------------------
	 2004	_D3geo8internal23segment_polygon_clip_p1__T31trySegmentPolygonClipP1InternalTdZQBkFNfSQDg7segment__T8Segment2TdZQmMSQEk12polygon_view__T12Polygon2ViewTdZQrJSQFzQFy27segment_polygon_clip_result37SegmentPolygonClipOwnedResultInternalZEQIxQIwQIq32SegmentPolygonClipInternalStatus
_D3geo8internal23segment_polygon_clip_p116setAfterLocationFNaNbNiNfKEQCpQCoQCi16IntervalLocationQBcZv	2004	131252	131252
------------------
	 2004	_D3geo8internal23segment_polygon_clip_p1__T31trySegmentPolygonClipP1InternalTdZQBkFNfSQDg7segment__T8Segment2TdZQmMSQEk12polygon_view__T12Polygon2ViewTdZQrJSQFzQFy27segment_polygon_clip_result37SegmentPolygonClipOwnedResultInternalZEQIxQIwQIq32SegmentPolygonClipInternalStatus
_D3geo8internal23segment_polygon_clip_p124tryMaterializeExactPointFNaNbNiNfKxSQCyQCx19polygon_union_exact17ExactOverlayPointJSQEu5point__T6Point2TdZQkZb	2004	101943387	1473472
	 4008	_D3geo8internal16exact_coordinate22roundsToFiniteBinary64FNaNbNiNfKxSQCpQCoQCi30SignedExactCoordinateNumeratorKxSQEhQEg10fixed_uint__T9UIntFixedVmi132ZQrZb
	 4008	_D3geo8internal22exact_coordinate_round28roundExactCoordinateBinary64FNaNbNiNfKxSQDbQDa16exact_coordinate30SignedExactCoordinateNumeratorKxSQFiQFh10fixed_uint__T9UIntFixedVmi132ZQrZd
	 4008	_D3std4math6traits__T8isFiniteTxdZQnFNaNbNiNexdZb
------------------
	 2004	_D3geo8internal23segment_polygon_clip_p1__T31trySegmentPolygonClipP1InternalTdZQBkFNfSQDg7segment__T8Segment2TdZQmMSQEk12polygon_view__T12Polygon2ViewTdZQrJSQFzQFy27segment_polygon_clip_result37SegmentPolygonClipOwnedResultInternalZEQIxQIwQIq32SegmentPolygonClipInternalStatus
_D3geo8internal23segment_polygon_clip_p1__T19findExactEventIndexTdZQyFNaNbNiNfSQCz7segment__T8Segment2TdZQmMAxSQEfQEe19polygon_union_exact17ExactOverlayPointKxQBxZm	2004	14201394	922728
	 5010	_D3geo8internal19polygon_union_exact__T37compareExactOverlayPointsAlongSegmentTdZQBqFNaNbNiNfSQDo7segment__T8Segment2TdZQmKxSQEtQEsQEm17ExactOverlayPointKxQBfZi
	 4008	_D3geo8internal16exact_coordinate23compareExactCoordinatesFNaNbNiNfKxSQCqQCpQCj30SignedExactCoordinateNumeratorKxSQEiQEh10fixed_uint__T9UIntFixedVmi132ZQrKxQDjKxQBwZi
------------------
	 1002	_D3geo8internal23segment_polygon_clip_p1__T31trySegmentPolygonClipP1InternalTdZQBkFNfSQDg7segment__T8Segment2TdZQmMSQEk12polygon_view__T12Polygon2ViewTdZQrJSQFzQFy27segment_polygon_clip_result37SegmentPolygonClipOwnedResultInternalZEQIxQIwQIq32SegmentPolygonClipInternalStatus
_D3geo8internal23segment_polygon_clip_p1__T24polygonBoundaryEdgeCountTdZQBdFNaNbNiNfMSQDg12polygon_view__T12Polygon2ViewTdZQrZm	1002	89462	89462
------------------
	 1002	_D3geo8internal23segment_polygon_clip_p1__T31trySegmentPolygonClipP1InternalTdZQBkFNfSQDg7segment__T8Segment2TdZQmMSQEk12polygon_view__T12Polygon2ViewTdZQrJSQFzQFy27segment_polygon_clip_result37SegmentPolygonClipOwnedResultInternalZEQIxQIwQIq32SegmentPolygonClipInternalStatus
_D3geo8internal23segment_polygon_clip_p1__T26queryBoundaryEventCapacityTdZQBfFNaNbNiNfSQDh7segment__T8Segment2TdZQmMSQEl12polygon_view__T12Polygon2ViewTdZQrZm	1002	1676112	722950
	 1002	_D3geo12bounding_box__T9tryBoundsTdZQnFNaNbNiNfSQBu7segment__T8Segment2TdZQmJSQCy6bounds__T7Bounds2TdZQlZb
------------------
	 1002	_D3geo20segment_polygon_clip__T20clipSegmentToPolygonTdZQzFNfSQCi7segment__T8Segment2TdZQmMSQDm12polygon_view__T12Polygon2ViewTdZQrZSQFbQFa24SegmentPolygonClipResult
_D3geo8internal23segment_polygon_clip_p1__T31trySegmentPolygonClipP1InternalTdZQBkFNfSQDg7segment__T8Segment2TdZQmMSQEk12polygon_view__T12Polygon2ViewTdZQrJSQFzQFy27segment_polygon_clip_result37SegmentPolygonClipOwnedResultInternalZEQIxQIwQIq32SegmentPolygonClipInternalStatus	1002	455500060	9191170
	 1002	_D3geo8internal23segment_polygon_clip_p1__T24polygonBoundaryEdgeCountTdZQBdFNaNbNiNfMSQDg12polygon_view__T12Polygon2ViewTdZQrZm
	 1002	_D3geo8internal23segment_polygon_clip_p1__T26queryBoundaryEventCapacityTdZQBfFNaNbNiNfSQDh7segment__T8Segment2TdZQmMSQEl12polygon_view__T12Polygon2ViewTdZQrZm
	 1002	_D4core8internal5array12construction__T12_d_newarrayTTS3geoQCa19polygon_union_exact17ExactOverlayPointZQCmFNaNbNembZAQCl
	 1002	_D3geo8internal19polygon_union_exact__T19seedExactEdgeEventsTdZQyFNaNbNiNfSQCv7segment__T8Segment2TdZQmMASQEaQDzQDt17ExactOverlayPointJmZb
	 4008	_D3geo8internal19polygon_union_exact__T29appendSegmentPairNodingEventsTdZQBiFNaNbNiNfSQDg7segment__T8Segment2TdZQmQBdMASQEoQEnQEh17ExactOverlayPointKmMQBhKmZb
	 1002	_D3geo8internal19polygon_union_exact__T25sortUniqueExactEdgeEventsTdZQBeFNaNbNiNfSQDc7segment__T8Segment2TdZQmMASQEhQEgQEa17ExactOverlayPointZm
	 1002	_D4core8internal5array8capacity__T22_d_arraysetlengthTImplHTAS3geoQCh19polygon_union_exact17ExactOverlayPointTQBxZ18_d_arraysetlengthTFNaNbNeNkMKQDhmZm
	 2004	_D4core8internal5array12construction__T12_d_newarrayTTmZQrFNaNbNembZAm
	 1002	_D4core8internal5array12construction__T12_d_newarrayTTE3geoQCa23segment_polygon_clip_p116IntervalLocationZQCpFNaNbNembZAQCo
	 1002	_D3geo8internal19polygon_union_input__T24exactRingOrientationSignTdZQBdFNaNbNiNfMxSQDd16linear_ring_view__T15LinearRing2ViewTdZQuZi
	 8016	_D3geo12intersection__T18segmentContactKindTdZQxFNaNbNiNfSQCe7segment__T8Segment2TdZQmQBdZEQDlQDk18SegmentContactKind
	 2004	_D3geo8internal18intersection_exact__T26tryProperIntersectionExactTdZQBfFNaNbNiNfSQDc7segment__T8Segment2TdZQmQBdJSQEjQEiQEc23ExactProperIntersectionZb
	 2004	_D3geo8internal23segment_polygon_clip_p1__T19findExactEventIndexTdZQyFNaNbNiNfSQCz7segment__T8Segment2TdZQmMAxSQEfQEe19polygon_union_exact17ExactOverlayPointKxQBxZm
	 2004	_D3geo11orientationQnFNaNbNiNfSQBd5point__T6Point2TdZQkQzQBbZEQCiQCh12Orientation2
	 2004	_D3geo8internal23segment_polygon_clip_p116setAfterLocationFNaNbNiNfKEQCpQCoQCi16IntervalLocationQBcZv
	 1002	_D4core8internal5array12construction__T12_d_newarrayTTbZQrFNaNbNembZAb
	 1002	_D3geo16point_in_polygon__T25tryClassifyPointInPolygonTdZQBeFNaNbNiNfMSQCr12polygon_view__T12Polygon2ViewTdZQrSQEf5point__T6Point2TdZQkJEQFfQFe20PointPolygonLocationZb
	 1002	_D4core8internal5array12construction__T12_d_newarrayTTS3geo7segment__T8Segment2TdZQmZQBuFNaNbNembZAQBt
	 2004	_D3geo8internal23segment_polygon_clip_p124tryMaterializeExactPointFNaNbNiNfKxSQCyQCx19polygon_union_exact17ExactOverlayPointJSQEu5point__T6Point2TdZQkZb
------------------
	 1006	_D3geo16point_in_polygon__T25tryClassifyPointInPolygonTdZQBeFNaNbNiNfMSQCr12polygon_view__T12Polygon2ViewTdZQrSQEf5point__T6Point2TdZQkJEQFfQFe20PointPolygonLocationZb
_D3geo8internal25ring_point_classification__T22tryClassifyPointInRingTdZQBbFNaNbNiNfMxSQDh16linear_ring_view__T15LinearRing2ViewTdZQuSQFc5point__T6Point2TdZQkJEQGcQGbQFv17RingPointLocationZb	1006	6545998	1454726
	10060	_D3std4math6traits__T8isFiniteTxdZQnFNaNbNiNexdZb
	 2012	_D3geo11orientationQnFNaNbNiNfSQBd5point__T6Point2TdZQkQzQBbZEQCiQCh12Orientation2
------------------
	 4016	_D3geo8internal19polygon_union_input__T24exactRingOrientationSignTdZQBdFNaNbNiNfMxSQDd16linear_ring_view__T15LinearRing2ViewTdZQuZi
	16032	_D3geo8internal18intersection_exact__T26tryProperIntersectionExactTdZQBfFNaNbNiNfSQDc7segment__T8Segment2TdZQmQBdJSQEjQEiQEc23ExactProperIntersectionZb
_D3geo8internal6dyadic22subtractDyadicProductsFNaNbNiNfKxSQCeQCdQBx19SignedDyadicProductKxQBhZSQDpQDoQDiQBl	20048	3249936	3249936
------------------
	24096	_D3geo8internal19polygon_union_input__T24exactRingOrientationSignTdZQBdFNaNbNiNfMxSQDd16linear_ring_view__T15LinearRing2ViewTdZQuZi
	 4008	_D3geo8internal19polygon_union_exact__T25liftRepresentedCoordinateTdZQBeFNaNbNiNfdZSQDeQDd16exact_coordinate30SignedExactCoordinateNumerator
	112224	_D3geo8internal18intersection_exact__T26tryProperIntersectionExactTdZQBfFNaNbNiNfSQDc7segment__T8Segment2TdZQmQBdJSQEjQEiQEc23ExactProperIntersectionZb
_D3geo8internal6dyadic24decodeBinary64CoordinateFNaNbNiNfdZSQCgQCfQBz22SignedDyadicCoordinate	140328	11425690	11425690
------------------
	 8032	_D3geo8internal19polygon_union_input__T24exactRingOrientationSignTdZQBdFNaNbNiNfMxSQDd16linear_ring_view__T15LinearRing2ViewTdZQuZi
	32064	_D3geo8internal18intersection_exact__T26tryProperIntersectionExactTdZQBfFNaNbNiNfSQDc7segment__T8Segment2TdZQmQBdJSQEjQEiQEc23ExactProperIntersectionZb
_D3geo8internal6dyadic25multiplyDyadicDifferencesFNaNbNiNfKxSQChQCgQCa22SignedDyadicDifferenceKxQBkZSQDvQDuQDo19SignedDyadicProduct	40096	21308058	5447652
	18040	_D3geo8internal10fixed_uint__T16multiplyUnsignedVmi66Vmi66ZQBdFNaNbNiNfKxSQCuQCtQCn__T9UIntFixedVmi66ZQqKxQBhZSQEfQEeQDy__TQBlVmi132ZQBv
------------------
	16064	_D3geo8internal19polygon_union_input__T24exactRingOrientationSignTdZQBdFNaNbNiNfMxSQDd16linear_ring_view__T15LinearRing2ViewTdZQuZi
	64128	_D3geo8internal18intersection_exact__T26tryProperIntersectionExactTdZQBfFNaNbNiNfSQDc7segment__T8Segment2TdZQmQBdJSQEjQEiQEc23ExactProperIntersectionZb
_D3geo8internal6dyadic25subtractDyadicCoordinatesFNaNbNiNfKxSQChQCgQCa22SignedDyadicCoordinateKxQBkZSQDvQDuQDo22SignedDyadicDifference	80192	27314742	12344024
	24048	_D3geo8internal10fixed_uint__T15compareUnsignedVmi66ZQxFNaNbNiNfKxSQCnQCmQCg__T9UIntFixedVmi66ZQqKxQBhZi
	12024	_D3geo8internal10fixed_uint__T11addUnsignedVmi66ZQtFNaNbNiNfKxSQCjQCiQCc__T9UIntFixedVmi66ZQqKxQBhZSQDuQDtQDn__TQBlVmi66ZQBu
	12024	_D3geo8internal10fixed_uint__T16subtractUnsignedVmi66ZQyFNaNbNiNfKxSQCoQCnQCh__T9UIntFixedVmi66ZQqKxQBhZSQDzQDyQDs__TQBlVmi66ZQBu
------------------
	    1	_D3std4conv__T6toImplTmTAyaZQoFNaNfQlZm
_D3std4conv__T5parseTmTAyaVEQBa8typecons__T4FlagVQBaa7_646f436f756e74ZQBbi0ZQCkFNaNfMKQClZm	1	644	644
------------------
	    1	_Dmain
_D3std4conv__T6toImplTmTAyaZQoFNaNfQlZm	1	1496	852
	    1	_D3std4conv__T5parseTmTAyaVEQBa8typecons__T4FlagVQBaa7_646f436f756e74ZQBbi0ZQCkFNaNfMKQClZm
------------------
	248832	_D3geo8internal18orientation_filter17orientationFilterFNaNbNiNfddddddZEQCrQCqQCk23OrientationFilterResult
_D3std4math6traits__T11isSubnormalTdZQqFNaNbNiNedZb	248832	8464912	8464912
------------------
	16048	_D3geo8internal18orientation_filter17orientationFilterFNaNbNiNfddddddZEQCrQCqQCk23OrientationFilterResult
_D3std4math6traits__T11isSubnormalTxdZQrFNaNbNiNexdZb	16048	161664	161664
------------------
	489696	_D3geo8internal18orientation_filter17orientationFilterFNaNbNiNfddddddZEQCrQCqQCk23OrientationFilterResult
_D3std4math6traits__T8isFiniteTdZQmFNaNbNiNedZb	489696	12929800	12929800
------------------
	    8	_D3geo19topology_validation__T12validateRingTdZQrFNaNbNiNfMSQCg16linear_ring_view__T15LinearRing2ViewTdZQuZS11euclid_core15ring_validation20RingValidationResult
	    8	_D21segment_polygon_bench__T9preflightTdZQnFNfKSQBu__T4CaseTdZQiZv
	 2012	_D3geo16point_in_polygon__T25tryClassifyPointInPolygonTdZQBeFNaNbNiNfMSQCr12polygon_view__T12Polygon2ViewTdZQrSQEf5point__T6Point2TdZQkJEQFfQFe20PointPolygonLocationZb
	10060	_D3geo8internal25ring_point_classification__T22tryClassifyPointInRingTdZQBbFNaNbNiNfMxSQDh16linear_ring_view__T15LinearRing2ViewTdZQuSQFc5point__T6Point2TdZQkJEQGcQGbQFv17RingPointLocationZb
	16048	_D3geo8internal18orientation_filter17orientationFilterFNaNbNiNfddddddZEQCrQCqQCk23OrientationFilterResult
	 4008	_D3geo8internal23segment_polygon_clip_p124tryMaterializeExactPointFNaNbNiNfKxSQCyQCx19polygon_union_exact17ExactOverlayPointJSQEu5point__T6Point2TdZQkZb
_D3std4math6traits__T8isFiniteTxdZQnFNaNbNiNexdZb	32144	400306	400306
------------------
	    4	_D3std6format8internal5write__T12writeAlignedTSQBt5stdio4File17LockingTextWriterTAaTQdTAyaTQeTaZQCnFNfKQCfQzQBbQyQBaMKxSQEoQEn4spec__T10FormatSpecTaZQpEQFuQFtQFpQFj13PrecisionTypeZv
_D3std5stdio4File17LockingTextWriter__T3putTAaZQiMFNfMQkZv	4	418	418
------------------
	    3	_D3std6format4spec__T10FormatSpecTaZQp__T17writeUpToNextSpecTSQCi5stdio4File17LockingTextWriterZQCdMFNlNfKQBtZb
_D3std5stdio4File17LockingTextWriter__T3putTAxaZQjMFNfMQlZv	3	295030	295030
------------------
	    4	_D3std6format8internal5write__T12writeAlignedTSQBt5stdio4File17LockingTextWriterTAyaTQeTQhTQkTaZQCnFNfKQCfQzQBbQBeQBhMKxSQEpQEo4spec__T10FormatSpecTaZQpEQFvQFuQFqQFk13PrecisionTypeZv
	    4	_D3std6format8internal5write__T12writeAlignedTSQBt5stdio4File17LockingTextWriterTAaTQdTAyaTQeTaZQCnFNfKQCfQzQBbQyQBaMKxSQEoQEn4spec__T10FormatSpecTaZQpEQFuQFtQFpQFj13PrecisionTypeZv
_D3std5stdio4File17LockingTextWriter__T3putTAyaZQjMFNfMQlZv	8	2526	2526
------------------
	    1	_D3std5stdio4File__T8writeflnTaTAyaTmTmZQuMFNfIAaQrmmZv
_D3std5stdio4File17LockingTextWriter__T3putTaZQhMFNfMaZv	1	852	852
------------------
	    1	_D3std5stdio__T8writeflnTaTAyaTmTmZQuFNfIAaQqmmZv
_D3std5stdio4File__T8writeflnTaTAyaTmTmZQuMFNfIAaQrmmZv	1	399532	53788
	    1	_D3std9exception__T7enforceZ__TQmTbZQrFNaNfbLAxaAyamZb
	    1	_D3std6format5write__T14formattedWriteTSQBm5stdio4File17LockingTextWriterTaTAyaTmTmZQCkFNfKQCaMxAaQwmmZk
	    1	_D3std5stdio4File17LockingTextWriter__T3putTaZQhMFNfMaZv
------------------
	    1	_Dmain
_D3std5stdio__T8writeflnTaTAyaTmTmZQuFNfIAaQqmmZv	1	404934	5402
	    1	_D3std5stdio4File__T8writeflnTaTAyaTmTmZQuMFNfIAaQrmmZv
------------------
	    3	_D3std6format4spec__T10FormatSpecTaZQp__T17writeUpToNextSpecTSQCi5stdio4File17LockingTextWriterZQCdMFNlNfKQBtZb
_D3std6format4spec__T10FormatSpecTaZQp6fillUpMFNaNlNfZv	3	684	684
------------------
	    4	_D3std6format5write__T14formattedWriteTSQBm5stdio4File17LockingTextWriterTaTAyaTmTmZQCkFNfKQCaMxAaQwmmZk
_D3std6format4spec__T10FormatSpecTaZQp__T17writeUpToNextSpecTSQCi5stdio4File17LockingTextWriterZQCdMFNlNfKQBtZb	4	306436	10448
	    3	_D3std5stdio4File17LockingTextWriter__T3putTAxaZQjMFNfMQlZv
	    3	_D3std9exception__T7enforceHTCQBc6format15FormatExceptionZ__TQBqTbZQBwFNaNfbLAxaAyamZb
	    3	_D3std6format4spec__T10FormatSpecTaZQp6fillUpMFNaNlNfZv
------------------
	    1	_D3std6format5write__T14formattedWriteTSQBm5stdio4File17LockingTextWriterTaTAyaTmTmZQCkFNfKQCaMxAaQwmmZk
_D3std6format5write__T11formatValueTSQBj5stdio4File17LockingTextWriterTAyaTaZQCdFNfKQBwKQrMKxSQDoQDn4spec__T10FormatSpecTaZQpZv	1	7154	196
	    1	_D3std9exception__T7enforceHTCQBc6format15FormatExceptionZ__TQBqTbZQBwFNaNfbLAxaAyamZb
	    1	_D3std6format8internal5write__T11formatRangeTSQBs5stdio4File17LockingTextWriterTAyaTaZQCdFNfKQBwKQrMKxSQDxQDw4spec__T10FormatSpecTaZQpZv
------------------
	    2	_D3std6format5write__T14formattedWriteTSQBm5stdio4File17LockingTextWriterTaTAyaTmTmZQCkFNfKQCaMxAaQwmmZk
_D3std6format5write__T11formatValueTSQBj5stdio4File17LockingTextWriterTmTaZQCbFNfKQBuKmMKxSQDlQDk4spec__T10FormatSpecTaZQpZv	2	8382	424
	    2	_D3std9exception__T7enforceHTCQBc6format15FormatExceptionZ__TQBqTbZQBwFNaNfbLAxaAyamZb
	    2	_D3std6format8internal5write__T15formatValueImplTSQBw5stdio4File17LockingTextWriterTmTaZQCfFNfKQBuxmMKxSQDyQDx4spec__T10FormatSpecTaZQpZv
------------------
	    1	_D3std5stdio4File__T8writeflnTaTAyaTmTmZQuMFNfIAaQrmmZv
_D3std6format5write__T14formattedWriteTSQBm5stdio4File17LockingTextWriterTaTAyaTmTmZQCkFNfKQCaMxAaQwmmZk	1	344586	22614
	    4	_D3std6format4spec__T10FormatSpecTaZQp__T17writeUpToNextSpecTSQCi5stdio4File17LockingTextWriterZQCdMFNlNfKQBtZb
	    1	_D3std6format5write__T11formatValueTSQBj5stdio4File17LockingTextWriterTAyaTaZQCdFNfKQBwKQrMKxSQDoQDn4spec__T10FormatSpecTaZQpZv
	    2	_D3std6format5write__T11formatValueTSQBj5stdio4File17LockingTextWriterTmTaZQCbFNfKQBuKmMKxSQDlQDk4spec__T10FormatSpecTaZQpZv
------------------
	    1	_D3std6format5write__T11formatValueTSQBj5stdio4File17LockingTextWriterTAyaTaZQCdFNfKQBwKQrMKxSQDoQDn4spec__T10FormatSpecTaZQpZv
_D3std6format8internal5write__T11formatRangeTSQBs5stdio4File17LockingTextWriterTAyaTaZQCdFNfKQBwKQrMKxSQDxQDw4spec__T10FormatSpecTaZQpZv	1	6958	1190
	    1	_D3std6format8internal5write__T12writeAlignedTSQBt5stdio4File17LockingTextWriterTAyaTQeTQhTQkTaZQCnFNfKQCfQzQBbQBeQBhMKxSQEpQEo4spec__T10FormatSpecTaZQpEQFvQFuQFqQFk13PrecisionTypeZv
------------------
	    2	_D3std6format8internal5write__T20formatValueImplUlongTSQCb5stdio4File17LockingTextWriterTaZQCiFNfKQBsmIbMKxSQEcQEb4spec__T10FormatSpecTaZQpZv
_D3std6format8internal5write__T12writeAlignedTSQBt5stdio4File17LockingTextWriterTAaTQdTAyaTQeTaZQCnFNfKQCfQzQBbQyQBaMKxSQEoQEn4spec__T10FormatSpecTaZQpEQFuQFtQFpQFj13PrecisionTypeZv	2	3918	3342
	    4	_D3std5stdio4File17LockingTextWriter__T3putTAaZQiMFNfMQkZv
	    4	_D3std5stdio4File17LockingTextWriter__T3putTAyaZQjMFNfMQlZv
------------------
	    1	_D3std6format8internal5write__T11formatRangeTSQBs5stdio4File17LockingTextWriterTAyaTaZQCdFNfKQBwKQrMKxSQDxQDw4spec__T10FormatSpecTaZQpZv
_D3std6format8internal5write__T12writeAlignedTSQBt5stdio4File17LockingTextWriterTAyaTQeTQhTQkTaZQCnFNfKQCfQzQBbQBeQBhMKxSQEpQEo4spec__T10FormatSpecTaZQpEQFvQFuQFqQFk13PrecisionTypeZv	1	5768	3400
	    4	_D3std5stdio4File17LockingTextWriter__T3putTAyaZQjMFNfMQlZv
------------------
	    2	_D3std6format5write__T11formatValueTSQBj5stdio4File17LockingTextWriterTmTaZQCbFNfKQBuKmMKxSQDlQDk4spec__T10FormatSpecTaZQpZv
_D3std6format8internal5write__T15formatValueImplTSQBw5stdio4File17LockingTextWriterTmTaZQCfFNfKQBuxmMKxSQDyQDx4spec__T10FormatSpecTaZQpZv	2	7938	950
	    2	_D3std6format8internal5write__T20formatValueImplUlongTSQCb5stdio4File17LockingTextWriterTaZQCiFNfKQBsmIbMKxSQEcQEb4spec__T10FormatSpecTaZQpZv
------------------
	    2	_D3std6format8internal5write__T15formatValueImplTSQBw5stdio4File17LockingTextWriterTmTaZQCfFNfKQBuxmMKxSQDyQDx4spec__T10FormatSpecTaZQpZv
_D3std6format8internal5write__T20formatValueImplUlongTSQCb5stdio4File17LockingTextWriterTaZQCiFNfKQBsmIbMKxSQEcQEb4spec__T10FormatSpecTaZQpZv	2	6988	3050
	    2	_D3std9exception__T7enforceHTCQBc6format15FormatExceptionZ__TQBqTbZQBwFNaNfbLAxaAyamZb
	    2	_D3std6format8internal5write__T12writeAlignedTSQBt5stdio4File17LockingTextWriterTAaTQdTAyaTQeTaZQCnFNfKQCfQzQBbQyQBaMKxSQEoQEn4spec__T10FormatSpecTaZQpEQFuQFtQFpQFj13PrecisionTypeZv
------------------
	    3	_D3std6format4spec__T10FormatSpecTaZQp__T17writeUpToNextSpecTSQCi5stdio4File17LockingTextWriterZQCdMFNlNfKQBtZb
	    1	_D3std6format5write__T11formatValueTSQBj5stdio4File17LockingTextWriterTAyaTaZQCdFNfKQBwKQrMKxSQDoQDn4spec__T10FormatSpecTaZQpZv
	    2	_D3std6format5write__T11formatValueTSQBj5stdio4File17LockingTextWriterTmTaZQCbFNfKQBuKmMKxSQDlQDk4spec__T10FormatSpecTaZQpZv
	    2	_D3std6format8internal5write__T20formatValueImplUlongTSQCb5stdio4File17LockingTextWriterTaZQCiFNfKQBsmIbMKxSQEcQEb4spec__T10FormatSpecTaZQpZv
_D3std9exception__T7enforceHTCQBc6format15FormatExceptionZ__TQBqTbZQBwFNaNfbLAxaAyamZb	8	314	314
------------------
	    1	_Dmain
	   11	_D21segment_polygon_bench__T9preflightTdZQnFNfKSQBu__T4CaseTdZQiZv
	    1	_D3std5stdio4File__T8writeflnTaTAyaTmTmZQuMFNfIAaQrmmZv
_D3std9exception__T7enforceZ__TQmTbZQrFNaNfbLAxaAyamZb	13	1088	1088
------------------
	    1	_D21segment_polygon_bench__T6corpusTdZQkFZASQBq__T4CaseTdZQi
_D4core8internal5array11duplication__T4_dupTxS3geo5point__T6Point2TdZQkTSQBbQBa__TQxTdZQBcZQCbFNaNbNeMAxQChZAQBl	1	358	358
------------------
	    8	_D21segment_polygon_bench__T6corpusTdZQkFZASQBq__T4CaseTdZQi
_D4core8internal5array11duplication__T4_dupTxaTaZQlFNaNbNeMAxaZAa	8	5178	5178
------------------
	 1002	_D3geo8internal23segment_polygon_clip_p1__T31trySegmentPolygonClipP1InternalTdZQBkFNfSQDg7segment__T8Segment2TdZQmMSQEk12polygon_view__T12Polygon2ViewTdZQrJSQFzQFy27segment_polygon_clip_result37SegmentPolygonClipOwnedResultInternalZEQIxQIwQIq32SegmentPolygonClipInternalStatus
_D4core8internal5array12construction__T12_d_newarrayTTE3geoQCa23segment_polygon_clip_p116IntervalLocationZQCpFNaNbNembZAQCo	1002	292572	292572
------------------
	   23	_D21segment_polygon_bench__T8makeCaseTdZQmFNaNbNfAyaAAS3geo5point__T6Point2TdZQkSQBa7segment__T8Segment2TdZQmkAQBfEQCi20segment_polygon_clip24SegmentPolygonClipStatusZSQGk__T4CaseTdZQi
_D4core8internal5array12construction__T12_d_newarrayTTS3geo16linear_ring_view__T15LinearRing2ViewTdZQuZQCmFNaNbNembZAQCl	23	2852	2852
------------------
	 1002	_D3geo8internal23segment_polygon_clip_p1__T31trySegmentPolygonClipP1InternalTdZQBkFNfSQDg7segment__T8Segment2TdZQmMSQEk12polygon_view__T12Polygon2ViewTdZQrJSQFzQFy27segment_polygon_clip_result37SegmentPolygonClipOwnedResultInternalZEQIxQIwQIq32SegmentPolygonClipInternalStatus
_D4core8internal5array12construction__T12_d_newarrayTTS3geo7segment__T8Segment2TdZQmZQBuFNaNbNembZAQBt	1002	564714	564714
------------------
	 1002	_D3geo8internal23segment_polygon_clip_p1__T31trySegmentPolygonClipP1InternalTdZQBkFNfSQDg7segment__T8Segment2TdZQmMSQEk12polygon_view__T12Polygon2ViewTdZQrJSQFzQFy27segment_polygon_clip_result37SegmentPolygonClipOwnedResultInternalZEQIxQIwQIq32SegmentPolygonClipInternalStatus
_D4core8internal5array12construction__T12_d_newarrayTTS3geoQCa19polygon_union_exact17ExactOverlayPointZQCmFNaNbNembZAQCl	1002	37067206	37067206
------------------
	 1002	_D3geo8internal23segment_polygon_clip_p1__T31trySegmentPolygonClipP1InternalTdZQBkFNfSQDg7segment__T8Segment2TdZQmMSQEk12polygon_view__T12Polygon2ViewTdZQrJSQFzQFy27segment_polygon_clip_result37SegmentPolygonClipOwnedResultInternalZEQIxQIwQIq32SegmentPolygonClipInternalStatus
_D4core8internal5array12construction__T12_d_newarrayTTbZQrFNaNbNembZAb	1002	1046026	1046026
------------------
	 2004	_D3geo8internal23segment_polygon_clip_p1__T31trySegmentPolygonClipP1InternalTdZQBkFNfSQDg7segment__T8Segment2TdZQmMSQEk12polygon_view__T12Polygon2ViewTdZQrJSQFzQFy27segment_polygon_clip_result37SegmentPolygonClipOwnedResultInternalZEQIxQIwQIq32SegmentPolygonClipInternalStatus
_D4core8internal5array12construction__T12_d_newarrayTTmZQrFNaNbNembZAm	2004	2002066	2002066
------------------
	    8	_D21segment_polygon_bench__T6corpusTdZQkFZASQBq__T4CaseTdZQi
_D4core8internal5array13concatenation__T14_d_arraycatnTXTAyaTQeTQhZQBbFNaNbNeQuQwZQz	8	4818	1174
	    8	_D4core8internal5array8capacity__T22_d_arraysetlengthTImplHTAyaTyaZ18_d_arraysetlengthTFNaNbNeNkMKQBmmZm
------------------
	 1002	_D3geo8internal23segment_polygon_clip_p1__T31trySegmentPolygonClipP1InternalTdZQBkFNfSQDg7segment__T8Segment2TdZQmMSQEk12polygon_view__T12Polygon2ViewTdZQrJSQFzQFy27segment_polygon_clip_result37SegmentPolygonClipOwnedResultInternalZEQIxQIwQIq32SegmentPolygonClipInternalStatus
_D4core8internal5array8capacity__T22_d_arraysetlengthTImplHTAS3geoQCh19polygon_union_exact17ExactOverlayPointTQBxZ18_d_arraysetlengthTFNaNbNeNkMKQDhmZm	1002	203718	203718
------------------
	    8	_D4core8internal5array13concatenation__T14_d_arraycatnTXTAyaTQeTQhZQBbFNaNbNeQuQwZQz
_D4core8internal5array8capacity__T22_d_arraysetlengthTImplHTAyaTyaZ18_d_arraysetlengthTFNaNbNeNkMKQBmmZm	8	3644	3644
------------------
	   81	_D21segment_polygon_bench__T6corpusTdZQkFZASQBq__T4CaseTdZQi
_D4core8internal5array9appending__T15_d_arrayappendTHTAS3geo5point__T6Point2TdZQkTQBbZQBzFNaNbNcNeMNkKQBwMQCaZQCe	81	31606	8432
	   81	_D4core8internal5array9appending__T17_d_arrayappendcTXHTAS3geo5point__T6Point2TdZQkTQBbZQCbFNaNbNcNeMNkKQBwmZQCb
------------------
	   23	_D21segment_polygon_bench__T6corpusTdZQkFZASQBq__T4CaseTdZQi
_D4core8internal5array9appending__T17_d_arrayappendcTXHTAS21segment_polygon_bench__T4CaseTdZQiTQBmZQCmFNaNbNcNeMNkKQChmZQCm	23	64056	64056
------------------
	  344	_D21segment_polygon_bench__T6corpusTdZQkFZASQBq__T4CaseTdZQi
	   81	_D4core8internal5array9appending__T15_d_arrayappendTHTAS3geo5point__T6Point2TdZQkTQBbZQBzFNaNbNcNeMNkKQBwMQCaZQCe
_D4core8internal5array9appending__T17_d_arrayappendcTXHTAS3geo5point__T6Point2TdZQkTQBbZQCbFNaNbNcNeMNkKQBwmZQCb	425	604888	604888
------------------
	   85	_D21segment_polygon_bench__T6corpusTdZQkFZASQBq__T4CaseTdZQi
_D4core8internal5array9appending__T17_d_arrayappendcTXHTAS3geo7segment__T8Segment2TdZQmTQBfZQCfFNaNbNcNeMNkKQCamZQCf	85	20004	20004
------------------
	    8	_D21segment_polygon_bench__T6corpusTdZQkFZASQBq__T4CaseTdZQi
_D4core8internal6string__T18signedToTempStringVii10Vbi0TaZQBgFNaNbNiNflNkMAaZQd	8	1256	1072
	    8	_D4core8internal6string__T20unsignedToTempStringVki10Vbi0TaZQBiFNaNbNiNfmNkMAaZQd
------------------
	    8	_D4core8internal6string__T18signedToTempStringVii10Vbi0TaZQBgFNaNbNiNflNkMAaZQd
_D4core8internal6string__T20unsignedToTempStringVki10Vbi0TaZQBiFNaNbNiNfmNkMAaZQd	8	184	184
------------------
_Dmain	0	458241098	310018
	    1	_D3std9exception__T7enforceZ__TQmTbZQrFNaNfbLAxaAyamZb
	    1	_D3std4conv__T6toImplTmTAyaZQoFNaNfQlZm
	    1	_D21segment_polygon_bench__T6corpusTdZQkFZASQBq__T4CaseTdZQi
	    1	_D21segment_polygon_bench__T9preflightTdZQnFNfKSQBu__T4CaseTdZQiZv
	 1000	_D21segment_polygon_bench__T8clippingTdZQmFKSQBr__T4CaseTdZQimZm
	    1	_D3std5stdio__T8writeflnTaTAyaTmTmZQuFNfIAaQqmmZv

======== Timer frequency unknown, Times are in Megaticks ========

  Num          Tree        Func        Per
  Calls        Time        Time        Call

  40144         104          82           0     pure nothrow @nogc @safe geo.internal.orientation_filter.OrientationFilterResult geo.internal.orientation_filter.orientationFilter(double, double, double, double, double, double)
 159318          47          39           0     pure nothrow @nogc @safe int geo.internal.exact_coordinate_round.compareShiftedDenominator(ref const(geo.internal.fixed_uint.UIntFixed!(198uL).UIntFixed), ulong, ref const(geo.internal.fixed_uint.UIntFixed!(132uL).UIntFixed), ulong, ulong)
   1002          37          37           0     pure nothrow @trusted geo.internal.polygon_union_exact.ExactOverlayPoint[] core.internal.array.construction._d_newarrayT!(geo.internal.polygon_union_exact.ExactOverlayPoint)._d_newarrayT(ulong, bool)
   4008         124          34           0     pure nothrow @nogc @safe bool geo.internal.intersection_exact.tryProperIntersectionExact!(double).tryProperIntersectionExact(geo.segment.Segment2!(double).Segment2, geo.segment.Segment2!(double).Segment2, out geo.internal.intersection_exact.ExactProperIntersection)
   3006          84          27           0     pure nothrow @nogc @safe ulong geo.internal.exact_coordinate_round.roundedQuotient(ref const(geo.internal.fixed_uint.UIntFixed!(198uL).UIntFixed), ref const(geo.internal.fixed_uint.UIntFixed!(132uL).UIntFixed), ulong)
 489696          12          12           0     pure nothrow @nogc @trusted bool std.math.traits.isFinite!(double).isFinite(double)
  60120          12          12           0     const pure nothrow @property @nogc @safe bool geo.internal.fixed_uint.UIntFixed!(198uL).UIntFixed.isZero()
  80192          27          12           0     pure nothrow @nogc @safe geo.internal.dyadic.SignedDyadicDifference geo.internal.dyadic.subtractDyadicCoordinates(ref const(geo.internal.dyadic.SignedDyadicCoordinate), ref const(geo.internal.dyadic.SignedDyadicCoordinate))
 140328          11          11           0     pure nothrow @nogc @safe geo.internal.dyadic.SignedDyadicCoordinate geo.internal.dyadic.decodeBinary64Coordinate(double)
  19038          17          10           0     pure nothrow @nogc @safe geo.internal.fixed_uint.UIntFixed!(198uL).UIntFixed geo.internal.fixed_uint.multiplyUnsigned!(132uL, 66uL).multiplyUnsigned(ref const(geo.internal.fixed_uint.UIntFixed!(132uL).UIntFixed), ref const(geo.internal.fixed_uint.UIntFixed!(66uL).UIntFixed))
   1002         455           9           0     @safe geo.internal.segment_polygon_clip_p1.SegmentPolygonClipInternalStatus geo.internal.segment_polygon_clip_p1.trySegmentPolygonClipP1Internal!(double).trySegmentPolygonClipP1Internal(geo.segment.Segment2!(double).Segment2, geo.polygon_view.Polygon2View!(double).Polygon2View, out geo.internal.segment_polygon_clip_result.SegmentPolygonClipOwnedResultInternal)
  79166           8           8           0     pure nothrow @nogc @safe ulong geo.internal.fixed_uint.firstNonZeroLimb!(66uL).firstNonZeroLimb(ref const(geo.internal.fixed_uint.UIntFixed!(66uL).UIntFixed))
  18040          15           8           0     pure nothrow @nogc @safe geo.internal.fixed_uint.UIntFixed!(132uL).UIntFixed geo.internal.fixed_uint.multiplyUnsigned!(66uL, 66uL).multiplyUnsigned(ref const(geo.internal.fixed_uint.UIntFixed!(66uL).UIntFixed), ref const(geo.internal.fixed_uint.UIntFixed!(66uL).UIntFixed))
 248832           8           8           0     pure nothrow @nogc @trusted bool std.math.traits.isSubnormal!(double).isSubnormal(double)
   8016          32           7           0     pure nothrow @nogc @safe geo.internal.exact_coordinate.SignedExactCoordinateNumerator geo.internal.intersection_exact.weightedCoordinate(ref const(geo.internal.fixed_uint.UIntFixed!(132uL).UIntFixed), ref const(geo.internal.dyadic.SignedDyadicCoordinate), ref const(geo.internal.fixed_uint.UIntFixed!(132uL).UIntFixed), ref const(geo.internal.dyadic.SignedDyadicCoordinate))
 314628           7           7           0     pure nothrow @nogc @safe uint geo.internal.exact_coordinate_round.shiftedDenominatorWord(ref const(geo.internal.fixed_uint.UIntFixed!(132uL).UIntFixed), ulong, uint, ulong)
  20040           7           7           0     pure nothrow @nogc @safe int geo.internal.fixed_uint.compareUnsigned!(198uL).compareUnsigned(ref const(geo.internal.fixed_uint.UIntFixed!(198uL).UIntFixed), ref const(geo.internal.fixed_uint.UIntFixed!(198uL).UIntFixed))
   1004          15           7           0     pure nothrow @nogc @safe int geo.internal.polygon_union_input.exactRingOrientationSign!(double).exactRingOrientationSign(scope const(geo.linear_ring_view.LinearRing2View!(double).LinearRing2View))
  19038          27           6           0     pure nothrow @nogc @safe int geo.internal.exact_coordinate.compareExactCoordinates(ref const(geo.internal.exact_coordinate.SignedExactCoordinateNumerator), ref const(geo.internal.fixed_uint.UIntFixed!(132uL).UIntFixed), ref const(geo.internal.exact_coordinate.SignedExactCoordinateNumerator), ref const(geo.internal.fixed_uint.UIntFixed!(132uL).UIntFixed))
  12044         106           5           0     pure nothrow @nogc @safe geo.intersection.SegmentContactKind geo.intersection.segmentContactKind!(double).segmentContactKind(geo.segment.Segment2!(double).Segment2, geo.segment.Segment2!(double).Segment2)
  40144         110           5           0     pure nothrow @nogc @safe geo.orientation.Orientation2 geo.orientation.orientation(geo.point.Point2!(double).Point2, geo.point.Point2!(double).Point2, geo.point.Point2!(double).Point2)
  40096          21           5           0     pure nothrow @nogc @safe geo.internal.dyadic.SignedDyadicProduct geo.internal.dyadic.multiplyDyadicDifferences(ref const(geo.internal.dyadic.SignedDyadicDifference), ref const(geo.internal.dyadic.SignedDyadicDifference))
  24048           5           5           0     pure nothrow @nogc @safe int geo.internal.fixed_uint.compareUnsigned!(66uL).compareUnsigned(ref const(geo.internal.fixed_uint.UIntFixed!(66uL).UIntFixed), ref const(geo.internal.fixed_uint.UIntFixed!(66uL).UIntFixed))
  28056           4           4           0     pure nothrow @nogc @safe ulong geo.internal.fixed_uint.pastLastNonZeroLimb!(132uL).pastLastNonZeroLimb(ref const(geo.internal.fixed_uint.UIntFixed!(132uL).UIntFixed))
   1002          22           4           0     pure nothrow @nogc @safe ulong geo.internal.polygon_union_exact.sortUniqueExactEdgeEvents!(double).sortUniqueExactEdgeEvents(geo.segment.Segment2!(double).Segment2, geo.internal.polygon_union_exact.ExactOverlayPoint[])
  11022           4           4           0     pure nothrow @nogc @safe ulong geo.internal.fixed_uint.pastLastNonZeroLimb!(198uL).pastLastNonZeroLimb(ref const(geo.internal.fixed_uint.UIntFixed!(198uL).UIntFixed))
  79166           4           4           0     pure nothrow @nogc @safe ulong geo.internal.fixed_uint.pastLastNonZeroLimb!(66uL).pastLastNonZeroLimb(ref const(geo.internal.fixed_uint.UIntFixed!(66uL).UIntFixed))
  28056           3           3           0     pure nothrow @nogc @safe ulong geo.internal.fixed_uint.firstNonZeroLimb!(132uL).firstNonZeroLimb(ref const(geo.internal.fixed_uint.UIntFixed!(132uL).UIntFixed))
   9018           3           3           0     pure nothrow @nogc @safe geo.internal.fixed_uint.UIntFixed!(198uL).UIntFixed geo.internal.exact_coordinate_round.shiftedDenominator(ref const(geo.internal.fixed_uint.UIntFixed!(132uL).UIntFixed), ulong)
   6012           3           3           0     pure nothrow @nogc @safe ulong geo.internal.exact_coordinate_round.bitLength!(132uL).bitLength(ref const(geo.internal.fixed_uint.UIntFixed!(132uL).UIntFixed))
  12024           4           3           0     pure nothrow @nogc @safe geo.internal.fixed_uint.UIntFixed!(66uL).UIntFixed geo.internal.fixed_uint.addUnsigned!(66uL).addUnsigned(ref const(geo.internal.fixed_uint.UIntFixed!(66uL).UIntFixed), ref const(geo.internal.fixed_uint.UIntFixed!(66uL).UIntFixed))
   4008          93           3           0     pure nothrow @nogc @safe double geo.internal.exact_coordinate_round.roundExactCoordinateBinary64(ref const(geo.internal.exact_coordinate.SignedExactCoordinateNumerator), ref const(geo.internal.fixed_uint.UIntFixed!(132uL).UIntFixed))
  20048           3           3           0     pure nothrow @nogc @safe geo.internal.dyadic.SignedDyadicProduct geo.internal.dyadic.subtractDyadicProducts(ref const(geo.internal.dyadic.SignedDyadicProduct), ref const(geo.internal.dyadic.SignedDyadicProduct))
  12024           4           3           0     pure nothrow @nogc @safe geo.internal.fixed_uint.UIntFixed!(66uL).UIntFixed geo.internal.fixed_uint.subtractUnsigned!(66uL).subtractUnsigned(ref const(geo.internal.fixed_uint.UIntFixed!(66uL).UIntFixed), ref const(geo.internal.fixed_uint.UIntFixed!(66uL).UIntFixed))
   5010           8           2           0     pure nothrow @nogc @safe geo.internal.fixed_uint.UIntFixed!(330uL).UIntFixed geo.internal.fixed_uint.multiplyUnsigned!(198uL, 132uL).multiplyUnsigned(ref const(geo.internal.fixed_uint.UIntFixed!(198uL).UIntFixed), ref const(geo.internal.fixed_uint.UIntFixed!(132uL).UIntFixed))
   5010          12           2           0     pure nothrow @nogc @safe void geo.internal.polygon_union_exact.siftDownExactEdgeEvents!(double).siftDownExactEdgeEvents(geo.segment.Segment2!(double).Segment2, geo.internal.polygon_union_exact.ExactOverlayPoint[], ulong, ulong)
   4008         113           2           0     pure nothrow @nogc @safe bool geo.internal.polygon_union_exact.appendSegmentPairNodingEvents!(double).appendSegmentPairNodingEvents(geo.segment.Segment2!(double).Segment2, geo.segment.Segment2!(double).Segment2, scope geo.internal.polygon_union_exact.ExactOverlayPoint[], ref ulong, scope geo.internal.polygon_union_exact.ExactOverlayPoint[], ref ulong)
   2505           2           2           0     pure nothrow @nogc @safe int geo.internal.fixed_uint.compareUnsigned!(330uL).compareUnsigned(ref const(geo.internal.fixed_uint.UIntFixed!(330uL).UIntFixed), ref const(geo.internal.fixed_uint.UIntFixed!(330uL).UIntFixed))
   2004           2           2           0     pure nothrow @trusted ulong[] core.internal.array.construction._d_newarrayT!(ulong)._d_newarrayT(ulong, bool)
   6012           1           1           0     pure nothrow @nogc @safe ulong geo.internal.exact_coordinate_round.subtractShiftedDenominator(ref geo.internal.fixed_uint.UIntFixed!(198uL).UIntFixed, ulong, ref const(geo.internal.fixed_uint.UIntFixed!(132uL).UIntFixed), ulong, ulong, ulong)
  11022           1           1           0     pure nothrow @nogc @safe ulong geo.internal.fixed_uint.firstNonZeroLimb!(198uL).firstNonZeroLimb(ref const(geo.internal.fixed_uint.UIntFixed!(198uL).UIntFixed))
   2004         101           1           0     pure nothrow @nogc @safe bool geo.internal.segment_polygon_clip_p1.tryMaterializeExactPoint(ref const(geo.internal.polygon_union_exact.ExactOverlayPoint), out geo.point.Point2!(double).Point2)
   3006           1           1           0     pure nothrow @nogc @safe geo.internal.fixed_uint.UIntFixed!(198uL).UIntFixed geo.internal.exact_coordinate_round.doubled(ref const(geo.internal.fixed_uint.UIntFixed!(198uL).UIntFixed))
   1006           6           1           0     pure nothrow @nogc @safe bool geo.internal.ring_point_classification.tryClassifyPointInRing!(double).tryClassifyPointInRing(scope const(geo.linear_ring_view.LinearRing2View!(double).LinearRing2View), geo.point.Point2!(double).Point2, out geo.internal.ring_point_classification.RingPointLocation)
   1002           2           1           0     pure nothrow @nogc @safe bool geo.internal.polygon_union_exact.seedExactEdgeEvents!(double).seedExactEdgeEvents(geo.segment.Segment2!(double).Segment2, geo.internal.polygon_union_exact.ExactOverlayPoint[], out ulong)
   4008           6           1           0     pure nothrow @nogc @safe bool geo.internal.exact_coordinate.roundsToFiniteBinary64(ref const(geo.internal.exact_coordinate.SignedExactCoordinateNumerator), ref const(geo.internal.fixed_uint.UIntFixed!(132uL).UIntFixed))
  12024          17           1           0     pure nothrow @nogc @safe int geo.internal.polygon_union_exact.compareExactOverlayPointsAlongSegment!(double).compareExactOverlayPointsAlongSegment(geo.segment.Segment2!(double).Segment2, ref const(geo.internal.polygon_union_exact.ExactOverlayPoint), ref const(geo.internal.polygon_union_exact.ExactOverlayPoint))
   4008           1           1           0     pure nothrow @nogc @safe geo.internal.exact_coordinate.SignedExactCoordinateNumerator geo.internal.polygon_union_exact.liftRepresentedCoordinate!(double).liftRepresentedCoordinate(double)
   3006           1           1           0     pure nothrow @nogc @safe geo.internal.fixed_uint.UIntFixed!(66uL).UIntFixed geo.internal.exact_coordinate.binary64OverflowMidpoint()
   4008           2           1           0     pure nothrow @nogc @safe geo.internal.fixed_uint.UIntFixed!(132uL).UIntFixed geo.internal.fixed_uint.addUnsigned!(132uL).addUnsigned(ref const(geo.internal.fixed_uint.UIntFixed!(132uL).UIntFixed), ref const(geo.internal.fixed_uint.UIntFixed!(132uL).UIntFixed))
   1002           1           1           0     pure nothrow @trusted bool[] core.internal.array.construction._d_newarrayT!(bool)._d_newarrayT(ulong, bool)
   4008           3           0           0     pure nothrow @nogc @safe geo.internal.fixed_uint.UIntFixed!(198uL).UIntFixed geo.internal.fixed_uint.addUnsigned!(198uL).addUnsigned(ref const(geo.internal.fixed_uint.UIntFixed!(198uL).UIntFixed), ref const(geo.internal.fixed_uint.UIntFixed!(198uL).UIntFixed))
   3006           0           0           0     pure nothrow @nogc @safe ulong geo.internal.exact_coordinate_round.bitLength!(198uL).bitLength(ref const(geo.internal.fixed_uint.UIntFixed!(198uL).UIntFixed))
   2004          14           0           0     pure nothrow @nogc @safe ulong geo.internal.segment_polygon_clip_p1.findExactEventIndex!(double).findExactEventIndex(geo.segment.Segment2!(double).Segment2, const(geo.internal.polygon_union_exact.ExactOverlayPoint)[], ref const(geo.internal.polygon_union_exact.ExactOverlayPoint))
   1002           1           0           0     pure nothrow @nogc @safe ulong geo.internal.segment_polygon_clip_p1.queryBoundaryEventCapacity!(double).queryBoundaryEventCapacity(geo.segment.Segment2!(double).Segment2, geo.polygon_view.Polygon2View!(double).Polygon2View)
   4016          10           0           0     pure nothrow @nogc @safe bool geo.intersection.pointOnSegment!(double).pointOnSegment(geo.point.Point2!(double).Point2, geo.segment.Segment2!(double).Segment2)
   2008           0           0           0     pure nothrow @nogc @safe geo.internal.fixed_uint.UIntFixed!(134uL).UIntFixed geo.internal.area_exact.widenProductMagnitude(ref const(geo.internal.fixed_uint.UIntFixed!(132uL).UIntFixed))
    425           0           0           0     pure nothrow ref @trusted geo.point.Point2!(double).Point2[] core.internal.array.appending._d_arrayappendcTX!(geo.point.Point2!(double).Point2[], geo.point.Point2!(double).Point2)._d_arrayappendcTX(scope return ref geo.point.Point2!(double).Point2[], ulong)
   1002           0           0           0     pure nothrow @trusted geo.segment.Segment2!(double).Segment2[] core.internal.array.construction._d_newarrayT!(geo.segment.Segment2!(double).Segment2)._d_newarrayT(ulong, bool)
   4008           0           0           0     pure nothrow @nogc @safe bool geo.internal.polygon_union_exact.appendExactEdgeEvent(scope geo.internal.polygon_union_exact.ExactOverlayPoint[], ref ulong, ref const(geo.internal.polygon_union_exact.ExactOverlayPoint))
   1002           0           0           0     pure nothrow @nogc @safe bool geo.bounding_box.tryBounds!(double).tryBounds(geo.segment.Segment2!(double).Segment2, out geo.bounds.Bounds2!(double).Bounds2)
   1000         455           0           0     ulong segment_polygon_bench.clipping!(double).clipping(ref segment_polygon_bench.Case!(double).Case, ulong)
   3006           0           0           0     pure nothrow @nogc @safe ulong geo.internal.exact_coordinate_round.pastLastNonZeroNumeratorLimb(ref const(geo.internal.fixed_uint.UIntFixed!(198uL).UIntFixed))
   1002         455           0           0     @safe geo.segment_polygon_clip.SegmentPolygonClipResult geo.segment_polygon_clip.clipSegmentToPolygon!(double).clipSegmentToPolygon(geo.segment.Segment2!(double).Segment2, geo.polygon_view.Polygon2View!(double).Polygon2View)
   2004           1           0           0     pure nothrow @nogc @safe geo.internal.fixed_uint.UIntFixed!(198uL).UIntFixed geo.internal.fixed_uint.subtractUnsigned!(198uL).subtractUnsigned(ref const(geo.internal.fixed_uint.UIntFixed!(198uL).UIntFixed), ref const(geo.internal.fixed_uint.UIntFixed!(198uL).UIntFixed))
   3006           0           0           0     pure nothrow @nogc @safe ulong geo.internal.exact_coordinate_round.firstNonZeroDenominatorLimb(ref const(geo.internal.fixed_uint.UIntFixed!(132uL).UIntFixed))
  32144           0           0           0     pure nothrow @nogc @trusted bool std.math.traits.isFinite!(const(double)).isFinite(const(double))
   4016           1           0           0     pure nothrow @nogc @safe void geo.internal.area_exact.addAreaDeterminant(ref geo.internal.area_exact.SignedAreaAccumulator, ref const(geo.internal.dyadic.SignedDyadicProduct))
   1006           6           0           0     pure nothrow @nogc @safe bool geo.point_in_polygon.tryClassifyPointInPolygon!(double).tryClassifyPointInPolygon(scope geo.polygon_view.Polygon2View!(double).Polygon2View, geo.point.Point2!(double).Point2, out geo.point_in_polygon.PointPolygonLocation)
      1         458           0           0     _Dmain
      3           0           0           0     @safe void std.stdio.File.LockingTextWriter.put!(const(char)[]).put(scope const(char)[])
   1002           0           0           0     pure nothrow @trusted geo.internal.segment_polygon_clip_p1.IntervalLocation[] core.internal.array.construction._d_newarrayT!(geo.internal.segment_polygon_clip_p1.IntervalLocation)._d_newarrayT(ulong, bool)
   2004           0           0           0     pure nothrow @nogc @safe bool geo.bounding_box.BoundsAccumulator!(double).BoundsAccumulator.tryAdd(geo.point.Point2!(double).Point2)
   1004           0           0           0     pure nothrow @nogc @safe geo.internal.fixed_uint.UIntFixed!(134uL).UIntFixed geo.internal.fixed_uint.addUnsigned!(134uL).addUnsigned(ref const(geo.internal.fixed_uint.UIntFixed!(134uL).UIntFixed), ref const(geo.internal.fixed_uint.UIntFixed!(134uL).UIntFixed))
   1002           0           0           0     pure nothrow @trusted ulong core.internal.array.capacity._d_arraysetlengthTImpl!(geo.internal.polygon_union_exact.ExactOverlayPoint[], geo.internal.polygon_union_exact.ExactOverlayPoint)._d_arraysetlengthT(return scope ref geo.internal.polygon_union_exact.ExactOverlayPoint[], ulong)
   1002           0           0           0     pure nothrow @nogc @safe bool geo.bounds.Bounds2!(double).Bounds2.tryFromMinMax(geo.point.Point2!(double).Point2, geo.point.Point2!(double).Point2, out geo.bounds.Bounds2!(double).Bounds2)
   1004           0           0           0     pure nothrow @nogc @safe ulong geo.internal.fixed_uint.pastLastNonZeroLimb!(134uL).pastLastNonZeroLimb(ref const(geo.internal.fixed_uint.UIntFixed!(134uL).UIntFixed))
  16048           0           0           0     pure nothrow @nogc @trusted bool std.math.traits.isSubnormal!(const(double)).isSubnormal(const(double))
   2004           0           0           0     pure nothrow @nogc @safe void geo.internal.segment_polygon_clip_p1.setAfterLocation(ref geo.internal.segment_polygon_clip_p1.IntervalLocation, geo.internal.segment_polygon_clip_p1.IntervalLocation)
      1           0           0           0     segment_polygon_bench.Case!(double).Case[] segment_polygon_bench.corpus!(double).corpus()
   1004           0           0           0     pure nothrow @nogc @safe ulong geo.internal.fixed_uint.firstNonZeroLimb!(134uL).firstNonZeroLimb(ref const(geo.internal.fixed_uint.UIntFixed!(134uL).UIntFixed))
   1002           0           0           0     pure nothrow @nogc @safe ulong geo.internal.segment_polygon_clip_p1.polygonBoundaryEdgeCount!(double).polygonBoundaryEdgeCount(scope geo.polygon_view.Polygon2View!(double).Polygon2View)
     23           0           0           0     pure nothrow ref @trusted segment_polygon_bench.Case!(double).Case[] core.internal.array.appending._d_arrayappendcTX!(segment_polygon_bench.Case!(double).Case[], segment_polygon_bench.Case!(double).Case)._d_arrayappendcTX(scope return ref segment_polygon_bench.Case!(double).Case[], ulong)
      1           0           0           0     @safe void std.stdio.File.writefln!(char, immutable(char)[], ulong, ulong).writefln(in char[], immutable(char)[], ulong, ulong)
      1           0           0           0     @safe uint std.format.write.formattedWrite!(std.stdio.File.LockingTextWriter, char, immutable(char)[], ulong, ulong).formattedWrite(ref std.stdio.File.LockingTextWriter, scope const(char[]), immutable(char)[], ulong, ulong)
     85           0           0           0     pure nothrow ref @trusted geo.segment.Segment2!(double).Segment2[] core.internal.array.appending._d_arrayappendcTX!(geo.segment.Segment2!(double).Segment2[], geo.segment.Segment2!(double).Segment2)._d_arrayappendcTX(scope return ref geo.segment.Segment2!(double).Segment2[], ulong)
      2           0           0           0     pure nothrow @nogc @safe geo.segment_polygon_relationship.SegmentPolygonRelationship geo.segment_polygon_relationship.classifySegmentPolygonRelationship!(double).classifySegmentPolygonRelationship(geo.segment.Segment2!(double).Segment2, geo.polygon_view.Polygon2View!(double).Polygon2View)
      1           1           0           0     @safe void segment_polygon_bench.preflight!(double).preflight(ref segment_polygon_bench.Case!(double).Case)
      1           0           0           0     pure nothrow @nogc @safe euclid_core.ring_validation.RingValidationResult geo.topology_validation.validateRing!(double).validateRing(scope geo.linear_ring_view.LinearRing2View!(double).LinearRing2View)
      4           0           0           0     scope @safe bool std.format.spec.FormatSpec!(char).FormatSpec.writeUpToNextSpec!(std.stdio.File.LockingTextWriter).writeUpToNextSpec(ref std.stdio.File.LockingTextWriter)
     81           0           0           0     pure nothrow ref @trusted geo.point.Point2!(double).Point2[] core.internal.array.appending._d_arrayappendT!(geo.point.Point2!(double).Point2[], geo.point.Point2!(double).Point2)._d_arrayappendT(scope return ref geo.point.Point2!(double).Point2[], scope geo.point.Point2!(double).Point2[])
      1           0           0           0     @safe void std.stdio.writefln!(char, immutable(char)[], ulong, ulong).writefln(in char[], immutable(char)[], ulong, ulong)
      8           0           0           0     pure nothrow @trusted char[] core.internal.array.duplication._dup!(const(char), char)._dup(scope const(char)[])
     23           0           0           0     pure nothrow @safe segment_polygon_bench.Case!(double).Case segment_polygon_bench.makeCase!(double).makeCase(immutable(char)[], geo.point.Point2!(double).Point2[][], geo.segment.Segment2!(double).Segment2, uint, geo.segment.Segment2!(double).Segment2[], geo.segment_polygon_clip.SegmentPolygonClipStatus)
      8           0           0           0     pure nothrow @trusted ulong core.internal.array.capacity._d_arraysetlengthTImpl!(immutable(char)[], immutable(char))._d_arraysetlengthT(return scope ref immutable(char)[], ulong)
      1           0           0           0     @safe void std.format.internal.write.writeAligned!(std.stdio.File.LockingTextWriter, immutable(char)[], immutable(char)[], immutable(char)[], immutable(char)[], char).writeAligned(ref std.stdio.File.LockingTextWriter, immutable(char)[], immutable(char)[], immutable(char)[], immutable(char)[], scope ref const(std.format.spec.FormatSpec!(char).FormatSpec), std.format.internal.write.PrecisionType)
      2           0           0           0     @safe void std.format.internal.write.writeAligned!(std.stdio.File.LockingTextWriter, char[], char[], immutable(char)[], immutable(char)[], char).writeAligned(ref std.stdio.File.LockingTextWriter, char[], char[], immutable(char)[], immutable(char)[], scope ref const(std.format.spec.FormatSpec!(char).FormatSpec), std.format.internal.write.PrecisionType)
      2           0           0           0     @safe void std.format.internal.write.formatValueImplUlong!(std.stdio.File.LockingTextWriter, char).formatValueImplUlong(ref std.stdio.File.LockingTextWriter, ulong, in bool, scope ref const(std.format.spec.FormatSpec!(char).FormatSpec))
     23           0           0           0     pure nothrow @trusted geo.linear_ring_view.LinearRing2View!(double).LinearRing2View[] core.internal.array.construction._d_newarrayT!(geo.linear_ring_view.LinearRing2View!(double).LinearRing2View)._d_newarrayT(ulong, bool)
      8           0           0           0     @safe void std.stdio.File.LockingTextWriter.put!(immutable(char)[]).put(scope immutable(char)[])
      1           0           0           0     pure nothrow @nogc @safe geo.topology_validation.PolygonValidationResult geo.topology_validation.validatePolygonContainment!(double).validatePolygonContainment(scope geo.polygon_view.Polygon2View!(double).Polygon2View)
      1           0           0           0     @safe void std.format.internal.write.formatRange!(std.stdio.File.LockingTextWriter, immutable(char)[], char).formatRange(ref std.stdio.File.LockingTextWriter, ref immutable(char)[], scope ref const(std.format.spec.FormatSpec!(char).FormatSpec))
      8           0           0           0     pure nothrow @trusted immutable(char)[] core.internal.array.concatenation._d_arraycatnTX!(immutable(char)[], immutable(char)[], immutable(char)[])._d_arraycatnTX(immutable(char)[], immutable(char)[])
     13           0           0           0     pure @safe bool std.exception.enforce!().enforce!(bool).enforce(bool, lazy const(char)[], immutable(char)[], ulong)
      8           0           0           0     pure nothrow @nogc @safe char[] core.internal.string.signedToTempString!(10, false, char).signedToTempString(long, return scope char[])
      1           0           0           0     pure nothrow @nogc @safe geo.topology_validation.PolygonValidationResult geo.topology_validation.validatePolygonRings!(double).validatePolygonRings(scope geo.polygon_view.Polygon2View!(double).Polygon2View)
      2           0           0           0     @safe void std.format.internal.write.formatValueImpl!(std.stdio.File.LockingTextWriter, ulong, char).formatValueImpl(ref std.stdio.File.LockingTextWriter, const(ulong), scope ref const(std.format.spec.FormatSpec!(char).FormatSpec))
      1           0           0           0     pure @safe ulong std.conv.toImpl!(ulong, immutable(char)[]).toImpl(immutable(char)[])
      1           0           0           0     @safe void std.stdio.File.LockingTextWriter.put!(char).put(scope char)
      1           0           0           0     pure nothrow @nogc @safe geo.topology_validation.PolygonValidationResult geo.topology_validation.validatePolygonPairContacts!(double).validatePolygonPairContacts(scope geo.polygon_view.Polygon2View!(double).Polygon2View)
      3           0           0           0     pure scope @safe void std.format.spec.FormatSpec!(char).FormatSpec.fillUp()
      1           0           0           0     pure @safe ulong std.conv.parse!(ulong, immutable(char)[], 0).parse(scope ref immutable(char)[])
      1           0           0           0     pure nothrow @safe geo.topology_validation.PolygonValidationResult geo.topology_validation.validatePolygonConnectedInterior!(double).validatePolygonConnectedInterior(scope geo.polygon_view.Polygon2View!(double).Polygon2View)
      4           0           0           0     pure nothrow @nogc @safe euclid_core.intersection.SegmentIntersectionKind geo.intersection.segmentIntersectionKind!(double).segmentIntersectionKind(geo.segment.Segment2!(double).Segment2, geo.segment.Segment2!(double).Segment2)
      2           0           0           0     @safe void std.format.write.formatValue!(std.stdio.File.LockingTextWriter, ulong, char).formatValue(ref std.stdio.File.LockingTextWriter, ref ulong, scope ref const(std.format.spec.FormatSpec!(char).FormatSpec))
      4           0           0           0     @safe void std.stdio.File.LockingTextWriter.put!(char[]).put(scope char[])
      4           0           0           0     pure nothrow @nogc @safe void geo.segment_polygon_relationship.markPointLocation(ref geo.segment_polygon_relationship.SegmentPolygonRelationship, geo.point_in_polygon.PointPolygonLocation)
      1           0           0           0     pure nothrow @trusted geo.point.Point2!(double).Point2[] core.internal.array.duplication._dup!(const(geo.point.Point2!(double).Point2), geo.point.Point2!(double).Point2)._dup(scope const(geo.point.Point2!(double).Point2)[])
      8           0           0           0     pure @safe bool std.exception.enforce!(std.format.FormatException).enforce!(bool).enforce(bool, lazy const(char)[], immutable(char)[], ulong)
     12           0           0           0     pure nothrow @nogc @safe int geo.intersection.comparePoints!(double).comparePoints(geo.point.Point2!(double).Point2, geo.point.Point2!(double).Point2)
      1           0           0           0     @safe void std.format.write.formatValue!(std.stdio.File.LockingTextWriter, immutable(char)[], char).formatValue(ref std.stdio.File.LockingTextWriter, ref immutable(char)[], scope ref const(std.format.spec.FormatSpec!(char).FormatSpec))
      8           0           0           0     pure nothrow @nogc @safe char[] core.internal.string.unsignedToTempString!(10u, false, char).unsignedToTempString(ulong, return scope char[])
